     VMA      LMA     Size Align Out     In      Symbol
       0        0 80200000     1 . = 0x80200000
80200000        0        0     1 __kernel_base = .
80200000 80200000     1732     4 .text
80200000 80200000        e     2         build/main.o:(.text.boot)
80200000 80200000        0     1                 
80200000 80200000        0     1                 
80200000 80200000        0     1                 
80200000 80200000        0     1                 
80200000 80200000        e     1                 boot
8020000e 8020000e        0     1                 
8020000e 8020000e        0     1                 
80200010 80200010      4ca     4         build/main.o:(.text)
80200010 80200010        0     1                 
80200010 80200010        0     1                 
80200010 80200010        0     1                 
80200010 80200010       d8     1                 kernel_bootstrap
80200012 80200012        0     1                 
80200012 80200012        0     1                 
80200014 80200014        0     1                 
80200024 80200024        0     1                 
80200024 80200024        0     1                 
80200034 80200034        0     1                 
80200034 80200034        0     1                 
80200052 80200052        0     1                 
80200052 80200052        0     1                 
80200062 80200062        0     1                 
80200062 80200062        0     1                 
8020006e 8020006e        0     1                 
8020007e 8020007e        0     1                 
8020007e 8020007e        0     1                 
80200086 80200086        0     1                 
80200086 80200086        0     1                 
802000a6 802000a6        0     1                 
802000a6 802000a6        0     1                 
802000b6 802000b6        0     1                 
802000b6 802000b6        0     1                 
802000c2 802000c2        0     1                 
802000c2 802000c2        0     1                 
802000ca 802000ca        0     1                 
802000ce 802000ce        0     1                 
802000d6 802000d6        0     1                 
802000da 802000da        0     1                 
802000e0 802000e0        0     1                 
802000e8 802000e8        0     1                 
802000e8 802000e8        0     1                 
802000e8 802000e8        0     1                 
802000e8 802000e8        0     1                 
802000e8 802000e8        0     1                 
802000e8 802000e8       22     1                 k_sleep
802000ee 802000ee        0     1                 
802000f2 802000f2        0     1                 
802000f4 802000f4        0     1                 
802000f6 802000f6        0     1                 
802000fe 802000fe        0     1                 
80200102 80200102        0     1                 
80200104 80200104        0     1                 
80200106 80200106        0     1                 
80200108 80200108        0     1                 
8020010a 8020010a        0     1                 
8020010a 8020010a        0     1                 
8020010a 8020010a        0     1                 
8020010a 8020010a        0     1                 
8020010a 8020010a        0     1                 
8020010a 8020010a      1d8     1                 proc0
8020010c 8020010c        0     1                 
8020010c 8020010c        0     1                 
80200110 80200110        0     1                 
80200118 80200118        0     1                 
8020011a 8020011a        0     1                 
8020012a 8020012a        0     1                 
8020012a 8020012a        0     1                 
8020012e 8020012e        0     1                 
80200130 80200130        0     1                 
80200142 80200142        0     1                 
80200142 80200142        0     1                 
8020014a 8020014a        0     1                 
8020014a 8020014a        0     1                 
80200152 80200152        0     1                 
80200154 80200154        0     1                 
80200156 80200156        0     1                 
80200158 80200158        0     1                 
80200160 80200160        0     1                 
80200162 80200162        0     1                 
80200174 80200174        0     1                 
80200174 80200174        0     1                 
8020017c 8020017c        0     1                 
8020017c 8020017c        0     1                 
80200184 80200184        0     1                 
80200186 80200186        0     1                 
80200188 80200188        0     1                 
8020018a 8020018a        0     1                 
80200192 80200192        0     1                 
80200194 80200194        0     1                 
802001a6 802001a6        0     1                 
802001a6 802001a6        0     1                 
802001ae 802001ae        0     1                 
802001ae 802001ae        0     1                 
802001b6 802001b6        0     1                 
802001b8 802001b8        0     1                 
802001ba 802001ba        0     1                 
802001bc 802001bc        0     1                 
802001c4 802001c4        0     1                 
802001c6 802001c6        0     1                 
802001d8 802001d8        0     1                 
802001d8 802001d8        0     1                 
802001e0 802001e0        0     1                 
802001e0 802001e0        0     1                 
802001e8 802001e8        0     1                 
802001ea 802001ea        0     1                 
802001ec 802001ec        0     1                 
802001ee 802001ee        0     1                 
802001f6 802001f6        0     1                 
802001f8 802001f8        0     1                 
8020020a 8020020a        0     1                 
8020020a 8020020a        0     1                 
80200212 80200212        0     1                 
80200212 80200212        0     1                 
8020021a 8020021a        0     1                 
8020021c 8020021c        0     1                 
8020021e 8020021e        0     1                 
80200220 80200220        0     1                 
80200228 80200228        0     1                 
8020022a 8020022a        0     1                 
8020023c 8020023c        0     1                 
8020023c 8020023c        0     1                 
80200244 80200244        0     1                 
80200244 80200244        0     1                 
8020024c 8020024c        0     1                 
8020024e 8020024e        0     1                 
80200250 80200250        0     1                 
80200252 80200252        0     1                 
8020025a 8020025a        0     1                 
8020025c 8020025c        0     1                 
8020026e 8020026e        0     1                 
8020026e 8020026e        0     1                 
80200276 80200276        0     1                 
80200276 80200276        0     1                 
8020027e 8020027e        0     1                 
80200280 80200280        0     1                 
80200282 80200282        0     1                 
80200284 80200284        0     1                 
8020028c 8020028c        0     1                 
8020028e 8020028e        0     1                 
802002a0 802002a0        0     1                 
802002a0 802002a0        0     1                 
802002a8 802002a8        0     1                 
802002a8 802002a8        0     1                 
802002b0 802002b0        0     1                 
802002b2 802002b2        0     1                 
802002b4 802002b4        0     1                 
802002b6 802002b6        0     1                 
802002b6 802002b6        0     1                 
802002d4 802002d4        0     1                 
802002da 802002da        0     1                 
802002e2 802002e2        0     1                 
802002e2 802002e2        0     1                 
802002e2 802002e2        0     1                 
802002e2 802002e2        0     1                 
802002e2 802002e2        0     1                 
802002e2 802002e2      110     1                 proc1
802002e4 802002e4        0     1                 
802002e4 802002e4        0     1                 
802002e8 802002e8        0     1                 
802002f0 802002f0        0     1                 
802002f2 802002f2        0     1                 
80200302 80200302        0     1                 
80200302 80200302        0     1                 
80200306 80200306        0     1                 
80200308 80200308        0     1                 
8020031a 8020031a        0     1                 
8020031a 8020031a        0     1                 
80200322 80200322        0     1                 
80200322 80200322        0     1                 
8020032a 8020032a        0     1                 
8020032c 8020032c        0     1                 
8020032e 8020032e        0     1                 
80200330 80200330        0     1                 
80200338 80200338        0     1                 
8020033a 8020033a        0     1                 
8020034c 8020034c        0     1                 
8020034c 8020034c        0     1                 
80200354 80200354        0     1                 
80200354 80200354        0     1                 
8020035c 8020035c        0     1                 
8020035e 8020035e        0     1                 
80200360 80200360        0     1                 
80200362 80200362        0     1                 
8020036a 8020036a        0     1                 
8020036c 8020036c        0     1                 
8020037e 8020037e        0     1                 
8020037e 8020037e        0     1                 
80200386 80200386        0     1                 
80200386 80200386        0     1                 
8020038e 8020038e        0     1                 
80200390 80200390        0     1                 
80200392 80200392        0     1                 
80200394 80200394        0     1                 
8020039c 8020039c        0     1                 
8020039e 8020039e        0     1                 
802003b0 802003b0        0     1                 
802003b0 802003b0        0     1                 
802003b8 802003b8        0     1                 
802003b8 802003b8        0     1                 
802003c0 802003c0        0     1                 
802003c2 802003c2        0     1                 
802003c4 802003c4        0     1                 
802003c6 802003c6        0     1                 
802003c6 802003c6        0     1                 
802003e4 802003e4        0     1                 
802003ea 802003ea        0     1                 
802003f2 802003f2        0     1                 
802003f2 802003f2        0     1                 
802003f2 802003f2        0     1                 
802003f2 802003f2        0     1                 
802003f2 802003f2        0     1                 
802003f2 802003f2       82     1                 MNU_init
802003f4 802003f4        0     1                 
802003f4 802003f4        0     1                 
802003fa 802003fa        0     1                 
8020040a 8020040a        0     1                 
8020040a 8020040a        0     1                 
80200412 80200412        0     1                 
80200414 80200414        0     1                 
80200418 80200418        0     1                 
8020041c 8020041c        0     1                 
80200420 80200420        0     1                 
80200430 80200430        0     1                 
80200430 80200430        0     1                 
80200442 80200442        0     1                 
80200442 80200442        0     1                 
80200454 80200454        0     1                 
80200454 80200454        0     1                 
8020045c 8020045c        0     1                 
8020046c 8020046c        0     1                 
80200474 80200474        0     1                 
80200474 80200474        0     1                 
80200474 80200474        0     1                 
80200474 80200474        0     1                 
80200474 80200474        0     1                 
80200474 80200474       66     1                 kernel_main
80200476 80200476        0     1                 
80200476 80200476        0     1                 
8020047c 8020047c        0     1                 
80200484 80200484        0     1                 
80200484 80200484        0     1                 
802004a0 802004a0        0     1                 
802004a0 802004a0        0     1                 
802004ac 802004ac        0     1                 
802004ac 802004ac        0     1                 
802004b4 802004b4        0     1                 
802004b4 802004b4        0     1                 
802004d8 802004d8        0     1                 
802004da 802004da        0     1                 
802004da 802004da        0     1                 
802004dc 802004dc      2ec     4         build/print_k.o:(.text)
802004dc 802004dc        0     1                 
802004dc 802004dc        0     1                 
802004dc 802004dc        0     1                 
802004dc 802004dc      2ec     1                 k_printf
802004de 802004de        0     1                 
802004f8 802004f8        0     1                 
80200514 80200514        0     1                 
80200532 80200532        0     1                 
80200552 80200552        0     1                 
80200556 80200556        0     1                 
8020055e 8020055e        0     1                 
80200566 80200566        0     1                 
80200566 80200566        0     1                 
80200568 80200568        0     1                 
80200570 80200570        0     1                 
80200574 80200574        0     1                 
8020057c 8020057c        0     1                 
80200586 80200586        0     1                 .LBB0_6
80200586 80200586        0     1                 
80200586 80200586        0     1                 
802005a6 802005a6        0     1                 
802005a6 802005a6        0     1                 
802005aa 802005aa        0     1                 .LBB0_9
802005aa 802005aa        0     1                 
802005b6 802005b6        0     1                 
802005b6 802005b6        0     1                 
802005bc 802005bc        0     1                 .LBB0_10
802005bc 802005bc        0     1                 
802005d0 802005d0        0     1                 .LBB0_12
802005d0 802005d0        0     1                 
802005dc 802005dc        0     1                 
802005dc 802005dc        0     1                 
802005e8 802005e8        0     1                 
802005e8 802005e8        0     1                 
80200604 80200604        0     1                 .LBB0_14
80200604 80200604        0     1                 
80200620 80200620        0     1                 
80200622 80200622        0     1                 
80200626 80200626        0     1                 .LBB0_16
80200626 80200626        0     1                 
8020063e 8020063e        0     1                 .LBB0_18
8020063e 8020063e        0     1                 
8020065a 8020065a        0     1                 
80200668 80200668        0     1                 
8020066c 8020066c        0     1                 
80200678 80200678        0     1                 
80200678 80200678        0     1                 
8020067c 8020067c        0     1                 
80200686 80200686        0     1                 
8020068a 8020068a        0     1                 
8020068c 8020068c        0     1                 
80200698 80200698        0     1                 
80200698 80200698        0     1                 
8020069c 8020069c        0     1                 
802006a0 802006a0        0     1                 
802006a0 802006a0        0     1                 
802006ae 802006ae        0     1                 
802006ba 802006ba        0     1                 
802006ba 802006ba        0     1                 
802006be 802006be        0     1                 
802006c2 802006c2        0     1                 
802006c6 802006c6        0     1                 
802006c8 802006c8        0     1                 
802006d4 802006d4        0     1                 
802006d4 802006d4        0     1                 
802006d8 802006d8        0     1                 
802006dc 802006dc        0     1                 
802006dc 802006dc        0     1                 
802006e6 802006e6        0     1                 
802006e8 802006e8        0     1                 
802006ea 802006ea        0     1                 
802006f0 802006f0        0     1                 
802006f8 802006f8        0     1                 
80200704 80200704        0     1                 
80200704 80200704        0     1                 
80200708 80200708        0     1                 
8020070c 8020070c        0     1                 
80200714 80200714        0     1                 
80200720 80200720        0     1                 
80200720 80200720        0     1                 
80200724 80200724        0     1                 
8020072c 8020072c        0     1                 
80200730 80200730        0     1                 
80200732 80200732        0     1                 
8020073e 8020073e        0     1                 
8020073e 8020073e        0     1                 
80200742 80200742        0     1                 
80200746 80200746        0     1                 
80200746 80200746        0     1                 
80200752 80200752        0     1                 
8020075e 8020075e        0     1                 
8020075e 8020075e        0     1                 
8020076a 8020076a        0     1                 
8020076a 8020076a        0     1                 
80200778 80200778        0     1                 
80200778 80200778        0     1                 
8020077c 8020077c        0     1                 
80200782 80200782        0     1                 
80200786 80200786        0     1                 
80200788 80200788        0     1                 
80200794 80200794        0     1                 
80200794 80200794        0     1                 
80200798 80200798        0     1                 
8020079c 8020079c        0     1                 
8020079c 8020079c        0     1                 
802007aa 802007aa        0     1                 
802007c8 802007c8        0     1                 
802007c8 802007c8        0     1                 
802007c8 802007c8       8e     4         build/SBI.o:(.text)
802007c8 802007c8        0     1                 
802007c8 802007c8        0     1                 
802007c8 802007c8        0     1                 
802007c8 802007c8       14     1                 sbi_call
802007cc 802007cc        0     1                 
802007d0 802007d0        0     1                 
802007d6 802007d6        0     1                 
802007dc 802007dc        0     1                 
802007dc 802007dc        0     1                 
802007dc 802007dc        0     1                 
802007dc 802007dc        0     1                 
802007dc 802007dc        0     1                 
802007dc 802007dc       1c     1                 k_putchar
802007de 802007de        0     1                 
802007de 802007de        0     1                 
802007f0 802007f0        0     1                 
802007f6 802007f6        0     1                 
802007f6 802007f6        0     1                 
802007f8 802007f8        0     1                 
802007f8 802007f8        0     1                 
802007f8 802007f8        0     1                 
802007f8 802007f8        0     1                 
802007f8 802007f8        0     1                 
802007f8 802007f8       5e     1                 k_readchar
802007fa 802007fa        0     1                 
802007fa 802007fa        0     1                 
802007fc 802007fc        0     1                 
80200804 80200804        0     1                 
80200808 80200808        0     1                 
8020080a 8020080a        0     1                 
8020080e 8020080e        0     1                 
8020081e 8020081e        0     1                 
8020081e 8020081e        0     1                 
80200824 80200824        0     1                 
80200848 80200848        0     1                 
8020084a 8020084a        0     1                 
8020084c 8020084c        0     1                 
80200856 80200856        0     1                 
80200856 80200856        0     1                 
80200858 80200858       28     4         build/mem.o:(.text)
80200858 80200858        0     1                 
80200858 80200858        0     1                 
80200858 80200858        0     1                 
80200858 80200858        0     1                 
80200858 80200858       14     1                 memset
8020085a 8020085a        0     1                 
8020085c 8020085c        0     1                 
8020085e 8020085e        0     1                 
80200862 80200862        0     1                 
80200866 80200866        0     1                 
80200868 80200868        0     1                 
8020086a 8020086a        0     1                 
8020086c 8020086c        0     1                 
8020086c 8020086c        0     1                 
8020086c 8020086c        0     1                 
8020086c 8020086c        0     1                 
8020086c 8020086c        0     1                 
8020086c 8020086c        0     1                 
8020086c 8020086c       14     1                 k_memcpy
8020086e 8020086e        0     1                 
80200872 80200872        0     1                 
80200876 80200876        0     1                 
80200878 80200878        0     1                 
8020087a 8020087a        0     1                 
8020087c 8020087c        0     1                 
8020087e 8020087e        0     1                 
8020087e 8020087e        0     1                 
80200880 80200880        0     1                 
80200880 80200880        0     1                 
80200880 80200880      29e     4         build/str.o:(.text)
80200880 80200880        0     1                 
80200880 80200880        0     1                 
80200880 80200880        0     1                 
80200880 80200880        0     1                 
80200880 80200880       28     1                 k_strncpy
80200882 80200882        0     1                 
80200884 80200884        0     1                 
8020088c 8020088c        0     1                 
8020088e 8020088e        0     1                 
80200892 80200892        0     1                 
80200894 80200894        0     1                 
80200898 80200898        0     1                 
8020089c 8020089c        0     1                 
802008a0 802008a0        0     1                 
802008a6 802008a6        0     1                 
802008a8 802008a8        0     1                 
802008a8 802008a8        0     1                 
802008a8 802008a8        0     1                 
802008a8 802008a8        0     1                 
802008a8 802008a8        0     1                 
802008a8 802008a8        0     1                 
802008a8 802008a8       2e     1                 k_strcmp
802008ac 802008ac        0     1                 
802008ae 802008ae        0     1                 
802008b0 802008b0        0     1                 
802008b4 802008b4        0     1                 
802008b6 802008b6        0     1                 
802008ba 802008ba        0     1                 
802008be 802008be        0     1                 
802008c2 802008c2        0     1                 
802008c4 802008c4        0     1                 
802008c8 802008c8        0     1                 
802008ca 802008ca        0     1                 
802008ce 802008ce        0     1                 
802008d2 802008d2        0     1                 
802008d4 802008d4        0     1                 
802008d6 802008d6        0     1                 
802008d6 802008d6        0     1                 
802008d6 802008d6        0     1                 
802008d6 802008d6        0     1                 
802008d6 802008d6        0     1                 
802008d6 802008d6      248     1                 k_sprintf
802008d8 802008d8        0     1                 
802008f0 802008f0        0     1                 
80200900 80200900        0     1                 
8020091e 8020091e        0     1                 
80200920 80200920        0     1                 
8020094a 8020094a        0     1                 
8020094c 8020094c        0     1                 
80200950 80200950        0     1                 
80200958 80200958        0     1                 
8020095e 8020095e        0     1                 
80200962 80200962        0     1                 
80200966 80200966        0     1                 
8020096e 8020096e        0     1                 
80200978 80200978        0     1                 .LBB2_7
80200978 80200978        0     1                 
8020098c 8020098c        0     1                 
80200990 80200990        0     1                 
80200996 80200996        0     1                 .LBB2_11
80200996 80200996        0     1                 
8020099a 8020099a        0     1                 
802009a4 802009a4        0     1                 
802009aa 802009aa        0     1                 .LBB2_12
802009aa 802009aa        0     1                 
802009be 802009be        0     1                 .LBB2_14
802009be 802009be        0     1                 
802009c6 802009c6        0     1                 
802009da 802009da        0     1                 .LBB2_16
802009da 802009da        0     1                 
802009ec 802009ec        0     1                 
802009ee 802009ee        0     1                 
802009f2 802009f2        0     1                 .LBB2_18
802009f2 802009f2        0     1                 
80200a06 80200a06        0     1                 .LBB2_20
80200a06 80200a06        0     1                 
80200a1a 80200a1a        0     1                 
80200a1c 80200a1c        0     1                 
80200a20 80200a20        0     1                 
80200a2a 80200a2a        0     1                 
80200a36 80200a36        0     1                 
80200a36 80200a36        0     1                 
80200a3c 80200a3c        0     1                 
80200a3e 80200a3e        0     1                 
80200a40 80200a40        0     1                 
80200a44 80200a44        0     1                 
80200a48 80200a48        0     1                 
80200a4a 80200a4a        0     1                 
80200a50 80200a50        0     1                 
80200a50 80200a50        0     1                 
80200a54 80200a54        0     1                 
80200a60 80200a60        0     1                 
80200a60 80200a60        0     1                 
80200a66 80200a66        0     1                 
80200a6a 80200a6a        0     1                 
80200a6c 80200a6c        0     1                 
80200a70 80200a70        0     1                 
80200a74 80200a74        0     1                 
80200a76 80200a76        0     1                 
80200a7c 80200a7c        0     1                 
80200a7c 80200a7c        0     1                 
80200a80 80200a80        0     1                 
80200a82 80200a82        0     1                 
80200a84 80200a84        0     1                 
80200a8a 80200a8a        0     1                 
80200a90 80200a90        0     1                 
80200a94 80200a94        0     1                 
80200a98 80200a98        0     1                 
80200a9a 80200a9a        0     1                 
80200aa0 80200aa0        0     1                 
80200aa2 80200aa2        0     1                 
80200aae 80200aae        0     1                 
80200aae 80200aae        0     1                 
80200ab4 80200ab4        0     1                 
80200ab8 80200ab8        0     1                 
80200aba 80200aba        0     1                 
80200abe 80200abe        0     1                 
80200ac2 80200ac2        0     1                 
80200ac4 80200ac4        0     1                 
80200aca 80200aca        0     1                 
80200aca 80200aca        0     1                 
80200acc 80200acc        0     1                 
80200ad6 80200ad6        0     1                 
80200ae2 80200ae2        0     1                 
80200ae2 80200ae2        0     1                 
80200ae8 80200ae8        0     1                 
80200aec 80200aec        0     1                 
80200aee 80200aee        0     1                 
80200af2 80200af2        0     1                 
80200af6 80200af6        0     1                 
80200af8 80200af8        0     1                 
80200afe 80200afe        0     1                 
80200afe 80200afe        0     1                 
80200b02 80200b02        0     1                 
80200b1e 80200b1e        0     1                 
80200b1e 80200b1e        0     1                 
80200b20 80200b20      176     4         build/oa.o:(.text)
80200b20 80200b20        0     1                 
80200b20 80200b20        0     1                 
80200b20 80200b20        0     1                 
80200b20 80200b20       7a     1                 utoa
80200b22 80200b22        0     1                 
80200b22 80200b22        0     1                 
80200b24 80200b24        0     1                 
80200b2c 80200b2c        0     1                 
80200b2e 80200b2e        0     1                 
80200b32 80200b32        0     1                 
80200b38 80200b38        0     1                 
80200b3a 80200b3a        0     1                 
80200b3e 80200b3e        0     1                 
80200b40 80200b40        0     1                 
80200b4c 80200b4c        0     1                 
80200b5a 80200b5a        0     1                 
80200b5a 80200b5a        0     1                 
80200b6c 80200b6c        0     1                 
80200b74 80200b74        0     1                 
80200b78 80200b78        0     1                 
80200b7e 80200b7e        0     1                 
80200b84 80200b84        0     1                 
80200b84 80200b84        0     1                 
80200b88 80200b88        0     1                 
80200b8e 80200b8e        0     1                 
80200b96 80200b96        0     1                 
80200b9a 80200b9a        0     1                 
80200b9a 80200b9a        0     1                 
80200b9a 80200b9a        0     1                 
80200b9a 80200b9a        0     1                 
80200b9a 80200b9a        0     1                 
80200b9a 80200b9a       fc     1                 itoa
80200b9c 80200b9c        0     1                 
80200b9e 80200b9e        0     1                 
80200baa 80200baa        0     1                 
80200bae 80200bae        0     1                 
80200bb4 80200bb4        0     1                 
80200bb8 80200bb8        0     1                 
80200bc0 80200bc0        0     1                 
80200bca 80200bca        0     1                 
80200bd0 80200bd0        0     1                 
80200bd8 80200bd8        0     1                 
80200bdc 80200bdc        0     1                 
80200be0 80200be0        0     1                 
80200be2 80200be2        0     1                 
80200be6 80200be6        0     1                 
80200bea 80200bea        0     1                 
80200bee 80200bee        0     1                 
80200bee 80200bee        0     1                 
80200bfc 80200bfc        0     1                 
80200bfe 80200bfe        0     1                 
80200c06 80200c06        0     1                 
80200c0a 80200c0a        0     1                 
80200c10 80200c10        0     1                 
80200c14 80200c14        0     1                 
80200c14 80200c14        0     1                 
80200c1a 80200c1a        0     1                 
80200c1a 80200c1a        0     1                 
80200c1c 80200c1c        0     1                 
80200c24 80200c24        0     1                 
80200c26 80200c26        0     1                 
80200c2a 80200c2a        0     1                 
80200c30 80200c30        0     1                 
80200c32 80200c32        0     1                 
80200c36 80200c36        0     1                 
80200c38 80200c38        0     1                 
80200c44 80200c44        0     1                 
80200c52 80200c52        0     1                 
80200c52 80200c52        0     1                 
80200c64 80200c64        0     1                 
80200c6c 80200c6c        0     1                 
80200c70 80200c70        0     1                 
80200c76 80200c76        0     1                 
80200c7c 80200c7c        0     1                 
80200c7c 80200c7c        0     1                 
80200c80 80200c80        0     1                 
80200c88 80200c88        0     1                 
80200c8e 80200c8e        0     1                 
80200c92 80200c92        0     1                 
80200c96 80200c96        0     1                 
80200c96 80200c96        0     1                 
80200c98 80200c98      1fa     4         build/memory.o:(.text)
80200c98 80200c98        0     1                 
80200c98 80200c98        0     1                 
80200c98 80200c98        0     1                 
80200c98 80200c98        0     1                 
80200c98 80200c98       12     1                 init_memory
80200ca8 80200ca8        0     1                 
80200caa 80200caa        0     1                 
80200caa 80200caa        0     1                 
80200caa 80200caa        0     1                 
80200caa 80200caa        0     1                 
80200caa 80200caa        0     1                 
80200caa 80200caa       60     1                 pageframalloc
80200cac 80200cac        0     1                 
80200cac 80200cac        0     1                 
80200cb0 80200cb0        0     1                 
80200cb8 80200cb8        0     1                 
80200cbc 80200cbc        0     1                 
80200cc0 80200cc0        0     1                 
80200cc8 80200cc8        0     1                 
80200ccc 80200ccc        0     1                 
80200cd0 80200cd0        0     1                 
80200cf2 80200cf2        0     1                 
80200cf4 80200cf4        0     1                 
80200d00 80200d00        0     1                 
80200d00 80200d00        0     1                 
80200d0a 80200d0a        0     1                 
80200d0a 80200d0a        0     1                 
80200d0a 80200d0a        0     1                 
80200d0a 80200d0a        0     1                 
80200d0a 80200d0a        0     1                 
80200d0a 80200d0a      188     1                 add_ptbl_entry
80200d0c 80200d0c        0     1                 
80200d1a 80200d1a        0     1                 
80200d22 80200d22        0     1                 
80200d2a 80200d2a        0     1                 
80200d3a 80200d3a        0     1                 
80200d3a 80200d3a        0     1                 
80200d4c 80200d4c        0     1                 
80200d4c 80200d4c        0     1                 
80200d5c 80200d5c        0     1                 
80200d5c 80200d5c        0     1                 
80200d6c 80200d6c        0     1                 
80200d6c 80200d6c        0     1                 
80200d90 80200d90        0     1                 
80200d92 80200d92        0     1                 
80200d96 80200d96        0     1                 
80200d9a 80200d9a        0     1                 
80200d9c 80200d9c        0     1                 
80200da0 80200da0        0     1                 
80200da4 80200da4        0     1                 
80200da8 80200da8        0     1                 
80200daa 80200daa        0     1                 
80200daa 80200daa        0     1                 
80200db2 80200db2        0     1                 
80200db4 80200db4        0     1                 
80200db6 80200db6        0     1                 
80200dbe 80200dbe        0     1                 
80200dc2 80200dc2        0     1                 
80200dc6 80200dc6        0     1                 
80200de8 80200de8        0     1                 
80200dea 80200dea        0     1                 
80200df8 80200df8        0     1                 
80200df8 80200df8        0     1                 
80200dfc 80200dfc        0     1                 
80200e00 80200e00        0     1                 
80200e02 80200e02        0     1                 
80200e26 80200e26        0     1                 
80200e28 80200e28        0     1                 
80200e4c 80200e4c        0     1                 
80200e4e 80200e4e        0     1                 
80200e56 80200e56        0     1                 
80200e5a 80200e5a        0     1                 
80200e5e 80200e5e        0     1                 
80200e5e 80200e5e        0     1                 
80200e62 80200e62        0     1                 
80200e6e 80200e6e        0     1                 
80200e76 80200e76        0     1                 
80200e7e 80200e7e        0     1                 
80200e80 80200e80        0     1                 
80200e92 80200e92        0     1                 
80200e92 80200e92        0     1                 
80200e94 80200e94      23c     4         build/trap_k.o:(.text)
80200e94 80200e94        0     1                 
80200e94 80200e94        0     1                 
80200e94 80200e94        0     1                 
80200e94 80200e94       b0     1                 handle_syscall
80200e96 80200e96        0     1                 
80200e9a 80200e9a        0     1                 
80200e9c 80200e9c        0     1                 
80200eba 80200eba        0     1                 
80200ebc 80200ebc        0     1                 
80200ec0 80200ec0        0     1                 
80200ec2 80200ec2        0     1                 
80200ec6 80200ec6        0     1                 
80200ec8 80200ec8        0     1                 
80200ecc 80200ecc        0     1                 
80200ed0 80200ed0        0     1                 
80200ed8 80200ed8        0     1                 
80200ed8 80200ed8        0     1                 
80200eea 80200eea        0     1                 
80200ef2 80200ef2        0     1                 
80200ef4 80200ef4        0     1                 
80200efa 80200efa        0     1                 
80200f02 80200f02        0     1                 
80200f0a 80200f0a        0     1                 
80200f0a 80200f0a        0     1                 
80200f18 80200f18        0     1                 
80200f28 80200f28        0     1                 
80200f28 80200f28        0     1                 
80200f2c 80200f2c        0     1                 
80200f38 80200f38        0     1                 
80200f3c 80200f3c        0     1                 
80200f44 80200f44        0     1                 
80200f44 80200f44        0     1                 
80200f44 80200f44        0     1                 
80200f44 80200f44        0     1                 
80200f44 80200f44        0     1                 
80200f44 80200f44       ee     1                 handle_trap
80200f46 80200f46        0     1                 
80200f46 80200f46        0     1                 
80200f46 80200f46        0     1                 
80200f4c 80200f4c        0     1                 
80200f50 80200f50        0     1                 
80200f50 80200f50        0     1                 
80200f54 80200f54        0     1                 
80200f54 80200f54        0     1                 
80200f58 80200f58        0     1                 
80200f5a 80200f5a        0     1                 
80200f5a 80200f5a        0     1                 
80200f5e 80200f5e        0     1                 
80200f60 80200f60        0     1                 
80200f7e 80200f7e        0     1                 
80200f80 80200f80        0     1                 
80200f84 80200f84        0     1                 
80200f86 80200f86        0     1                 
80200f8a 80200f8a        0     1                 
80200f8c 80200f8c        0     1                 
80200f90 80200f90        0     1                 
80200f94 80200f94        0     1                 
80200f9c 80200f9c        0     1                 
80200f9c 80200f9c        0     1                 
80200fae 80200fae        0     1                 
80200fc0 80200fc0        0     1                 
80200fc0 80200fc0        0     1                 
80200fd0 80200fd0        0     1                 
80200fd0 80200fd0        0     1                 
80200fd2 80200fd2        0     1                 
80200fda 80200fda        0     1                 
80200fdc 80200fdc        0     1                 
80200fe4 80200fe4        0     1                 
80200fe4 80200fe4        0     1                 
80200fe6 80200fe6        0     1                 
80200fee 80200fee        0     1                 
80200fee 80200fee        0     1                 
80200ffc 80200ffc        0     1                 
8020100c 8020100c        0     1                 
8020100c 8020100c        0     1                 
80201010 80201010        0     1                 
8020101c 8020101c        0     1                 
80201020 80201020        0     1                 
80201024 80201024        0     1                 
80201028 80201028        0     1                 
80201032 80201032        0     1                 
80201032 80201032        0     1                 
80201034 80201034        0     1                 
80201034 80201034        0     1                 
80201034 80201034        0     1                 
80201034 80201034        0     1                 
80201034 80201034       9c     1                 switch_trap
802010d0 802010d0        0     1                 
802010d0 802010d0        0     1                 
802010d0 802010d0      384     4         build/pcb_k.o:(.text)
802010d0 802010d0        0     1                 
802010d0 802010d0        0     1                 
802010d0 802010d0        0     1                 
802010d0 802010d0       4c     1                 switch_umode
802010d2 802010d2        0     1                 
802010d2 802010d2        0     1                 
802010d4 802010d4        0     1                 
802010e4 802010e4        0     1                 
802010e4 802010e4        0     1                 
802010ec 802010ec        0     1                 
802010f8 802010f8        0     1                 
8020111a 8020111a        0     1                 
8020111c 8020111c        0     1                 
8020111c 8020111c        0     1                 
8020111c 8020111c        0     1                 
8020111c 8020111c        0     1                 
8020111c 8020111c        0     1                 
8020111c 8020111c      338     1                 spawn_proc
8020111e 8020111e        0     1                 
80201134 80201134        0     1                 
80201138 80201138        0     1                 
8020114c 8020114c        0     1                 
8020114c 8020114c        0     1                 
80201154 80201154        0     1                 
80201156 80201156        0     1                 
80201158 80201158        0     1                 
8020115c 8020115c        0     1                 
8020115e 8020115e        0     1                 
8020116a 8020116a        0     1                 
8020116e 8020116e        0     1                 
80201170 80201170        0     1                 
80201174 80201174        0     1                 
80201178 80201178        0     1                 
8020117a 8020117a        0     1                 
80201198 80201198        0     1                 
8020119a 8020119a        0     1                 
802011ac 802011ac        0     1                 
802011b4 802011b4        0     1                 
802011b8 802011b8        0     1                 
802011ca 802011ca        0     1                 
802011ca 802011ca        0     1                 
802011ce 802011ce        0     1                 
802011de 802011de        0     1                 
802011de 802011de        0     1                 
802011e2 802011e2        0     1                 
802011f0 802011f0        0     1                 
802011f0 802011f0        0     1                 
802011f2 802011f2        0     1                 
802011f6 802011f6        0     1                 
80201222 80201222        0     1                 
80201226 80201226        0     1                 
8020122a 8020122a        0     1                 
8020122e 8020122e        0     1                 
80201232 80201232        0     1                 
80201234 80201234        0     1                 
80201244 80201244        0     1                 
80201244 80201244        0     1                 
8020124e 8020124e        0     1                 
8020125e 8020125e        0     1                 
8020125e 8020125e        0     1                 
80201266 80201266        0     1                 
8020126c 8020126c        0     1                 
8020127c 8020127c        0     1                 
8020127e 8020127e        0     1                 
80201282 80201282        0     1                 
80201294 80201294        0     1                 
80201294 80201294        0     1                 
80201298 80201298        0     1                 
802012a8 802012a8        0     1                 
802012a8 802012a8        0     1                 
802012b2 802012b2        0     1                 
802012b2 802012b2        0     1                 
802012b4 802012b4        0     1                 
802012b6 802012b6        0     1                 
802012b8 802012b8        0     1                 
802012bc 802012bc        0     1                 
802012c0 802012c0        0     1                 
802012d0 802012d0        0     1                 
802012d0 802012d0        0     1                 
802012d4 802012d4        0     1                 
802012f8 802012f8        0     1                 
802012f8 802012f8        0     1                 
802012fa 802012fa        0     1                 
802012fa 802012fa        0     1                 
802012fe 802012fe        0     1                 
80201300 80201300        0     1                 
80201304 80201304        0     1                 
80201312 80201312        0     1                 
80201312 80201312        0     1                 
80201314 80201314        0     1                 
80201316 80201316        0     1                 
8020131a 8020131a        0     1                 
8020131a 8020131a        0     1                 
8020131e 8020131e        0     1                 
80201330 80201330        0     1                 
80201330 80201330        0     1                 
80201334 80201334        0     1                 
8020133c 8020133c        0     1                 
80201340 80201340        0     1                 
80201352 80201352        0     1                 
80201352 80201352        0     1                 
80201360 80201360        0     1                 
80201364 80201364        0     1                 
8020136e 8020136e        0     1                 
8020136e 8020136e        0     1                 
80201372 80201372        0     1                 
80201376 80201376        0     1                 
80201382 80201382        0     1                 
80201382 80201382        0     1                 
80201384 80201384        0     1                 
80201386 80201386        0     1                 
8020138e 8020138e        0     1                 
80201392 80201392        0     1                 
8020139c 8020139c        0     1                 
8020139c 8020139c        0     1                 
802013a0 802013a0        0     1                 
802013a6 802013a6        0     1                 
802013a8 802013a8        0     1                 
802013ac 802013ac        0     1                 
802013d0 802013d0        0     1                 
802013d2 802013d2        0     1                 
802013e2 802013e2        0     1                 
802013e2 802013e2        0     1                 
802013e4 802013e4        0     1                 
802013e8 802013e8        0     1                 
802013fe 802013fe        0     1                 
802013fe 802013fe        0     1                 
80201402 80201402        0     1                 
80201412 80201412        0     1                 
80201412 80201412        0     1                 
8020142e 8020142e        0     1                 
80201452 80201452        0     1                 
80201454 80201454        0     1                 
80201454 80201454        0     1                 
80201454 80201454      2de     4         build/program_k.o:(.text)
80201454 80201454        0     1                 
80201454 80201454        0     1                 
80201454 80201454        0     1                 
80201454 80201454        0     1                 
80201454 80201454       46     1                 switch_proc
8020149a 8020149a        0     1                 
8020149a 8020149a        0     1                 
8020149a 8020149a        0     1                 
8020149a 8020149a        0     1                 
8020149a 8020149a        0     1                 
8020149a 8020149a        0     1                 
8020149a 8020149a       14     1                 Flush_TLB
8020149c 8020149c        0     1                 
8020149e 8020149e        0     1                 
802014a2 802014a2        0     1                 
802014a4 802014a4        0     1                 
802014ac 802014ac        0     1                 
802014ae 802014ae        0     1                 
802014ae 802014ae        0     1                 
802014ae 802014ae        0     1                 
802014ae 802014ae        0     1                 
802014ae 802014ae        0     1                 
802014ae 802014ae      176     1                 k_sp
802014b0 802014b0        0     1                 
802014b0 802014b0        0     1                 
802014b4 802014b4        0     1                 
802014c4 802014c4        0     1                 
802014c4 802014c4        0     1                 
802014cc 802014cc        0     1                 
802014cc 802014cc        0     1                 
802014ce 802014ce        0     1                 
802014d0 802014d0        0     1                 
802014d2 802014d2        0     1                 
802014e4 802014e4        0     1                 
802014e4 802014e4        0     1                 
802014f8 802014f8        0     1                 
802014f8 802014f8        0     1                 
802014fa 802014fa        0     1                 
8020150c 8020150c        0     1                 
8020150c 8020150c        0     1                 
80201514 80201514        0     1                 
80201518 80201518        0     1                 
8020151a 8020151a        0     1                 
8020151e 8020151e        0     1                 
80201530 80201530        0     1                 
80201530 80201530        0     1                 
80201546 80201546        0     1                 
80201546 80201546        0     1                 
80201548 80201548        0     1                 
8020155a 8020155a        0     1                 
8020155a 8020155a        0     1                 
80201566 80201566        0     1                 
8020156a 8020156a        0     1                 
8020156c 8020156c        0     1                 
80201570 80201570        0     1                 
80201574 80201574        0     1                 
80201586 80201586        0     1                 
80201586 80201586        0     1                 
802015a0 802015a0        0     1                 
802015a0 802015a0        0     1                 
802015a2 802015a2        0     1                 
802015b4 802015b4        0     1                 
802015b4 802015b4        0     1                 
802015c0 802015c0        0     1                 
802015c4 802015c4        0     1                 
802015c6 802015c6        0     1                 
802015ca 802015ca        0     1                 
802015ce 802015ce        0     1                 
802015e0 802015e0        0     1                 
802015e0 802015e0        0     1                 
802015fa 802015fa        0     1                 
802015fa 802015fa        0     1                 
802015fc 802015fc        0     1                 
8020160e 8020160e        0     1                 
8020160e 8020160e        0     1                 
8020161c 8020161c        0     1                 
80201624 80201624        0     1                 
80201624 80201624        0     1                 
80201624 80201624        0     1                 
80201624 80201624        0     1                 
80201624 80201624        0     1                 
80201624 80201624        0     1                 
80201624 80201624      10e     1                 yield
8020162c 8020162c        0     1                 
80201632 80201632        0     1                 
80201634 80201634        0     1                 
80201638 80201638        0     1                 
8020163c 8020163c        0     1                 
8020163e 8020163e        0     1                 
80201640 80201640        0     1                 
80201642 80201642        0     1                 
80201646 80201646        0     1                 
80201646 80201646        0     1                 
8020164a 8020164a        0     1                 
8020164c 8020164c        0     1                 
80201650 80201650        0     1                 
80201660 80201660        0     1                 
80201664 80201664        0     1                 
80201668 80201668        0     1                 
8020166a 8020166a        0     1                 
8020166c 8020166c        0     1                 
80201670 80201670        0     1                 
80201682 80201682        0     1                 
80201686 80201686        0     1                 
8020168a 8020168a        0     1                 
8020168c 8020168c        0     1                 
8020168e 8020168e        0     1                 
80201692 80201692        0     1                 
802016a4 802016a4        0     1                 
802016a8 802016a8        0     1                 
802016ac 802016ac        0     1                 
802016ae 802016ae        0     1                 
802016b0 802016b0        0     1                 
802016b4 802016b4        0     1                 
802016c6 802016c6        0     1                 
802016ca 802016ca        0     1                 
802016ca 802016ca        0     1                 
802016dc 802016dc        0     1                 
802016de 802016de        0     1                 
802016e2 802016e2        0     1                 
802016e6 802016e6        0     1                 
802016ea 802016ea        0     1                 
802016f2 802016f2        0     1                 
802016f4 802016f4        0     1                 
802016f6 802016f6        0     1                 
802016f8 802016f8        0     1                 
802016fa 802016fa        0     1                 
802016fe 802016fe        0     1                 
80201700 80201700        0     1                 
80201702 80201702        0     1                 
80201704 80201704        0     1                 
8020170c 8020170c        0     1                 
8020170c 8020170c        0     1                 
80201714 80201714        0     1                 
8020171c 8020171c        0     1                 
80201720 80201720        0     1                 
80201722 80201722        0     1                 
80201724 80201724        0     1                 
8020172a 8020172a        0     1                 
8020172e 8020172e        0     1                 
80201732 80201732        0     1                 
80201732 80201732        0     1                 
80201734 80201734      890     4 .rodata
80201734 80201734      7e0     1         <internal>:(.rodata)
80201f14 80201f14       58     4         build/print_k.o:(.rodata)
80201f14 80201f14        0     1                 .LJTI0_0
80201f6c 80201f6c       58     4         build/str.o:(.rodata)
80201f6c 80201f6c        0     1                 .LJTI2_0
80201fc4 80201fc4     80b0     4 .data
80201fc4 80201fc4     80b0     1         besh.bin.o:(.data)
80201fc4 80201fc4        0     1                 _binary_besh_bin_start
8020a074 8020a074        0     1                 _binary_besh_bin_end
8020a074 8020a074     104c     4 .bss
8020a074 8020a074        0     1         __bss = .
8020a074 8020a074        4     4         build/memory.o:(.sbss)
8020a074 8020a074        4     1                 nextfreepageframe
8020a078 8020a078        8     4         build/pcb_k.o:(.sbss)
8020a078 8020a078        4     1                 currproc
8020a07c 8020a07c        4     1                 idleproc
8020a080 8020a080     1040     4         build/pcb_k.o:(.bss)
8020a080 8020a080     1040     1                 proclist
8020b0c0 8020b0c0        0     1         __bss_end = .
8020b0c0 8020b0c0        0     1 . = ALIGN ( 4 )
8020b0c0 8020b0c0    20000     1 . += 128 * 1024
8022b0c0 8022b0c0        0     1 __stack_top = .
8022b0c0 8022b0c0      f40     1 . = ALIGN ( 4096 )
8022c000 8022c000        0     1 __free_ram_start = .
8022c000 8022c000  2000000     1 . += 32 * 1024 * 1024
8222c000 8222c000        0     1 __free_ram_end = .
       0        0      eff     1 .debug_loclists
       0        0      518     1         build/main.o:(.debug_loclists)
       c        c        0     1                 
     518      518      115     1         build/print_k.o:(.debug_loclists)
     524      524        0     1                 
     62d      62d       9f     1         build/SBI.o:(.debug_loclists)
     639      639        0     1                 
     6cc      6cc       66     1         build/mem.o:(.debug_loclists)
     6d8      6d8        0     1                 
     732      732      1a1     1         build/str.o:(.debug_loclists)
     73e      73e        0     1                 
     8d3      8d3      19a     1         build/oa.o:(.debug_loclists)
     8df      8df        0     1                 
     a6d      a6d      137     1         build/memory.o:(.debug_loclists)
     a79      a79        0     1                 
     ba4      ba4       d6     1         build/trap_k.o:(.debug_loclists)
     bb0      bb0        0     1                 
     c7a      c7a      15a     1         build/pcb_k.o:(.debug_loclists)
     c86      c86        0     1                 
     dd4      dd4      12b     1         build/program_k.o:(.debug_loclists)
     de0      de0        0     1                 
       0        0      cc1     1 .debug_abbrev
       0        0      1a1     1         build/main.o:(.debug_abbrev)
     1a1      1a1      104     1         build/print_k.o:(.debug_abbrev)
     2a5      2a5      15a     1         build/SBI.o:(.debug_abbrev)
     3ff      3ff       b9     1         build/mem.o:(.debug_abbrev)
     4b8      4b8      12c     1         build/str.o:(.debug_abbrev)
     5e4      5e4      113     1         build/oa.o:(.debug_abbrev)
     6f7      6f7      14c     1         build/memory.o:(.debug_abbrev)
     843      843      1b6     1         build/trap_k.o:(.debug_abbrev)
     9f9      9f9      165     1         build/pcb_k.o:(.debug_abbrev)
     b5e      b5e      163     1         build/program_k.o:(.debug_abbrev)
       0        0     15e0     1 .debug_info
       0        0      37e     1         build/main.o:(.debug_info)
     37e      37e      1e5     1         build/print_k.o:(.debug_info)
     563      563      242     1         build/SBI.o:(.debug_info)
     7a5      7a5       d9     1         build/mem.o:(.debug_info)
     87e      87e      1f5     1         build/str.o:(.debug_info)
     a73      a73      184     1         build/oa.o:(.debug_info)
     bf7      bf7      1dd     1         build/memory.o:(.debug_info)
     dd4      dd4      33e     1         build/trap_k.o:(.debug_info)
    1112     1112      2b9     1         build/pcb_k.o:(.debug_info)
    13cb     13cb      215     1         build/program_k.o:(.debug_info)
       0        0      231     1 .debug_rnglists
       0        0       bd     1         build/main.o:(.debug_rnglists)
       c        c        0     1                 
      bd       bd       57     1         build/print_k.o:(.debug_rnglists)
      c9       c9        0     1                 
     114      114       66     1         build/str.o:(.debug_rnglists)
     120      120        0     1                 
     17a      17a       1b     1         build/oa.o:(.debug_rnglists)
     186      186        0     1                 
     195      195       1b     1         build/trap_k.o:(.debug_rnglists)
     1a1      1a1        0     1                 
     1b0      1b0       61     1         build/pcb_k.o:(.debug_rnglists)
     1bc      1bc        0     1                 
     211      211       20     1         build/program_k.o:(.debug_rnglists)
     21d      21d        0     1                 
       0        0      600     1 .debug_str_offsets
       0        0       b0     1         build/main.o:(.debug_str_offsets)
       8        8        0     1                 
      b0       b0       68     1         build/print_k.o:(.debug_str_offsets)
      b8       b8        0     1                 
     118      118       8c     1         build/SBI.o:(.debug_str_offsets)
     120      120        0     1                 
     1a4      1a4       58     1         build/mem.o:(.debug_str_offsets)
     1ac      1ac        0     1                 
     1fc      1fc       88     1         build/str.o:(.debug_str_offsets)
     204      204        0     1                 
     284      284       50     1         build/oa.o:(.debug_str_offsets)
     28c      28c        0     1                 
     2d4      2d4       88     1         build/memory.o:(.debug_str_offsets)
     2dc      2dc        0     1                 
     35c      35c      14c     1         build/trap_k.o:(.debug_str_offsets)
     364      364        0     1                 
     4a8      4a8       c4     1         build/pcb_k.o:(.debug_str_offsets)
     4b0      4b0        0     1                 
     56c      56c       94     1         build/program_k.o:(.debug_str_offsets)
     574      574        0     1                 
       0        0      5ee     1 .debug_str
       0        0      5ee     1         <internal>:(.debug_str)
       0        0      320     1 .debug_addr
       0        0       ec     1         build/main.o:(.debug_addr)
       8        8        0     1                 
      ec       ec       50     1         build/print_k.o:(.debug_addr)
      f4       f4        0     1                 
     13c      13c       20     1         build/SBI.o:(.debug_addr)
     144      144        0     1                 
     15c      15c       10     1         build/mem.o:(.debug_addr)
     164      164        0     1                 
     16c      16c       24     1         build/str.o:(.debug_addr)
     174      174        0     1                 
     190      190       20     1         build/oa.o:(.debug_addr)
     198      198        0     1                 
     1b0      1b0       48     1         build/memory.o:(.debug_addr)
     1b8      1b8        0     1                 
     1f8      1f8       48     1         build/trap_k.o:(.debug_addr)
     200      200        0     1                 
     240      240       84     1         build/pcb_k.o:(.debug_addr)
     248      248        0     1                 
     2c4      2c4       5c     1         build/program_k.o:(.debug_addr)
     2cc      2cc        0     1                 
       0        0       42     1 .comment
       0        0       42     1         <internal>:(.comment)
       0        0       2b     1 .riscv.attributes
       0        0       2b     1         build/main.o:(.riscv.attributes)
       0        0      384     4 .debug_frame
       0        0       b4     4         build/main.o:(.debug_frame)
       0        0        0     1                 
      b4       b4       44     4         build/print_k.o:(.debug_frame)
      b4       b4        0     1                 
      f8       f8       4c     4         build/SBI.o:(.debug_frame)
      f8       f8        0     1                 
     144      144       34     4         build/mem.o:(.debug_frame)
     144      144        0     1                 
     178      178       64     4         build/str.o:(.debug_frame)
     178      178        0     1                 
     1dc      1dc       3c     4         build/oa.o:(.debug_frame)
     1dc      1dc        0     1                 
     218      218       60     4         build/memory.o:(.debug_frame)
     218      218        0     1                 
     278      278       58     4         build/trap_k.o:(.debug_frame)
     278      278        0     1                 
     2d0      2d0       58     4         build/pcb_k.o:(.debug_frame)
     2d0      2d0        0     1                 
     328      328       5c     4         build/program_k.o:(.debug_frame)
     328      328        0     1                 
       0        0     1d58     1 .debug_line
       0        0      58f     1         build/main.o:(.debug_line)
       0        0        0     1                 .Lline_table_start0
     58f      58f      2d0     1         build/print_k.o:(.debug_line)
     58f      58f        0     1                 .Lline_table_start0
     85f      85f      11a     1         build/SBI.o:(.debug_line)
     85f      85f        0     1                 .Lline_table_start0
     979      979       f6     1         build/mem.o:(.debug_line)
     979      979        0     1                 .Lline_table_start0
     a6f      a6f      3f0     1         build/str.o:(.debug_line)
     a6f      a6f        0     1                 .Lline_table_start0
     e5f      e5f      25a     1         build/oa.o:(.debug_line)
     e5f      e5f        0     1                 .Lline_table_start0
    10b9     10b9      224     1         build/memory.o:(.debug_line)
    10b9     10b9        0     1                 .Lline_table_start0
    12dd     12dd      2a5     1         build/trap_k.o:(.debug_line)
    12dd     12dd        0     1                 .Lline_table_start0
    1582     1582      3e5     1         build/pcb_k.o:(.debug_line)
    1582     1582        0     1                 .Lline_table_start0
    1967     1967      3f1     1         build/program_k.o:(.debug_line)
    1967     1967        0     1                 .Lline_table_start0
       0        0       c2     1 .debug_line_str
       0        0       c2     1         <internal>:(.debug_line_str)
       0        0     5ff0     4 .symtab
       0        0     5ff0     4         <internal>:(.symtab)
       0        0       dc     1 .shstrtab
       0        0       dc     1         <internal>:(.shstrtab)
       0        0      383     1 .strtab
       0        0      383     1         <internal>:(.strtab)
