     VMA      LMA     Size Align Out     In      Symbol
       0        0 80200000     1 . = 0x80200000
80200000        0        0     1 __kernel_base = .
80200000 80200000     1d04     4 .text
80200000 80200000        e     2         build/main.o:(.text.boot)
80200000 80200000        0     1                 
80200000 80200000        0     1                 
80200000 80200000        0     1                 
80200000 80200000        0     1                 
80200000 80200000        e     1                 boot
8020000e 8020000e        0     1                 
8020000e 8020000e        0     1                 
80200010 80200010      15a     4         build/main.o:(.text)
80200010 80200010        0     1                 
80200010 80200010        0     1                 
80200010 80200010        0     1                 
80200010 80200010       d8     1                 kernel_bootstrap
80200012 80200012        0     1                 
80200012 80200012        0     1                 
80200014 80200014        0     1                 
80200024 80200024        0     1                 
80200024 80200024        0     1                 
80200034 80200034        0     1                 
80200034 80200034        0     1                 
80200052 80200052        0     1                 
80200052 80200052        0     1                 
80200062 80200062        0     1                 
80200062 80200062        0     1                 
8020006e 8020006e        0     1                 
8020007e 8020007e        0     1                 
8020007e 8020007e        0     1                 
80200086 80200086        0     1                 
80200086 80200086        0     1                 
802000a6 802000a6        0     1                 
802000a6 802000a6        0     1                 
802000b6 802000b6        0     1                 
802000b6 802000b6        0     1                 
802000c2 802000c2        0     1                 
802000c2 802000c2        0     1                 
802000ca 802000ca        0     1                 
802000ce 802000ce        0     1                 
802000d6 802000d6        0     1                 
802000da 802000da        0     1                 
802000e0 802000e0        0     1                 
802000e8 802000e8        0     1                 
802000e8 802000e8        0     1                 
802000e8 802000e8        0     1                 
802000e8 802000e8        0     1                 
802000e8 802000e8        0     1                 
802000e8 802000e8       82     1                 kernel_main
802000ea 802000ea        0     1                 
802000ea 802000ea        0     1                 
802000ec 802000ec        0     1                 
802000f4 802000f4        0     1                 
802000f4 802000f4        0     1                 
80200114 80200114        0     1                 
80200114 80200114        0     1                 
8020011c 8020011c        0     1                 
8020011c 8020011c        0     1                 
8020013c 8020013c        0     1                 
8020013c 8020013c        0     1                 
80200144 80200144        0     1                 
80200144 80200144        0     1                 
80200168 80200168        0     1                 
8020016a 8020016a        0     1                 
8020016a 8020016a        0     1                 
8020016c 8020016c      2ec     4         build/print_k.o:(.text)
8020016c 8020016c        0     1                 
8020016c 8020016c        0     1                 
8020016c 8020016c        0     1                 
8020016c 8020016c      2ec     1                 k_printf
8020016e 8020016e        0     1                 
80200188 80200188        0     1                 
802001a4 802001a4        0     1                 
802001c2 802001c2        0     1                 
802001e2 802001e2        0     1                 
802001e6 802001e6        0     1                 
802001ee 802001ee        0     1                 
802001f6 802001f6        0     1                 
802001f6 802001f6        0     1                 
802001f8 802001f8        0     1                 
80200200 80200200        0     1                 
80200204 80200204        0     1                 
8020020c 8020020c        0     1                 
80200216 80200216        0     1                 .LBB0_6
80200216 80200216        0     1                 
80200216 80200216        0     1                 
80200236 80200236        0     1                 
80200236 80200236        0     1                 
8020023a 8020023a        0     1                 .LBB0_9
8020023a 8020023a        0     1                 
80200246 80200246        0     1                 
80200246 80200246        0     1                 
8020024c 8020024c        0     1                 .LBB0_10
8020024c 8020024c        0     1                 
80200260 80200260        0     1                 .LBB0_12
80200260 80200260        0     1                 
8020026c 8020026c        0     1                 
8020026c 8020026c        0     1                 
80200278 80200278        0     1                 
80200278 80200278        0     1                 
80200294 80200294        0     1                 .LBB0_14
80200294 80200294        0     1                 
802002b0 802002b0        0     1                 
802002b2 802002b2        0     1                 
802002b6 802002b6        0     1                 .LBB0_16
802002b6 802002b6        0     1                 
802002ce 802002ce        0     1                 .LBB0_18
802002ce 802002ce        0     1                 
802002ea 802002ea        0     1                 
802002f8 802002f8        0     1                 
802002fc 802002fc        0     1                 
80200308 80200308        0     1                 
80200308 80200308        0     1                 
8020030c 8020030c        0     1                 
80200316 80200316        0     1                 
8020031a 8020031a        0     1                 
8020031c 8020031c        0     1                 
80200328 80200328        0     1                 
80200328 80200328        0     1                 
8020032c 8020032c        0     1                 
80200330 80200330        0     1                 
80200330 80200330        0     1                 
8020033e 8020033e        0     1                 
8020034a 8020034a        0     1                 
8020034a 8020034a        0     1                 
8020034e 8020034e        0     1                 
80200352 80200352        0     1                 
80200356 80200356        0     1                 
80200358 80200358        0     1                 
80200364 80200364        0     1                 
80200364 80200364        0     1                 
80200368 80200368        0     1                 
8020036c 8020036c        0     1                 
8020036c 8020036c        0     1                 
80200376 80200376        0     1                 
80200378 80200378        0     1                 
8020037a 8020037a        0     1                 
80200380 80200380        0     1                 
80200388 80200388        0     1                 
80200394 80200394        0     1                 
80200394 80200394        0     1                 
80200398 80200398        0     1                 
8020039c 8020039c        0     1                 
802003a4 802003a4        0     1                 
802003b0 802003b0        0     1                 
802003b0 802003b0        0     1                 
802003b4 802003b4        0     1                 
802003bc 802003bc        0     1                 
802003c0 802003c0        0     1                 
802003c2 802003c2        0     1                 
802003ce 802003ce        0     1                 
802003ce 802003ce        0     1                 
802003d2 802003d2        0     1                 
802003d6 802003d6        0     1                 
802003d6 802003d6        0     1                 
802003e2 802003e2        0     1                 
802003ee 802003ee        0     1                 
802003ee 802003ee        0     1                 
802003fa 802003fa        0     1                 
802003fa 802003fa        0     1                 
80200408 80200408        0     1                 
80200408 80200408        0     1                 
8020040c 8020040c        0     1                 
80200412 80200412        0     1                 
80200416 80200416        0     1                 
80200418 80200418        0     1                 
80200424 80200424        0     1                 
80200424 80200424        0     1                 
80200428 80200428        0     1                 
8020042c 8020042c        0     1                 
8020042c 8020042c        0     1                 
8020043a 8020043a        0     1                 
80200458 80200458        0     1                 
80200458 80200458        0     1                 
80200458 80200458       8e     4         build/SBI.o:(.text)
80200458 80200458        0     1                 
80200458 80200458        0     1                 
80200458 80200458        0     1                 
80200458 80200458       14     1                 sbi_call
8020045c 8020045c        0     1                 
80200460 80200460        0     1                 
80200466 80200466        0     1                 
8020046c 8020046c        0     1                 
8020046c 8020046c        0     1                 
8020046c 8020046c        0     1                 
8020046c 8020046c        0     1                 
8020046c 8020046c        0     1                 
8020046c 8020046c       1c     1                 k_putchar
8020046e 8020046e        0     1                 
8020046e 8020046e        0     1                 
80200480 80200480        0     1                 
80200486 80200486        0     1                 
80200486 80200486        0     1                 
80200488 80200488        0     1                 
80200488 80200488        0     1                 
80200488 80200488        0     1                 
80200488 80200488        0     1                 
80200488 80200488        0     1                 
80200488 80200488       5e     1                 k_readchar
8020048a 8020048a        0     1                 
8020048a 8020048a        0     1                 
8020048c 8020048c        0     1                 
80200494 80200494        0     1                 
80200498 80200498        0     1                 
8020049a 8020049a        0     1                 
8020049e 8020049e        0     1                 
802004ae 802004ae        0     1                 
802004ae 802004ae        0     1                 
802004b4 802004b4        0     1                 
802004d8 802004d8        0     1                 
802004da 802004da        0     1                 
802004dc 802004dc        0     1                 
802004e6 802004e6        0     1                 
802004e6 802004e6        0     1                 
802004e8 802004e8       28     4         build/mem.o:(.text)
802004e8 802004e8        0     1                 
802004e8 802004e8        0     1                 
802004e8 802004e8        0     1                 
802004e8 802004e8        0     1                 
802004e8 802004e8       14     1                 memset
802004ea 802004ea        0     1                 
802004ec 802004ec        0     1                 
802004ee 802004ee        0     1                 
802004f2 802004f2        0     1                 
802004f6 802004f6        0     1                 
802004f8 802004f8        0     1                 
802004fa 802004fa        0     1                 
802004fc 802004fc        0     1                 
802004fc 802004fc        0     1                 
802004fc 802004fc        0     1                 
802004fc 802004fc        0     1                 
802004fc 802004fc        0     1                 
802004fc 802004fc        0     1                 
802004fc 802004fc       14     1                 k_memcpy
802004fe 802004fe        0     1                 
80200502 80200502        0     1                 
80200506 80200506        0     1                 
80200508 80200508        0     1                 
8020050a 8020050a        0     1                 
8020050c 8020050c        0     1                 
8020050e 8020050e        0     1                 
8020050e 8020050e        0     1                 
80200510 80200510        0     1                 
80200510 80200510        0     1                 
80200510 80200510      29e     4         build/str.o:(.text)
80200510 80200510        0     1                 
80200510 80200510        0     1                 
80200510 80200510        0     1                 
80200510 80200510        0     1                 
80200510 80200510       28     1                 k_strncpy
80200512 80200512        0     1                 
80200514 80200514        0     1                 
8020051c 8020051c        0     1                 
8020051e 8020051e        0     1                 
80200522 80200522        0     1                 
80200524 80200524        0     1                 
80200528 80200528        0     1                 
8020052c 8020052c        0     1                 
80200530 80200530        0     1                 
80200536 80200536        0     1                 
80200538 80200538        0     1                 
80200538 80200538        0     1                 
80200538 80200538        0     1                 
80200538 80200538        0     1                 
80200538 80200538        0     1                 
80200538 80200538        0     1                 
80200538 80200538       2e     1                 k_strcmp
8020053c 8020053c        0     1                 
8020053e 8020053e        0     1                 
80200540 80200540        0     1                 
80200544 80200544        0     1                 
80200546 80200546        0     1                 
8020054a 8020054a        0     1                 
8020054e 8020054e        0     1                 
80200552 80200552        0     1                 
80200554 80200554        0     1                 
80200558 80200558        0     1                 
8020055a 8020055a        0     1                 
8020055e 8020055e        0     1                 
80200562 80200562        0     1                 
80200564 80200564        0     1                 
80200566 80200566        0     1                 
80200566 80200566        0     1                 
80200566 80200566        0     1                 
80200566 80200566        0     1                 
80200566 80200566        0     1                 
80200566 80200566      248     1                 k_sprintf
80200568 80200568        0     1                 
80200580 80200580        0     1                 
80200590 80200590        0     1                 
802005ae 802005ae        0     1                 
802005b0 802005b0        0     1                 
802005da 802005da        0     1                 
802005dc 802005dc        0     1                 
802005e0 802005e0        0     1                 
802005e8 802005e8        0     1                 
802005ee 802005ee        0     1                 
802005f2 802005f2        0     1                 
802005f6 802005f6        0     1                 
802005fe 802005fe        0     1                 
80200608 80200608        0     1                 .LBB2_7
80200608 80200608        0     1                 
8020061c 8020061c        0     1                 
80200620 80200620        0     1                 
80200626 80200626        0     1                 .LBB2_11
80200626 80200626        0     1                 
8020062a 8020062a        0     1                 
80200634 80200634        0     1                 
8020063a 8020063a        0     1                 .LBB2_12
8020063a 8020063a        0     1                 
8020064e 8020064e        0     1                 .LBB2_14
8020064e 8020064e        0     1                 
80200656 80200656        0     1                 
8020066a 8020066a        0     1                 .LBB2_16
8020066a 8020066a        0     1                 
8020067c 8020067c        0     1                 
8020067e 8020067e        0     1                 
80200682 80200682        0     1                 .LBB2_18
80200682 80200682        0     1                 
80200696 80200696        0     1                 .LBB2_20
80200696 80200696        0     1                 
802006aa 802006aa        0     1                 
802006ac 802006ac        0     1                 
802006b0 802006b0        0     1                 
802006ba 802006ba        0     1                 
802006c6 802006c6        0     1                 
802006c6 802006c6        0     1                 
802006cc 802006cc        0     1                 
802006ce 802006ce        0     1                 
802006d0 802006d0        0     1                 
802006d4 802006d4        0     1                 
802006d8 802006d8        0     1                 
802006da 802006da        0     1                 
802006e0 802006e0        0     1                 
802006e0 802006e0        0     1                 
802006e4 802006e4        0     1                 
802006f0 802006f0        0     1                 
802006f0 802006f0        0     1                 
802006f6 802006f6        0     1                 
802006fa 802006fa        0     1                 
802006fc 802006fc        0     1                 
80200700 80200700        0     1                 
80200704 80200704        0     1                 
80200706 80200706        0     1                 
8020070c 8020070c        0     1                 
8020070c 8020070c        0     1                 
80200710 80200710        0     1                 
80200712 80200712        0     1                 
80200714 80200714        0     1                 
8020071a 8020071a        0     1                 
80200720 80200720        0     1                 
80200724 80200724        0     1                 
80200728 80200728        0     1                 
8020072a 8020072a        0     1                 
80200730 80200730        0     1                 
80200732 80200732        0     1                 
8020073e 8020073e        0     1                 
8020073e 8020073e        0     1                 
80200744 80200744        0     1                 
80200748 80200748        0     1                 
8020074a 8020074a        0     1                 
8020074e 8020074e        0     1                 
80200752 80200752        0     1                 
80200754 80200754        0     1                 
8020075a 8020075a        0     1                 
8020075a 8020075a        0     1                 
8020075c 8020075c        0     1                 
80200766 80200766        0     1                 
80200772 80200772        0     1                 
80200772 80200772        0     1                 
80200778 80200778        0     1                 
8020077c 8020077c        0     1                 
8020077e 8020077e        0     1                 
80200782 80200782        0     1                 
80200786 80200786        0     1                 
80200788 80200788        0     1                 
8020078e 8020078e        0     1                 
8020078e 8020078e        0     1                 
80200792 80200792        0     1                 
802007ae 802007ae        0     1                 
802007ae 802007ae        0     1                 
802007b0 802007b0      176     4         build/oa.o:(.text)
802007b0 802007b0        0     1                 
802007b0 802007b0        0     1                 
802007b0 802007b0        0     1                 
802007b0 802007b0       7a     1                 utoa
802007b2 802007b2        0     1                 
802007b2 802007b2        0     1                 
802007b4 802007b4        0     1                 
802007bc 802007bc        0     1                 
802007be 802007be        0     1                 
802007c2 802007c2        0     1                 
802007c8 802007c8        0     1                 
802007ca 802007ca        0     1                 
802007ce 802007ce        0     1                 
802007d0 802007d0        0     1                 
802007dc 802007dc        0     1                 
802007ea 802007ea        0     1                 
802007ea 802007ea        0     1                 
802007fc 802007fc        0     1                 
80200804 80200804        0     1                 
80200808 80200808        0     1                 
8020080e 8020080e        0     1                 
80200814 80200814        0     1                 
80200814 80200814        0     1                 
80200818 80200818        0     1                 
8020081e 8020081e        0     1                 
80200826 80200826        0     1                 
8020082a 8020082a        0     1                 
8020082a 8020082a        0     1                 
8020082a 8020082a        0     1                 
8020082a 8020082a        0     1                 
8020082a 8020082a        0     1                 
8020082a 8020082a       fc     1                 itoa
8020082c 8020082c        0     1                 
8020082e 8020082e        0     1                 
8020083a 8020083a        0     1                 
8020083e 8020083e        0     1                 
80200844 80200844        0     1                 
80200848 80200848        0     1                 
80200850 80200850        0     1                 
8020085a 8020085a        0     1                 
80200860 80200860        0     1                 
80200868 80200868        0     1                 
8020086c 8020086c        0     1                 
80200870 80200870        0     1                 
80200872 80200872        0     1                 
80200876 80200876        0     1                 
8020087a 8020087a        0     1                 
8020087e 8020087e        0     1                 
8020087e 8020087e        0     1                 
8020088c 8020088c        0     1                 
8020088e 8020088e        0     1                 
80200896 80200896        0     1                 
8020089a 8020089a        0     1                 
802008a0 802008a0        0     1                 
802008a4 802008a4        0     1                 
802008a4 802008a4        0     1                 
802008aa 802008aa        0     1                 
802008aa 802008aa        0     1                 
802008ac 802008ac        0     1                 
802008b4 802008b4        0     1                 
802008b6 802008b6        0     1                 
802008ba 802008ba        0     1                 
802008c0 802008c0        0     1                 
802008c2 802008c2        0     1                 
802008c6 802008c6        0     1                 
802008c8 802008c8        0     1                 
802008d4 802008d4        0     1                 
802008e2 802008e2        0     1                 
802008e2 802008e2        0     1                 
802008f4 802008f4        0     1                 
802008fc 802008fc        0     1                 
80200900 80200900        0     1                 
80200906 80200906        0     1                 
8020090c 8020090c        0     1                 
8020090c 8020090c        0     1                 
80200910 80200910        0     1                 
80200918 80200918        0     1                 
8020091e 8020091e        0     1                 
80200922 80200922        0     1                 
80200926 80200926        0     1                 
80200926 80200926        0     1                 
80200928 80200928      400     4         build/memory.o:(.text)
80200928 80200928        0     1                 
80200928 80200928        0     1                 
80200928 80200928        0     1                 
80200928 80200928        0     1                 
80200928 80200928       1a     1                 init_memory
80200938 80200938        0     1                 
80200940 80200940        0     1                 
80200942 80200942        0     1                 
80200942 80200942        0     1                 
80200942 80200942        0     1                 
80200942 80200942        0     1                 
80200942 80200942        0     1                 
80200942 80200942       ec     1                 pageframalloc
80200944 80200944        0     1                 
80200944 80200944        0     1                 
8020094a 8020094a        0     1                 
8020094c 8020094c        0     1                 
80200954 80200954        0     1                 
80200960 80200960        0     1                 
80200964 80200964        0     1                 
80200964 80200964        0     1                 
80200966 80200966        0     1                 
8020096a 8020096a        0     1                 
8020096e 8020096e        0     1                 
8020096e 8020096e        0     1                 
80200974 80200974        0     1                 
80200978 80200978        0     1                 
8020097c 8020097c        0     1                 
80200982 80200982        0     1                 
8020098c 8020098c        0     1                 
8020098e 8020098e        0     1                 
80200992 80200992        0     1                 
80200994 80200994        0     1                 
80200998 80200998        0     1                 
8020099a 8020099a        0     1                 
8020099e 8020099e        0     1                 
802009a6 802009a6        0     1                 
802009a8 802009a8        0     1                 
802009b0 802009b0        0     1                 
802009b4 802009b4        0     1                 
802009b6 802009b6        0     1                 
802009ba 802009ba        0     1                 
802009bc 802009bc        0     1                 
802009c4 802009c4        0     1                 
802009c8 802009c8        0     1                 
802009cc 802009cc        0     1                 
802009d4 802009d4        0     1                 
802009d8 802009d8        0     1                 
802009dc 802009dc        0     1                 
80200a00 80200a00        0     1                 
80200a02 80200a02        0     1                 
80200a06 80200a06        0     1                 
80200a12 80200a12        0     1                 
80200a16 80200a16        0     1                 
80200a22 80200a22        0     1                 
80200a22 80200a22        0     1                 
80200a2e 80200a2e        0     1                 
80200a2e 80200a2e        0     1                 
80200a2e 80200a2e        0     1                 
80200a2e 80200a2e        0     1                 
80200a2e 80200a2e        0     1                 
80200a2e 80200a2e       56     1                 pageframfree
80200a30 80200a30        0     1                 
80200a32 80200a32        0     1                 
80200a34 80200a34        0     1                 
80200a3c 80200a3c        0     1                 
80200a40 80200a40        0     1                 
80200a46 80200a46        0     1                 
80200a48 80200a48        0     1                 
80200a64 80200a64        0     1                 
80200a66 80200a66        0     1                 
80200a66 80200a66        0     1                 
80200a70 80200a70        0     1                 
80200a72 80200a72        0     1                 
80200a74 80200a74        0     1                 
80200a78 80200a78        0     1                 
80200a78 80200a78        0     1                 
80200a7c 80200a7c        0     1                 
80200a7e 80200a7e        0     1                 
80200a7e 80200a7e        0     1                 
80200a84 80200a84        0     1                 
80200a84 80200a84        0     1                 
80200a84 80200a84        0     1                 
80200a84 80200a84        0     1                 
80200a84 80200a84        0     1                 
80200a84 80200a84      1a0     1                 add_ptbl_entry
80200a86 80200a86        0     1                 
80200a94 80200a94        0     1                 
80200a9c 80200a9c        0     1                 
80200aa4 80200aa4        0     1                 
80200ab4 80200ab4        0     1                 
80200ab4 80200ab4        0     1                 
80200ac6 80200ac6        0     1                 
80200ac6 80200ac6        0     1                 
80200ad6 80200ad6        0     1                 
80200ad6 80200ad6        0     1                 
80200ae6 80200ae6        0     1                 
80200ae6 80200ae6        0     1                 
80200b0a 80200b0a        0     1                 
80200b0c 80200b0c        0     1                 
80200b10 80200b10        0     1                 
80200b14 80200b14        0     1                 
80200b16 80200b16        0     1                 
80200b1a 80200b1a        0     1                 
80200b1e 80200b1e        0     1                 
80200b22 80200b22        0     1                 
80200b24 80200b24        0     1                 
80200b2c 80200b2c        0     1                 
80200b2c 80200b2c        0     1                 
80200b30 80200b30        0     1                 
80200b30 80200b30        0     1                 
80200b34 80200b34        0     1                 
80200b3a 80200b3a        0     1                 
80200b3a 80200b3a        0     1                 
80200b42 80200b42        0     1                 
80200b44 80200b44        0     1                 
80200b46 80200b46        0     1                 
80200b4e 80200b4e        0     1                 
80200b52 80200b52        0     1                 
80200b56 80200b56        0     1                 
80200b7a 80200b7a        0     1                 
80200b7c 80200b7c        0     1                 
80200b8a 80200b8a        0     1                 
80200b8e 80200b8e        0     1                 
80200b8e 80200b8e        0     1                 
80200b92 80200b92        0     1                 
80200b94 80200b94        0     1                 
80200bb8 80200bb8        0     1                 
80200bba 80200bba        0     1                 
80200bde 80200bde        0     1                 
80200be0 80200be0        0     1                 
80200be8 80200be8        0     1                 
80200bec 80200bec        0     1                 
80200bf0 80200bf0        0     1                 
80200bf0 80200bf0        0     1                 
80200bf4 80200bf4        0     1                 
80200c00 80200c00        0     1                 
80200c08 80200c08        0     1                 
80200c10 80200c10        0     1                 
80200c12 80200c12        0     1                 
80200c24 80200c24        0     1                 
80200c24 80200c24        0     1                 
80200c24 80200c24        0     1                 
80200c24 80200c24        0     1                 
80200c24 80200c24        0     1                 
80200c24 80200c24      104     1                 free_proc_pages
80200c26 80200c26        0     1                 
80200c26 80200c26        0     1                 
80200c28 80200c28        0     1                 
80200c2a 80200c2a        0     1                 
80200c4e 80200c4e        0     1                 
80200c4e 80200c4e        0     1                 
80200c50 80200c50        0     1                 
80200c54 80200c54        0     1                 
80200c54 80200c54        0     1                 
80200c5c 80200c5c        0     1                 
80200c60 80200c60        0     1                 
80200c62 80200c62        0     1                 
80200c68 80200c68        0     1                 
80200c70 80200c70        0     1                 
80200c70 80200c70        0     1                 
80200c74 80200c74        0     1                 
80200c76 80200c76        0     1                 
80200c76 80200c76        0     1                 
80200c78 80200c78        0     1                 
80200c80 80200c80        0     1                 
80200c84 80200c84        0     1                 
80200c90 80200c90        0     1                 
80200c9a 80200c9a        0     1                 
80200c9a 80200c9a        0     1                 
80200c9e 80200c9e        0     1                 
80200ca0 80200ca0        0     1                 
80200ca4 80200ca4        0     1                 
80200ca6 80200ca6        0     1                 
80200ca6 80200ca6        0     1                 
80200cb2 80200cb2        0     1                 
80200cbc 80200cbc        0     1                 
80200cbc 80200cbc        0     1                 
80200cc0 80200cc0        0     1                 
80200cc4 80200cc4        0     1                 
80200cc8 80200cc8        0     1                 
80200cca 80200cca        0     1                 
80200cca 80200cca        0     1                 
80200ce6 80200ce6        0     1                 
80200cea 80200cea        0     1                 
80200cea 80200cea        0     1                 
80200cf0 80200cf0        0     1                 
80200cf2 80200cf2        0     1                 
80200d10 80200d10        0     1                 
80200d12 80200d12        0     1                 
80200d12 80200d12        0     1                 
80200d1a 80200d1a        0     1                 
80200d1e 80200d1e        0     1                 
80200d22 80200d22        0     1                 
80200d22 80200d22        0     1                 
80200d28 80200d28        0     1                 
80200d28 80200d28        0     1                 
80200d28 80200d28      388     4         build/trap_k.o:(.text)
80200d28 80200d28        0     1                 
80200d28 80200d28        0     1                 
80200d28 80200d28        0     1                 
80200d28 80200d28      296     1                 handle_syscall
80200d2a 80200d2a        0     1                 
80200d2e 80200d2e        0     1                 
80200d30 80200d30        0     1                 
80200d4e 80200d4e        0     1                 
80200d58 80200d58        0     1                 
80200daa 80200daa        0     1                 .LBB0_2
80200daa 80200daa        0     1                 
80200db6 80200db6        0     1                 
80200db6 80200db6        0     1                 
80200dc8 80200dc8        0     1                 .LBB0_3
80200dc8 80200dc8        0     1                 
80200dd0 80200dd0        0     1                 
80200dd0 80200dd0        0     1                 
80200dde 80200dde        0     1                 .LBB0_4
80200dde 80200dde        0     1                 
80200de8 80200de8        0     1                 
80200dea 80200dea        0     1                 .LBB0_5
80200dea 80200dea        0     1                 
80200df4 80200df4        0     1                 
80200df8 80200df8        0     1                 .LBB0_7
80200e00 80200e00        0     1                 
80200e04 80200e04        0     1                 
80200e06 80200e06        0     1                 
80200e0a 80200e0a        0     1                 
80200e12 80200e12        0     1                 
80200e12 80200e12        0     1                 
80200e16 80200e16        0     1                 
80200e1a 80200e1a        0     1                 
80200e20 80200e20        0     1                 
80200e28 80200e28        0     1                 .LBB0_11
80200e28 80200e28        0     1                 
80200e32 80200e32        0     1                 
80200e32 80200e32        0     1                 
80200e34 80200e34        0     1                 .LBB0_12
80200e34 80200e34        0     1                 
80200e3e 80200e3e        0     1                 
80200e3e 80200e3e        0     1                 
80200e40 80200e40        0     1                 .LBB0_13
80200e40 80200e40        0     1                 
80200e4a 80200e4a        0     1                 
80200e52 80200e52        0     1                 .LBB0_14
80200e52 80200e52        0     1                 
80200e62 80200e62        0     1                 
80200e62 80200e62        0     1                 
80200e66 80200e66        0     1                 
80200e72 80200e72        0     1                 
80200e78 80200e78        0     1                 .LBB0_16
80200e78 80200e78        0     1                 
80200e84 80200e84        0     1                 
80200e84 80200e84        0     1                 
80200e86 80200e86        0     1                 .LBB0_17
80200e86 80200e86        0     1                 
80200ea6 80200ea6        0     1                 
80200eb0 80200eb0        0     1                 
80200eb8 80200eb8        0     1                 .LBB0_18
80200eb8 80200eb8        0     1                 
80200ec2 80200ec2        0     1                 
80200eca 80200eca        0     1                 .LBB0_19
80200eca 80200eca        0     1                 
80200ed2 80200ed2        0     1                 
80200eda 80200eda        0     1                 .LBB0_20
80200eda 80200eda        0     1                 
80200ee4 80200ee4        0     1                 
80200eec 80200eec        0     1                 .LBB0_21
80200eec 80200eec        0     1                 
80200ef4 80200ef4        0     1                 
80200efc 80200efc        0     1                 .LBB0_22
80200efc 80200efc        0     1                 
80200f06 80200f06        0     1                 
80200f06 80200f06        0     1                 
80200f08 80200f08        0     1                 .LBB0_23
80200f08 80200f08        0     1                 
80200f12 80200f12        0     1                 
80200f12 80200f12        0     1                 
80200f14 80200f14        0     1                 .LBB0_24
80200f14 80200f14        0     1                 
80200f1e 80200f1e        0     1                 
80200f1e 80200f1e        0     1                 
80200f20 80200f20        0     1                 .LBB0_25
80200f20 80200f20        0     1                 
80200f2a 80200f2a        0     1                 
80200f2a 80200f2a        0     1                 
80200f44 80200f44        0     1                 
80200f4c 80200f4c        0     1                 
80200f50 80200f50        0     1                 
80200f54 80200f54        0     1                 
80200f72 80200f72        0     1                 
80200f74 80200f74        0     1                 
80200f78 80200f78        0     1                 
80200f86 80200f86        0     1                 
80200f88 80200f88        0     1                 
80200f8a 80200f8a        0     1                 
80200f92 80200f92        0     1                 
80200f9a 80200f9a        0     1                 
80200f9c 80200f9c        0     1                 
80200f9e 80200f9e        0     1                 
80200fbc 80200fbc        0     1                 
80200fbe 80200fbe        0     1                 
80200fbe 80200fbe        0     1                 
80200fbe 80200fbe        0     1                 
80200fbe 80200fbe        0     1                 
80200fbe 80200fbe        0     1                 
80200fbe 80200fbe       54     1                 handle_trap
80200fc0 80200fc0        0     1                 
80200fc0 80200fc0        0     1                 
80200fc0 80200fc0        0     1                 
80200fc4 80200fc4        0     1                 
80200fc8 80200fc8        0     1                 
80200fc8 80200fc8        0     1                 
80200fcc 80200fcc        0     1                 
80200fcc 80200fcc        0     1                 
80200fd0 80200fd0        0     1                 
80200fd2 80200fd2        0     1                 
80200fd2 80200fd2        0     1                 
80200fd6 80200fd6        0     1                 
80200fde 80200fde        0     1                 
80200fde 80200fde        0     1                 
80200fe0 80200fe0        0     1                 
80200ff2 80200ff2        0     1                 
80200ff2 80200ff2        0     1                 
80201002 80201002        0     1                 
80201002 80201002        0     1                 
80201006 80201006        0     1                 
8020100a 8020100a        0     1                 
80201012 80201012        0     1                 
80201012 80201012        0     1                 
80201014 80201014        0     1                 
80201014 80201014        0     1                 
80201014 80201014        0     1                 
80201014 80201014        0     1                 
80201014 80201014       9c     1                 switch_trap
802010b0 802010b0        0     1                 
802010b0 802010b0        0     1                 
802010b0 802010b0      2b4     4         build/pcb_k.o:(.text)
802010b0 802010b0        0     1                 
802010b0 802010b0        0     1                 
802010b0 802010b0        0     1                 
802010b0 802010b0       3c     1                 switch_umode
802010b2 802010b2        0     1                 
802010b4 802010b4        0     1                 
802010bc 802010bc        0     1                 
802010c8 802010c8        0     1                 
802010ea 802010ea        0     1                 
802010ec 802010ec        0     1                 
802010ec 802010ec        0     1                 
802010ec 802010ec        0     1                 
802010ec 802010ec        0     1                 
802010ec 802010ec        0     1                 
802010ec 802010ec      22a     1                 spawn_proc
802010ee 802010ee        0     1                 
80201102 80201102        0     1                 
8020111a 8020111a        0     1                 
8020111c 8020111c        0     1                 
8020111e 8020111e        0     1                 
80201124 80201124        0     1                 
80201128 80201128        0     1                 
80201148 80201148        0     1                 
8020114a 8020114a        0     1                 
80201152 80201152        0     1                 
80201156 80201156        0     1                 
8020115e 8020115e        0     1                 
80201170 80201170        0     1                 
80201170 80201170        0     1                 
80201172 80201172        0     1                 
80201176 80201176        0     1                 
80201176 80201176        0     1                 
802011a6 802011a6        0     1                 
802011a6 802011a6        0     1                 
802011aa 802011aa        0     1                 
802011ae 802011ae        0     1                 
802011b0 802011b0        0     1                 
802011ba 802011ba        0     1                 
802011c2 802011c2        0     1                 
802011c6 802011c6        0     1                 
802011d0 802011d0        0     1                 
802011d2 802011d2        0     1                 
802011da 802011da        0     1                 
802011e2 802011e2        0     1                 
802011e6 802011e6        0     1                 
802011f0 802011f0        0     1                 
802011f0 802011f0        0     1                 
802011f4 802011f4        0     1                 
802011f6 802011f6        0     1                 
802011f6 802011f6        0     1                 
8020120a 8020120a        0     1                 
80201218 80201218        0     1                 
80201218 80201218        0     1                 
8020121e 8020121e        0     1                 
80201222 80201222        0     1                 
80201236 80201236        0     1                 
8020123a 8020123a        0     1                 
80201248 80201248        0     1                 
80201248 80201248        0     1                 
8020124a 8020124a        0     1                 
8020124e 8020124e        0     1                 
8020124e 8020124e        0     1                 
80201256 80201256        0     1                 
8020125a 8020125a        0     1                 
80201266 80201266        0     1                 
8020126a 8020126a        0     1                 
80201274 80201274        0     1                 
80201274 80201274        0     1                 
80201278 80201278        0     1                 
8020127c 8020127c        0     1                 
80201288 80201288        0     1                 
80201288 80201288        0     1                 
8020128a 8020128a        0     1                 
80201292 80201292        0     1                 
80201296 80201296        0     1                 
802012a0 802012a0        0     1                 
802012a0 802012a0        0     1                 
802012a4 802012a4        0     1                 
802012aa 802012aa        0     1                 
802012ac 802012ac        0     1                 
802012b0 802012b0        0     1                 
802012ca 802012ca        0     1                 
802012ee 802012ee        0     1                 
802012f0 802012f0        0     1                 
80201314 80201314        0     1                 
80201316 80201316        0     1                 
80201316 80201316        0     1                 
80201316 80201316        0     1                 
80201316 80201316        0     1                 
80201316 80201316        0     1                 
80201316 80201316       4e     1                 free_proc
80201318 80201318        0     1                 
80201318 80201318        0     1                 
8020131c 8020131c        0     1                 
8020131e 8020131e        0     1                 
80201320 80201320        0     1                 
80201322 80201322        0     1                 
80201324 80201324        0     1                 
80201326 80201326        0     1                 
80201328 80201328        0     1                 
80201330 80201330        0     1                 
80201330 80201330        0     1                 
80201334 80201334        0     1                 
80201338 80201338        0     1                 
8020133c 8020133c        0     1                 
80201340 80201340        0     1                 
80201344 80201344        0     1                 
80201348 80201348        0     1                 
8020134c 8020134c        0     1                 
80201354 80201354        0     1                 
8020135c 8020135c        0     1                 
80201364 80201364        0     1                 
80201364 80201364        0     1                 
80201364 80201364      1fc     4         build/program_k.o:(.text)
80201364 80201364        0     1                 
80201364 80201364        0     1                 
80201364 80201364        0     1                 
80201364 80201364        0     1                 
80201364 80201364       46     1                 switch_proc
802013aa 802013aa        0     1                 
802013aa 802013aa        0     1                 
802013aa 802013aa        0     1                 
802013aa 802013aa        0     1                 
802013aa 802013aa        0     1                 
802013aa 802013aa        0     1                 
802013aa 802013aa       14     1                 Flush_TLB
802013ac 802013ac        0     1                 
802013ae 802013ae        0     1                 
802013b2 802013b2        0     1                 
802013b4 802013b4        0     1                 
802013bc 802013bc        0     1                 
802013be 802013be        0     1                 
802013be 802013be        0     1                 
802013be 802013be        0     1                 
802013be 802013be        0     1                 
802013be 802013be        0     1                 
802013be 802013be       a0     1                 k_sp
802013c0 802013c0        0     1                 
802013c0 802013c0        0     1                 
802013ce 802013ce        0     1                 
802013de 802013de        0     1                 
802013de 802013de        0     1                 
80201406 80201406        0     1                 
80201406 80201406        0     1                 
80201408 80201408        0     1                 
80201414 80201414        0     1                 
80201414 80201414        0     1                 
80201422 80201422        0     1                 
80201422 80201422        0     1                 
80201424 80201424        0     1                 
80201428 80201428        0     1                 
8020142c 8020142c        0     1                 
8020142e 8020142e        0     1                 
80201430 80201430        0     1                 
8020143c 8020143c        0     1                 
8020143c 8020143c        0     1                 
8020143e 8020143e        0     1                 
8020143e 8020143e        0     1                 
80201456 80201456        0     1                 
8020145e 8020145e        0     1                 
8020145e 8020145e        0     1                 
8020145e 8020145e        0     1                 
8020145e 8020145e        0     1                 
8020145e 8020145e        0     1                 
8020145e 8020145e        0     1                 
8020145e 8020145e      102     1                 yield
80201466 80201466        0     1                 
8020146a 8020146a        0     1                 
8020146e 8020146e        0     1                 
80201474 80201474        0     1                 
80201478 80201478        0     1                 
8020147a 8020147a        0     1                 
8020147e 8020147e        0     1                 
80201482 80201482        0     1                 
80201486 80201486        0     1                 
8020148a 8020148a        0     1                 
8020148a 8020148a        0     1                 
802014b8 802014b8        0     1                 
802014c6 802014c6        0     1                 
802014c8 802014c8        0     1                 
802014c8 802014c8        0     1                 
802014d6 802014d6        0     1                 
802014d8 802014d8        0     1                 
802014de 802014de        0     1                 
802014e0 802014e0        0     1                 
802014e4 802014e4        0     1                 
802014e4 802014e4        0     1                 
802014ec 802014ec        0     1                 
80201500 80201500        0     1                 
80201504 80201504        0     1                 
80201508 80201508        0     1                 
80201510 80201510        0     1                 
80201514 80201514        0     1                 
80201516 80201516        0     1                 
8020151a 8020151a        0     1                 
8020151e 8020151e        0     1                 
80201522 80201522        0     1                 
8020152a 8020152a        0     1                 
8020152c 8020152c        0     1                 
8020152e 8020152e        0     1                 
80201530 80201530        0     1                 
80201532 80201532        0     1                 
80201536 80201536        0     1                 
80201538 80201538        0     1                 
8020153c 8020153c        0     1                 
8020153e 8020153e        0     1                 
80201546 80201546        0     1                 
80201546 80201546        0     1                 
8020154e 8020154e        0     1                 
80201550 80201550        0     1                 
80201552 80201552        0     1                 
8020155a 8020155a        0     1                 
8020155e 8020155e        0     1                 
80201560 80201560        0     1                 
80201560 80201560        0     1                 
80201560 80201560      19a     4         build/app.o:(.text)
80201560 80201560        0     1                 
80201560 80201560        0     1                 
80201560 80201560        0     1                 
80201560 80201560      14c     1                 init_app
80201562 80201562        0     1                 
80201568 80201568        0     1                 
8020156a 8020156a        0     1                 
8020156a 8020156a        0     1                 
8020156e 8020156e        0     1                 
80201570 80201570        0     1                 
80201574 80201574        0     1                 
80201576 80201576        0     1                 
8020157a 8020157a        0     1                 
8020157e 8020157e        0     1                 
80201582 80201582        0     1                 
80201586 80201586        0     1                 
8020158a 8020158a        0     1                 
8020158e 8020158e        0     1                 
80201592 80201592        0     1                 
80201596 80201596        0     1                 
8020159a 8020159a        0     1                 
8020159e 8020159e        0     1                 
802015a2 802015a2        0     1                 
802015a6 802015a6        0     1                 
802015aa 802015aa        0     1                 
802015ae 802015ae        0     1                 
802015b2 802015b2        0     1                 
802015b6 802015b6        0     1                 
802015bc 802015bc        0     1                 
802015bc 802015bc        0     1                 
802015c4 802015c4        0     1                 
802015c6 802015c6        0     1                 
802015c8 802015c8        0     1                 
802015ca 802015ca        0     1                 
802015cc 802015cc        0     1                 
802015d4 802015d4        0     1                 
802015d6 802015d6        0     1                 
802015d8 802015d8        0     1                 
802015da 802015da        0     1                 
802015dc 802015dc        0     1                 
802015e4 802015e4        0     1                 
802015e6 802015e6        0     1                 
802015e8 802015e8        0     1                 
802015ea 802015ea        0     1                 
802015ec 802015ec        0     1                 
802015f4 802015f4        0     1                 
802015f8 802015f8        0     1                 
802015fa 802015fa        0     1                 
802015fe 802015fe        0     1                 
80201600 80201600        0     1                 
80201608 80201608        0     1                 
8020160c 8020160c        0     1                 
8020160e 8020160e        0     1                 
80201612 80201612        0     1                 
80201614 80201614        0     1                 
8020162e 8020162e        0     1                 
80201630 80201630        0     1                 
80201668 80201668        0     1                 
802016a2 802016a2        0     1                 
802016ac 802016ac        0     1                 
802016ac 802016ac        0     1                 
802016ac 802016ac        0     1                 
802016ac 802016ac        0     1                 
802016ac 802016ac        0     1                 
802016ac 802016ac       4e     1                 start_app
802016ae 802016ae        0     1                 
802016b0 802016b0        0     1                 
802016b4 802016b4        0     1                 
802016b8 802016b8        0     1                 
802016ba 802016ba        0     1                 
802016ca 802016ca        0     1                 
802016cc 802016cc        0     1                 
802016ce 802016ce        0     1                 
802016d6 802016d6        0     1                 
802016d6 802016d6        0     1                 
802016d8 802016d8        0     1                 
802016de 802016de        0     1                 
802016f8 802016f8        0     1                 
802016fa 802016fa        0     1                 
802016fa 802016fa        0     1                 
802016fc 802016fc      608     4         build/sockets.o:(.text)
802016fc 802016fc        0     1                 
802016fc 802016fc        0     1                 
802016fc 802016fc        0     1                 
802016fc 802016fc       4e     1                 read_rsocket
802016fe 802016fe        0     1                 
80201700 80201700        0     1                 
80201704 80201704        0     1                 
80201708 80201708        0     1                 
80201722 80201722        0     1                 
80201724 80201724        0     1                 
8020172c 8020172c        0     1                 
80201740 80201740        0     1                 
80201744 80201744        0     1                 
8020174a 8020174a        0     1                 
8020174a 8020174a        0     1                 
8020174a 8020174a        0     1                 
8020174a 8020174a        0     1                 
8020174a 8020174a        0     1                 
8020174a 8020174a       4c     1                 write_rsocket
8020174c 8020174c        0     1                 
8020174e 8020174e        0     1                 
80201752 80201752        0     1                 
80201756 80201756        0     1                 
80201770 80201770        0     1                 
80201772 80201772        0     1                 
80201780 80201780        0     1                 
8020178c 8020178c        0     1                 
80201790 80201790        0     1                 
80201796 80201796        0     1                 
80201796 80201796        0     1                 
80201796 80201796        0     1                 
80201796 80201796        0     1                 
80201796 80201796        0     1                 
80201796 80201796       7e     1                 read_socket
80201798 80201798        0     1                 
8020179a 8020179a        0     1                 
8020179e 8020179e        0     1                 
802017a2 802017a2        0     1                 
802017be 802017be        0     1                 
802017c0 802017c0        0     1                 
802017c6 802017c6        0     1                 
802017ca 802017ca        0     1                 
802017e4 802017e4        0     1                 
802017e6 802017e6        0     1                 
802017ee 802017ee        0     1                 
802017f2 802017f2        0     1                 
802017f4 802017f4        0     1                 
8020180a 8020180a        0     1                 
8020180e 8020180e        0     1                 
80201814 80201814        0     1                 
80201814 80201814        0     1                 
80201814 80201814        0     1                 
80201814 80201814        0     1                 
80201814 80201814        0     1                 
80201814 80201814       7c     1                 write_socket
80201816 80201816        0     1                 
80201818 80201818        0     1                 
8020181c 8020181c        0     1                 
80201820 80201820        0     1                 
8020183a 8020183a        0     1                 
8020183c 8020183c        0     1                 
80201842 80201842        0     1                 
80201846 80201846        0     1                 
80201862 80201862        0     1                 
80201864 80201864        0     1                 
80201868 80201868        0     1                 
8020186a 8020186a        0     1                 
80201876 80201876        0     1                 
80201878 80201878        0     1                 
80201886 80201886        0     1                 
8020188a 8020188a        0     1                 
80201890 80201890        0     1                 
80201890 80201890        0     1                 
80201890 80201890        0     1                 
80201890 80201890        0     1                 
80201890 80201890        0     1                 
80201890 80201890       60     1                 claim_rsocket
80201892 80201892        0     1                 
80201894 80201894        0     1                 
80201898 80201898        0     1                 
8020189c 8020189c        0     1                 
802018b8 802018b8        0     1                 
802018ba 802018ba        0     1                 
802018ce 802018ce        0     1                 
802018d0 802018d0        0     1                 
802018d2 802018d2        0     1                 
802018da 802018da        0     1                 
802018e0 802018e0        0     1                 
802018e4 802018e4        0     1                 
802018e6 802018e6        0     1                 
802018ea 802018ea        0     1                 
802018f0 802018f0        0     1                 
802018f0 802018f0        0     1                 
802018f0 802018f0        0     1                 
802018f0 802018f0        0     1                 
802018f0 802018f0        0     1                 
802018f0 802018f0       60     1                 claim_socket
802018f2 802018f2        0     1                 
802018f4 802018f4        0     1                 
802018f8 802018f8        0     1                 
802018fc 802018fc        0     1                 
80201918 80201918        0     1                 
8020191a 8020191a        0     1                 
8020192e 8020192e        0     1                 
80201930 80201930        0     1                 
80201932 80201932        0     1                 
8020193a 8020193a        0     1                 
80201940 80201940        0     1                 
80201944 80201944        0     1                 
80201946 80201946        0     1                 
8020194a 8020194a        0     1                 
80201950 80201950        0     1                 
80201950 80201950        0     1                 
80201950 80201950        0     1                 
80201950 80201950        0     1                 
80201950 80201950        0     1                 
80201950 80201950       42     1                 unclaim_rsocket
80201952 80201952        0     1                 
80201954 80201954        0     1                 
80201958 80201958        0     1                 
8020195c 8020195c        0     1                 
80201978 80201978        0     1                 
8020197a 8020197a        0     1                 
80201988 80201988        0     1                 
8020198c 8020198c        0     1                 
80201992 80201992        0     1                 
80201992 80201992        0     1                 
80201992 80201992        0     1                 
80201992 80201992        0     1                 
80201992 80201992        0     1                 
80201992 80201992       42     1                 unclaim_socket
80201994 80201994        0     1                 
80201996 80201996        0     1                 
8020199a 8020199a        0     1                 
8020199e 8020199e        0     1                 
802019ba 802019ba        0     1                 
802019bc 802019bc        0     1                 
802019ca 802019ca        0     1                 
802019ce 802019ce        0     1                 
802019d4 802019d4        0     1                 
802019d4 802019d4        0     1                 
802019d4 802019d4        0     1                 
802019d4 802019d4        0     1                 
802019d4 802019d4        0     1                 
802019d4 802019d4      13c     1                 find_free_rsocket
802019d6 802019d6        0     1                 
802019d6 802019d6        0     1                 
802019d8 802019d8        0     1                 
802019e0 802019e0        0     1                 
802019e2 802019e2        0     1                 
802019e4 802019e4        0     1                 
802019e4 802019e4        0     1                 
802019e8 802019e8        0     1                 
802019f0 802019f0        0     1                 
802019f6 802019f6        0     1                 
802019fa 802019fa        0     1                 
80201a00 80201a00        0     1                 
80201a04 80201a04        0     1                 
80201a0c 80201a0c        0     1                 
80201a12 80201a12        0     1                 
80201a16 80201a16        0     1                 
80201a1c 80201a1c        0     1                 
80201a20 80201a20        0     1                 
80201a28 80201a28        0     1                 
80201a2e 80201a2e        0     1                 
80201a32 80201a32        0     1                 
80201a38 80201a38        0     1                 
80201a3c 80201a3c        0     1                 
80201a44 80201a44        0     1                 
80201a4a 80201a4a        0     1                 
80201a4e 80201a4e        0     1                 
80201a54 80201a54        0     1                 
80201a58 80201a58        0     1                 
80201a5c 80201a5c        0     1                 
80201a62 80201a62        0     1                 
80201a66 80201a66        0     1                 
80201a66 80201a66        0     1                 
80201a84 80201a84        0     1                 
80201a86 80201a86        0     1                 
80201a86 80201a86        0     1                 
80201a88 80201a88        0     1                 
80201a90 80201a90        0     1                 
80201a94 80201a94        0     1                 
80201a96 80201a96        0     1                 
80201a9a 80201a9a        0     1                 
80201a9c 80201a9c        0     1                 
80201aa4 80201aa4        0     1                 
80201aa8 80201aa8        0     1                 
80201aaa 80201aaa        0     1                 
80201aae 80201aae        0     1                 
80201ab0 80201ab0        0     1                 
80201ab8 80201ab8        0     1                 
80201abc 80201abc        0     1                 
80201abe 80201abe        0     1                 
80201ac2 80201ac2        0     1                 
80201ac4 80201ac4        0     1                 
80201acc 80201acc        0     1                 
80201ad0 80201ad0        0     1                 
80201ad2 80201ad2        0     1                 
80201ad6 80201ad6        0     1                 
80201ad8 80201ad8        0     1                 
80201adc 80201adc        0     1                 
80201ae2 80201ae2        0     1                 
80201ae4 80201ae4        0     1                 
80201ae4 80201ae4        0     1                 
80201aea 80201aea        0     1                 
80201af0 80201af0        0     1                 
80201b10 80201b10        0     1                 
80201b10 80201b10        0     1                 
80201b10 80201b10        0     1                 
80201b10 80201b10        0     1                 
80201b10 80201b10        0     1                 
80201b10 80201b10      13c     1                 find_free_socket
80201b12 80201b12        0     1                 
80201b12 80201b12        0     1                 
80201b14 80201b14        0     1                 
80201b1c 80201b1c        0     1                 
80201b1e 80201b1e        0     1                 
80201b20 80201b20        0     1                 
80201b20 80201b20        0     1                 
80201b24 80201b24        0     1                 
80201b2c 80201b2c        0     1                 
80201b32 80201b32        0     1                 
80201b36 80201b36        0     1                 
80201b3c 80201b3c        0     1                 
80201b40 80201b40        0     1                 
80201b48 80201b48        0     1                 
80201b4e 80201b4e        0     1                 
80201b52 80201b52        0     1                 
80201b58 80201b58        0     1                 
80201b5c 80201b5c        0     1                 
80201b64 80201b64        0     1                 
80201b6a 80201b6a        0     1                 
80201b6e 80201b6e        0     1                 
80201b74 80201b74        0     1                 
80201b78 80201b78        0     1                 
80201b80 80201b80        0     1                 
80201b86 80201b86        0     1                 
80201b8a 80201b8a        0     1                 
80201b90 80201b90        0     1                 
80201b94 80201b94        0     1                 
80201b98 80201b98        0     1                 
80201b9e 80201b9e        0     1                 
80201ba2 80201ba2        0     1                 
80201ba2 80201ba2        0     1                 
80201bc0 80201bc0        0     1                 
80201bc2 80201bc2        0     1                 
80201bc2 80201bc2        0     1                 
80201bc4 80201bc4        0     1                 
80201bcc 80201bcc        0     1                 
80201bd0 80201bd0        0     1                 
80201bd2 80201bd2        0     1                 
80201bd6 80201bd6        0     1                 
80201bd8 80201bd8        0     1                 
80201be0 80201be0        0     1                 
80201be4 80201be4        0     1                 
80201be6 80201be6        0     1                 
80201bea 80201bea        0     1                 
80201bec 80201bec        0     1                 
80201bf4 80201bf4        0     1                 
80201bf8 80201bf8        0     1                 
80201bfa 80201bfa        0     1                 
80201bfe 80201bfe        0     1                 
80201c00 80201c00        0     1                 
80201c08 80201c08        0     1                 
80201c0c 80201c0c        0     1                 
80201c0e 80201c0e        0     1                 
80201c12 80201c12        0     1                 
80201c14 80201c14        0     1                 
80201c18 80201c18        0     1                 
80201c1e 80201c1e        0     1                 
80201c20 80201c20        0     1                 
80201c20 80201c20        0     1                 
80201c26 80201c26        0     1                 
80201c2c 80201c2c        0     1                 
80201c4c 80201c4c        0     1                 
80201c4c 80201c4c        0     1                 
80201c4c 80201c4c        0     1                 
80201c4c 80201c4c        0     1                 
80201c4c 80201c4c        0     1                 
80201c4c 80201c4c       5c     1                 info_rsocket
80201c4e 80201c4e        0     1                 
80201c50 80201c50        0     1                 
80201c54 80201c54        0     1                 
80201c58 80201c58        0     1                 
80201c74 80201c74        0     1                 
80201c76 80201c76        0     1                 
80201c84 80201c84        0     1                 
80201c88 80201c88        0     1                 
80201c8c 80201c8c        0     1                 
80201c8e 80201c8e        0     1                 
80201c92 80201c92        0     1                 
80201c94 80201c94        0     1                 
80201c98 80201c98        0     1                 
80201c9a 80201c9a        0     1                 
80201c9e 80201c9e        0     1                 
80201ca0 80201ca0        0     1                 
80201ca2 80201ca2        0     1                 
80201ca8 80201ca8        0     1                 
80201ca8 80201ca8        0     1                 
80201ca8 80201ca8        0     1                 
80201ca8 80201ca8        0     1                 
80201ca8 80201ca8        0     1                 
80201ca8 80201ca8       5c     1                 info_socket
80201caa 80201caa        0     1                 
80201cac 80201cac        0     1                 
80201cb0 80201cb0        0     1                 
80201cb4 80201cb4        0     1                 
80201cd0 80201cd0        0     1                 
80201cd2 80201cd2        0     1                 
80201ce0 80201ce0        0     1                 
80201ce4 80201ce4        0     1                 
80201ce8 80201ce8        0     1                 
80201cea 80201cea        0     1                 
80201cee 80201cee        0     1                 
80201cf0 80201cf0        0     1                 
80201cf4 80201cf4        0     1                 
80201cf6 80201cf6        0     1                 
80201cfa 80201cfa        0     1                 
80201cfc 80201cfc        0     1                 
80201cfe 80201cfe        0     1                 
80201d04 80201d04        0     1                 
80201d04 80201d04        0     1                 
80201d04 80201d04      a20     4 .rodata
80201d04 80201d04      921     1         <internal>:(.rodata)
80202628 80202628       58     4         build/print_k.o:(.rodata)
80202628 80202628        0     1                 .LJTI0_0
80202680 80202680       58     4         build/str.o:(.rodata)
80202680 80202680        0     1                 .LJTI2_0
802026d8 802026d8       4c     4         build/trap_k.o:(.rodata)
802026d8 802026d8        0     1                 .LJTI0_0
80202724 80202724    10a50     4 .data
80202724 80202724     88b0     1         bronx.o:(.data)
80202724 80202724        0     1                 _binary_bronx_bin_start
8020afd4 8020afd4        0     1                 _binary_bronx_bin_end
8020afd4 8020afd4     81a0     1         init.o:(.data)
8020afd4 8020afd4        0     1                 _binary_init_bin_start
80213174 80213174        0     1                 _binary_init_bin_end
80213174 80213174     cc70     4 .bss
80213174 80213174        0     1         __bss = .
80213174 80213174        8     4         build/memory.o:(.sbss)
80213174 80213174        4     1                 nextfreepageframe
80213178 80213178        4     1                 free_list_head
8021317c 8021317c        8     4         build/pcb_k.o:(.sbss)
8021317c 8021317c        4     1                 currproc
80213180 80213180        4     1                 idleproc
80213184 80213184     a320     4         build/pcb_k.o:(.bss)
80213184 80213184     a320     1                 proclist
8021d4a4 8021d4a4       c8     4         build/app.o:(.bss)
8021d4a4 8021d4a4       c8     1                 app_list
8021d56c 8021d56c     2878     4         build/sockets.o:(.bss)
8021d56c 8021d56c       28     1                 rsockets
8021d594 8021d594       28     1                 rsocket_info
8021d5bc 8021d5bc     2800     1                 sockets
8021fdbc 8021fdbc       28     1                 socket_info
8021fde4 8021fde4        0     1         __bss_end = .
8021fde4 8021fde4        0     1 . = ALIGN ( 4 )
8021fde4 8021fde4    20000     1 . += 128 * 1024
8023fde4 8023fde4        0     1 __stack_top = .
8023fde4 8023fde4      21c     1 . = ALIGN ( 4096 )
80240000 80240000        0     1 __free_ram_start = .
80240000 80240000  2000000     1 . += 32 * 1024 * 1024
82240000 82240000        0     1 __free_ram_end = .
       0        0      ee6     1 .debug_abbrev
       0        0      115     1         build/main.o:(.debug_abbrev)
     115      115      104     1         build/print_k.o:(.debug_abbrev)
     219      219      15a     1         build/SBI.o:(.debug_abbrev)
     373      373       b9     1         build/mem.o:(.debug_abbrev)
     42c      42c      12c     1         build/str.o:(.debug_abbrev)
     558      558      113     1         build/oa.o:(.debug_abbrev)
     66b      66b      1b9     1         build/memory.o:(.debug_abbrev)
     824      824      1ad     1         build/trap_k.o:(.debug_abbrev)
     9d1      9d1      163     1         build/pcb_k.o:(.debug_abbrev)
     b34      b34      172     1         build/program_k.o:(.debug_abbrev)
     ca6      ca6      133     1         build/app.o:(.debug_abbrev)
     dd9      dd9      10d     1         build/sockets.o:(.debug_abbrev)
       0        0     1c2e     1 .debug_info
       0        0      1bf     1         build/main.o:(.debug_info)
     1bf      1bf      1e5     1         build/print_k.o:(.debug_info)
     3a4      3a4      242     1         build/SBI.o:(.debug_info)
     5e6      5e6       d9     1         build/mem.o:(.debug_info)
     6bf      6bf      1f5     1         build/str.o:(.debug_info)
     8b4      8b4      184     1         build/oa.o:(.debug_info)
     a38      a38      457     1         build/memory.o:(.debug_info)
     e8f      e8f      49d     1         build/trap_k.o:(.debug_info)
    132c     132c      29a     1         build/pcb_k.o:(.debug_info)
    15c6     15c6      1e8     1         build/program_k.o:(.debug_info)
    17ae     17ae      1bb     1         build/app.o:(.debug_info)
    1969     1969      2c5     1         build/sockets.o:(.debug_info)
       0        0      1a8     1 .debug_rnglists
       0        0       18     1         build/main.o:(.debug_rnglists)
       c        c        0     1                 
      18       18       57     1         build/print_k.o:(.debug_rnglists)
      24       24        0     1                 
      6f       6f       66     1         build/str.o:(.debug_rnglists)
      7b       7b        0     1                 
      d5       d5       1b     1         build/oa.o:(.debug_rnglists)
      e1       e1        0     1                 
      f0       f0       33     1         build/memory.o:(.debug_rnglists)
      fc       fc        0     1                 
     123      123       4b     1         build/pcb_k.o:(.debug_rnglists)
     12f      12f        0     1                 
     16e      16e       20     1         build/program_k.o:(.debug_rnglists)
     17a      17a        0     1                 
     18e      18e       1a     1         build/app.o:(.debug_rnglists)
     19a      19a        0     1                 
       0        0      7d0     1 .debug_str_offsets
       0        0       88     1         build/main.o:(.debug_str_offsets)
       8        8        0     1                 
      88       88       68     1         build/print_k.o:(.debug_str_offsets)
      90       90        0     1                 
      f0       f0       8c     1         build/SBI.o:(.debug_str_offsets)
      f8       f8        0     1                 
     17c      17c       58     1         build/mem.o:(.debug_str_offsets)
     184      184        0     1                 
     1d4      1d4       88     1         build/str.o:(.debug_str_offsets)
     1dc      1dc        0     1                 
     25c      25c       50     1         build/oa.o:(.debug_str_offsets)
     264      264        0     1                 
     2ac      2ac       e0     1         build/memory.o:(.debug_str_offsets)
     2b4      2b4        0     1                 
     38c      38c      1b0     1         build/trap_k.o:(.debug_str_offsets)
     394      394        0     1                 
     53c      53c       d0     1         build/pcb_k.o:(.debug_str_offsets)
     544      544        0     1                 
     60c      60c       98     1         build/program_k.o:(.debug_str_offsets)
     614      614        0     1                 
     6a4      6a4       90     1         build/app.o:(.debug_str_offsets)
     6ac      6ac        0     1                 
     734      734       9c     1         build/sockets.o:(.debug_str_offsets)
     73c      73c        0     1                 
       0        0      806     1 .debug_str
       0        0      806     1         <internal>:(.debug_str)
       0        0      36c     1 .debug_addr
       0        0       54     1         build/main.o:(.debug_addr)
       8        8        0     1                 
      54       54       50     1         build/print_k.o:(.debug_addr)
      5c       5c        0     1                 
      a4       a4       20     1         build/SBI.o:(.debug_addr)
      ac       ac        0     1                 
      c4       c4       10     1         build/mem.o:(.debug_addr)
      cc       cc        0     1                 
      d4       d4       24     1         build/str.o:(.debug_addr)
      dc       dc        0     1                 
      f8       f8       20     1         build/oa.o:(.debug_addr)
     100      100        0     1                 
     118      118       88     1         build/memory.o:(.debug_addr)
     120      120        0     1                 
     1a0      1a0       80     1         build/trap_k.o:(.debug_addr)
     1a8      1a8        0     1                 
     220      220       5c     1         build/pcb_k.o:(.debug_addr)
     228      228        0     1                 
     27c      27c       3c     1         build/program_k.o:(.debug_addr)
     284      284        0     1                 
     2b8      2b8       24     1         build/app.o:(.debug_addr)
     2c0      2c0        0     1                 
     2dc      2dc       90     1         build/sockets.o:(.debug_addr)
     2e4      2e4        0     1                 
       0        0       42     1 .comment
       0        0       42     1         <internal>:(.comment)
       0        0       2b     1 .riscv.attributes
       0        0       2b     1         build/main.o:(.riscv.attributes)
       0        0      4f0     4 .debug_frame
       0        0       54     4         build/main.o:(.debug_frame)
       0        0        0     1                 
      54       54       44     4         build/print_k.o:(.debug_frame)
      54       54        0     1                 
      98       98       4c     4         build/SBI.o:(.debug_frame)
      98       98        0     1                 
      e4       e4       34     4         build/mem.o:(.debug_frame)
      e4       e4        0     1                 
     118      118       64     4         build/str.o:(.debug_frame)
     118      118        0     1                 
     17c      17c       3c     4         build/oa.o:(.debug_frame)
     17c      17c        0     1                 
     1b8      1b8       94     4         build/memory.o:(.debug_frame)
     1b8      1b8        0     1                 
     24c      24c       54     4         build/trap_k.o:(.debug_frame)
     24c      24c        0     1                 
     2a0      2a0       6c     4         build/pcb_k.o:(.debug_frame)
     2a0      2a0        0     1                 
     30c      30c       68     4         build/program_k.o:(.debug_frame)
     30c      30c        0     1                 
     374      374       48     4         build/app.o:(.debug_frame)
     374      374        0     1                 
     3bc      3bc      134     4         build/sockets.o:(.debug_frame)
     3bc      3bc        0     1                 
       0        0     2561     1 .debug_line
       0        0      1a7     1         build/main.o:(.debug_line)
       0        0        0     1                 .Lline_table_start0
     1a7      1a7      2d0     1         build/print_k.o:(.debug_line)
     1a7      1a7        0     1                 .Lline_table_start0
     477      477      11a     1         build/SBI.o:(.debug_line)
     477      477        0     1                 .Lline_table_start0
     591      591       f6     1         build/mem.o:(.debug_line)
     591      591        0     1                 .Lline_table_start0
     687      687      3f0     1         build/str.o:(.debug_line)
     687      687        0     1                 .Lline_table_start0
     a77      a77      25a     1         build/oa.o:(.debug_line)
     a77      a77        0     1                 .Lline_table_start0
     cd1      cd1      4fa     1         build/memory.o:(.debug_line)
     cd1      cd1        0     1                 .Lline_table_start0
    11cb     11cb      355     1         build/trap_k.o:(.debug_line)
    11cb     11cb        0     1                 .Lline_table_start0
    1520     1520      348     1         build/pcb_k.o:(.debug_line)
    1520     1520        0     1                 .Lline_table_start0
    1868     1868      2cd     1         build/program_k.o:(.debug_line)
    1868     1868        0     1                 .Lline_table_start0
    1b35     1b35      289     1         build/app.o:(.debug_line)
    1b35     1b35        0     1                 .Lline_table_start0
    1dbe     1dbe      7a3     1         build/sockets.o:(.debug_line)
    1dbe     1dbe        0     1                 .Lline_table_start0
       0        0       e2     1 .debug_line_str
       0        0       e2     1         <internal>:(.debug_line_str)
       0        0     1596     1 .debug_loclists
       0        0      115     1         build/print_k.o:(.debug_loclists)
       c        c        0     1                 
     115      115       9f     1         build/SBI.o:(.debug_loclists)
     121      121        0     1                 
     1b4      1b4       66     1         build/mem.o:(.debug_loclists)
     1c0      1c0        0     1                 
     21a      21a      1a1     1         build/str.o:(.debug_loclists)
     226      226        0     1                 
     3bb      3bb      19a     1         build/oa.o:(.debug_loclists)
     3c7      3c7        0     1                 
     555      555      367     1         build/memory.o:(.debug_loclists)
     561      561        0     1                 
     8bc      8bc      1eb     1         build/trap_k.o:(.debug_loclists)
     8c8      8c8        0     1                 
     aa7      aa7      1ff     1         build/pcb_k.o:(.debug_loclists)
     ab3      ab3        0     1                 
     ca6      ca6       ee     1         build/program_k.o:(.debug_loclists)
     cb2      cb2        0     1                 
     d94      d94      4d5     1         build/app.o:(.debug_loclists)
     da0      da0        0     1                 
    1269     1269      32d     1         build/sockets.o:(.debug_loclists)
    1275     1275        0     1                 
       0        0     7c10     4 .symtab
       0        0     7c10     4         <internal>:(.symtab)
       0        0       dc     1 .shstrtab
       0        0       dc     1         <internal>:(.shstrtab)
       0        0      5b8     1 .strtab
       0        0      5b8     1         <internal>:(.strtab)
