     VMA      LMA     Size Align Out     In      Symbol
       0        0 80200000     1 . = 0x80200000
80200000        0        0     1 __kernel_base = .
80200000 80200000     2048     4 .text
80200000 80200000        e     2         build/main.o:(.text.boot)
80200000 80200000        0     1                 
80200000 80200000        0     1                 
80200000 80200000        0     1                 
80200000 80200000        0     1                 
80200000 80200000        e     1                 boot
8020000e 8020000e        0     1                 
8020000e 8020000e        0     1                 
80200010 80200010      19a     4         build/main.o:(.text)
80200010 80200010        0     1                 
80200010 80200010        0     1                 
80200010 80200010        0     1                 
80200010 80200010       d8     1                 kernel_bootstrap
80200012 80200012        0     1                 
80200012 80200012        0     1                 
80200014 80200014        0     1                 
80200024 80200024        0     1                 
80200024 80200024        0     1                 
80200034 80200034        0     1                 
80200034 80200034        0     1                 
80200052 80200052        0     1                 
80200052 80200052        0     1                 
80200062 80200062        0     1                 
80200062 80200062        0     1                 
8020006e 8020006e        0     1                 
8020007e 8020007e        0     1                 
8020007e 8020007e        0     1                 
80200086 80200086        0     1                 
80200086 80200086        0     1                 
802000a6 802000a6        0     1                 
802000a6 802000a6        0     1                 
802000b6 802000b6        0     1                 
802000b6 802000b6        0     1                 
802000c2 802000c2        0     1                 
802000c2 802000c2        0     1                 
802000ca 802000ca        0     1                 
802000ce 802000ce        0     1                 
802000d6 802000d6        0     1                 
802000da 802000da        0     1                 
802000e0 802000e0        0     1                 
802000e8 802000e8        0     1                 
802000e8 802000e8        0     1                 
802000e8 802000e8        0     1                 
802000e8 802000e8        0     1                 
802000e8 802000e8        0     1                 
802000e8 802000e8       c2     1                 kernel_main
802000ea 802000ea        0     1                 
802000ea 802000ea        0     1                 
802000ec 802000ec        0     1                 
802000f4 802000f4        0     1                 
802000f4 802000f4        0     1                 
80200114 80200114        0     1                 
80200114 80200114        0     1                 
8020011c 8020011c        0     1                 
8020011c 8020011c        0     1                 
8020013c 8020013c        0     1                 
8020013c 8020013c        0     1                 
8020015c 8020015c        0     1                 
8020015c 8020015c        0     1                 
8020017c 8020017c        0     1                 
8020017c 8020017c        0     1                 
80200184 80200184        0     1                 
80200184 80200184        0     1                 
802001a8 802001a8        0     1                 
802001aa 802001aa        0     1                 
802001aa 802001aa        0     1                 
802001ac 802001ac      2ec     4         build/print_k.o:(.text)
802001ac 802001ac        0     1                 
802001ac 802001ac        0     1                 
802001ac 802001ac        0     1                 
802001ac 802001ac      2ec     1                 k_printf
802001ae 802001ae        0     1                 
802001c8 802001c8        0     1                 
802001e4 802001e4        0     1                 
80200202 80200202        0     1                 
80200222 80200222        0     1                 
80200226 80200226        0     1                 
8020022e 8020022e        0     1                 
80200236 80200236        0     1                 
80200236 80200236        0     1                 
80200238 80200238        0     1                 
80200240 80200240        0     1                 
80200244 80200244        0     1                 
8020024c 8020024c        0     1                 
80200256 80200256        0     1                 .LBB0_6
80200256 80200256        0     1                 
80200256 80200256        0     1                 
80200276 80200276        0     1                 
80200276 80200276        0     1                 
8020027a 8020027a        0     1                 .LBB0_9
8020027a 8020027a        0     1                 
80200286 80200286        0     1                 
80200286 80200286        0     1                 
8020028c 8020028c        0     1                 .LBB0_10
8020028c 8020028c        0     1                 
802002a0 802002a0        0     1                 .LBB0_12
802002a0 802002a0        0     1                 
802002ac 802002ac        0     1                 
802002ac 802002ac        0     1                 
802002b8 802002b8        0     1                 
802002b8 802002b8        0     1                 
802002d4 802002d4        0     1                 .LBB0_14
802002d4 802002d4        0     1                 
802002f0 802002f0        0     1                 
802002f2 802002f2        0     1                 
802002f6 802002f6        0     1                 .LBB0_16
802002f6 802002f6        0     1                 
8020030e 8020030e        0     1                 .LBB0_18
8020030e 8020030e        0     1                 
8020032a 8020032a        0     1                 
80200338 80200338        0     1                 
8020033c 8020033c        0     1                 
80200348 80200348        0     1                 
80200348 80200348        0     1                 
8020034c 8020034c        0     1                 
80200356 80200356        0     1                 
8020035a 8020035a        0     1                 
8020035c 8020035c        0     1                 
80200368 80200368        0     1                 
80200368 80200368        0     1                 
8020036c 8020036c        0     1                 
80200370 80200370        0     1                 
80200370 80200370        0     1                 
8020037e 8020037e        0     1                 
8020038a 8020038a        0     1                 
8020038a 8020038a        0     1                 
8020038e 8020038e        0     1                 
80200392 80200392        0     1                 
80200396 80200396        0     1                 
80200398 80200398        0     1                 
802003a4 802003a4        0     1                 
802003a4 802003a4        0     1                 
802003a8 802003a8        0     1                 
802003ac 802003ac        0     1                 
802003ac 802003ac        0     1                 
802003b6 802003b6        0     1                 
802003b8 802003b8        0     1                 
802003ba 802003ba        0     1                 
802003c0 802003c0        0     1                 
802003c8 802003c8        0     1                 
802003d4 802003d4        0     1                 
802003d4 802003d4        0     1                 
802003d8 802003d8        0     1                 
802003dc 802003dc        0     1                 
802003e4 802003e4        0     1                 
802003f0 802003f0        0     1                 
802003f0 802003f0        0     1                 
802003f4 802003f4        0     1                 
802003fc 802003fc        0     1                 
80200400 80200400        0     1                 
80200402 80200402        0     1                 
8020040e 8020040e        0     1                 
8020040e 8020040e        0     1                 
80200412 80200412        0     1                 
80200416 80200416        0     1                 
80200416 80200416        0     1                 
80200422 80200422        0     1                 
8020042e 8020042e        0     1                 
8020042e 8020042e        0     1                 
8020043a 8020043a        0     1                 
8020043a 8020043a        0     1                 
80200448 80200448        0     1                 
80200448 80200448        0     1                 
8020044c 8020044c        0     1                 
80200452 80200452        0     1                 
80200456 80200456        0     1                 
80200458 80200458        0     1                 
80200464 80200464        0     1                 
80200464 80200464        0     1                 
80200468 80200468        0     1                 
8020046c 8020046c        0     1                 
8020046c 8020046c        0     1                 
8020047a 8020047a        0     1                 
80200498 80200498        0     1                 
80200498 80200498        0     1                 
80200498 80200498       f0     4         build/SBI.o:(.text)
80200498 80200498        0     1                 
80200498 80200498        0     1                 
80200498 80200498        0     1                 
80200498 80200498        0     1                 
80200498 80200498        6     1                 sbi_call
8020049c 8020049c        0     1                 
8020049e 8020049e        0     1                 
8020049e 8020049e        0     1                 
8020049e 8020049e        0     1                 
8020049e 8020049e        0     1                 
8020049e 8020049e        0     1                 
8020049e 8020049e        0     1                 
8020049e 8020049e       14     1                 k_putchar
802004b0 802004b0        0     1                 
802004b0 802004b0        0     1                 
802004b2 802004b2        0     1                 
802004b2 802004b2        0     1                 
802004b2 802004b2        0     1                 
802004b2 802004b2        0     1                 
802004b2 802004b2        0     1                 
802004b2 802004b2       80     1                 k_readchar
802004b4 802004b4        0     1                 
802004b4 802004b4        0     1                 
802004b4 802004b4        0     1                 
802004b6 802004b6        0     1                 
802004b6 802004b6        0     1                 
802004ca 802004ca        0     1                 
802004ca 802004ca        0     1                 
802004ce 802004ce        0     1                 
802004d0 802004d0        0     1                 
802004d4 802004d4        0     1                 
802004d4 802004d4        0     1                 
802004e6 802004e6        0     1                 
802004e6 802004e6        0     1                 
802004ee 802004ee        0     1                 
802004ee 802004ee        0     1                 
80200500 80200500        0     1                 
80200500 80200500        0     1                 
80200524 80200524        0     1                 
80200526 80200526        0     1                 
80200526 80200526        0     1                 
80200528 80200528        0     1                 
80200532 80200532        0     1                 
80200532 80200532        0     1                 
80200532 80200532        0     1                 
80200532 80200532        0     1                 
80200532 80200532        0     1                 
80200532 80200532       56     1                 exit
80200534 80200534        0     1                 
80200536 80200536        0     1                 
80200538 80200538        0     1                 
80200548 80200548        0     1                 
80200548 80200548        0     1                 
80200550 80200550        0     1                 
80200550 80200550        0     1                 
80200562 80200562        0     1                 
80200562 80200562        0     1                 
80200586 80200586        0     1                 
80200588 80200588        0     1                 
80200588 80200588        0     1                 
80200588 80200588       28     4         build/mem.o:(.text)
80200588 80200588        0     1                 
80200588 80200588        0     1                 
80200588 80200588        0     1                 
80200588 80200588        0     1                 
80200588 80200588       14     1                 memset
8020058a 8020058a        0     1                 
8020058c 8020058c        0     1                 
8020058e 8020058e        0     1                 
80200592 80200592        0     1                 
80200596 80200596        0     1                 
80200598 80200598        0     1                 
8020059a 8020059a        0     1                 
8020059c 8020059c        0     1                 
8020059c 8020059c        0     1                 
8020059c 8020059c        0     1                 
8020059c 8020059c        0     1                 
8020059c 8020059c        0     1                 
8020059c 8020059c        0     1                 
8020059c 8020059c       14     1                 k_memcpy
8020059e 8020059e        0     1                 
802005a2 802005a2        0     1                 
802005a6 802005a6        0     1                 
802005a8 802005a8        0     1                 
802005aa 802005aa        0     1                 
802005ac 802005ac        0     1                 
802005ae 802005ae        0     1                 
802005ae 802005ae        0     1                 
802005b0 802005b0        0     1                 
802005b0 802005b0        0     1                 
802005b0 802005b0      29e     4         build/str.o:(.text)
802005b0 802005b0        0     1                 
802005b0 802005b0        0     1                 
802005b0 802005b0        0     1                 
802005b0 802005b0        0     1                 
802005b0 802005b0       28     1                 k_strncpy
802005b2 802005b2        0     1                 
802005b4 802005b4        0     1                 
802005bc 802005bc        0     1                 
802005be 802005be        0     1                 
802005c2 802005c2        0     1                 
802005c4 802005c4        0     1                 
802005c8 802005c8        0     1                 
802005cc 802005cc        0     1                 
802005d0 802005d0        0     1                 
802005d6 802005d6        0     1                 
802005d8 802005d8        0     1                 
802005d8 802005d8        0     1                 
802005d8 802005d8        0     1                 
802005d8 802005d8        0     1                 
802005d8 802005d8        0     1                 
802005d8 802005d8        0     1                 
802005d8 802005d8       2e     1                 k_strcmp
802005dc 802005dc        0     1                 
802005de 802005de        0     1                 
802005e0 802005e0        0     1                 
802005e4 802005e4        0     1                 
802005e6 802005e6        0     1                 
802005ea 802005ea        0     1                 
802005ee 802005ee        0     1                 
802005f2 802005f2        0     1                 
802005f4 802005f4        0     1                 
802005f8 802005f8        0     1                 
802005fa 802005fa        0     1                 
802005fe 802005fe        0     1                 
80200602 80200602        0     1                 
80200604 80200604        0     1                 
80200606 80200606        0     1                 
80200606 80200606        0     1                 
80200606 80200606        0     1                 
80200606 80200606        0     1                 
80200606 80200606        0     1                 
80200606 80200606      248     1                 k_sprintf
80200608 80200608        0     1                 
80200620 80200620        0     1                 
80200630 80200630        0     1                 
8020064e 8020064e        0     1                 
80200650 80200650        0     1                 
8020067a 8020067a        0     1                 
8020067c 8020067c        0     1                 
80200680 80200680        0     1                 
80200688 80200688        0     1                 
8020068e 8020068e        0     1                 
80200692 80200692        0     1                 
80200696 80200696        0     1                 
8020069e 8020069e        0     1                 
802006a8 802006a8        0     1                 .LBB2_7
802006a8 802006a8        0     1                 
802006bc 802006bc        0     1                 
802006c0 802006c0        0     1                 
802006c6 802006c6        0     1                 .LBB2_11
802006c6 802006c6        0     1                 
802006ca 802006ca        0     1                 
802006d4 802006d4        0     1                 
802006da 802006da        0     1                 .LBB2_12
802006da 802006da        0     1                 
802006ee 802006ee        0     1                 .LBB2_14
802006ee 802006ee        0     1                 
802006f6 802006f6        0     1                 
8020070a 8020070a        0     1                 .LBB2_16
8020070a 8020070a        0     1                 
8020071c 8020071c        0     1                 
8020071e 8020071e        0     1                 
80200722 80200722        0     1                 .LBB2_18
80200722 80200722        0     1                 
80200736 80200736        0     1                 .LBB2_20
80200736 80200736        0     1                 
8020074a 8020074a        0     1                 
8020074c 8020074c        0     1                 
80200750 80200750        0     1                 
8020075a 8020075a        0     1                 
80200766 80200766        0     1                 
80200766 80200766        0     1                 
8020076c 8020076c        0     1                 
8020076e 8020076e        0     1                 
80200770 80200770        0     1                 
80200774 80200774        0     1                 
80200778 80200778        0     1                 
8020077a 8020077a        0     1                 
80200780 80200780        0     1                 
80200780 80200780        0     1                 
80200784 80200784        0     1                 
80200790 80200790        0     1                 
80200790 80200790        0     1                 
80200796 80200796        0     1                 
8020079a 8020079a        0     1                 
8020079c 8020079c        0     1                 
802007a0 802007a0        0     1                 
802007a4 802007a4        0     1                 
802007a6 802007a6        0     1                 
802007ac 802007ac        0     1                 
802007ac 802007ac        0     1                 
802007b0 802007b0        0     1                 
802007b2 802007b2        0     1                 
802007b4 802007b4        0     1                 
802007ba 802007ba        0     1                 
802007c0 802007c0        0     1                 
802007c4 802007c4        0     1                 
802007c8 802007c8        0     1                 
802007ca 802007ca        0     1                 
802007d0 802007d0        0     1                 
802007d2 802007d2        0     1                 
802007de 802007de        0     1                 
802007de 802007de        0     1                 
802007e4 802007e4        0     1                 
802007e8 802007e8        0     1                 
802007ea 802007ea        0     1                 
802007ee 802007ee        0     1                 
802007f2 802007f2        0     1                 
802007f4 802007f4        0     1                 
802007fa 802007fa        0     1                 
802007fa 802007fa        0     1                 
802007fc 802007fc        0     1                 
80200806 80200806        0     1                 
80200812 80200812        0     1                 
80200812 80200812        0     1                 
80200818 80200818        0     1                 
8020081c 8020081c        0     1                 
8020081e 8020081e        0     1                 
80200822 80200822        0     1                 
80200826 80200826        0     1                 
80200828 80200828        0     1                 
8020082e 8020082e        0     1                 
8020082e 8020082e        0     1                 
80200832 80200832        0     1                 
8020084e 8020084e        0     1                 
8020084e 8020084e        0     1                 
80200850 80200850      176     4         build/oa.o:(.text)
80200850 80200850        0     1                 
80200850 80200850        0     1                 
80200850 80200850        0     1                 
80200850 80200850       7a     1                 utoa
80200852 80200852        0     1                 
80200852 80200852        0     1                 
80200854 80200854        0     1                 
8020085c 8020085c        0     1                 
8020085e 8020085e        0     1                 
80200862 80200862        0     1                 
80200868 80200868        0     1                 
8020086a 8020086a        0     1                 
8020086e 8020086e        0     1                 
80200870 80200870        0     1                 
8020087c 8020087c        0     1                 
8020088a 8020088a        0     1                 
8020088a 8020088a        0     1                 
8020089c 8020089c        0     1                 
802008a4 802008a4        0     1                 
802008a8 802008a8        0     1                 
802008ae 802008ae        0     1                 
802008b4 802008b4        0     1                 
802008b4 802008b4        0     1                 
802008b8 802008b8        0     1                 
802008be 802008be        0     1                 
802008c6 802008c6        0     1                 
802008ca 802008ca        0     1                 
802008ca 802008ca        0     1                 
802008ca 802008ca        0     1                 
802008ca 802008ca        0     1                 
802008ca 802008ca        0     1                 
802008ca 802008ca       fc     1                 itoa
802008cc 802008cc        0     1                 
802008ce 802008ce        0     1                 
802008da 802008da        0     1                 
802008de 802008de        0     1                 
802008e4 802008e4        0     1                 
802008e8 802008e8        0     1                 
802008f0 802008f0        0     1                 
802008fa 802008fa        0     1                 
80200900 80200900        0     1                 
80200908 80200908        0     1                 
8020090c 8020090c        0     1                 
80200910 80200910        0     1                 
80200912 80200912        0     1                 
80200916 80200916        0     1                 
8020091a 8020091a        0     1                 
8020091e 8020091e        0     1                 
8020091e 8020091e        0     1                 
8020092c 8020092c        0     1                 
8020092e 8020092e        0     1                 
80200936 80200936        0     1                 
8020093a 8020093a        0     1                 
80200940 80200940        0     1                 
80200944 80200944        0     1                 
80200944 80200944        0     1                 
8020094a 8020094a        0     1                 
8020094a 8020094a        0     1                 
8020094c 8020094c        0     1                 
80200954 80200954        0     1                 
80200956 80200956        0     1                 
8020095a 8020095a        0     1                 
80200960 80200960        0     1                 
80200962 80200962        0     1                 
80200966 80200966        0     1                 
80200968 80200968        0     1                 
80200974 80200974        0     1                 
80200982 80200982        0     1                 
80200982 80200982        0     1                 
80200994 80200994        0     1                 
8020099c 8020099c        0     1                 
802009a0 802009a0        0     1                 
802009a6 802009a6        0     1                 
802009ac 802009ac        0     1                 
802009ac 802009ac        0     1                 
802009b0 802009b0        0     1                 
802009b8 802009b8        0     1                 
802009be 802009be        0     1                 
802009c2 802009c2        0     1                 
802009c6 802009c6        0     1                 
802009c6 802009c6        0     1                 
802009c8 802009c8      280     4         build/memory.o:(.text)
802009c8 802009c8        0     1                 
802009c8 802009c8        0     1                 
802009c8 802009c8        0     1                 
802009c8 802009c8        0     1                 
802009c8 802009c8       12     1                 init_memory
802009d8 802009d8        0     1                 
802009da 802009da        0     1                 
802009da 802009da        0     1                 
802009da 802009da        0     1                 
802009da 802009da        0     1                 
802009da 802009da        0     1                 
802009da 802009da       60     1                 pageframalloc
802009dc 802009dc        0     1                 
802009dc 802009dc        0     1                 
802009e0 802009e0        0     1                 
802009e8 802009e8        0     1                 
802009ec 802009ec        0     1                 
802009f0 802009f0        0     1                 
802009f8 802009f8        0     1                 
802009fc 802009fc        0     1                 
80200a00 80200a00        0     1                 
80200a22 80200a22        0     1                 
80200a24 80200a24        0     1                 
80200a30 80200a30        0     1                 
80200a30 80200a30        0     1                 
80200a3a 80200a3a        0     1                 
80200a3a 80200a3a        0     1                 
80200a3a 80200a3a        0     1                 
80200a3a 80200a3a        0     1                 
80200a3a 80200a3a        0     1                 
80200a3a 80200a3a      18a     1                 add_ptbl_entry
80200a3c 80200a3c        0     1                 
80200a4a 80200a4a        0     1                 
80200a54 80200a54        0     1                 
80200a5c 80200a5c        0     1                 
80200a6c 80200a6c        0     1                 
80200a6c 80200a6c        0     1                 
80200a7e 80200a7e        0     1                 
80200a7e 80200a7e        0     1                 
80200a90 80200a90        0     1                 
80200a90 80200a90        0     1                 
80200aa0 80200aa0        0     1                 
80200aa0 80200aa0        0     1                 
80200ac4 80200ac4        0     1                 
80200ac6 80200ac6        0     1                 
80200ac8 80200ac8        0     1                 
80200acc 80200acc        0     1                 
80200ace 80200ace        0     1                 
80200ad2 80200ad2        0     1                 
80200ad6 80200ad6        0     1                 
80200ada 80200ada        0     1                 
80200adc 80200adc        0     1                 
80200adc 80200adc        0     1                 
80200ae4 80200ae4        0     1                 
80200ae6 80200ae6        0     1                 
80200ae8 80200ae8        0     1                 
80200af0 80200af0        0     1                 
80200af4 80200af4        0     1                 
80200af8 80200af8        0     1                 
80200b1a 80200b1a        0     1                 
80200b1c 80200b1c        0     1                 
80200b2a 80200b2a        0     1                 
80200b2a 80200b2a        0     1                 
80200b2e 80200b2e        0     1                 
80200b32 80200b32        0     1                 
80200b34 80200b34        0     1                 
80200b58 80200b58        0     1                 
80200b5a 80200b5a        0     1                 
80200b7e 80200b7e        0     1                 
80200b80 80200b80        0     1                 
80200b88 80200b88        0     1                 
80200b8c 80200b8c        0     1                 
80200b90 80200b90        0     1                 
80200b90 80200b90        0     1                 
80200b94 80200b94        0     1                 
80200ba0 80200ba0        0     1                 
80200ba8 80200ba8        0     1                 
80200bb0 80200bb0        0     1                 
80200bb2 80200bb2        0     1                 
80200bc4 80200bc4        0     1                 
80200bc4 80200bc4        0     1                 
80200bc4 80200bc4        0     1                 
80200bc4 80200bc4        0     1                 
80200bc4 80200bc4        0     1                 
80200bc4 80200bc4        0     1                 
80200bc4 80200bc4       84     1                 free_proc_pages
80200bc6 80200bc6        0     1                 
80200be0 80200be0        0     1                 
80200be0 80200be0        0     1                 
80200be2 80200be2        0     1                 
80200be6 80200be6        0     1                 
80200be6 80200be6        0     1                 
80200bf2 80200bf2        0     1                 
80200bf6 80200bf6        0     1                 
80200bf8 80200bf8        0     1                 
80200bfe 80200bfe        0     1                 
80200c06 80200c06        0     1                 
80200c06 80200c06        0     1                 
80200c0a 80200c0a        0     1                 
80200c0c 80200c0c        0     1                 
80200c0c 80200c0c        0     1                 
80200c0e 80200c0e        0     1                 
80200c16 80200c16        0     1                 
80200c1a 80200c1a        0     1                 
80200c26 80200c26        0     1                 
80200c2a 80200c2a        0     1                 
80200c30 80200c30        0     1                 
80200c30 80200c30        0     1                 
80200c3c 80200c3c        0     1                 
80200c40 80200c40        0     1                 
80200c46 80200c46        0     1                 
80200c46 80200c46        0     1                 
80200c48 80200c48        0     1                 
80200c48 80200c48        0     1                 
80200c48 80200c48      3f0     4         build/trap_k.o:(.text)
80200c48 80200c48        0     1                 
80200c48 80200c48        0     1                 
80200c48 80200c48        0     1                 
80200c48 80200c48      2ea     1                 handle_syscall
80200c4a 80200c4a        0     1                 
80200c4e 80200c4e        0     1                 
80200c50 80200c50        0     1                 
80200c6e 80200c6e        0     1                 
80200c78 80200c78        0     1                 
80200cca 80200cca        0     1                 .LBB0_2
80200cca 80200cca        0     1                 
80200cd6 80200cd6        0     1                 
80200cd6 80200cd6        0     1                 
80200ce8 80200ce8        0     1                 .LBB0_3
80200ce8 80200ce8        0     1                 
80200cf0 80200cf0        0     1                 
80200cf0 80200cf0        0     1                 
80200cfe 80200cfe        0     1                 .LBB0_4
80200cfe 80200cfe        0     1                 
80200d08 80200d08        0     1                 
80200d0a 80200d0a        0     1                 .LBB0_5
80200d0a 80200d0a        0     1                 
80200d14 80200d14        0     1                 
80200d18 80200d18        0     1                 .LBB0_7
80200d20 80200d20        0     1                 
80200d24 80200d24        0     1                 
80200d26 80200d26        0     1                 
80200d2a 80200d2a        0     1                 
80200d32 80200d32        0     1                 
80200d32 80200d32        0     1                 
80200d36 80200d36        0     1                 
80200d3a 80200d3a        0     1                 
80200d40 80200d40        0     1                 
80200d48 80200d48        0     1                 .LBB0_11
80200d48 80200d48        0     1                 
80200d52 80200d52        0     1                 
80200d52 80200d52        0     1                 
80200d54 80200d54        0     1                 .LBB0_12
80200d54 80200d54        0     1                 
80200d5e 80200d5e        0     1                 
80200d5e 80200d5e        0     1                 
80200d60 80200d60        0     1                 .LBB0_13
80200d60 80200d60        0     1                 
80200d6a 80200d6a        0     1                 
80200d72 80200d72        0     1                 .LBB0_14
80200d72 80200d72        0     1                 
80200d82 80200d82        0     1                 
80200d82 80200d82        0     1                 
80200d86 80200d86        0     1                 
80200d92 80200d92        0     1                 
80200d98 80200d98        0     1                 .LBB0_16
80200d98 80200d98        0     1                 
80200da4 80200da4        0     1                 
80200da4 80200da4        0     1                 
80200da6 80200da6        0     1                 .LBB0_17
80200da6 80200da6        0     1                 
80200dc6 80200dc6        0     1                 
80200dd0 80200dd0        0     1                 
80200dd8 80200dd8        0     1                 .LBB0_18
80200dd8 80200dd8        0     1                 
80200de2 80200de2        0     1                 
80200dea 80200dea        0     1                 .LBB0_19
80200dea 80200dea        0     1                 
80200df2 80200df2        0     1                 
80200dfa 80200dfa        0     1                 .LBB0_20
80200dfa 80200dfa        0     1                 
80200e04 80200e04        0     1                 
80200e0c 80200e0c        0     1                 .LBB0_21
80200e0c 80200e0c        0     1                 
80200e14 80200e14        0     1                 
80200e1c 80200e1c        0     1                 .LBB0_22
80200e1c 80200e1c        0     1                 
80200e26 80200e26        0     1                 
80200e26 80200e26        0     1                 
80200e28 80200e28        0     1                 .LBB0_23
80200e28 80200e28        0     1                 
80200e32 80200e32        0     1                 
80200e32 80200e32        0     1                 
80200e34 80200e34        0     1                 .LBB0_24
80200e34 80200e34        0     1                 
80200e3e 80200e3e        0     1                 
80200e3e 80200e3e        0     1                 
80200e40 80200e40        0     1                 .LBB0_25
80200e40 80200e40        0     1                 
80200e4a 80200e4a        0     1                 
80200e4a 80200e4a        0     1                 
80200e4c 80200e4c        0     1                 .LBB0_26
80200e4c 80200e4c        0     1                 
80200e56 80200e56        0     1                 
80200e56 80200e56        0     1                 
80200e58 80200e58        0     1                 
80200e58 80200e58        0     1                 .LBB0_27
80200e58 80200e58        0     1                 
80200e5c 80200e5c        0     1                 
80200e60 80200e60        0     1                 
80200e64 80200e64        0     1                 
80200e68 80200e68        0     1                 
80200e6c 80200e6c        0     1                 
80200e70 80200e70        0     1                 
80200e74 80200e74        0     1                 
80200e78 80200e78        0     1                 
80200e78 80200e78        0     1                 
80200e84 80200e84        0     1                 
80200e84 80200e84        0     1                 
80200e86 80200e86        0     1                 
80200e86 80200e86        0     1                 .LBB0_28
80200e86 80200e86        0     1                 
80200e8e 80200e8e        0     1                 
80200e96 80200e96        0     1                 .LBB0_29
80200e96 80200e96        0     1                 
80200e9e 80200e9e        0     1                 
80200ea0 80200ea0        0     1                 
80200eba 80200eba        0     1                 
80200ec2 80200ec2        0     1                 
80200ec4 80200ec4        0     1                 
80200ec8 80200ec8        0     1                 
80200ee6 80200ee6        0     1                 
80200ee8 80200ee8        0     1                 
80200eec 80200eec        0     1                 
80200efa 80200efa        0     1                 
80200efc 80200efc        0     1                 
80200efe 80200efe        0     1                 
80200f06 80200f06        0     1                 
80200f0e 80200f0e        0     1                 
80200f10 80200f10        0     1                 
80200f12 80200f12        0     1                 
80200f30 80200f30        0     1                 
80200f32 80200f32        0     1                 
80200f32 80200f32        0     1                 
80200f32 80200f32        0     1                 
80200f32 80200f32        0     1                 
80200f32 80200f32        0     1                 
80200f32 80200f32       68     1                 handle_trap
80200f34 80200f34        0     1                 
80200f34 80200f34        0     1                 
80200f34 80200f34        0     1                 
80200f38 80200f38        0     1                 
80200f3c 80200f3c        0     1                 
80200f3c 80200f3c        0     1                 
80200f40 80200f40        0     1                 
80200f40 80200f40        0     1                 
80200f44 80200f44        0     1                 
80200f46 80200f46        0     1                 
80200f46 80200f46        0     1                 
80200f4a 80200f4a        0     1                 
80200f52 80200f52        0     1                 
80200f52 80200f52        0     1                 
80200f56 80200f56        0     1                 
80200f5a 80200f5a        0     1                 
80200f62 80200f62        0     1                 
80200f74 80200f74        0     1                 
80200f74 80200f74        0     1                 
80200f98 80200f98        0     1                 
80200f9a 80200f9a        0     1                 
80200f9a 80200f9a        0     1                 
80200f9c 80200f9c        0     1                 
80200f9c 80200f9c        0     1                 
80200f9c 80200f9c        0     1                 
80200f9c 80200f9c        0     1                 
80200f9c 80200f9c       9c     1                 switch_trap
80201038 80201038        0     1                 
80201038 80201038        0     1                 
80201038 80201038      34c     4         build/pcb_k.o:(.text)
80201038 80201038        0     1                 
80201038 80201038        0     1                 
80201038 80201038        0     1                 
80201038 80201038       3c     1                 switch_umode
8020103a 8020103a        0     1                 
8020103c 8020103c        0     1                 
80201044 80201044        0     1                 
80201050 80201050        0     1                 
80201072 80201072        0     1                 
80201074 80201074        0     1                 
80201074 80201074        0     1                 
80201074 80201074        0     1                 
80201074 80201074        0     1                 
80201074 80201074        0     1                 
80201074 80201074      2dc     1                 spawn_proc
80201076 80201076        0     1                 
8020108a 8020108a        0     1                 
80201092 80201092        0     1                 
80201096 80201096        0     1                 
80201098 80201098        0     1                 
8020109a 8020109a        0     1                 
8020109e 8020109e        0     1                 
802010a0 802010a0        0     1                 
802010ac 802010ac        0     1                 
802010b0 802010b0        0     1                 
802010b2 802010b2        0     1                 
802010b6 802010b6        0     1                 
802010ba 802010ba        0     1                 
802010bc 802010bc        0     1                 
802010cc 802010cc        0     1                 
802010ce 802010ce        0     1                 
802010d0 802010d0        0     1                 
802010d6 802010d6        0     1                 
802010d8 802010d8        0     1                 
802010da 802010da        0     1                 
802010ea 802010ea        0     1                 
802010ec 802010ec        0     1                 
802010ee 802010ee        0     1                 
802010f4 802010f4        0     1                 
802010f6 802010f6        0     1                 
802010f8 802010f8        0     1                 
80201108 80201108        0     1                 
8020110a 8020110a        0     1                 
8020110c 8020110c        0     1                 
80201112 80201112        0     1                 
80201114 80201114        0     1                 
80201116 80201116        0     1                 
80201126 80201126        0     1                 
80201128 80201128        0     1                 
8020112a 8020112a        0     1                 
80201130 80201130        0     1                 
80201132 80201132        0     1                 
80201134 80201134        0     1                 
80201152 80201152        0     1                 
80201154 80201154        0     1                 
80201186 80201186        0     1                 
8020118e 8020118e        0     1                 
80201192 80201192        0     1                 
80201196 80201196        0     1                 
802011a4 802011a4        0     1                 
802011a4 802011a4        0     1                 
802011a6 802011a6        0     1                 
802011aa 802011aa        0     1                 
802011aa 802011aa        0     1                 
802011da 802011da        0     1                 
802011da 802011da        0     1                 
802011de 802011de        0     1                 
802011e2 802011e2        0     1                 
802011e4 802011e4        0     1                 
802011ec 802011ec        0     1                 
802011f6 802011f6        0     1                 
802011fa 802011fa        0     1                 
80201204 80201204        0     1                 
80201206 80201206        0     1                 
8020120a 8020120a        0     1                 
8020121a 8020121a        0     1                 
8020121c 8020121c        0     1                 
8020121e 8020121e        0     1                 
80201228 80201228        0     1                 
80201228 80201228        0     1                 
8020122a 8020122a        0     1                 
8020122c 8020122c        0     1                 
8020123c 8020123c        0     1                 
80201240 80201240        0     1                 
80201244 80201244        0     1                 
80201252 80201252        0     1                 
80201252 80201252        0     1                 
80201258 80201258        0     1                 
8020125c 8020125c        0     1                 
80201270 80201270        0     1                 
80201274 80201274        0     1                 
80201282 80201282        0     1                 
80201282 80201282        0     1                 
80201284 80201284        0     1                 
80201288 80201288        0     1                 
80201290 80201290        0     1                 
80201294 80201294        0     1                 
802012a0 802012a0        0     1                 
802012a4 802012a4        0     1                 
802012ae 802012ae        0     1                 
802012ae 802012ae        0     1                 
802012b2 802012b2        0     1                 
802012b6 802012b6        0     1                 
802012c2 802012c2        0     1                 
802012c2 802012c2        0     1                 
802012c4 802012c4        0     1                 
802012cc 802012cc        0     1                 
802012d0 802012d0        0     1                 
802012da 802012da        0     1                 
802012da 802012da        0     1                 
802012de 802012de        0     1                 
802012e4 802012e4        0     1                 
802012e6 802012e6        0     1                 
802012ea 802012ea        0     1                 
80201304 80201304        0     1                 
80201328 80201328        0     1                 
8020132a 8020132a        0     1                 
8020134e 8020134e        0     1                 
80201350 80201350        0     1                 
80201350 80201350        0     1                 
80201350 80201350        0     1                 
80201350 80201350        0     1                 
80201350 80201350        0     1                 
80201350 80201350        0     1                 
80201350 80201350       34     1                 free_proc
80201352 80201352        0     1                 
80201354 80201354        0     1                 
80201356 80201356        0     1                 
80201358 80201358        0     1                 
8020135a 8020135a        0     1                 
8020135e 8020135e        0     1                 
80201362 80201362        0     1                 
80201366 80201366        0     1                 
8020136a 8020136a        0     1                 
8020136e 8020136e        0     1                 
80201372 80201372        0     1                 
80201376 80201376        0     1                 
8020137a 8020137a        0     1                 
80201382 80201382        0     1                 
80201384 80201384        0     1                 
80201384 80201384        0     1                 
80201384 80201384      3f6     4         build/program_k.o:(.text)
80201384 80201384        0     1                 
80201384 80201384        0     1                 
80201384 80201384        0     1                 
80201384 80201384        0     1                 
80201384 80201384       46     1                 switch_proc
802013ca 802013ca        0     1                 
802013ca 802013ca        0     1                 
802013ca 802013ca        0     1                 
802013ca 802013ca        0     1                 
802013ca 802013ca        0     1                 
802013ca 802013ca        0     1                 
802013ca 802013ca       14     1                 Flush_TLB
802013cc 802013cc        0     1                 
802013ce 802013ce        0     1                 
802013d2 802013d2        0     1                 
802013d4 802013d4        0     1                 
802013dc 802013dc        0     1                 
802013de 802013de        0     1                 
802013de 802013de        0     1                 
802013de 802013de        0     1                 
802013de 802013de        0     1                 
802013de 802013de        0     1                 
802013de 802013de       9e     1                 k_sp
802013e0 802013e0        0     1                 
802013e0 802013e0        0     1                 
802013ee 802013ee        0     1                 
802013fe 802013fe        0     1                 
802013fe 802013fe        0     1                 
80201424 80201424        0     1                 
80201424 80201424        0     1                 
80201426 80201426        0     1                 
80201432 80201432        0     1                 
80201432 80201432        0     1                 
80201440 80201440        0     1                 
80201440 80201440        0     1                 
80201442 80201442        0     1                 
80201446 80201446        0     1                 
8020144a 8020144a        0     1                 
8020144c 8020144c        0     1                 
8020144e 8020144e        0     1                 
8020145a 8020145a        0     1                 
8020145a 8020145a        0     1                 
8020145c 8020145c        0     1                 
8020145c 8020145c        0     1                 
80201474 80201474        0     1                 
8020147c 8020147c        0     1                 
8020147c 8020147c        0     1                 
8020147c 8020147c        0     1                 
8020147c 8020147c        0     1                 
8020147c 8020147c        0     1                 
8020147c 8020147c        0     1                 
8020147c 8020147c      2fe     1                 yield
80201484 80201484        0     1                 
8020148a 8020148a        0     1                 
8020148e 8020148e        0     1                 
80201494 80201494        0     1                 
80201498 80201498        0     1                 
8020149a 8020149a        0     1                 
8020149e 8020149e        0     1                 
802014a2 802014a2        0     1                 
802014a4 802014a4        0     1                 
802014ac 802014ac        0     1                 
802014ac 802014ac        0     1                 
802014bc 802014bc        0     1                 
802014be 802014be        0     1                 
802014c2 802014c2        0     1                 
802014d2 802014d2        0     1                 
802014d6 802014d6        0     1                 
802014e2 802014e2        0     1                 
802014f2 802014f2        0     1                 
802014f4 802014f4        0     1                 
802014f8 802014f8        0     1                 
8020150a 8020150a        0     1                 
8020150e 8020150e        0     1                 
80201512 80201512        0     1                 
80201520 80201520        0     1                 
80201522 80201522        0     1                 
80201526 80201526        0     1                 
80201538 80201538        0     1                 
8020153c 8020153c        0     1                 
80201544 80201544        0     1                 
80201548 80201548        0     1                 
80201558 80201558        0     1                 
8020155a 8020155a        0     1                 
8020155e 8020155e        0     1                 
80201570 80201570        0     1                 
80201574 80201574        0     1                 
80201578 80201578        0     1                 
80201586 80201586        0     1                 
80201588 80201588        0     1                 
8020158c 8020158c        0     1                 
8020159e 8020159e        0     1                 
802015a2 802015a2        0     1                 
802015aa 802015aa        0     1                 
802015ae 802015ae        0     1                 
802015be 802015be        0     1                 
802015c0 802015c0        0     1                 
802015c4 802015c4        0     1                 
802015d6 802015d6        0     1                 
802015da 802015da        0     1                 
802015de 802015de        0     1                 
802015ec 802015ec        0     1                 
802015ee 802015ee        0     1                 
802015f2 802015f2        0     1                 
80201604 80201604        0     1                 
80201608 80201608        0     1                 
80201610 80201610        0     1                 
80201614 80201614        0     1                 
80201624 80201624        0     1                 
80201626 80201626        0     1                 
8020162a 8020162a        0     1                 
8020163c 8020163c        0     1                 
80201640 80201640        0     1                 
80201644 80201644        0     1                 
80201652 80201652        0     1                 
80201654 80201654        0     1                 
80201658 80201658        0     1                 
8020166a 8020166a        0     1                 
8020166e 8020166e        0     1                 
80201676 80201676        0     1                 
8020167a 8020167a        0     1                 
8020168a 8020168a        0     1                 
8020168c 8020168c        0     1                 
80201690 80201690        0     1                 
802016a2 802016a2        0     1                 
802016a6 802016a6        0     1                 
802016aa 802016aa        0     1                 
802016b8 802016b8        0     1                 
802016ba 802016ba        0     1                 
802016be 802016be        0     1                 
802016d0 802016d0        0     1                 
802016d4 802016d4        0     1                 
802016e0 802016e0        0     1                 
802016f0 802016f0        0     1                 
802016f2 802016f2        0     1                 
802016f6 802016f6        0     1                 
80201708 80201708        0     1                 
8020170c 8020170c        0     1                 
8020170c 8020170c        0     1                 
8020171e 8020171e        0     1                 
80201720 80201720        0     1                 
80201724 80201724        0     1                 
80201728 80201728        0     1                 
8020172c 8020172c        0     1                 
80201734 80201734        0     1                 
80201736 80201736        0     1                 
80201738 80201738        0     1                 
8020173a 8020173a        0     1                 
8020173c 8020173c        0     1                 
80201740 80201740        0     1                 
80201742 80201742        0     1                 
80201746 80201746        0     1                 
80201748 80201748        0     1                 
80201750 80201750        0     1                 
80201750 80201750        0     1                 
80201758 80201758        0     1                 
80201760 80201760        0     1                 
80201764 80201764        0     1                 
80201766 80201766        0     1                 
8020176a 8020176a        0     1                 
80201772 80201772        0     1                 
80201776 80201776        0     1                 
8020177a 8020177a        0     1                 
8020177a 8020177a        0     1                 
8020177c 8020177c      2c2     4         build/app.o:(.text)
8020177c 8020177c        0     1                 
8020177c 8020177c        0     1                 
8020177c 8020177c        0     1                 
8020177c 8020177c      110     1                 init_app
8020177e 8020177e        0     1                 
80201780 80201780        0     1                 
80201782 80201782        0     1                 
80201782 80201782        0     1                 
80201786 80201786        0     1                 
8020178a 8020178a        0     1                 
8020178e 8020178e        0     1                 
80201792 80201792        0     1                 
80201796 80201796        0     1                 
8020179a 8020179a        0     1                 
8020179e 8020179e        0     1                 
802017a2 802017a2        0     1                 
802017a6 802017a6        0     1                 
802017a8 802017a8        0     1                 
802017ac 802017ac        0     1                 
802017b0 802017b0        0     1                 
802017b4 802017b4        0     1                 
802017b8 802017b8        0     1                 
802017be 802017be        0     1                 
802017be 802017be        0     1                 
802017c6 802017c6        0     1                 
802017c8 802017c8        0     1                 
802017ca 802017ca        0     1                 
802017cc 802017cc        0     1                 
802017ce 802017ce        0     1                 
802017d6 802017d6        0     1                 
802017d8 802017d8        0     1                 
802017da 802017da        0     1                 
802017dc 802017dc        0     1                 
802017de 802017de        0     1                 
802017e6 802017e6        0     1                 
802017e8 802017e8        0     1                 
802017ea 802017ea        0     1                 
802017ec 802017ec        0     1                 
802017ee 802017ee        0     1                 
802017f6 802017f6        0     1                 
802017f8 802017f8        0     1                 
802017fa 802017fa        0     1                 
802017fc 802017fc        0     1                 
802017fe 802017fe        0     1                 
80201806 80201806        0     1                 
8020180a 8020180a        0     1                 
8020180c 8020180c        0     1                 
80201810 80201810        0     1                 
80201812 80201812        0     1                 
8020182c 8020182c        0     1                 
8020182e 8020182e        0     1                 
8020185c 8020185c        0     1                 
80201886 80201886        0     1                 
8020188c 8020188c        0     1                 
8020188c 8020188c        0     1                 
8020188c 8020188c        0     1                 
8020188c 8020188c        0     1                 
8020188c 8020188c        0     1                 
8020188c 8020188c       4c     1                 start_app
8020188e 8020188e        0     1                 
80201890 80201890        0     1                 
80201894 80201894        0     1                 
80201898 80201898        0     1                 
802018a8 802018a8        0     1                 
802018aa 802018aa        0     1                 
802018ac 802018ac        0     1                 
802018b4 802018b4        0     1                 
802018b4 802018b4        0     1                 
802018b6 802018b6        0     1                 
802018bc 802018bc        0     1                 
802018d6 802018d6        0     1                 
802018d8 802018d8        0     1                 
802018d8 802018d8        0     1                 
802018d8 802018d8        0     1                 
802018d8 802018d8        0     1                 
802018d8 802018d8        0     1                 
802018d8 802018d8      104     1                 get_app_id
802018da 802018da        0     1                 
802018e0 802018e0        0     1                 
802018e2 802018e2        0     1                 
802018e2 802018e2        0     1                 
802018f6 802018f6        0     1                 
802018f6 802018f6        0     1                 
802018f8 802018f8        0     1                 
802018fc 802018fc        0     1                 
80201906 80201906        0     1                 
80201906 80201906        0     1                 
80201908 80201908        0     1                 
80201914 80201914        0     1                 
8020191e 8020191e        0     1                 
8020191e 8020191e        0     1                 
80201920 80201920        0     1                 
80201924 80201924        0     1                 
8020192e 8020192e        0     1                 
8020192e 8020192e        0     1                 
80201930 80201930        0     1                 
8020193c 8020193c        0     1                 
80201946 80201946        0     1                 
80201946 80201946        0     1                 
80201948 80201948        0     1                 
8020194c 8020194c        0     1                 
80201956 80201956        0     1                 
80201956 80201956        0     1                 
80201958 80201958        0     1                 
80201964 80201964        0     1                 
8020196e 8020196e        0     1                 
8020196e 8020196e        0     1                 
80201970 80201970        0     1                 
80201974 80201974        0     1                 
8020197e 8020197e        0     1                 
8020197e 8020197e        0     1                 
80201980 80201980        0     1                 
8020198c 8020198c        0     1                 
80201996 80201996        0     1                 
80201996 80201996        0     1                 
80201998 80201998        0     1                 
8020199c 8020199c        0     1                 
802019a6 802019a6        0     1                 
802019aa 802019aa        0     1                 
802019ac 802019ac        0     1                 
802019ac 802019ac        0     1                 
802019d2 802019d2        0     1                 
802019dc 802019dc        0     1                 
802019dc 802019dc        0     1                 
802019dc 802019dc        0     1                 
802019dc 802019dc        0     1                 
802019dc 802019dc        0     1                 
802019dc 802019dc       62     1                 get_app_name
802019de 802019de        0     1                 
802019e0 802019e0        0     1                 
802019e4 802019e4        0     1                 
802019e8 802019e8        0     1                 
80201a04 80201a04        0     1                 
80201a06 80201a06        0     1                 
80201a14 80201a14        0     1                 
80201a38 80201a38        0     1                 
80201a3e 80201a3e        0     1                 
80201a3e 80201a3e        0     1                 
80201a40 80201a40      608     4         build/sockets.o:(.text)
80201a40 80201a40        0     1                 
80201a40 80201a40        0     1                 
80201a40 80201a40        0     1                 
80201a40 80201a40       4e     1                 read_rsocket
80201a42 80201a42        0     1                 
80201a44 80201a44        0     1                 
80201a48 80201a48        0     1                 
80201a4c 80201a4c        0     1                 
80201a66 80201a66        0     1                 
80201a68 80201a68        0     1                 
80201a70 80201a70        0     1                 
80201a84 80201a84        0     1                 
80201a88 80201a88        0     1                 
80201a8e 80201a8e        0     1                 
80201a8e 80201a8e        0     1                 
80201a8e 80201a8e        0     1                 
80201a8e 80201a8e        0     1                 
80201a8e 80201a8e        0     1                 
80201a8e 80201a8e       4c     1                 write_rsocket
80201a90 80201a90        0     1                 
80201a92 80201a92        0     1                 
80201a96 80201a96        0     1                 
80201a9a 80201a9a        0     1                 
80201ab4 80201ab4        0     1                 
80201ab6 80201ab6        0     1                 
80201ac4 80201ac4        0     1                 
80201ad0 80201ad0        0     1                 
80201ad4 80201ad4        0     1                 
80201ada 80201ada        0     1                 
80201ada 80201ada        0     1                 
80201ada 80201ada        0     1                 
80201ada 80201ada        0     1                 
80201ada 80201ada        0     1                 
80201ada 80201ada       7e     1                 read_socket
80201adc 80201adc        0     1                 
80201ade 80201ade        0     1                 
80201ae2 80201ae2        0     1                 
80201ae6 80201ae6        0     1                 
80201b02 80201b02        0     1                 
80201b04 80201b04        0     1                 
80201b0a 80201b0a        0     1                 
80201b0e 80201b0e        0     1                 
80201b28 80201b28        0     1                 
80201b2a 80201b2a        0     1                 
80201b32 80201b32        0     1                 
80201b36 80201b36        0     1                 
80201b38 80201b38        0     1                 
80201b4e 80201b4e        0     1                 
80201b52 80201b52        0     1                 
80201b58 80201b58        0     1                 
80201b58 80201b58        0     1                 
80201b58 80201b58        0     1                 
80201b58 80201b58        0     1                 
80201b58 80201b58        0     1                 
80201b58 80201b58       7c     1                 write_socket
80201b5a 80201b5a        0     1                 
80201b5c 80201b5c        0     1                 
80201b60 80201b60        0     1                 
80201b64 80201b64        0     1                 
80201b7e 80201b7e        0     1                 
80201b80 80201b80        0     1                 
80201b86 80201b86        0     1                 
80201b8a 80201b8a        0     1                 
80201ba6 80201ba6        0     1                 
80201ba8 80201ba8        0     1                 
80201bac 80201bac        0     1                 
80201bae 80201bae        0     1                 
80201bba 80201bba        0     1                 
80201bbc 80201bbc        0     1                 
80201bca 80201bca        0     1                 
80201bce 80201bce        0     1                 
80201bd4 80201bd4        0     1                 
80201bd4 80201bd4        0     1                 
80201bd4 80201bd4        0     1                 
80201bd4 80201bd4        0     1                 
80201bd4 80201bd4        0     1                 
80201bd4 80201bd4       60     1                 claim_rsocket
80201bd6 80201bd6        0     1                 
80201bd8 80201bd8        0     1                 
80201bdc 80201bdc        0     1                 
80201be0 80201be0        0     1                 
80201bfc 80201bfc        0     1                 
80201bfe 80201bfe        0     1                 
80201c12 80201c12        0     1                 
80201c14 80201c14        0     1                 
80201c16 80201c16        0     1                 
80201c1e 80201c1e        0     1                 
80201c24 80201c24        0     1                 
80201c28 80201c28        0     1                 
80201c2a 80201c2a        0     1                 
80201c2e 80201c2e        0     1                 
80201c34 80201c34        0     1                 
80201c34 80201c34        0     1                 
80201c34 80201c34        0     1                 
80201c34 80201c34        0     1                 
80201c34 80201c34        0     1                 
80201c34 80201c34       60     1                 claim_socket
80201c36 80201c36        0     1                 
80201c38 80201c38        0     1                 
80201c3c 80201c3c        0     1                 
80201c40 80201c40        0     1                 
80201c5c 80201c5c        0     1                 
80201c5e 80201c5e        0     1                 
80201c72 80201c72        0     1                 
80201c74 80201c74        0     1                 
80201c76 80201c76        0     1                 
80201c7e 80201c7e        0     1                 
80201c84 80201c84        0     1                 
80201c88 80201c88        0     1                 
80201c8a 80201c8a        0     1                 
80201c8e 80201c8e        0     1                 
80201c94 80201c94        0     1                 
80201c94 80201c94        0     1                 
80201c94 80201c94        0     1                 
80201c94 80201c94        0     1                 
80201c94 80201c94        0     1                 
80201c94 80201c94       42     1                 unclaim_rsocket
80201c96 80201c96        0     1                 
80201c98 80201c98        0     1                 
80201c9c 80201c9c        0     1                 
80201ca0 80201ca0        0     1                 
80201cbc 80201cbc        0     1                 
80201cbe 80201cbe        0     1                 
80201ccc 80201ccc        0     1                 
80201cd0 80201cd0        0     1                 
80201cd6 80201cd6        0     1                 
80201cd6 80201cd6        0     1                 
80201cd6 80201cd6        0     1                 
80201cd6 80201cd6        0     1                 
80201cd6 80201cd6        0     1                 
80201cd6 80201cd6       42     1                 unclaim_socket
80201cd8 80201cd8        0     1                 
80201cda 80201cda        0     1                 
80201cde 80201cde        0     1                 
80201ce2 80201ce2        0     1                 
80201cfe 80201cfe        0     1                 
80201d00 80201d00        0     1                 
80201d0e 80201d0e        0     1                 
80201d12 80201d12        0     1                 
80201d18 80201d18        0     1                 
80201d18 80201d18        0     1                 
80201d18 80201d18        0     1                 
80201d18 80201d18        0     1                 
80201d18 80201d18        0     1                 
80201d18 80201d18      13c     1                 find_free_rsocket
80201d1a 80201d1a        0     1                 
80201d1a 80201d1a        0     1                 
80201d1c 80201d1c        0     1                 
80201d24 80201d24        0     1                 
80201d26 80201d26        0     1                 
80201d28 80201d28        0     1                 
80201d28 80201d28        0     1                 
80201d2c 80201d2c        0     1                 
80201d34 80201d34        0     1                 
80201d3a 80201d3a        0     1                 
80201d3e 80201d3e        0     1                 
80201d44 80201d44        0     1                 
80201d48 80201d48        0     1                 
80201d50 80201d50        0     1                 
80201d56 80201d56        0     1                 
80201d5a 80201d5a        0     1                 
80201d60 80201d60        0     1                 
80201d64 80201d64        0     1                 
80201d6c 80201d6c        0     1                 
80201d72 80201d72        0     1                 
80201d76 80201d76        0     1                 
80201d7c 80201d7c        0     1                 
80201d80 80201d80        0     1                 
80201d88 80201d88        0     1                 
80201d8e 80201d8e        0     1                 
80201d92 80201d92        0     1                 
80201d98 80201d98        0     1                 
80201d9c 80201d9c        0     1                 
80201da0 80201da0        0     1                 
80201da6 80201da6        0     1                 
80201daa 80201daa        0     1                 
80201daa 80201daa        0     1                 
80201dc8 80201dc8        0     1                 
80201dca 80201dca        0     1                 
80201dca 80201dca        0     1                 
80201dcc 80201dcc        0     1                 
80201dd4 80201dd4        0     1                 
80201dd8 80201dd8        0     1                 
80201dda 80201dda        0     1                 
80201dde 80201dde        0     1                 
80201de0 80201de0        0     1                 
80201de8 80201de8        0     1                 
80201dec 80201dec        0     1                 
80201dee 80201dee        0     1                 
80201df2 80201df2        0     1                 
80201df4 80201df4        0     1                 
80201dfc 80201dfc        0     1                 
80201e00 80201e00        0     1                 
80201e02 80201e02        0     1                 
80201e06 80201e06        0     1                 
80201e08 80201e08        0     1                 
80201e10 80201e10        0     1                 
80201e14 80201e14        0     1                 
80201e16 80201e16        0     1                 
80201e1a 80201e1a        0     1                 
80201e1c 80201e1c        0     1                 
80201e20 80201e20        0     1                 
80201e26 80201e26        0     1                 
80201e28 80201e28        0     1                 
80201e28 80201e28        0     1                 
80201e2e 80201e2e        0     1                 
80201e34 80201e34        0     1                 
80201e54 80201e54        0     1                 
80201e54 80201e54        0     1                 
80201e54 80201e54        0     1                 
80201e54 80201e54        0     1                 
80201e54 80201e54        0     1                 
80201e54 80201e54      13c     1                 find_free_socket
80201e56 80201e56        0     1                 
80201e56 80201e56        0     1                 
80201e58 80201e58        0     1                 
80201e60 80201e60        0     1                 
80201e62 80201e62        0     1                 
80201e64 80201e64        0     1                 
80201e64 80201e64        0     1                 
80201e68 80201e68        0     1                 
80201e70 80201e70        0     1                 
80201e76 80201e76        0     1                 
80201e7a 80201e7a        0     1                 
80201e80 80201e80        0     1                 
80201e84 80201e84        0     1                 
80201e8c 80201e8c        0     1                 
80201e92 80201e92        0     1                 
80201e96 80201e96        0     1                 
80201e9c 80201e9c        0     1                 
80201ea0 80201ea0        0     1                 
80201ea8 80201ea8        0     1                 
80201eae 80201eae        0     1                 
80201eb2 80201eb2        0     1                 
80201eb8 80201eb8        0     1                 
80201ebc 80201ebc        0     1                 
80201ec4 80201ec4        0     1                 
80201eca 80201eca        0     1                 
80201ece 80201ece        0     1                 
80201ed4 80201ed4        0     1                 
80201ed8 80201ed8        0     1                 
80201edc 80201edc        0     1                 
80201ee2 80201ee2        0     1                 
80201ee6 80201ee6        0     1                 
80201ee6 80201ee6        0     1                 
80201f04 80201f04        0     1                 
80201f06 80201f06        0     1                 
80201f06 80201f06        0     1                 
80201f08 80201f08        0     1                 
80201f10 80201f10        0     1                 
80201f14 80201f14        0     1                 
80201f16 80201f16        0     1                 
80201f1a 80201f1a        0     1                 
80201f1c 80201f1c        0     1                 
80201f24 80201f24        0     1                 
80201f28 80201f28        0     1                 
80201f2a 80201f2a        0     1                 
80201f2e 80201f2e        0     1                 
80201f30 80201f30        0     1                 
80201f38 80201f38        0     1                 
80201f3c 80201f3c        0     1                 
80201f3e 80201f3e        0     1                 
80201f42 80201f42        0     1                 
80201f44 80201f44        0     1                 
80201f4c 80201f4c        0     1                 
80201f50 80201f50        0     1                 
80201f52 80201f52        0     1                 
80201f56 80201f56        0     1                 
80201f58 80201f58        0     1                 
80201f5c 80201f5c        0     1                 
80201f62 80201f62        0     1                 
80201f64 80201f64        0     1                 
80201f64 80201f64        0     1                 
80201f6a 80201f6a        0     1                 
80201f70 80201f70        0     1                 
80201f90 80201f90        0     1                 
80201f90 80201f90        0     1                 
80201f90 80201f90        0     1                 
80201f90 80201f90        0     1                 
80201f90 80201f90        0     1                 
80201f90 80201f90       5c     1                 info_rsocket
80201f92 80201f92        0     1                 
80201f94 80201f94        0     1                 
80201f98 80201f98        0     1                 
80201f9c 80201f9c        0     1                 
80201fb8 80201fb8        0     1                 
80201fba 80201fba        0     1                 
80201fc8 80201fc8        0     1                 
80201fcc 80201fcc        0     1                 
80201fd0 80201fd0        0     1                 
80201fd2 80201fd2        0     1                 
80201fd6 80201fd6        0     1                 
80201fd8 80201fd8        0     1                 
80201fdc 80201fdc        0     1                 
80201fde 80201fde        0     1                 
80201fe2 80201fe2        0     1                 
80201fe4 80201fe4        0     1                 
80201fe6 80201fe6        0     1                 
80201fec 80201fec        0     1                 
80201fec 80201fec        0     1                 
80201fec 80201fec        0     1                 
80201fec 80201fec        0     1                 
80201fec 80201fec        0     1                 
80201fec 80201fec       5c     1                 info_socket
80201fee 80201fee        0     1                 
80201ff0 80201ff0        0     1                 
80201ff4 80201ff4        0     1                 
80201ff8 80201ff8        0     1                 
80202014 80202014        0     1                 
80202016 80202016        0     1                 
80202024 80202024        0     1                 
80202028 80202028        0     1                 
8020202c 8020202c        0     1                 
8020202e 8020202e        0     1                 
80202032 80202032        0     1                 
80202034 80202034        0     1                 
80202038 80202038        0     1                 
8020203a 8020203a        0     1                 
8020203e 8020203e        0     1                 
80202040 80202040        0     1                 
80202042 80202042        0     1                 
80202048 80202048        0     1                 
80202048 80202048        0     1                 
80202048 80202048      a48     4 .rodata
80202048 80202048      93c     1         <internal>:(.rodata)
80202984 80202984       58     4         build/print_k.o:(.rodata)
80202984 80202984        0     1                 .LJTI0_0
802029dc 802029dc       58     4         build/str.o:(.rodata)
802029dc 802029dc        0     1                 .LJTI2_0
80202a34 80202a34       5c     4         build/trap_k.o:(.rodata)
80202a34 80202a34        0     1                 .LJTI0_0
80202a90 80202a90    26190     4 .data
80202a90 80202a90     9050     1         bronx.o:(.data)
80202a90 80202a90        0     1                 _binary_bronx_bin_start
8020bae0 8020bae0        0     1                 _binary_bronx_bin_end
8020bae0 8020bae0     8240     1         init.o:(.data)
8020bae0 8020bae0        0     1                 _binary_init_bin_start
80213d20 80213d20        0     1                 _binary_init_bin_end
80213d20 80213d20     c5a0     1         snak.o:(.data)
80213d20 80213d20        0     1                 _binary_snak_bin_start
802202c0 802202c0        0     1                 _binary_snak_bin_end
802202c0 802202c0     8960     1         test.o:(.data)
802202c0 802202c0        0     1                 _binary_test_bin_start
80228c20 80228c20        0     1                 _binary_test_bin_end
80228c20 80228c20     5a14     4 .bss
80228c20 80228c20        0     1         __bss = .
80228c20 80228c20        4     4         build/memory.o:(.sbss)
80228c20 80228c20        4     1                 nextfreepageframe
80228c24 80228c24        8     4         build/pcb_k.o:(.sbss)
80228c24 80228c24        4     1                 currproc
80228c28 80228c28        4     1                 idleproc
80228c2c 80228c2c     30f0     4         build/pcb_k.o:(.bss)
80228c2c 80228c2c     30f0     1                 proclist
8022bd1c 8022bd1c       a0     4         build/app.o:(.bss)
8022bd1c 8022bd1c       a0     1                 app_list
8022bdbc 8022bdbc     2878     4         build/sockets.o:(.bss)
8022bdbc 8022bdbc       28     1                 rsockets
8022bde4 8022bde4       28     1                 rsocket_info
8022be0c 8022be0c     2800     1                 sockets
8022e60c 8022e60c       28     1                 socket_info
8022e634 8022e634        0     1         __bss_end = .
8022e634 8022e634        0     1 . = ALIGN ( 4 )
8022e634 8022e634    20000     1 . += 128 * 1024
8024e634 8024e634        0     1 __stack_top = .
8024e634 8024e634      9cc     1 . = ALIGN ( 4096 )
8024f000 8024f000        0     1 __free_ram_start = .
8024f000 8024f000  2000000     1 . += 32 * 1024 * 1024
8224f000 8224f000        0     1 __free_ram_end = .
       0        0      edc     1 .debug_abbrev
       0        0      115     1         build/main.o:(.debug_abbrev)
     115      115      104     1         build/print_k.o:(.debug_abbrev)
     219      219      165     1         build/SBI.o:(.debug_abbrev)
     37e      37e       b9     1         build/mem.o:(.debug_abbrev)
     437      437      12c     1         build/str.o:(.debug_abbrev)
     563      563      113     1         build/oa.o:(.debug_abbrev)
     676      676      16a     1         build/memory.o:(.debug_abbrev)
     7e0      7e0      1e7     1         build/trap_k.o:(.debug_abbrev)
     9c7      9c7      163     1         build/pcb_k.o:(.debug_abbrev)
     b2a      b2a      172     1         build/program_k.o:(.debug_abbrev)
     c9c      c9c      133     1         build/app.o:(.debug_abbrev)
     dcf      dcf      10d     1         build/sockets.o:(.debug_abbrev)
       0        0     1d11     1 .debug_info
       0        0      1cb     1         build/main.o:(.debug_info)
     1cb      1cb      1e5     1         build/print_k.o:(.debug_info)
     3b0      3b0      3e6     1         build/SBI.o:(.debug_info)
     796      796       d9     1         build/mem.o:(.debug_info)
     86f      86f      1f5     1         build/str.o:(.debug_info)
     a64      a64      184     1         build/oa.o:(.debug_info)
     be8      be8      279     1         build/memory.o:(.debug_info)
     e61      e61      522     1         build/trap_k.o:(.debug_info)
    1383     1383      286     1         build/pcb_k.o:(.debug_info)
    1609     1609      1e9     1         build/program_k.o:(.debug_info)
    17f2     17f2      25a     1         build/app.o:(.debug_info)
    1a4c     1a4c      2c5     1         build/sockets.o:(.debug_info)
       0        0      185     1 .debug_rnglists
       0        0       18     1         build/main.o:(.debug_rnglists)
       c        c        0     1                 
      18       18       57     1         build/print_k.o:(.debug_rnglists)
      24       24        0     1                 
      6f       6f       66     1         build/str.o:(.debug_rnglists)
      7b       7b        0     1                 
      d5       d5       1b     1         build/oa.o:(.debug_rnglists)
      e1       e1        0     1                 
      f0       f0       5b     1         build/pcb_k.o:(.debug_rnglists)
      fc       fc        0     1                 
     14b      14b       20     1         build/program_k.o:(.debug_rnglists)
     157      157        0     1                 
     16b      16b       1a     1         build/app.o:(.debug_rnglists)
     177      177        0     1                 
       0        0      7cc     1 .debug_str_offsets
       0        0       88     1         build/main.o:(.debug_str_offsets)
       8        8        0     1                 
      88       88       68     1         build/print_k.o:(.debug_str_offsets)
      90       90        0     1                 
      f0       f0       94     1         build/SBI.o:(.debug_str_offsets)
      f8       f8        0     1                 
     184      184       58     1         build/mem.o:(.debug_str_offsets)
     18c      18c        0     1                 
     1dc      1dc       88     1         build/str.o:(.debug_str_offsets)
     1e4      1e4        0     1                 
     264      264       50     1         build/oa.o:(.debug_str_offsets)
     26c      26c        0     1                 
     2b4      2b4       a8     1         build/memory.o:(.debug_str_offsets)
     2bc      2bc        0     1                 
     35c      35c      1c8     1         build/trap_k.o:(.debug_str_offsets)
     364      364        0     1                 
     524      524       cc     1         build/pcb_k.o:(.debug_str_offsets)
     52c      52c        0     1                 
     5f0      5f0       98     1         build/program_k.o:(.debug_str_offsets)
     5f8      5f8        0     1                 
     688      688       a8     1         build/app.o:(.debug_str_offsets)
     690      690        0     1                 
     730      730       9c     1         build/sockets.o:(.debug_str_offsets)
     738      738        0     1                 
       0        0      7e8     1 .debug_str
       0        0      7e8     1         <internal>:(.debug_str)
       0        0      39c     1 .debug_addr
       0        0       5c     1         build/main.o:(.debug_addr)
       8        8        0     1                 
      5c       5c       50     1         build/print_k.o:(.debug_addr)
      64       64        0     1                 
      ac       ac       38     1         build/SBI.o:(.debug_addr)
      b4       b4        0     1                 
      e4       e4       10     1         build/mem.o:(.debug_addr)
      ec       ec        0     1                 
      f4       f4       24     1         build/str.o:(.debug_addr)
      fc       fc        0     1                 
     118      118       20     1         build/oa.o:(.debug_addr)
     120      120        0     1                 
     138      138       5c     1         build/memory.o:(.debug_addr)
     140      140        0     1                 
     194      194       90     1         build/trap_k.o:(.debug_addr)
     19c      19c        0     1                 
     224      224       54     1         build/pcb_k.o:(.debug_addr)
     22c      22c        0     1                 
     278      278       38     1         build/program_k.o:(.debug_addr)
     280      280        0     1                 
     2b0      2b0       5c     1         build/app.o:(.debug_addr)
     2b8      2b8        0     1                 
     30c      30c       90     1         build/sockets.o:(.debug_addr)
     314      314        0     1                 
       0        0       42     1 .comment
       0        0       42     1         <internal>:(.comment)
       0        0       2b     1 .riscv.attributes
       0        0       2b     1         build/main.o:(.riscv.attributes)
       0        0      50c     4 .debug_frame
       0        0       54     4         build/main.o:(.debug_frame)
       0        0        0     1                 
      54       54       44     4         build/print_k.o:(.debug_frame)
      54       54        0     1                 
      98       98       64     4         build/SBI.o:(.debug_frame)
      98       98        0     1                 
      fc       fc       34     4         build/mem.o:(.debug_frame)
      fc       fc        0     1                 
     130      130       64     4         build/str.o:(.debug_frame)
     130      130        0     1                 
     194      194       3c     4         build/oa.o:(.debug_frame)
     194      194        0     1                 
     1d0      1d0       70     4         build/memory.o:(.debug_frame)
     1d0      1d0        0     1                 
     240      240       54     4         build/trap_k.o:(.debug_frame)
     240      240        0     1                 
     294      294       64     4         build/pcb_k.o:(.debug_frame)
     294      294        0     1                 
     2f8      2f8       68     4         build/program_k.o:(.debug_frame)
     2f8      2f8        0     1                 
     360      360       78     4         build/app.o:(.debug_frame)
     360      360        0     1                 
     3d8      3d8      134     4         build/sockets.o:(.debug_frame)
     3d8      3d8        0     1                 
       0        0     2836     1 .debug_line
       0        0      1b3     1         build/main.o:(.debug_line)
       0        0        0     1                 .Lline_table_start0
     1b3      1b3      2d0     1         build/print_k.o:(.debug_line)
     1b3      1b3        0     1                 .Lline_table_start0
     483      483      146     1         build/SBI.o:(.debug_line)
     483      483        0     1                 .Lline_table_start0
     5c9      5c9       f6     1         build/mem.o:(.debug_line)
     5c9      5c9        0     1                 .Lline_table_start0
     6bf      6bf      3f0     1         build/str.o:(.debug_line)
     6bf      6bf        0     1                 .Lline_table_start0
     aaf      aaf      25a     1         build/oa.o:(.debug_line)
     aaf      aaf        0     1                 .Lline_table_start0
     d09      d09      2e1     1         build/memory.o:(.debug_line)
     d09      d09        0     1                 .Lline_table_start0
     fea      fea      3d9     1         build/trap_k.o:(.debug_line)
     fea      fea        0     1                 .Lline_table_start0
    13c3     13c3      439     1         build/pcb_k.o:(.debug_line)
    13c3     13c3        0     1                 .Lline_table_start0
    17fc     17fc      50b     1         build/program_k.o:(.debug_line)
    17fc     17fc        0     1                 .Lline_table_start0
    1d07     1d07      38c     1         build/app.o:(.debug_line)
    1d07     1d07        0     1                 .Lline_table_start0
    2093     2093      7a3     1         build/sockets.o:(.debug_line)
    2093     2093        0     1                 .Lline_table_start0
       0        0       e8     1 .debug_line_str
       0        0       e8     1         <internal>:(.debug_line_str)
       0        0     140b     1 .debug_loclists
       0        0      115     1         build/print_k.o:(.debug_loclists)
       c        c        0     1                 
     115      115      10c     1         build/SBI.o:(.debug_loclists)
     121      121        0     1                 
     221      221       66     1         build/mem.o:(.debug_loclists)
     22d      22d        0     1                 
     287      287      1a1     1         build/str.o:(.debug_loclists)
     293      293        0     1                 
     428      428      19a     1         build/oa.o:(.debug_loclists)
     434      434        0     1                 
     5c2      5c2      1b4     1         build/memory.o:(.debug_loclists)
     5ce      5ce        0     1                 
     776      776      238     1         build/trap_k.o:(.debug_loclists)
     782      782        0     1                 
     9ae      9ae      173     1         build/pcb_k.o:(.debug_loclists)
     9ba      9ba        0     1                 
     b21      b21      171     1         build/program_k.o:(.debug_loclists)
     b2d      b2d        0     1                 
     c92      c92      44c     1         build/app.o:(.debug_loclists)
     c9e      c9e        0     1                 
    10de     10de      32d     1         build/sockets.o:(.debug_loclists)
    10ea     10ea        0     1                 
       0        0     8380     4 .symtab
       0        0     8380     4         <internal>:(.symtab)
       0        0       dc     1 .shstrtab
       0        0       dc     1         <internal>:(.shstrtab)
       0        0      661     1 .strtab
       0        0      661     1         <internal>:(.strtab)
