     VMA      LMA     Size Align Out     In      Symbol
       0        0 80200000     1 . = 0x80200000
80200000        0        0     1 __kernel_base = .
80200000 80200000     202c     4 .text
80200000 80200000        e     2         build/main.o:(.text.boot)
80200000 80200000        0     1                 
80200000 80200000        0     1                 
80200000 80200000        0     1                 
80200000 80200000        0     1                 
80200000 80200000        e     1                 boot
8020000e 8020000e        0     1                 
8020000e 8020000e        0     1                 
80200010 80200010      19a     4         build/main.o:(.text)
80200010 80200010        0     1                 
80200010 80200010        0     1                 
80200010 80200010        0     1                 
80200010 80200010       d8     1                 kernel_bootstrap
80200012 80200012        0     1                 
80200012 80200012        0     1                 
80200014 80200014        0     1                 
80200024 80200024        0     1                 
80200024 80200024        0     1                 
80200034 80200034        0     1                 
80200034 80200034        0     1                 
80200052 80200052        0     1                 
80200052 80200052        0     1                 
80200062 80200062        0     1                 
80200062 80200062        0     1                 
8020006e 8020006e        0     1                 
8020007e 8020007e        0     1                 
8020007e 8020007e        0     1                 
80200086 80200086        0     1                 
80200086 80200086        0     1                 
802000a6 802000a6        0     1                 
802000a6 802000a6        0     1                 
802000b6 802000b6        0     1                 
802000b6 802000b6        0     1                 
802000c2 802000c2        0     1                 
802000c2 802000c2        0     1                 
802000ca 802000ca        0     1                 
802000ce 802000ce        0     1                 
802000d6 802000d6        0     1                 
802000da 802000da        0     1                 
802000e0 802000e0        0     1                 
802000e8 802000e8        0     1                 
802000e8 802000e8        0     1                 
802000e8 802000e8        0     1                 
802000e8 802000e8        0     1                 
802000e8 802000e8        0     1                 
802000e8 802000e8       c2     1                 kernel_main
802000ea 802000ea        0     1                 
802000ea 802000ea        0     1                 
802000ec 802000ec        0     1                 
802000f4 802000f4        0     1                 
802000f4 802000f4        0     1                 
80200114 80200114        0     1                 
80200114 80200114        0     1                 
8020011c 8020011c        0     1                 
8020011c 8020011c        0     1                 
8020013c 8020013c        0     1                 
8020013c 8020013c        0     1                 
8020015c 8020015c        0     1                 
8020015c 8020015c        0     1                 
8020017c 8020017c        0     1                 
8020017c 8020017c        0     1                 
80200184 80200184        0     1                 
80200184 80200184        0     1                 
802001a8 802001a8        0     1                 
802001aa 802001aa        0     1                 
802001aa 802001aa        0     1                 
802001ac 802001ac      2ec     4         build/print_k.o:(.text)
802001ac 802001ac        0     1                 
802001ac 802001ac        0     1                 
802001ac 802001ac        0     1                 
802001ac 802001ac      2ec     1                 k_printf
802001ae 802001ae        0     1                 
802001c8 802001c8        0     1                 
802001e4 802001e4        0     1                 
80200202 80200202        0     1                 
80200222 80200222        0     1                 
80200226 80200226        0     1                 
8020022e 8020022e        0     1                 
80200236 80200236        0     1                 
80200236 80200236        0     1                 
80200238 80200238        0     1                 
80200240 80200240        0     1                 
80200244 80200244        0     1                 
8020024c 8020024c        0     1                 
80200256 80200256        0     1                 .LBB0_6
80200256 80200256        0     1                 
80200256 80200256        0     1                 
80200276 80200276        0     1                 
80200276 80200276        0     1                 
8020027a 8020027a        0     1                 .LBB0_9
8020027a 8020027a        0     1                 
80200286 80200286        0     1                 
80200286 80200286        0     1                 
8020028c 8020028c        0     1                 .LBB0_10
8020028c 8020028c        0     1                 
802002a0 802002a0        0     1                 .LBB0_12
802002a0 802002a0        0     1                 
802002ac 802002ac        0     1                 
802002ac 802002ac        0     1                 
802002b8 802002b8        0     1                 
802002b8 802002b8        0     1                 
802002d4 802002d4        0     1                 .LBB0_14
802002d4 802002d4        0     1                 
802002f0 802002f0        0     1                 
802002f2 802002f2        0     1                 
802002f6 802002f6        0     1                 .LBB0_16
802002f6 802002f6        0     1                 
8020030e 8020030e        0     1                 .LBB0_18
8020030e 8020030e        0     1                 
8020032a 8020032a        0     1                 
80200338 80200338        0     1                 
8020033c 8020033c        0     1                 
80200348 80200348        0     1                 
80200348 80200348        0     1                 
8020034c 8020034c        0     1                 
80200356 80200356        0     1                 
8020035a 8020035a        0     1                 
8020035c 8020035c        0     1                 
80200368 80200368        0     1                 
80200368 80200368        0     1                 
8020036c 8020036c        0     1                 
80200370 80200370        0     1                 
80200370 80200370        0     1                 
8020037e 8020037e        0     1                 
8020038a 8020038a        0     1                 
8020038a 8020038a        0     1                 
8020038e 8020038e        0     1                 
80200392 80200392        0     1                 
80200396 80200396        0     1                 
80200398 80200398        0     1                 
802003a4 802003a4        0     1                 
802003a4 802003a4        0     1                 
802003a8 802003a8        0     1                 
802003ac 802003ac        0     1                 
802003ac 802003ac        0     1                 
802003b6 802003b6        0     1                 
802003b8 802003b8        0     1                 
802003ba 802003ba        0     1                 
802003c0 802003c0        0     1                 
802003c8 802003c8        0     1                 
802003d4 802003d4        0     1                 
802003d4 802003d4        0     1                 
802003d8 802003d8        0     1                 
802003dc 802003dc        0     1                 
802003e4 802003e4        0     1                 
802003f0 802003f0        0     1                 
802003f0 802003f0        0     1                 
802003f4 802003f4        0     1                 
802003fc 802003fc        0     1                 
80200400 80200400        0     1                 
80200402 80200402        0     1                 
8020040e 8020040e        0     1                 
8020040e 8020040e        0     1                 
80200412 80200412        0     1                 
80200416 80200416        0     1                 
80200416 80200416        0     1                 
80200422 80200422        0     1                 
8020042e 8020042e        0     1                 
8020042e 8020042e        0     1                 
8020043a 8020043a        0     1                 
8020043a 8020043a        0     1                 
80200448 80200448        0     1                 
80200448 80200448        0     1                 
8020044c 8020044c        0     1                 
80200452 80200452        0     1                 
80200456 80200456        0     1                 
80200458 80200458        0     1                 
80200464 80200464        0     1                 
80200464 80200464        0     1                 
80200468 80200468        0     1                 
8020046c 8020046c        0     1                 
8020046c 8020046c        0     1                 
8020047a 8020047a        0     1                 
80200498 80200498        0     1                 
80200498 80200498        0     1                 
80200498 80200498       f0     4         build/SBI.o:(.text)
80200498 80200498        0     1                 
80200498 80200498        0     1                 
80200498 80200498        0     1                 
80200498 80200498        0     1                 
80200498 80200498        6     1                 sbi_call
8020049c 8020049c        0     1                 
8020049e 8020049e        0     1                 
8020049e 8020049e        0     1                 
8020049e 8020049e        0     1                 
8020049e 8020049e        0     1                 
8020049e 8020049e        0     1                 
8020049e 8020049e        0     1                 
8020049e 8020049e       14     1                 k_putchar
802004b0 802004b0        0     1                 
802004b0 802004b0        0     1                 
802004b2 802004b2        0     1                 
802004b2 802004b2        0     1                 
802004b2 802004b2        0     1                 
802004b2 802004b2        0     1                 
802004b2 802004b2        0     1                 
802004b2 802004b2       80     1                 k_readchar
802004b4 802004b4        0     1                 
802004b4 802004b4        0     1                 
802004b4 802004b4        0     1                 
802004b6 802004b6        0     1                 
802004b6 802004b6        0     1                 
802004ca 802004ca        0     1                 
802004ca 802004ca        0     1                 
802004ce 802004ce        0     1                 
802004d0 802004d0        0     1                 
802004d4 802004d4        0     1                 
802004d4 802004d4        0     1                 
802004e6 802004e6        0     1                 
802004e6 802004e6        0     1                 
802004ee 802004ee        0     1                 
802004ee 802004ee        0     1                 
80200500 80200500        0     1                 
80200500 80200500        0     1                 
80200524 80200524        0     1                 
80200526 80200526        0     1                 
80200526 80200526        0     1                 
80200528 80200528        0     1                 
80200532 80200532        0     1                 
80200532 80200532        0     1                 
80200532 80200532        0     1                 
80200532 80200532        0     1                 
80200532 80200532        0     1                 
80200532 80200532       56     1                 exit
80200534 80200534        0     1                 
80200536 80200536        0     1                 
80200538 80200538        0     1                 
80200548 80200548        0     1                 
80200548 80200548        0     1                 
80200550 80200550        0     1                 
80200550 80200550        0     1                 
80200562 80200562        0     1                 
80200562 80200562        0     1                 
80200586 80200586        0     1                 
80200588 80200588        0     1                 
80200588 80200588        0     1                 
80200588 80200588       28     4         build/mem.o:(.text)
80200588 80200588        0     1                 
80200588 80200588        0     1                 
80200588 80200588        0     1                 
80200588 80200588        0     1                 
80200588 80200588       14     1                 memset
8020058a 8020058a        0     1                 
8020058c 8020058c        0     1                 
8020058e 8020058e        0     1                 
80200592 80200592        0     1                 
80200596 80200596        0     1                 
80200598 80200598        0     1                 
8020059a 8020059a        0     1                 
8020059c 8020059c        0     1                 
8020059c 8020059c        0     1                 
8020059c 8020059c        0     1                 
8020059c 8020059c        0     1                 
8020059c 8020059c        0     1                 
8020059c 8020059c        0     1                 
8020059c 8020059c       14     1                 k_memcpy
8020059e 8020059e        0     1                 
802005a2 802005a2        0     1                 
802005a6 802005a6        0     1                 
802005a8 802005a8        0     1                 
802005aa 802005aa        0     1                 
802005ac 802005ac        0     1                 
802005ae 802005ae        0     1                 
802005ae 802005ae        0     1                 
802005b0 802005b0        0     1                 
802005b0 802005b0        0     1                 
802005b0 802005b0      29e     4         build/str.o:(.text)
802005b0 802005b0        0     1                 
802005b0 802005b0        0     1                 
802005b0 802005b0        0     1                 
802005b0 802005b0        0     1                 
802005b0 802005b0       28     1                 k_strncpy
802005b2 802005b2        0     1                 
802005b4 802005b4        0     1                 
802005bc 802005bc        0     1                 
802005be 802005be        0     1                 
802005c2 802005c2        0     1                 
802005c4 802005c4        0     1                 
802005c8 802005c8        0     1                 
802005cc 802005cc        0     1                 
802005d0 802005d0        0     1                 
802005d6 802005d6        0     1                 
802005d8 802005d8        0     1                 
802005d8 802005d8        0     1                 
802005d8 802005d8        0     1                 
802005d8 802005d8        0     1                 
802005d8 802005d8        0     1                 
802005d8 802005d8        0     1                 
802005d8 802005d8       2e     1                 k_strcmp
802005dc 802005dc        0     1                 
802005de 802005de        0     1                 
802005e0 802005e0        0     1                 
802005e4 802005e4        0     1                 
802005e6 802005e6        0     1                 
802005ea 802005ea        0     1                 
802005ee 802005ee        0     1                 
802005f2 802005f2        0     1                 
802005f4 802005f4        0     1                 
802005f8 802005f8        0     1                 
802005fa 802005fa        0     1                 
802005fe 802005fe        0     1                 
80200602 80200602        0     1                 
80200604 80200604        0     1                 
80200606 80200606        0     1                 
80200606 80200606        0     1                 
80200606 80200606        0     1                 
80200606 80200606        0     1                 
80200606 80200606        0     1                 
80200606 80200606      248     1                 k_sprintf
80200608 80200608        0     1                 
80200620 80200620        0     1                 
80200630 80200630        0     1                 
8020064e 8020064e        0     1                 
80200650 80200650        0     1                 
8020067a 8020067a        0     1                 
8020067c 8020067c        0     1                 
80200680 80200680        0     1                 
80200688 80200688        0     1                 
8020068e 8020068e        0     1                 
80200692 80200692        0     1                 
80200696 80200696        0     1                 
8020069e 8020069e        0     1                 
802006a8 802006a8        0     1                 .LBB2_7
802006a8 802006a8        0     1                 
802006bc 802006bc        0     1                 
802006c0 802006c0        0     1                 
802006c6 802006c6        0     1                 .LBB2_11
802006c6 802006c6        0     1                 
802006ca 802006ca        0     1                 
802006d4 802006d4        0     1                 
802006da 802006da        0     1                 .LBB2_12
802006da 802006da        0     1                 
802006ee 802006ee        0     1                 .LBB2_14
802006ee 802006ee        0     1                 
802006f6 802006f6        0     1                 
8020070a 8020070a        0     1                 .LBB2_16
8020070a 8020070a        0     1                 
8020071c 8020071c        0     1                 
8020071e 8020071e        0     1                 
80200722 80200722        0     1                 .LBB2_18
80200722 80200722        0     1                 
80200736 80200736        0     1                 .LBB2_20
80200736 80200736        0     1                 
8020074a 8020074a        0     1                 
8020074c 8020074c        0     1                 
80200750 80200750        0     1                 
8020075a 8020075a        0     1                 
80200766 80200766        0     1                 
80200766 80200766        0     1                 
8020076c 8020076c        0     1                 
8020076e 8020076e        0     1                 
80200770 80200770        0     1                 
80200774 80200774        0     1                 
80200778 80200778        0     1                 
8020077a 8020077a        0     1                 
80200780 80200780        0     1                 
80200780 80200780        0     1                 
80200784 80200784        0     1                 
80200790 80200790        0     1                 
80200790 80200790        0     1                 
80200796 80200796        0     1                 
8020079a 8020079a        0     1                 
8020079c 8020079c        0     1                 
802007a0 802007a0        0     1                 
802007a4 802007a4        0     1                 
802007a6 802007a6        0     1                 
802007ac 802007ac        0     1                 
802007ac 802007ac        0     1                 
802007b0 802007b0        0     1                 
802007b2 802007b2        0     1                 
802007b4 802007b4        0     1                 
802007ba 802007ba        0     1                 
802007c0 802007c0        0     1                 
802007c4 802007c4        0     1                 
802007c8 802007c8        0     1                 
802007ca 802007ca        0     1                 
802007d0 802007d0        0     1                 
802007d2 802007d2        0     1                 
802007de 802007de        0     1                 
802007de 802007de        0     1                 
802007e4 802007e4        0     1                 
802007e8 802007e8        0     1                 
802007ea 802007ea        0     1                 
802007ee 802007ee        0     1                 
802007f2 802007f2        0     1                 
802007f4 802007f4        0     1                 
802007fa 802007fa        0     1                 
802007fa 802007fa        0     1                 
802007fc 802007fc        0     1                 
80200806 80200806        0     1                 
80200812 80200812        0     1                 
80200812 80200812        0     1                 
80200818 80200818        0     1                 
8020081c 8020081c        0     1                 
8020081e 8020081e        0     1                 
80200822 80200822        0     1                 
80200826 80200826        0     1                 
80200828 80200828        0     1                 
8020082e 8020082e        0     1                 
8020082e 8020082e        0     1                 
80200832 80200832        0     1                 
8020084e 8020084e        0     1                 
8020084e 8020084e        0     1                 
80200850 80200850      176     4         build/oa.o:(.text)
80200850 80200850        0     1                 
80200850 80200850        0     1                 
80200850 80200850        0     1                 
80200850 80200850       7a     1                 utoa
80200852 80200852        0     1                 
80200852 80200852        0     1                 
80200854 80200854        0     1                 
8020085c 8020085c        0     1                 
8020085e 8020085e        0     1                 
80200862 80200862        0     1                 
80200868 80200868        0     1                 
8020086a 8020086a        0     1                 
8020086e 8020086e        0     1                 
80200870 80200870        0     1                 
8020087c 8020087c        0     1                 
8020088a 8020088a        0     1                 
8020088a 8020088a        0     1                 
8020089c 8020089c        0     1                 
802008a4 802008a4        0     1                 
802008a8 802008a8        0     1                 
802008ae 802008ae        0     1                 
802008b4 802008b4        0     1                 
802008b4 802008b4        0     1                 
802008b8 802008b8        0     1                 
802008be 802008be        0     1                 
802008c6 802008c6        0     1                 
802008ca 802008ca        0     1                 
802008ca 802008ca        0     1                 
802008ca 802008ca        0     1                 
802008ca 802008ca        0     1                 
802008ca 802008ca        0     1                 
802008ca 802008ca       fc     1                 itoa
802008cc 802008cc        0     1                 
802008ce 802008ce        0     1                 
802008da 802008da        0     1                 
802008de 802008de        0     1                 
802008e4 802008e4        0     1                 
802008e8 802008e8        0     1                 
802008f0 802008f0        0     1                 
802008fa 802008fa        0     1                 
80200900 80200900        0     1                 
80200908 80200908        0     1                 
8020090c 8020090c        0     1                 
80200910 80200910        0     1                 
80200912 80200912        0     1                 
80200916 80200916        0     1                 
8020091a 8020091a        0     1                 
8020091e 8020091e        0     1                 
8020091e 8020091e        0     1                 
8020092c 8020092c        0     1                 
8020092e 8020092e        0     1                 
80200936 80200936        0     1                 
8020093a 8020093a        0     1                 
80200940 80200940        0     1                 
80200944 80200944        0     1                 
80200944 80200944        0     1                 
8020094a 8020094a        0     1                 
8020094a 8020094a        0     1                 
8020094c 8020094c        0     1                 
80200954 80200954        0     1                 
80200956 80200956        0     1                 
8020095a 8020095a        0     1                 
80200960 80200960        0     1                 
80200962 80200962        0     1                 
80200966 80200966        0     1                 
80200968 80200968        0     1                 
80200974 80200974        0     1                 
80200982 80200982        0     1                 
80200982 80200982        0     1                 
80200994 80200994        0     1                 
8020099c 8020099c        0     1                 
802009a0 802009a0        0     1                 
802009a6 802009a6        0     1                 
802009ac 802009ac        0     1                 
802009ac 802009ac        0     1                 
802009b0 802009b0        0     1                 
802009b8 802009b8        0     1                 
802009be 802009be        0     1                 
802009c2 802009c2        0     1                 
802009c6 802009c6        0     1                 
802009c6 802009c6        0     1                 
802009c8 802009c8      280     4         build/memory.o:(.text)
802009c8 802009c8        0     1                 
802009c8 802009c8        0     1                 
802009c8 802009c8        0     1                 
802009c8 802009c8        0     1                 
802009c8 802009c8       12     1                 init_memory
802009d8 802009d8        0     1                 
802009da 802009da        0     1                 
802009da 802009da        0     1                 
802009da 802009da        0     1                 
802009da 802009da        0     1                 
802009da 802009da        0     1                 
802009da 802009da       60     1                 pageframalloc
802009dc 802009dc        0     1                 
802009dc 802009dc        0     1                 
802009e0 802009e0        0     1                 
802009e8 802009e8        0     1                 
802009ec 802009ec        0     1                 
802009f0 802009f0        0     1                 
802009f8 802009f8        0     1                 
802009fc 802009fc        0     1                 
80200a00 80200a00        0     1                 
80200a22 80200a22        0     1                 
80200a24 80200a24        0     1                 
80200a30 80200a30        0     1                 
80200a30 80200a30        0     1                 
80200a3a 80200a3a        0     1                 
80200a3a 80200a3a        0     1                 
80200a3a 80200a3a        0     1                 
80200a3a 80200a3a        0     1                 
80200a3a 80200a3a        0     1                 
80200a3a 80200a3a      18a     1                 add_ptbl_entry
80200a3c 80200a3c        0     1                 
80200a4a 80200a4a        0     1                 
80200a54 80200a54        0     1                 
80200a5c 80200a5c        0     1                 
80200a6c 80200a6c        0     1                 
80200a6c 80200a6c        0     1                 
80200a7e 80200a7e        0     1                 
80200a7e 80200a7e        0     1                 
80200a90 80200a90        0     1                 
80200a90 80200a90        0     1                 
80200aa0 80200aa0        0     1                 
80200aa0 80200aa0        0     1                 
80200ac4 80200ac4        0     1                 
80200ac6 80200ac6        0     1                 
80200ac8 80200ac8        0     1                 
80200acc 80200acc        0     1                 
80200ace 80200ace        0     1                 
80200ad2 80200ad2        0     1                 
80200ad6 80200ad6        0     1                 
80200ada 80200ada        0     1                 
80200adc 80200adc        0     1                 
80200adc 80200adc        0     1                 
80200ae4 80200ae4        0     1                 
80200ae6 80200ae6        0     1                 
80200ae8 80200ae8        0     1                 
80200af0 80200af0        0     1                 
80200af4 80200af4        0     1                 
80200af8 80200af8        0     1                 
80200b1a 80200b1a        0     1                 
80200b1c 80200b1c        0     1                 
80200b2a 80200b2a        0     1                 
80200b2a 80200b2a        0     1                 
80200b2e 80200b2e        0     1                 
80200b32 80200b32        0     1                 
80200b34 80200b34        0     1                 
80200b58 80200b58        0     1                 
80200b5a 80200b5a        0     1                 
80200b7e 80200b7e        0     1                 
80200b80 80200b80        0     1                 
80200b88 80200b88        0     1                 
80200b8c 80200b8c        0     1                 
80200b90 80200b90        0     1                 
80200b90 80200b90        0     1                 
80200b94 80200b94        0     1                 
80200ba0 80200ba0        0     1                 
80200ba8 80200ba8        0     1                 
80200bb0 80200bb0        0     1                 
80200bb2 80200bb2        0     1                 
80200bc4 80200bc4        0     1                 
80200bc4 80200bc4        0     1                 
80200bc4 80200bc4        0     1                 
80200bc4 80200bc4        0     1                 
80200bc4 80200bc4        0     1                 
80200bc4 80200bc4        0     1                 
80200bc4 80200bc4       84     1                 free_proc_pages
80200bc6 80200bc6        0     1                 
80200be0 80200be0        0     1                 
80200be0 80200be0        0     1                 
80200be2 80200be2        0     1                 
80200be6 80200be6        0     1                 
80200be6 80200be6        0     1                 
80200bf2 80200bf2        0     1                 
80200bf6 80200bf6        0     1                 
80200bf8 80200bf8        0     1                 
80200bfe 80200bfe        0     1                 
80200c06 80200c06        0     1                 
80200c06 80200c06        0     1                 
80200c0a 80200c0a        0     1                 
80200c0c 80200c0c        0     1                 
80200c0c 80200c0c        0     1                 
80200c0e 80200c0e        0     1                 
80200c16 80200c16        0     1                 
80200c1a 80200c1a        0     1                 
80200c26 80200c26        0     1                 
80200c2a 80200c2a        0     1                 
80200c30 80200c30        0     1                 
80200c30 80200c30        0     1                 
80200c3c 80200c3c        0     1                 
80200c40 80200c40        0     1                 
80200c46 80200c46        0     1                 
80200c46 80200c46        0     1                 
80200c48 80200c48        0     1                 
80200c48 80200c48        0     1                 
80200c48 80200c48      3d4     4         build/trap_k.o:(.text)
80200c48 80200c48        0     1                 
80200c48 80200c48        0     1                 
80200c48 80200c48        0     1                 
80200c48 80200c48      2d0     1                 handle_syscall
80200c4a 80200c4a        0     1                 
80200c4e 80200c4e        0     1                 
80200c50 80200c50        0     1                 
80200c6e 80200c6e        0     1                 
80200c78 80200c78        0     1                 
80200cca 80200cca        0     1                 .LBB0_2
80200cca 80200cca        0     1                 
80200cd6 80200cd6        0     1                 
80200cd6 80200cd6        0     1                 
80200ce8 80200ce8        0     1                 .LBB0_3
80200ce8 80200ce8        0     1                 
80200cf0 80200cf0        0     1                 
80200cf0 80200cf0        0     1                 
80200cfe 80200cfe        0     1                 .LBB0_4
80200cfe 80200cfe        0     1                 
80200d08 80200d08        0     1                 .LBB0_5
80200d08 80200d08        0     1                 
80200d12 80200d12        0     1                 
80200d14 80200d14        0     1                 .LBB0_6
80200d1c 80200d1c        0     1                 
80200d20 80200d20        0     1                 
80200d22 80200d22        0     1                 
80200d26 80200d26        0     1                 
80200d30 80200d30        0     1                 
80200d38 80200d38        0     1                 .LBB0_10
80200d38 80200d38        0     1                 
80200d42 80200d42        0     1                 
80200d42 80200d42        0     1                 
80200d44 80200d44        0     1                 .LBB0_11
80200d44 80200d44        0     1                 
80200d4e 80200d4e        0     1                 
80200d4e 80200d4e        0     1                 
80200d50 80200d50        0     1                 .LBB0_12
80200d50 80200d50        0     1                 
80200d5a 80200d5a        0     1                 
80200d62 80200d62        0     1                 .LBB0_13
80200d62 80200d62        0     1                 
80200d72 80200d72        0     1                 
80200d72 80200d72        0     1                 
80200d76 80200d76        0     1                 
80200d82 80200d82        0     1                 
80200d88 80200d88        0     1                 .LBB0_15
80200d88 80200d88        0     1                 
80200d94 80200d94        0     1                 
80200d94 80200d94        0     1                 
80200d96 80200d96        0     1                 .LBB0_16
80200d96 80200d96        0     1                 
80200db6 80200db6        0     1                 
80200dc0 80200dc0        0     1                 
80200dc8 80200dc8        0     1                 .LBB0_17
80200dc8 80200dc8        0     1                 
80200dd2 80200dd2        0     1                 
80200dda 80200dda        0     1                 .LBB0_18
80200dda 80200dda        0     1                 
80200de2 80200de2        0     1                 
80200dea 80200dea        0     1                 .LBB0_19
80200dea 80200dea        0     1                 
80200df4 80200df4        0     1                 
80200dfc 80200dfc        0     1                 .LBB0_20
80200dfc 80200dfc        0     1                 
80200e04 80200e04        0     1                 
80200e0c 80200e0c        0     1                 .LBB0_21
80200e0c 80200e0c        0     1                 
80200e16 80200e16        0     1                 
80200e16 80200e16        0     1                 
80200e18 80200e18        0     1                 .LBB0_22
80200e18 80200e18        0     1                 
80200e22 80200e22        0     1                 
80200e22 80200e22        0     1                 
80200e24 80200e24        0     1                 .LBB0_23
80200e24 80200e24        0     1                 
80200e2e 80200e2e        0     1                 
80200e2e 80200e2e        0     1                 
80200e30 80200e30        0     1                 .LBB0_24
80200e30 80200e30        0     1                 
80200e3a 80200e3a        0     1                 
80200e3a 80200e3a        0     1                 
80200e3c 80200e3c        0     1                 .LBB0_25
80200e3c 80200e3c        0     1                 
80200e46 80200e46        0     1                 
80200e46 80200e46        0     1                 
80200e48 80200e48        0     1                 
80200e48 80200e48        0     1                 .LBB0_26
80200e48 80200e48        0     1                 
80200e4c 80200e4c        0     1                 
80200e50 80200e50        0     1                 
80200e54 80200e54        0     1                 
80200e58 80200e58        0     1                 
80200e5c 80200e5c        0     1                 
80200e60 80200e60        0     1                 
80200e64 80200e64        0     1                 
80200e68 80200e68        0     1                 
80200e68 80200e68        0     1                 
80200e74 80200e74        0     1                 
80200e74 80200e74        0     1                 
80200e76 80200e76        0     1                 
80200e76 80200e76        0     1                 .LBB0_27
80200e76 80200e76        0     1                 
80200e7e 80200e7e        0     1                 
80200e86 80200e86        0     1                 .LBB0_28
80200e86 80200e86        0     1                 
80200e8e 80200e8e        0     1                 
80200e90 80200e90        0     1                 
80200eaa 80200eaa        0     1                 
80200eb2 80200eb2        0     1                 
80200eb4 80200eb4        0     1                 
80200eb8 80200eb8        0     1                 
80200ed6 80200ed6        0     1                 
80200ed8 80200ed8        0     1                 
80200edc 80200edc        0     1                 
80200eec 80200eec        0     1                 
80200eee 80200eee        0     1                 
80200ef0 80200ef0        0     1                 
80200ef4 80200ef4        0     1                 
80200ef6 80200ef6        0     1                 
80200ef8 80200ef8        0     1                 
80200f16 80200f16        0     1                 
80200f18 80200f18        0     1                 
80200f18 80200f18        0     1                 
80200f18 80200f18        0     1                 
80200f18 80200f18        0     1                 
80200f18 80200f18        0     1                 
80200f18 80200f18       68     1                 handle_trap
80200f1a 80200f1a        0     1                 
80200f1a 80200f1a        0     1                 
80200f1a 80200f1a        0     1                 
80200f1e 80200f1e        0     1                 
80200f22 80200f22        0     1                 
80200f22 80200f22        0     1                 
80200f26 80200f26        0     1                 
80200f26 80200f26        0     1                 
80200f2a 80200f2a        0     1                 
80200f2c 80200f2c        0     1                 
80200f2c 80200f2c        0     1                 
80200f30 80200f30        0     1                 
80200f38 80200f38        0     1                 
80200f38 80200f38        0     1                 
80200f3c 80200f3c        0     1                 
80200f40 80200f40        0     1                 
80200f48 80200f48        0     1                 
80200f5a 80200f5a        0     1                 
80200f5a 80200f5a        0     1                 
80200f7e 80200f7e        0     1                 
80200f80 80200f80        0     1                 
80200f80 80200f80        0     1                 
80200f80 80200f80        0     1                 
80200f80 80200f80        0     1                 
80200f80 80200f80        0     1                 
80200f80 80200f80        0     1                 
80200f80 80200f80       9c     1                 switch_trap
8020101c 8020101c        0     1                 
8020101c 8020101c        0     1                 
8020101c 8020101c      34c     4         build/pcb_k.o:(.text)
8020101c 8020101c        0     1                 
8020101c 8020101c        0     1                 
8020101c 8020101c        0     1                 
8020101c 8020101c       3c     1                 switch_umode
8020101e 8020101e        0     1                 
80201020 80201020        0     1                 
80201028 80201028        0     1                 
80201034 80201034        0     1                 
80201056 80201056        0     1                 
80201058 80201058        0     1                 
80201058 80201058        0     1                 
80201058 80201058        0     1                 
80201058 80201058        0     1                 
80201058 80201058        0     1                 
80201058 80201058      2dc     1                 spawn_proc
8020105a 8020105a        0     1                 
8020106e 8020106e        0     1                 
80201076 80201076        0     1                 
8020107a 8020107a        0     1                 
8020107c 8020107c        0     1                 
8020107e 8020107e        0     1                 
80201082 80201082        0     1                 
80201084 80201084        0     1                 
80201090 80201090        0     1                 
80201094 80201094        0     1                 
80201096 80201096        0     1                 
8020109a 8020109a        0     1                 
8020109e 8020109e        0     1                 
802010a0 802010a0        0     1                 
802010b0 802010b0        0     1                 
802010b2 802010b2        0     1                 
802010b4 802010b4        0     1                 
802010ba 802010ba        0     1                 
802010bc 802010bc        0     1                 
802010be 802010be        0     1                 
802010ce 802010ce        0     1                 
802010d0 802010d0        0     1                 
802010d2 802010d2        0     1                 
802010d8 802010d8        0     1                 
802010da 802010da        0     1                 
802010dc 802010dc        0     1                 
802010ec 802010ec        0     1                 
802010ee 802010ee        0     1                 
802010f0 802010f0        0     1                 
802010f6 802010f6        0     1                 
802010f8 802010f8        0     1                 
802010fa 802010fa        0     1                 
8020110a 8020110a        0     1                 
8020110c 8020110c        0     1                 
8020110e 8020110e        0     1                 
80201114 80201114        0     1                 
80201116 80201116        0     1                 
80201118 80201118        0     1                 
80201136 80201136        0     1                 
80201138 80201138        0     1                 
8020116a 8020116a        0     1                 
80201172 80201172        0     1                 
80201176 80201176        0     1                 
8020117a 8020117a        0     1                 
80201188 80201188        0     1                 
80201188 80201188        0     1                 
8020118a 8020118a        0     1                 
8020118e 8020118e        0     1                 
8020118e 8020118e        0     1                 
802011be 802011be        0     1                 
802011be 802011be        0     1                 
802011c2 802011c2        0     1                 
802011c6 802011c6        0     1                 
802011c8 802011c8        0     1                 
802011d0 802011d0        0     1                 
802011da 802011da        0     1                 
802011de 802011de        0     1                 
802011e8 802011e8        0     1                 
802011ea 802011ea        0     1                 
802011ee 802011ee        0     1                 
802011fe 802011fe        0     1                 
80201200 80201200        0     1                 
80201202 80201202        0     1                 
8020120c 8020120c        0     1                 
8020120c 8020120c        0     1                 
8020120e 8020120e        0     1                 
80201210 80201210        0     1                 
80201220 80201220        0     1                 
80201224 80201224        0     1                 
80201228 80201228        0     1                 
80201236 80201236        0     1                 
80201236 80201236        0     1                 
8020123c 8020123c        0     1                 
80201240 80201240        0     1                 
80201254 80201254        0     1                 
80201258 80201258        0     1                 
80201266 80201266        0     1                 
80201266 80201266        0     1                 
80201268 80201268        0     1                 
8020126c 8020126c        0     1                 
80201274 80201274        0     1                 
80201278 80201278        0     1                 
80201284 80201284        0     1                 
80201288 80201288        0     1                 
80201292 80201292        0     1                 
80201292 80201292        0     1                 
80201296 80201296        0     1                 
8020129a 8020129a        0     1                 
802012a6 802012a6        0     1                 
802012a6 802012a6        0     1                 
802012a8 802012a8        0     1                 
802012b0 802012b0        0     1                 
802012b4 802012b4        0     1                 
802012be 802012be        0     1                 
802012be 802012be        0     1                 
802012c2 802012c2        0     1                 
802012c8 802012c8        0     1                 
802012ca 802012ca        0     1                 
802012ce 802012ce        0     1                 
802012e8 802012e8        0     1                 
8020130c 8020130c        0     1                 
8020130e 8020130e        0     1                 
80201332 80201332        0     1                 
80201334 80201334        0     1                 
80201334 80201334        0     1                 
80201334 80201334        0     1                 
80201334 80201334        0     1                 
80201334 80201334        0     1                 
80201334 80201334        0     1                 
80201334 80201334       34     1                 free_proc
80201336 80201336        0     1                 
80201338 80201338        0     1                 
8020133a 8020133a        0     1                 
8020133c 8020133c        0     1                 
8020133e 8020133e        0     1                 
80201342 80201342        0     1                 
80201346 80201346        0     1                 
8020134a 8020134a        0     1                 
8020134e 8020134e        0     1                 
80201352 80201352        0     1                 
80201356 80201356        0     1                 
8020135a 8020135a        0     1                 
8020135e 8020135e        0     1                 
80201366 80201366        0     1                 
80201368 80201368        0     1                 
80201368 80201368        0     1                 
80201368 80201368      3f6     4         build/program_k.o:(.text)
80201368 80201368        0     1                 
80201368 80201368        0     1                 
80201368 80201368        0     1                 
80201368 80201368        0     1                 
80201368 80201368       46     1                 switch_proc
802013ae 802013ae        0     1                 
802013ae 802013ae        0     1                 
802013ae 802013ae        0     1                 
802013ae 802013ae        0     1                 
802013ae 802013ae        0     1                 
802013ae 802013ae        0     1                 
802013ae 802013ae       14     1                 Flush_TLB
802013b0 802013b0        0     1                 
802013b2 802013b2        0     1                 
802013b6 802013b6        0     1                 
802013b8 802013b8        0     1                 
802013c0 802013c0        0     1                 
802013c2 802013c2        0     1                 
802013c2 802013c2        0     1                 
802013c2 802013c2        0     1                 
802013c2 802013c2        0     1                 
802013c2 802013c2        0     1                 
802013c2 802013c2       9e     1                 k_sp
802013c4 802013c4        0     1                 
802013c4 802013c4        0     1                 
802013d2 802013d2        0     1                 
802013e2 802013e2        0     1                 
802013e2 802013e2        0     1                 
80201408 80201408        0     1                 
80201408 80201408        0     1                 
8020140a 8020140a        0     1                 
80201416 80201416        0     1                 
80201416 80201416        0     1                 
80201424 80201424        0     1                 
80201424 80201424        0     1                 
80201426 80201426        0     1                 
8020142a 8020142a        0     1                 
8020142e 8020142e        0     1                 
80201430 80201430        0     1                 
80201432 80201432        0     1                 
8020143e 8020143e        0     1                 
8020143e 8020143e        0     1                 
80201440 80201440        0     1                 
80201440 80201440        0     1                 
80201458 80201458        0     1                 
80201460 80201460        0     1                 
80201460 80201460        0     1                 
80201460 80201460        0     1                 
80201460 80201460        0     1                 
80201460 80201460        0     1                 
80201460 80201460        0     1                 
80201460 80201460      2fe     1                 yield
80201468 80201468        0     1                 
8020146e 8020146e        0     1                 
80201472 80201472        0     1                 
80201478 80201478        0     1                 
8020147c 8020147c        0     1                 
8020147e 8020147e        0     1                 
80201482 80201482        0     1                 
80201486 80201486        0     1                 
80201488 80201488        0     1                 
80201490 80201490        0     1                 
80201490 80201490        0     1                 
802014a0 802014a0        0     1                 
802014a2 802014a2        0     1                 
802014a6 802014a6        0     1                 
802014b6 802014b6        0     1                 
802014ba 802014ba        0     1                 
802014c6 802014c6        0     1                 
802014d6 802014d6        0     1                 
802014d8 802014d8        0     1                 
802014dc 802014dc        0     1                 
802014ee 802014ee        0     1                 
802014f2 802014f2        0     1                 
802014f6 802014f6        0     1                 
80201504 80201504        0     1                 
80201506 80201506        0     1                 
8020150a 8020150a        0     1                 
8020151c 8020151c        0     1                 
80201520 80201520        0     1                 
80201528 80201528        0     1                 
8020152c 8020152c        0     1                 
8020153c 8020153c        0     1                 
8020153e 8020153e        0     1                 
80201542 80201542        0     1                 
80201554 80201554        0     1                 
80201558 80201558        0     1                 
8020155c 8020155c        0     1                 
8020156a 8020156a        0     1                 
8020156c 8020156c        0     1                 
80201570 80201570        0     1                 
80201582 80201582        0     1                 
80201586 80201586        0     1                 
8020158e 8020158e        0     1                 
80201592 80201592        0     1                 
802015a2 802015a2        0     1                 
802015a4 802015a4        0     1                 
802015a8 802015a8        0     1                 
802015ba 802015ba        0     1                 
802015be 802015be        0     1                 
802015c2 802015c2        0     1                 
802015d0 802015d0        0     1                 
802015d2 802015d2        0     1                 
802015d6 802015d6        0     1                 
802015e8 802015e8        0     1                 
802015ec 802015ec        0     1                 
802015f4 802015f4        0     1                 
802015f8 802015f8        0     1                 
80201608 80201608        0     1                 
8020160a 8020160a        0     1                 
8020160e 8020160e        0     1                 
80201620 80201620        0     1                 
80201624 80201624        0     1                 
80201628 80201628        0     1                 
80201636 80201636        0     1                 
80201638 80201638        0     1                 
8020163c 8020163c        0     1                 
8020164e 8020164e        0     1                 
80201652 80201652        0     1                 
8020165a 8020165a        0     1                 
8020165e 8020165e        0     1                 
8020166e 8020166e        0     1                 
80201670 80201670        0     1                 
80201674 80201674        0     1                 
80201686 80201686        0     1                 
8020168a 8020168a        0     1                 
8020168e 8020168e        0     1                 
8020169c 8020169c        0     1                 
8020169e 8020169e        0     1                 
802016a2 802016a2        0     1                 
802016b4 802016b4        0     1                 
802016b8 802016b8        0     1                 
802016c4 802016c4        0     1                 
802016d4 802016d4        0     1                 
802016d6 802016d6        0     1                 
802016da 802016da        0     1                 
802016ec 802016ec        0     1                 
802016f0 802016f0        0     1                 
802016f0 802016f0        0     1                 
80201702 80201702        0     1                 
80201704 80201704        0     1                 
80201708 80201708        0     1                 
8020170c 8020170c        0     1                 
80201710 80201710        0     1                 
80201718 80201718        0     1                 
8020171a 8020171a        0     1                 
8020171c 8020171c        0     1                 
8020171e 8020171e        0     1                 
80201720 80201720        0     1                 
80201724 80201724        0     1                 
80201726 80201726        0     1                 
8020172a 8020172a        0     1                 
8020172c 8020172c        0     1                 
80201734 80201734        0     1                 
80201734 80201734        0     1                 
8020173c 8020173c        0     1                 
80201744 80201744        0     1                 
80201748 80201748        0     1                 
8020174a 8020174a        0     1                 
8020174e 8020174e        0     1                 
80201756 80201756        0     1                 
8020175a 8020175a        0     1                 
8020175e 8020175e        0     1                 
8020175e 8020175e        0     1                 
80201760 80201760      2c2     4         build/app.o:(.text)
80201760 80201760        0     1                 
80201760 80201760        0     1                 
80201760 80201760        0     1                 
80201760 80201760      110     1                 init_app
80201762 80201762        0     1                 
80201764 80201764        0     1                 
80201766 80201766        0     1                 
80201766 80201766        0     1                 
8020176a 8020176a        0     1                 
8020176e 8020176e        0     1                 
80201772 80201772        0     1                 
80201776 80201776        0     1                 
8020177a 8020177a        0     1                 
8020177e 8020177e        0     1                 
80201782 80201782        0     1                 
80201786 80201786        0     1                 
8020178a 8020178a        0     1                 
8020178c 8020178c        0     1                 
80201790 80201790        0     1                 
80201794 80201794        0     1                 
80201798 80201798        0     1                 
8020179c 8020179c        0     1                 
802017a2 802017a2        0     1                 
802017a2 802017a2        0     1                 
802017aa 802017aa        0     1                 
802017ac 802017ac        0     1                 
802017ae 802017ae        0     1                 
802017b0 802017b0        0     1                 
802017b2 802017b2        0     1                 
802017ba 802017ba        0     1                 
802017bc 802017bc        0     1                 
802017be 802017be        0     1                 
802017c0 802017c0        0     1                 
802017c2 802017c2        0     1                 
802017ca 802017ca        0     1                 
802017cc 802017cc        0     1                 
802017ce 802017ce        0     1                 
802017d0 802017d0        0     1                 
802017d2 802017d2        0     1                 
802017da 802017da        0     1                 
802017dc 802017dc        0     1                 
802017de 802017de        0     1                 
802017e0 802017e0        0     1                 
802017e2 802017e2        0     1                 
802017ea 802017ea        0     1                 
802017ee 802017ee        0     1                 
802017f0 802017f0        0     1                 
802017f4 802017f4        0     1                 
802017f6 802017f6        0     1                 
80201810 80201810        0     1                 
80201812 80201812        0     1                 
80201840 80201840        0     1                 
8020186a 8020186a        0     1                 
80201870 80201870        0     1                 
80201870 80201870        0     1                 
80201870 80201870        0     1                 
80201870 80201870        0     1                 
80201870 80201870        0     1                 
80201870 80201870       4c     1                 start_app
80201872 80201872        0     1                 
80201874 80201874        0     1                 
80201878 80201878        0     1                 
8020187c 8020187c        0     1                 
8020188c 8020188c        0     1                 
8020188e 8020188e        0     1                 
80201890 80201890        0     1                 
80201898 80201898        0     1                 
80201898 80201898        0     1                 
8020189a 8020189a        0     1                 
802018a0 802018a0        0     1                 
802018ba 802018ba        0     1                 
802018bc 802018bc        0     1                 
802018bc 802018bc        0     1                 
802018bc 802018bc        0     1                 
802018bc 802018bc        0     1                 
802018bc 802018bc        0     1                 
802018bc 802018bc      104     1                 get_app_id
802018be 802018be        0     1                 
802018c4 802018c4        0     1                 
802018c6 802018c6        0     1                 
802018c6 802018c6        0     1                 
802018da 802018da        0     1                 
802018da 802018da        0     1                 
802018dc 802018dc        0     1                 
802018e0 802018e0        0     1                 
802018ea 802018ea        0     1                 
802018ea 802018ea        0     1                 
802018ec 802018ec        0     1                 
802018f8 802018f8        0     1                 
80201902 80201902        0     1                 
80201902 80201902        0     1                 
80201904 80201904        0     1                 
80201908 80201908        0     1                 
80201912 80201912        0     1                 
80201912 80201912        0     1                 
80201914 80201914        0     1                 
80201920 80201920        0     1                 
8020192a 8020192a        0     1                 
8020192a 8020192a        0     1                 
8020192c 8020192c        0     1                 
80201930 80201930        0     1                 
8020193a 8020193a        0     1                 
8020193a 8020193a        0     1                 
8020193c 8020193c        0     1                 
80201948 80201948        0     1                 
80201952 80201952        0     1                 
80201952 80201952        0     1                 
80201954 80201954        0     1                 
80201958 80201958        0     1                 
80201962 80201962        0     1                 
80201962 80201962        0     1                 
80201964 80201964        0     1                 
80201970 80201970        0     1                 
8020197a 8020197a        0     1                 
8020197a 8020197a        0     1                 
8020197c 8020197c        0     1                 
80201980 80201980        0     1                 
8020198a 8020198a        0     1                 
8020198e 8020198e        0     1                 
80201990 80201990        0     1                 
80201990 80201990        0     1                 
802019b6 802019b6        0     1                 
802019c0 802019c0        0     1                 
802019c0 802019c0        0     1                 
802019c0 802019c0        0     1                 
802019c0 802019c0        0     1                 
802019c0 802019c0        0     1                 
802019c0 802019c0       62     1                 get_app_name
802019c2 802019c2        0     1                 
802019c4 802019c4        0     1                 
802019c8 802019c8        0     1                 
802019cc 802019cc        0     1                 
802019e8 802019e8        0     1                 
802019ea 802019ea        0     1                 
802019f8 802019f8        0     1                 
80201a1c 80201a1c        0     1                 
80201a22 80201a22        0     1                 
80201a22 80201a22        0     1                 
80201a24 80201a24      608     4         build/sockets.o:(.text)
80201a24 80201a24        0     1                 
80201a24 80201a24        0     1                 
80201a24 80201a24        0     1                 
80201a24 80201a24       4e     1                 read_rsocket
80201a26 80201a26        0     1                 
80201a28 80201a28        0     1                 
80201a2c 80201a2c        0     1                 
80201a30 80201a30        0     1                 
80201a4a 80201a4a        0     1                 
80201a4c 80201a4c        0     1                 
80201a54 80201a54        0     1                 
80201a68 80201a68        0     1                 
80201a6c 80201a6c        0     1                 
80201a72 80201a72        0     1                 
80201a72 80201a72        0     1                 
80201a72 80201a72        0     1                 
80201a72 80201a72        0     1                 
80201a72 80201a72        0     1                 
80201a72 80201a72       4c     1                 write_rsocket
80201a74 80201a74        0     1                 
80201a76 80201a76        0     1                 
80201a7a 80201a7a        0     1                 
80201a7e 80201a7e        0     1                 
80201a98 80201a98        0     1                 
80201a9a 80201a9a        0     1                 
80201aa8 80201aa8        0     1                 
80201ab4 80201ab4        0     1                 
80201ab8 80201ab8        0     1                 
80201abe 80201abe        0     1                 
80201abe 80201abe        0     1                 
80201abe 80201abe        0     1                 
80201abe 80201abe        0     1                 
80201abe 80201abe        0     1                 
80201abe 80201abe       7e     1                 read_socket
80201ac0 80201ac0        0     1                 
80201ac2 80201ac2        0     1                 
80201ac6 80201ac6        0     1                 
80201aca 80201aca        0     1                 
80201ae6 80201ae6        0     1                 
80201ae8 80201ae8        0     1                 
80201aee 80201aee        0     1                 
80201af2 80201af2        0     1                 
80201b0c 80201b0c        0     1                 
80201b0e 80201b0e        0     1                 
80201b16 80201b16        0     1                 
80201b1a 80201b1a        0     1                 
80201b1c 80201b1c        0     1                 
80201b32 80201b32        0     1                 
80201b36 80201b36        0     1                 
80201b3c 80201b3c        0     1                 
80201b3c 80201b3c        0     1                 
80201b3c 80201b3c        0     1                 
80201b3c 80201b3c        0     1                 
80201b3c 80201b3c        0     1                 
80201b3c 80201b3c       7c     1                 write_socket
80201b3e 80201b3e        0     1                 
80201b40 80201b40        0     1                 
80201b44 80201b44        0     1                 
80201b48 80201b48        0     1                 
80201b62 80201b62        0     1                 
80201b64 80201b64        0     1                 
80201b6a 80201b6a        0     1                 
80201b6e 80201b6e        0     1                 
80201b8a 80201b8a        0     1                 
80201b8c 80201b8c        0     1                 
80201b90 80201b90        0     1                 
80201b92 80201b92        0     1                 
80201b9e 80201b9e        0     1                 
80201ba0 80201ba0        0     1                 
80201bae 80201bae        0     1                 
80201bb2 80201bb2        0     1                 
80201bb8 80201bb8        0     1                 
80201bb8 80201bb8        0     1                 
80201bb8 80201bb8        0     1                 
80201bb8 80201bb8        0     1                 
80201bb8 80201bb8        0     1                 
80201bb8 80201bb8       60     1                 claim_rsocket
80201bba 80201bba        0     1                 
80201bbc 80201bbc        0     1                 
80201bc0 80201bc0        0     1                 
80201bc4 80201bc4        0     1                 
80201be0 80201be0        0     1                 
80201be2 80201be2        0     1                 
80201bf6 80201bf6        0     1                 
80201bf8 80201bf8        0     1                 
80201bfa 80201bfa        0     1                 
80201c02 80201c02        0     1                 
80201c08 80201c08        0     1                 
80201c0c 80201c0c        0     1                 
80201c0e 80201c0e        0     1                 
80201c12 80201c12        0     1                 
80201c18 80201c18        0     1                 
80201c18 80201c18        0     1                 
80201c18 80201c18        0     1                 
80201c18 80201c18        0     1                 
80201c18 80201c18        0     1                 
80201c18 80201c18       60     1                 claim_socket
80201c1a 80201c1a        0     1                 
80201c1c 80201c1c        0     1                 
80201c20 80201c20        0     1                 
80201c24 80201c24        0     1                 
80201c40 80201c40        0     1                 
80201c42 80201c42        0     1                 
80201c56 80201c56        0     1                 
80201c58 80201c58        0     1                 
80201c5a 80201c5a        0     1                 
80201c62 80201c62        0     1                 
80201c68 80201c68        0     1                 
80201c6c 80201c6c        0     1                 
80201c6e 80201c6e        0     1                 
80201c72 80201c72        0     1                 
80201c78 80201c78        0     1                 
80201c78 80201c78        0     1                 
80201c78 80201c78        0     1                 
80201c78 80201c78        0     1                 
80201c78 80201c78        0     1                 
80201c78 80201c78       42     1                 unclaim_rsocket
80201c7a 80201c7a        0     1                 
80201c7c 80201c7c        0     1                 
80201c80 80201c80        0     1                 
80201c84 80201c84        0     1                 
80201ca0 80201ca0        0     1                 
80201ca2 80201ca2        0     1                 
80201cb0 80201cb0        0     1                 
80201cb4 80201cb4        0     1                 
80201cba 80201cba        0     1                 
80201cba 80201cba        0     1                 
80201cba 80201cba        0     1                 
80201cba 80201cba        0     1                 
80201cba 80201cba        0     1                 
80201cba 80201cba       42     1                 unclaim_socket
80201cbc 80201cbc        0     1                 
80201cbe 80201cbe        0     1                 
80201cc2 80201cc2        0     1                 
80201cc6 80201cc6        0     1                 
80201ce2 80201ce2        0     1                 
80201ce4 80201ce4        0     1                 
80201cf2 80201cf2        0     1                 
80201cf6 80201cf6        0     1                 
80201cfc 80201cfc        0     1                 
80201cfc 80201cfc        0     1                 
80201cfc 80201cfc        0     1                 
80201cfc 80201cfc        0     1                 
80201cfc 80201cfc        0     1                 
80201cfc 80201cfc      13c     1                 find_free_rsocket
80201cfe 80201cfe        0     1                 
80201cfe 80201cfe        0     1                 
80201d00 80201d00        0     1                 
80201d08 80201d08        0     1                 
80201d0a 80201d0a        0     1                 
80201d0c 80201d0c        0     1                 
80201d0c 80201d0c        0     1                 
80201d10 80201d10        0     1                 
80201d18 80201d18        0     1                 
80201d1e 80201d1e        0     1                 
80201d22 80201d22        0     1                 
80201d28 80201d28        0     1                 
80201d2c 80201d2c        0     1                 
80201d34 80201d34        0     1                 
80201d3a 80201d3a        0     1                 
80201d3e 80201d3e        0     1                 
80201d44 80201d44        0     1                 
80201d48 80201d48        0     1                 
80201d50 80201d50        0     1                 
80201d56 80201d56        0     1                 
80201d5a 80201d5a        0     1                 
80201d60 80201d60        0     1                 
80201d64 80201d64        0     1                 
80201d6c 80201d6c        0     1                 
80201d72 80201d72        0     1                 
80201d76 80201d76        0     1                 
80201d7c 80201d7c        0     1                 
80201d80 80201d80        0     1                 
80201d84 80201d84        0     1                 
80201d8a 80201d8a        0     1                 
80201d8e 80201d8e        0     1                 
80201d8e 80201d8e        0     1                 
80201dac 80201dac        0     1                 
80201dae 80201dae        0     1                 
80201dae 80201dae        0     1                 
80201db0 80201db0        0     1                 
80201db8 80201db8        0     1                 
80201dbc 80201dbc        0     1                 
80201dbe 80201dbe        0     1                 
80201dc2 80201dc2        0     1                 
80201dc4 80201dc4        0     1                 
80201dcc 80201dcc        0     1                 
80201dd0 80201dd0        0     1                 
80201dd2 80201dd2        0     1                 
80201dd6 80201dd6        0     1                 
80201dd8 80201dd8        0     1                 
80201de0 80201de0        0     1                 
80201de4 80201de4        0     1                 
80201de6 80201de6        0     1                 
80201dea 80201dea        0     1                 
80201dec 80201dec        0     1                 
80201df4 80201df4        0     1                 
80201df8 80201df8        0     1                 
80201dfa 80201dfa        0     1                 
80201dfe 80201dfe        0     1                 
80201e00 80201e00        0     1                 
80201e04 80201e04        0     1                 
80201e0a 80201e0a        0     1                 
80201e0c 80201e0c        0     1                 
80201e0c 80201e0c        0     1                 
80201e12 80201e12        0     1                 
80201e18 80201e18        0     1                 
80201e38 80201e38        0     1                 
80201e38 80201e38        0     1                 
80201e38 80201e38        0     1                 
80201e38 80201e38        0     1                 
80201e38 80201e38        0     1                 
80201e38 80201e38      13c     1                 find_free_socket
80201e3a 80201e3a        0     1                 
80201e3a 80201e3a        0     1                 
80201e3c 80201e3c        0     1                 
80201e44 80201e44        0     1                 
80201e46 80201e46        0     1                 
80201e48 80201e48        0     1                 
80201e48 80201e48        0     1                 
80201e4c 80201e4c        0     1                 
80201e54 80201e54        0     1                 
80201e5a 80201e5a        0     1                 
80201e5e 80201e5e        0     1                 
80201e64 80201e64        0     1                 
80201e68 80201e68        0     1                 
80201e70 80201e70        0     1                 
80201e76 80201e76        0     1                 
80201e7a 80201e7a        0     1                 
80201e80 80201e80        0     1                 
80201e84 80201e84        0     1                 
80201e8c 80201e8c        0     1                 
80201e92 80201e92        0     1                 
80201e96 80201e96        0     1                 
80201e9c 80201e9c        0     1                 
80201ea0 80201ea0        0     1                 
80201ea8 80201ea8        0     1                 
80201eae 80201eae        0     1                 
80201eb2 80201eb2        0     1                 
80201eb8 80201eb8        0     1                 
80201ebc 80201ebc        0     1                 
80201ec0 80201ec0        0     1                 
80201ec6 80201ec6        0     1                 
80201eca 80201eca        0     1                 
80201eca 80201eca        0     1                 
80201ee8 80201ee8        0     1                 
80201eea 80201eea        0     1                 
80201eea 80201eea        0     1                 
80201eec 80201eec        0     1                 
80201ef4 80201ef4        0     1                 
80201ef8 80201ef8        0     1                 
80201efa 80201efa        0     1                 
80201efe 80201efe        0     1                 
80201f00 80201f00        0     1                 
80201f08 80201f08        0     1                 
80201f0c 80201f0c        0     1                 
80201f0e 80201f0e        0     1                 
80201f12 80201f12        0     1                 
80201f14 80201f14        0     1                 
80201f1c 80201f1c        0     1                 
80201f20 80201f20        0     1                 
80201f22 80201f22        0     1                 
80201f26 80201f26        0     1                 
80201f28 80201f28        0     1                 
80201f30 80201f30        0     1                 
80201f34 80201f34        0     1                 
80201f36 80201f36        0     1                 
80201f3a 80201f3a        0     1                 
80201f3c 80201f3c        0     1                 
80201f40 80201f40        0     1                 
80201f46 80201f46        0     1                 
80201f48 80201f48        0     1                 
80201f48 80201f48        0     1                 
80201f4e 80201f4e        0     1                 
80201f54 80201f54        0     1                 
80201f74 80201f74        0     1                 
80201f74 80201f74        0     1                 
80201f74 80201f74        0     1                 
80201f74 80201f74        0     1                 
80201f74 80201f74        0     1                 
80201f74 80201f74       5c     1                 info_rsocket
80201f76 80201f76        0     1                 
80201f78 80201f78        0     1                 
80201f7c 80201f7c        0     1                 
80201f80 80201f80        0     1                 
80201f9c 80201f9c        0     1                 
80201f9e 80201f9e        0     1                 
80201fac 80201fac        0     1                 
80201fb0 80201fb0        0     1                 
80201fb4 80201fb4        0     1                 
80201fb6 80201fb6        0     1                 
80201fba 80201fba        0     1                 
80201fbc 80201fbc        0     1                 
80201fc0 80201fc0        0     1                 
80201fc2 80201fc2        0     1                 
80201fc6 80201fc6        0     1                 
80201fc8 80201fc8        0     1                 
80201fca 80201fca        0     1                 
80201fd0 80201fd0        0     1                 
80201fd0 80201fd0        0     1                 
80201fd0 80201fd0        0     1                 
80201fd0 80201fd0        0     1                 
80201fd0 80201fd0        0     1                 
80201fd0 80201fd0       5c     1                 info_socket
80201fd2 80201fd2        0     1                 
80201fd4 80201fd4        0     1                 
80201fd8 80201fd8        0     1                 
80201fdc 80201fdc        0     1                 
80201ff8 80201ff8        0     1                 
80201ffa 80201ffa        0     1                 
80202008 80202008        0     1                 
8020200c 8020200c        0     1                 
80202010 80202010        0     1                 
80202012 80202012        0     1                 
80202016 80202016        0     1                 
80202018 80202018        0     1                 
8020201c 8020201c        0     1                 
8020201e 8020201e        0     1                 
80202022 80202022        0     1                 
80202024 80202024        0     1                 
80202026 80202026        0     1                 
8020202c 8020202c        0     1                 
8020202c 8020202c        0     1                 
8020202c 8020202c      a48     4 .rodata
8020202c 8020202c      93c     1         <internal>:(.rodata)
80202968 80202968       58     4         build/print_k.o:(.rodata)
80202968 80202968        0     1                 .LJTI0_0
802029c0 802029c0       58     4         build/str.o:(.rodata)
802029c0 802029c0        0     1                 .LJTI2_0
80202a18 80202a18       5c     4         build/trap_k.o:(.rodata)
80202a18 80202a18        0     1                 .LJTI0_0
80202a74 80202a74    26190     4 .data
80202a74 80202a74     9050     1         bronx.o:(.data)
80202a74 80202a74        0     1                 _binary_bronx_bin_start
8020bac4 8020bac4        0     1                 _binary_bronx_bin_end
8020bac4 8020bac4     8240     1         init.o:(.data)
8020bac4 8020bac4        0     1                 _binary_init_bin_start
80213d04 80213d04        0     1                 _binary_init_bin_end
80213d04 80213d04     c5a0     1         snak.o:(.data)
80213d04 80213d04        0     1                 _binary_snak_bin_start
802202a4 802202a4        0     1                 _binary_snak_bin_end
802202a4 802202a4     8960     1         test.o:(.data)
802202a4 802202a4        0     1                 _binary_test_bin_start
80228c04 80228c04        0     1                 _binary_test_bin_end
80228c04 80228c04     5a14     4 .bss
80228c04 80228c04        0     1         __bss = .
80228c04 80228c04        4     4         build/memory.o:(.sbss)
80228c04 80228c04        4     1                 nextfreepageframe
80228c08 80228c08        8     4         build/pcb_k.o:(.sbss)
80228c08 80228c08        4     1                 currproc
80228c0c 80228c0c        4     1                 idleproc
80228c10 80228c10     30f0     4         build/pcb_k.o:(.bss)
80228c10 80228c10     30f0     1                 proclist
8022bd00 8022bd00       a0     4         build/app.o:(.bss)
8022bd00 8022bd00       a0     1                 app_list
8022bda0 8022bda0     2878     4         build/sockets.o:(.bss)
8022bda0 8022bda0       28     1                 rsockets
8022bdc8 8022bdc8       28     1                 rsocket_info
8022bdf0 8022bdf0     2800     1                 sockets
8022e5f0 8022e5f0       28     1                 socket_info
8022e618 8022e618        0     1         __bss_end = .
8022e618 8022e618        0     1 . = ALIGN ( 4 )
8022e618 8022e618    20000     1 . += 128 * 1024
8024e618 8024e618        0     1 __stack_top = .
8024e618 8024e618      9e8     1 . = ALIGN ( 4096 )
8024f000 8024f000        0     1 __free_ram_start = .
8024f000 8024f000  2000000     1 . += 32 * 1024 * 1024
8224f000 8224f000        0     1 __free_ram_end = .
       0        0      ec8     1 .debug_abbrev
       0        0      115     1         build/main.o:(.debug_abbrev)
     115      115      104     1         build/print_k.o:(.debug_abbrev)
     219      219      165     1         build/SBI.o:(.debug_abbrev)
     37e      37e       b9     1         build/mem.o:(.debug_abbrev)
     437      437      12c     1         build/str.o:(.debug_abbrev)
     563      563      113     1         build/oa.o:(.debug_abbrev)
     676      676      16a     1         build/memory.o:(.debug_abbrev)
     7e0      7e0      1d3     1         build/trap_k.o:(.debug_abbrev)
     9b3      9b3      163     1         build/pcb_k.o:(.debug_abbrev)
     b16      b16      172     1         build/program_k.o:(.debug_abbrev)
     c88      c88      133     1         build/app.o:(.debug_abbrev)
     dbb      dbb      10d     1         build/sockets.o:(.debug_abbrev)
       0        0     1c8c     1 .debug_info
       0        0      1cb     1         build/main.o:(.debug_info)
     1cb      1cb      1e5     1         build/print_k.o:(.debug_info)
     3b0      3b0      3e6     1         build/SBI.o:(.debug_info)
     796      796       d9     1         build/mem.o:(.debug_info)
     86f      86f      1f5     1         build/str.o:(.debug_info)
     a64      a64      184     1         build/oa.o:(.debug_info)
     be8      be8      279     1         build/memory.o:(.debug_info)
     e61      e61      49d     1         build/trap_k.o:(.debug_info)
    12fe     12fe      286     1         build/pcb_k.o:(.debug_info)
    1584     1584      1e9     1         build/program_k.o:(.debug_info)
    176d     176d      25a     1         build/app.o:(.debug_info)
    19c7     19c7      2c5     1         build/sockets.o:(.debug_info)
       0        0      185     1 .debug_rnglists
       0        0       18     1         build/main.o:(.debug_rnglists)
       c        c        0     1                 
      18       18       57     1         build/print_k.o:(.debug_rnglists)
      24       24        0     1                 
      6f       6f       66     1         build/str.o:(.debug_rnglists)
      7b       7b        0     1                 
      d5       d5       1b     1         build/oa.o:(.debug_rnglists)
      e1       e1        0     1                 
      f0       f0       5b     1         build/pcb_k.o:(.debug_rnglists)
      fc       fc        0     1                 
     14b      14b       20     1         build/program_k.o:(.debug_rnglists)
     157      157        0     1                 
     16b      16b       1a     1         build/app.o:(.debug_rnglists)
     177      177        0     1                 
       0        0      7a0     1 .debug_str_offsets
       0        0       88     1         build/main.o:(.debug_str_offsets)
       8        8        0     1                 
      88       88       68     1         build/print_k.o:(.debug_str_offsets)
      90       90        0     1                 
      f0       f0       94     1         build/SBI.o:(.debug_str_offsets)
      f8       f8        0     1                 
     184      184       58     1         build/mem.o:(.debug_str_offsets)
     18c      18c        0     1                 
     1dc      1dc       88     1         build/str.o:(.debug_str_offsets)
     1e4      1e4        0     1                 
     264      264       50     1         build/oa.o:(.debug_str_offsets)
     26c      26c        0     1                 
     2b4      2b4       a8     1         build/memory.o:(.debug_str_offsets)
     2bc      2bc        0     1                 
     35c      35c      19c     1         build/trap_k.o:(.debug_str_offsets)
     364      364        0     1                 
     4f8      4f8       cc     1         build/pcb_k.o:(.debug_str_offsets)
     500      500        0     1                 
     5c4      5c4       98     1         build/program_k.o:(.debug_str_offsets)
     5cc      5cc        0     1                 
     65c      65c       a8     1         build/app.o:(.debug_str_offsets)
     664      664        0     1                 
     704      704       9c     1         build/sockets.o:(.debug_str_offsets)
     70c      70c        0     1                 
       0        0      7e8     1 .debug_str
       0        0      7e8     1         <internal>:(.debug_str)
       0        0      394     1 .debug_addr
       0        0       5c     1         build/main.o:(.debug_addr)
       8        8        0     1                 
      5c       5c       50     1         build/print_k.o:(.debug_addr)
      64       64        0     1                 
      ac       ac       38     1         build/SBI.o:(.debug_addr)
      b4       b4        0     1                 
      e4       e4       10     1         build/mem.o:(.debug_addr)
      ec       ec        0     1                 
      f4       f4       24     1         build/str.o:(.debug_addr)
      fc       fc        0     1                 
     118      118       20     1         build/oa.o:(.debug_addr)
     120      120        0     1                 
     138      138       5c     1         build/memory.o:(.debug_addr)
     140      140        0     1                 
     194      194       88     1         build/trap_k.o:(.debug_addr)
     19c      19c        0     1                 
     21c      21c       54     1         build/pcb_k.o:(.debug_addr)
     224      224        0     1                 
     270      270       38     1         build/program_k.o:(.debug_addr)
     278      278        0     1                 
     2a8      2a8       5c     1         build/app.o:(.debug_addr)
     2b0      2b0        0     1                 
     304      304       90     1         build/sockets.o:(.debug_addr)
     30c      30c        0     1                 
       0        0       42     1 .comment
       0        0       42     1         <internal>:(.comment)
       0        0       2b     1 .riscv.attributes
       0        0       2b     1         build/main.o:(.riscv.attributes)
       0        0      50c     4 .debug_frame
       0        0       54     4         build/main.o:(.debug_frame)
       0        0        0     1                 
      54       54       44     4         build/print_k.o:(.debug_frame)
      54       54        0     1                 
      98       98       64     4         build/SBI.o:(.debug_frame)
      98       98        0     1                 
      fc       fc       34     4         build/mem.o:(.debug_frame)
      fc       fc        0     1                 
     130      130       64     4         build/str.o:(.debug_frame)
     130      130        0     1                 
     194      194       3c     4         build/oa.o:(.debug_frame)
     194      194        0     1                 
     1d0      1d0       70     4         build/memory.o:(.debug_frame)
     1d0      1d0        0     1                 
     240      240       54     4         build/trap_k.o:(.debug_frame)
     240      240        0     1                 
     294      294       64     4         build/pcb_k.o:(.debug_frame)
     294      294        0     1                 
     2f8      2f8       68     4         build/program_k.o:(.debug_frame)
     2f8      2f8        0     1                 
     360      360       78     4         build/app.o:(.debug_frame)
     360      360        0     1                 
     3d8      3d8      134     4         build/sockets.o:(.debug_frame)
     3d8      3d8        0     1                 
       0        0     2811     1 .debug_line
       0        0      1b3     1         build/main.o:(.debug_line)
       0        0        0     1                 .Lline_table_start0
     1b3      1b3      2d0     1         build/print_k.o:(.debug_line)
     1b3      1b3        0     1                 .Lline_table_start0
     483      483      146     1         build/SBI.o:(.debug_line)
     483      483        0     1                 .Lline_table_start0
     5c9      5c9       f6     1         build/mem.o:(.debug_line)
     5c9      5c9        0     1                 .Lline_table_start0
     6bf      6bf      3f0     1         build/str.o:(.debug_line)
     6bf      6bf        0     1                 .Lline_table_start0
     aaf      aaf      25a     1         build/oa.o:(.debug_line)
     aaf      aaf        0     1                 .Lline_table_start0
     d09      d09      2e1     1         build/memory.o:(.debug_line)
     d09      d09        0     1                 .Lline_table_start0
     fea      fea      3b4     1         build/trap_k.o:(.debug_line)
     fea      fea        0     1                 .Lline_table_start0
    139e     139e      439     1         build/pcb_k.o:(.debug_line)
    139e     139e        0     1                 .Lline_table_start0
    17d7     17d7      50b     1         build/program_k.o:(.debug_line)
    17d7     17d7        0     1                 .Lline_table_start0
    1ce2     1ce2      38c     1         build/app.o:(.debug_line)
    1ce2     1ce2        0     1                 .Lline_table_start0
    206e     206e      7a3     1         build/sockets.o:(.debug_line)
    206e     206e        0     1                 .Lline_table_start0
       0        0       e8     1 .debug_line_str
       0        0       e8     1         <internal>:(.debug_line_str)
       0        0     13fd     1 .debug_loclists
       0        0      115     1         build/print_k.o:(.debug_loclists)
       c        c        0     1                 
     115      115      10c     1         build/SBI.o:(.debug_loclists)
     121      121        0     1                 
     221      221       66     1         build/mem.o:(.debug_loclists)
     22d      22d        0     1                 
     287      287      1a1     1         build/str.o:(.debug_loclists)
     293      293        0     1                 
     428      428      19a     1         build/oa.o:(.debug_loclists)
     434      434        0     1                 
     5c2      5c2      1b4     1         build/memory.o:(.debug_loclists)
     5ce      5ce        0     1                 
     776      776      22a     1         build/trap_k.o:(.debug_loclists)
     782      782        0     1                 
     9a0      9a0      173     1         build/pcb_k.o:(.debug_loclists)
     9ac      9ac        0     1                 
     b13      b13      171     1         build/program_k.o:(.debug_loclists)
     b1f      b1f        0     1                 
     c84      c84      44c     1         build/app.o:(.debug_loclists)
     c90      c90        0     1                 
    10d0     10d0      32d     1         build/sockets.o:(.debug_loclists)
    10dc     10dc        0     1                 
       0        0     8270     4 .symtab
       0        0     8270     4         <internal>:(.symtab)
       0        0       dc     1 .shstrtab
       0        0       dc     1         <internal>:(.shstrtab)
       0        0      661     1 .strtab
       0        0      661     1         <internal>:(.strtab)
