     VMA      LMA     Size Align Out     In      Symbol
       0        0 80200000     1 . = 0x80200000
80200000        0        0     1 __kernel_base = .
80200000 80200000     15c4     4 .text
80200000 80200000        e     2         build/main.o:(.text.boot)
80200000 80200000        0     1                 
80200000 80200000        0     1                 
80200000 80200000        0     1                 
80200000 80200000        0     1                 
80200000 80200000        e     1                 boot
8020000e 8020000e        0     1                 
8020000e 8020000e        0     1                 
80200010 80200010      13a     4         build/main.o:(.text)
80200010 80200010        0     1                 
80200010 80200010        0     1                 
80200010 80200010        0     1                 
80200010 80200010       d8     1                 kernel_bootstrap
80200012 80200012        0     1                 
80200012 80200012        0     1                 
80200014 80200014        0     1                 
80200024 80200024        0     1                 
80200024 80200024        0     1                 
80200034 80200034        0     1                 
80200034 80200034        0     1                 
80200052 80200052        0     1                 
80200052 80200052        0     1                 
80200062 80200062        0     1                 
80200062 80200062        0     1                 
8020006e 8020006e        0     1                 
8020007e 8020007e        0     1                 
8020007e 8020007e        0     1                 
80200086 80200086        0     1                 
80200086 80200086        0     1                 
802000a6 802000a6        0     1                 
802000a6 802000a6        0     1                 
802000b6 802000b6        0     1                 
802000b6 802000b6        0     1                 
802000c2 802000c2        0     1                 
802000c2 802000c2        0     1                 
802000ca 802000ca        0     1                 
802000ce 802000ce        0     1                 
802000d6 802000d6        0     1                 
802000da 802000da        0     1                 
802000e0 802000e0        0     1                 
802000e8 802000e8        0     1                 
802000e8 802000e8        0     1                 
802000e8 802000e8        0     1                 
802000e8 802000e8        0     1                 
802000e8 802000e8        0     1                 
802000e8 802000e8       62     1                 kernel_main
802000ea 802000ea        0     1                 
802000ea 802000ea        0     1                 
802000ec 802000ec        0     1                 
802000f4 802000f4        0     1                 
802000f4 802000f4        0     1                 
80200114 80200114        0     1                 
80200114 80200114        0     1                 
8020011c 8020011c        0     1                 
8020011c 8020011c        0     1                 
80200124 80200124        0     1                 
80200124 80200124        0     1                 
80200148 80200148        0     1                 
8020014a 8020014a        0     1                 
8020014a 8020014a        0     1                 
8020014c 8020014c      2ec     4         build/print_k.o:(.text)
8020014c 8020014c        0     1                 
8020014c 8020014c        0     1                 
8020014c 8020014c        0     1                 
8020014c 8020014c      2ec     1                 k_printf
8020014e 8020014e        0     1                 
80200168 80200168        0     1                 
80200184 80200184        0     1                 
802001a2 802001a2        0     1                 
802001c2 802001c2        0     1                 
802001c6 802001c6        0     1                 
802001ce 802001ce        0     1                 
802001d6 802001d6        0     1                 
802001d6 802001d6        0     1                 
802001d8 802001d8        0     1                 
802001e0 802001e0        0     1                 
802001e4 802001e4        0     1                 
802001ec 802001ec        0     1                 
802001f6 802001f6        0     1                 .LBB0_6
802001f6 802001f6        0     1                 
802001f6 802001f6        0     1                 
80200216 80200216        0     1                 
80200216 80200216        0     1                 
8020021a 8020021a        0     1                 .LBB0_9
8020021a 8020021a        0     1                 
80200226 80200226        0     1                 
80200226 80200226        0     1                 
8020022c 8020022c        0     1                 .LBB0_10
8020022c 8020022c        0     1                 
80200240 80200240        0     1                 .LBB0_12
80200240 80200240        0     1                 
8020024c 8020024c        0     1                 
8020024c 8020024c        0     1                 
80200258 80200258        0     1                 
80200258 80200258        0     1                 
80200274 80200274        0     1                 .LBB0_14
80200274 80200274        0     1                 
80200290 80200290        0     1                 
80200292 80200292        0     1                 
80200296 80200296        0     1                 .LBB0_16
80200296 80200296        0     1                 
802002ae 802002ae        0     1                 .LBB0_18
802002ae 802002ae        0     1                 
802002ca 802002ca        0     1                 
802002d8 802002d8        0     1                 
802002dc 802002dc        0     1                 
802002e8 802002e8        0     1                 
802002e8 802002e8        0     1                 
802002ec 802002ec        0     1                 
802002f6 802002f6        0     1                 
802002fa 802002fa        0     1                 
802002fc 802002fc        0     1                 
80200308 80200308        0     1                 
80200308 80200308        0     1                 
8020030c 8020030c        0     1                 
80200310 80200310        0     1                 
80200310 80200310        0     1                 
8020031e 8020031e        0     1                 
8020032a 8020032a        0     1                 
8020032a 8020032a        0     1                 
8020032e 8020032e        0     1                 
80200332 80200332        0     1                 
80200336 80200336        0     1                 
80200338 80200338        0     1                 
80200344 80200344        0     1                 
80200344 80200344        0     1                 
80200348 80200348        0     1                 
8020034c 8020034c        0     1                 
8020034c 8020034c        0     1                 
80200356 80200356        0     1                 
80200358 80200358        0     1                 
8020035a 8020035a        0     1                 
80200360 80200360        0     1                 
80200368 80200368        0     1                 
80200374 80200374        0     1                 
80200374 80200374        0     1                 
80200378 80200378        0     1                 
8020037c 8020037c        0     1                 
80200384 80200384        0     1                 
80200390 80200390        0     1                 
80200390 80200390        0     1                 
80200394 80200394        0     1                 
8020039c 8020039c        0     1                 
802003a0 802003a0        0     1                 
802003a2 802003a2        0     1                 
802003ae 802003ae        0     1                 
802003ae 802003ae        0     1                 
802003b2 802003b2        0     1                 
802003b6 802003b6        0     1                 
802003b6 802003b6        0     1                 
802003c2 802003c2        0     1                 
802003ce 802003ce        0     1                 
802003ce 802003ce        0     1                 
802003da 802003da        0     1                 
802003da 802003da        0     1                 
802003e8 802003e8        0     1                 
802003e8 802003e8        0     1                 
802003ec 802003ec        0     1                 
802003f2 802003f2        0     1                 
802003f6 802003f6        0     1                 
802003f8 802003f8        0     1                 
80200404 80200404        0     1                 
80200404 80200404        0     1                 
80200408 80200408        0     1                 
8020040c 8020040c        0     1                 
8020040c 8020040c        0     1                 
8020041a 8020041a        0     1                 
80200438 80200438        0     1                 
80200438 80200438        0     1                 
80200438 80200438       8e     4         build/SBI.o:(.text)
80200438 80200438        0     1                 
80200438 80200438        0     1                 
80200438 80200438        0     1                 
80200438 80200438       14     1                 sbi_call
8020043c 8020043c        0     1                 
80200440 80200440        0     1                 
80200446 80200446        0     1                 
8020044c 8020044c        0     1                 
8020044c 8020044c        0     1                 
8020044c 8020044c        0     1                 
8020044c 8020044c        0     1                 
8020044c 8020044c        0     1                 
8020044c 8020044c       1c     1                 k_putchar
8020044e 8020044e        0     1                 
8020044e 8020044e        0     1                 
80200460 80200460        0     1                 
80200466 80200466        0     1                 
80200466 80200466        0     1                 
80200468 80200468        0     1                 
80200468 80200468        0     1                 
80200468 80200468        0     1                 
80200468 80200468        0     1                 
80200468 80200468        0     1                 
80200468 80200468       5e     1                 k_readchar
8020046a 8020046a        0     1                 
8020046a 8020046a        0     1                 
8020046c 8020046c        0     1                 
80200474 80200474        0     1                 
80200478 80200478        0     1                 
8020047a 8020047a        0     1                 
8020047e 8020047e        0     1                 
8020048e 8020048e        0     1                 
8020048e 8020048e        0     1                 
80200494 80200494        0     1                 
802004b8 802004b8        0     1                 
802004ba 802004ba        0     1                 
802004bc 802004bc        0     1                 
802004c6 802004c6        0     1                 
802004c6 802004c6        0     1                 
802004c8 802004c8       28     4         build/mem.o:(.text)
802004c8 802004c8        0     1                 
802004c8 802004c8        0     1                 
802004c8 802004c8        0     1                 
802004c8 802004c8        0     1                 
802004c8 802004c8       14     1                 memset
802004ca 802004ca        0     1                 
802004cc 802004cc        0     1                 
802004ce 802004ce        0     1                 
802004d2 802004d2        0     1                 
802004d6 802004d6        0     1                 
802004d8 802004d8        0     1                 
802004da 802004da        0     1                 
802004dc 802004dc        0     1                 
802004dc 802004dc        0     1                 
802004dc 802004dc        0     1                 
802004dc 802004dc        0     1                 
802004dc 802004dc        0     1                 
802004dc 802004dc        0     1                 
802004dc 802004dc       14     1                 k_memcpy
802004de 802004de        0     1                 
802004e2 802004e2        0     1                 
802004e6 802004e6        0     1                 
802004e8 802004e8        0     1                 
802004ea 802004ea        0     1                 
802004ec 802004ec        0     1                 
802004ee 802004ee        0     1                 
802004ee 802004ee        0     1                 
802004f0 802004f0        0     1                 
802004f0 802004f0        0     1                 
802004f0 802004f0      29e     4         build/str.o:(.text)
802004f0 802004f0        0     1                 
802004f0 802004f0        0     1                 
802004f0 802004f0        0     1                 
802004f0 802004f0        0     1                 
802004f0 802004f0       28     1                 k_strncpy
802004f2 802004f2        0     1                 
802004f4 802004f4        0     1                 
802004fc 802004fc        0     1                 
802004fe 802004fe        0     1                 
80200502 80200502        0     1                 
80200504 80200504        0     1                 
80200508 80200508        0     1                 
8020050c 8020050c        0     1                 
80200510 80200510        0     1                 
80200516 80200516        0     1                 
80200518 80200518        0     1                 
80200518 80200518        0     1                 
80200518 80200518        0     1                 
80200518 80200518        0     1                 
80200518 80200518        0     1                 
80200518 80200518        0     1                 
80200518 80200518       2e     1                 k_strcmp
8020051c 8020051c        0     1                 
8020051e 8020051e        0     1                 
80200520 80200520        0     1                 
80200524 80200524        0     1                 
80200526 80200526        0     1                 
8020052a 8020052a        0     1                 
8020052e 8020052e        0     1                 
80200532 80200532        0     1                 
80200534 80200534        0     1                 
80200538 80200538        0     1                 
8020053a 8020053a        0     1                 
8020053e 8020053e        0     1                 
80200542 80200542        0     1                 
80200544 80200544        0     1                 
80200546 80200546        0     1                 
80200546 80200546        0     1                 
80200546 80200546        0     1                 
80200546 80200546        0     1                 
80200546 80200546        0     1                 
80200546 80200546      248     1                 k_sprintf
80200548 80200548        0     1                 
80200560 80200560        0     1                 
80200570 80200570        0     1                 
8020058e 8020058e        0     1                 
80200590 80200590        0     1                 
802005ba 802005ba        0     1                 
802005bc 802005bc        0     1                 
802005c0 802005c0        0     1                 
802005c8 802005c8        0     1                 
802005ce 802005ce        0     1                 
802005d2 802005d2        0     1                 
802005d6 802005d6        0     1                 
802005de 802005de        0     1                 
802005e8 802005e8        0     1                 .LBB2_7
802005e8 802005e8        0     1                 
802005fc 802005fc        0     1                 
80200600 80200600        0     1                 
80200606 80200606        0     1                 .LBB2_11
80200606 80200606        0     1                 
8020060a 8020060a        0     1                 
80200614 80200614        0     1                 
8020061a 8020061a        0     1                 .LBB2_12
8020061a 8020061a        0     1                 
8020062e 8020062e        0     1                 .LBB2_14
8020062e 8020062e        0     1                 
80200636 80200636        0     1                 
8020064a 8020064a        0     1                 .LBB2_16
8020064a 8020064a        0     1                 
8020065c 8020065c        0     1                 
8020065e 8020065e        0     1                 
80200662 80200662        0     1                 .LBB2_18
80200662 80200662        0     1                 
80200676 80200676        0     1                 .LBB2_20
80200676 80200676        0     1                 
8020068a 8020068a        0     1                 
8020068c 8020068c        0     1                 
80200690 80200690        0     1                 
8020069a 8020069a        0     1                 
802006a6 802006a6        0     1                 
802006a6 802006a6        0     1                 
802006ac 802006ac        0     1                 
802006ae 802006ae        0     1                 
802006b0 802006b0        0     1                 
802006b4 802006b4        0     1                 
802006b8 802006b8        0     1                 
802006ba 802006ba        0     1                 
802006c0 802006c0        0     1                 
802006c0 802006c0        0     1                 
802006c4 802006c4        0     1                 
802006d0 802006d0        0     1                 
802006d0 802006d0        0     1                 
802006d6 802006d6        0     1                 
802006da 802006da        0     1                 
802006dc 802006dc        0     1                 
802006e0 802006e0        0     1                 
802006e4 802006e4        0     1                 
802006e6 802006e6        0     1                 
802006ec 802006ec        0     1                 
802006ec 802006ec        0     1                 
802006f0 802006f0        0     1                 
802006f2 802006f2        0     1                 
802006f4 802006f4        0     1                 
802006fa 802006fa        0     1                 
80200700 80200700        0     1                 
80200704 80200704        0     1                 
80200708 80200708        0     1                 
8020070a 8020070a        0     1                 
80200710 80200710        0     1                 
80200712 80200712        0     1                 
8020071e 8020071e        0     1                 
8020071e 8020071e        0     1                 
80200724 80200724        0     1                 
80200728 80200728        0     1                 
8020072a 8020072a        0     1                 
8020072e 8020072e        0     1                 
80200732 80200732        0     1                 
80200734 80200734        0     1                 
8020073a 8020073a        0     1                 
8020073a 8020073a        0     1                 
8020073c 8020073c        0     1                 
80200746 80200746        0     1                 
80200752 80200752        0     1                 
80200752 80200752        0     1                 
80200758 80200758        0     1                 
8020075c 8020075c        0     1                 
8020075e 8020075e        0     1                 
80200762 80200762        0     1                 
80200766 80200766        0     1                 
80200768 80200768        0     1                 
8020076e 8020076e        0     1                 
8020076e 8020076e        0     1                 
80200772 80200772        0     1                 
8020078e 8020078e        0     1                 
8020078e 8020078e        0     1                 
80200790 80200790      176     4         build/oa.o:(.text)
80200790 80200790        0     1                 
80200790 80200790        0     1                 
80200790 80200790        0     1                 
80200790 80200790       7a     1                 utoa
80200792 80200792        0     1                 
80200792 80200792        0     1                 
80200794 80200794        0     1                 
8020079c 8020079c        0     1                 
8020079e 8020079e        0     1                 
802007a2 802007a2        0     1                 
802007a8 802007a8        0     1                 
802007aa 802007aa        0     1                 
802007ae 802007ae        0     1                 
802007b0 802007b0        0     1                 
802007bc 802007bc        0     1                 
802007ca 802007ca        0     1                 
802007ca 802007ca        0     1                 
802007dc 802007dc        0     1                 
802007e4 802007e4        0     1                 
802007e8 802007e8        0     1                 
802007ee 802007ee        0     1                 
802007f4 802007f4        0     1                 
802007f4 802007f4        0     1                 
802007f8 802007f8        0     1                 
802007fe 802007fe        0     1                 
80200806 80200806        0     1                 
8020080a 8020080a        0     1                 
8020080a 8020080a        0     1                 
8020080a 8020080a        0     1                 
8020080a 8020080a        0     1                 
8020080a 8020080a        0     1                 
8020080a 8020080a       fc     1                 itoa
8020080c 8020080c        0     1                 
8020080e 8020080e        0     1                 
8020081a 8020081a        0     1                 
8020081e 8020081e        0     1                 
80200824 80200824        0     1                 
80200828 80200828        0     1                 
80200830 80200830        0     1                 
8020083a 8020083a        0     1                 
80200840 80200840        0     1                 
80200848 80200848        0     1                 
8020084c 8020084c        0     1                 
80200850 80200850        0     1                 
80200852 80200852        0     1                 
80200856 80200856        0     1                 
8020085a 8020085a        0     1                 
8020085e 8020085e        0     1                 
8020085e 8020085e        0     1                 
8020086c 8020086c        0     1                 
8020086e 8020086e        0     1                 
80200876 80200876        0     1                 
8020087a 8020087a        0     1                 
80200880 80200880        0     1                 
80200884 80200884        0     1                 
80200884 80200884        0     1                 
8020088a 8020088a        0     1                 
8020088a 8020088a        0     1                 
8020088c 8020088c        0     1                 
80200894 80200894        0     1                 
80200896 80200896        0     1                 
8020089a 8020089a        0     1                 
802008a0 802008a0        0     1                 
802008a2 802008a2        0     1                 
802008a6 802008a6        0     1                 
802008a8 802008a8        0     1                 
802008b4 802008b4        0     1                 
802008c2 802008c2        0     1                 
802008c2 802008c2        0     1                 
802008d4 802008d4        0     1                 
802008dc 802008dc        0     1                 
802008e0 802008e0        0     1                 
802008e6 802008e6        0     1                 
802008ec 802008ec        0     1                 
802008ec 802008ec        0     1                 
802008f0 802008f0        0     1                 
802008f8 802008f8        0     1                 
802008fe 802008fe        0     1                 
80200902 80200902        0     1                 
80200906 80200906        0     1                 
80200906 80200906        0     1                 
80200908 80200908      1fa     4         build/memory.o:(.text)
80200908 80200908        0     1                 
80200908 80200908        0     1                 
80200908 80200908        0     1                 
80200908 80200908        0     1                 
80200908 80200908       12     1                 init_memory
80200918 80200918        0     1                 
8020091a 8020091a        0     1                 
8020091a 8020091a        0     1                 
8020091a 8020091a        0     1                 
8020091a 8020091a        0     1                 
8020091a 8020091a        0     1                 
8020091a 8020091a       60     1                 pageframalloc
8020091c 8020091c        0     1                 
8020091c 8020091c        0     1                 
80200920 80200920        0     1                 
80200928 80200928        0     1                 
8020092c 8020092c        0     1                 
80200930 80200930        0     1                 
80200938 80200938        0     1                 
8020093c 8020093c        0     1                 
80200940 80200940        0     1                 
80200962 80200962        0     1                 
80200964 80200964        0     1                 
80200970 80200970        0     1                 
80200970 80200970        0     1                 
8020097a 8020097a        0     1                 
8020097a 8020097a        0     1                 
8020097a 8020097a        0     1                 
8020097a 8020097a        0     1                 
8020097a 8020097a        0     1                 
8020097a 8020097a      188     1                 add_ptbl_entry
8020097c 8020097c        0     1                 
8020098a 8020098a        0     1                 
80200992 80200992        0     1                 
8020099a 8020099a        0     1                 
802009aa 802009aa        0     1                 
802009aa 802009aa        0     1                 
802009bc 802009bc        0     1                 
802009bc 802009bc        0     1                 
802009cc 802009cc        0     1                 
802009cc 802009cc        0     1                 
802009dc 802009dc        0     1                 
802009dc 802009dc        0     1                 
80200a00 80200a00        0     1                 
80200a02 80200a02        0     1                 
80200a06 80200a06        0     1                 
80200a0a 80200a0a        0     1                 
80200a0c 80200a0c        0     1                 
80200a10 80200a10        0     1                 
80200a14 80200a14        0     1                 
80200a18 80200a18        0     1                 
80200a1a 80200a1a        0     1                 
80200a1a 80200a1a        0     1                 
80200a22 80200a22        0     1                 
80200a24 80200a24        0     1                 
80200a26 80200a26        0     1                 
80200a2e 80200a2e        0     1                 
80200a32 80200a32        0     1                 
80200a36 80200a36        0     1                 
80200a58 80200a58        0     1                 
80200a5a 80200a5a        0     1                 
80200a68 80200a68        0     1                 
80200a68 80200a68        0     1                 
80200a6c 80200a6c        0     1                 
80200a70 80200a70        0     1                 
80200a72 80200a72        0     1                 
80200a96 80200a96        0     1                 
80200a98 80200a98        0     1                 
80200abc 80200abc        0     1                 
80200abe 80200abe        0     1                 
80200ac6 80200ac6        0     1                 
80200aca 80200aca        0     1                 
80200ace 80200ace        0     1                 
80200ace 80200ace        0     1                 
80200ad2 80200ad2        0     1                 
80200ade 80200ade        0     1                 
80200ae6 80200ae6        0     1                 
80200aee 80200aee        0     1                 
80200af0 80200af0        0     1                 
80200b02 80200b02        0     1                 
80200b02 80200b02        0     1                 
80200b04 80200b04      274     4         build/trap_k.o:(.text)
80200b04 80200b04        0     1                 
80200b04 80200b04        0     1                 
80200b04 80200b04        0     1                 
80200b04 80200b04      184     1                 handle_syscall
80200b06 80200b06        0     1                 
80200b0a 80200b0a        0     1                 
80200b0c 80200b0c        0     1                 
80200b2a 80200b2a        0     1                 
80200b34 80200b34        0     1                 
80200b62 80200b62        0     1                 .LBB0_2
80200b62 80200b62        0     1                 
80200b6e 80200b6e        0     1                 
80200b6e 80200b6e        0     1                 
80200b80 80200b80        0     1                 
80200b90 80200b90        0     1                 
80200b90 80200b90        0     1                 
80200b94 80200b94        0     1                 
80200ba2 80200ba2        0     1                 .LBB0_4
80200ba2 80200ba2        0     1                 
80200baa 80200baa        0     1                 
80200baa 80200baa        0     1                 
80200bb6 80200bb6        0     1                 
80200bbc 80200bbc        0     1                 .LBB0_6
80200bbc 80200bbc        0     1                 
80200bc8 80200bc8        0     1                 .LBB0_7
80200bc8 80200bc8        0     1                 
80200bd2 80200bd2        0     1                 
80200bda 80200bda        0     1                 
80200be2 80200be2        0     1                 .LBB0_10
80200be2 80200be2        0     1                 
80200be4 80200be4        0     1                 
80200be6 80200be6        0     1                 
80200bea 80200bea        0     1                 
80200c06 80200c06        0     1                 
80200c08 80200c08        0     1                 .LBB0_14
80200c08 80200c08        0     1                 
80200c12 80200c12        0     1                 
80200c12 80200c12        0     1                 
80200c2c 80200c2c        0     1                 
80200c34 80200c34        0     1                 
80200c3c 80200c3c        0     1                 
80200c42 80200c42        0     1                 
80200c46 80200c46        0     1                 
80200c56 80200c56        0     1                 
80200c58 80200c58        0     1                 
80200c5e 80200c5e        0     1                 
80200c66 80200c66        0     1                 
80200c68 80200c68        0     1                 
80200c6a 80200c6a        0     1                 
80200c86 80200c86        0     1                 
80200c88 80200c88        0     1                 
80200c88 80200c88        0     1                 
80200c88 80200c88        0     1                 
80200c88 80200c88        0     1                 
80200c88 80200c88        0     1                 
80200c88 80200c88       54     1                 handle_trap
80200c8a 80200c8a        0     1                 
80200c8a 80200c8a        0     1                 
80200c8a 80200c8a        0     1                 
80200c8e 80200c8e        0     1                 
80200c92 80200c92        0     1                 
80200c92 80200c92        0     1                 
80200c96 80200c96        0     1                 
80200c96 80200c96        0     1                 
80200c9a 80200c9a        0     1                 
80200c9c 80200c9c        0     1                 
80200c9c 80200c9c        0     1                 
80200ca0 80200ca0        0     1                 
80200ca8 80200ca8        0     1                 
80200ca8 80200ca8        0     1                 
80200caa 80200caa        0     1                 
80200cbc 80200cbc        0     1                 
80200cbc 80200cbc        0     1                 
80200ccc 80200ccc        0     1                 
80200ccc 80200ccc        0     1                 
80200cd0 80200cd0        0     1                 
80200cd4 80200cd4        0     1                 
80200cdc 80200cdc        0     1                 
80200cdc 80200cdc        0     1                 
80200cdc 80200cdc        0     1                 
80200cdc 80200cdc        0     1                 
80200cdc 80200cdc        0     1                 
80200cdc 80200cdc        0     1                 
80200cdc 80200cdc       9c     1                 switch_trap
80200d78 80200d78        0     1                 
80200d78 80200d78        0     1                 
80200d78 80200d78      280     4         build/pcb_k.o:(.text)
80200d78 80200d78        0     1                 
80200d78 80200d78        0     1                 
80200d78 80200d78        0     1                 
80200d78 80200d78       3c     1                 switch_umode
80200d7a 80200d7a        0     1                 
80200d7c 80200d7c        0     1                 
80200d84 80200d84        0     1                 
80200d90 80200d90        0     1                 
80200db2 80200db2        0     1                 
80200db4 80200db4        0     1                 
80200db4 80200db4        0     1                 
80200db4 80200db4        0     1                 
80200db4 80200db4        0     1                 
80200db4 80200db4        0     1                 
80200db4 80200db4      244     1                 spawn_proc
80200db6 80200db6        0     1                 
80200dca 80200dca        0     1                 
80200dd2 80200dd2        0     1                 
80200dd6 80200dd6        0     1                 
80200dd8 80200dd8        0     1                 
80200dda 80200dda        0     1                 
80200dde 80200dde        0     1                 
80200de0 80200de0        0     1                 
80200dec 80200dec        0     1                 
80200df0 80200df0        0     1                 
80200df2 80200df2        0     1                 
80200df6 80200df6        0     1                 
80200dfa 80200dfa        0     1                 
80200dfc 80200dfc        0     1                 
80200e1a 80200e1a        0     1                 
80200e1c 80200e1c        0     1                 
80200e2e 80200e2e        0     1                 
80200e36 80200e36        0     1                 
80200e3a 80200e3a        0     1                 
80200e3e 80200e3e        0     1                 
80200e4c 80200e4c        0     1                 
80200e4c 80200e4c        0     1                 
80200e4e 80200e4e        0     1                 
80200e52 80200e52        0     1                 
80200e52 80200e52        0     1                 
80200e82 80200e82        0     1                 
80200e82 80200e82        0     1                 
80200e86 80200e86        0     1                 
80200e8a 80200e8a        0     1                 
80200e8c 80200e8c        0     1                 
80200e94 80200e94        0     1                 
80200e9e 80200e9e        0     1                 
80200ea2 80200ea2        0     1                 
80200eac 80200eac        0     1                 
80200eae 80200eae        0     1                 
80200eb2 80200eb2        0     1                 
80200ec2 80200ec2        0     1                 
80200ec4 80200ec4        0     1                 
80200ec6 80200ec6        0     1                 
80200ed0 80200ed0        0     1                 
80200ed0 80200ed0        0     1                 
80200ed2 80200ed2        0     1                 
80200ed4 80200ed4        0     1                 
80200ee4 80200ee4        0     1                 
80200ee8 80200ee8        0     1                 
80200eec 80200eec        0     1                 
80200efa 80200efa        0     1                 
80200efa 80200efa        0     1                 
80200f00 80200f00        0     1                 
80200f04 80200f04        0     1                 
80200f18 80200f18        0     1                 
80200f1c 80200f1c        0     1                 
80200f2a 80200f2a        0     1                 
80200f2a 80200f2a        0     1                 
80200f2c 80200f2c        0     1                 
80200f30 80200f30        0     1                 
80200f38 80200f38        0     1                 
80200f3c 80200f3c        0     1                 
80200f48 80200f48        0     1                 
80200f4c 80200f4c        0     1                 
80200f56 80200f56        0     1                 
80200f56 80200f56        0     1                 
80200f5a 80200f5a        0     1                 
80200f5e 80200f5e        0     1                 
80200f6a 80200f6a        0     1                 
80200f6a 80200f6a        0     1                 
80200f6c 80200f6c        0     1                 
80200f74 80200f74        0     1                 
80200f78 80200f78        0     1                 
80200f82 80200f82        0     1                 
80200f82 80200f82        0     1                 
80200f86 80200f86        0     1                 
80200f8c 80200f8c        0     1                 
80200f8e 80200f8e        0     1                 
80200f92 80200f92        0     1                 
80200fac 80200fac        0     1                 
80200fd0 80200fd0        0     1                 
80200fd2 80200fd2        0     1                 
80200ff6 80200ff6        0     1                 
80200ff8 80200ff8        0     1                 
80200ff8 80200ff8        0     1                 
80200ff8 80200ff8      2de     4         build/program_k.o:(.text)
80200ff8 80200ff8        0     1                 
80200ff8 80200ff8        0     1                 
80200ff8 80200ff8        0     1                 
80200ff8 80200ff8        0     1                 
80200ff8 80200ff8       46     1                 switch_proc
8020103e 8020103e        0     1                 
8020103e 8020103e        0     1                 
8020103e 8020103e        0     1                 
8020103e 8020103e        0     1                 
8020103e 8020103e        0     1                 
8020103e 8020103e        0     1                 
8020103e 8020103e       14     1                 Flush_TLB
80201040 80201040        0     1                 
80201042 80201042        0     1                 
80201046 80201046        0     1                 
80201048 80201048        0     1                 
80201050 80201050        0     1                 
80201052 80201052        0     1                 
80201052 80201052        0     1                 
80201052 80201052        0     1                 
80201052 80201052        0     1                 
80201052 80201052        0     1                 
80201052 80201052      176     1                 k_sp
80201054 80201054        0     1                 
80201054 80201054        0     1                 
80201058 80201058        0     1                 
80201068 80201068        0     1                 
80201068 80201068        0     1                 
80201070 80201070        0     1                 
80201070 80201070        0     1                 
80201072 80201072        0     1                 
80201074 80201074        0     1                 
80201076 80201076        0     1                 
80201088 80201088        0     1                 
80201088 80201088        0     1                 
8020109c 8020109c        0     1                 
8020109c 8020109c        0     1                 
8020109e 8020109e        0     1                 
802010b0 802010b0        0     1                 
802010b0 802010b0        0     1                 
802010b8 802010b8        0     1                 
802010bc 802010bc        0     1                 
802010be 802010be        0     1                 
802010c2 802010c2        0     1                 
802010d4 802010d4        0     1                 
802010d4 802010d4        0     1                 
802010ea 802010ea        0     1                 
802010ea 802010ea        0     1                 
802010ec 802010ec        0     1                 
802010fe 802010fe        0     1                 
802010fe 802010fe        0     1                 
8020110a 8020110a        0     1                 
8020110e 8020110e        0     1                 
80201110 80201110        0     1                 
80201114 80201114        0     1                 
80201118 80201118        0     1                 
8020112a 8020112a        0     1                 
8020112a 8020112a        0     1                 
80201144 80201144        0     1                 
80201144 80201144        0     1                 
80201146 80201146        0     1                 
80201158 80201158        0     1                 
80201158 80201158        0     1                 
80201164 80201164        0     1                 
80201168 80201168        0     1                 
8020116a 8020116a        0     1                 
8020116e 8020116e        0     1                 
80201172 80201172        0     1                 
80201184 80201184        0     1                 
80201184 80201184        0     1                 
8020119e 8020119e        0     1                 
8020119e 8020119e        0     1                 
802011a0 802011a0        0     1                 
802011b2 802011b2        0     1                 
802011b2 802011b2        0     1                 
802011c0 802011c0        0     1                 
802011c8 802011c8        0     1                 
802011c8 802011c8        0     1                 
802011c8 802011c8        0     1                 
802011c8 802011c8        0     1                 
802011c8 802011c8        0     1                 
802011c8 802011c8        0     1                 
802011c8 802011c8      10e     1                 yield
802011d0 802011d0        0     1                 
802011d6 802011d6        0     1                 
802011d8 802011d8        0     1                 
802011dc 802011dc        0     1                 
802011e0 802011e0        0     1                 
802011e2 802011e2        0     1                 
802011e4 802011e4        0     1                 
802011e6 802011e6        0     1                 
802011ea 802011ea        0     1                 
802011ea 802011ea        0     1                 
802011ee 802011ee        0     1                 
802011f0 802011f0        0     1                 
802011f4 802011f4        0     1                 
80201204 80201204        0     1                 
80201208 80201208        0     1                 
8020120c 8020120c        0     1                 
8020120e 8020120e        0     1                 
80201210 80201210        0     1                 
80201214 80201214        0     1                 
80201226 80201226        0     1                 
8020122a 8020122a        0     1                 
8020122e 8020122e        0     1                 
80201230 80201230        0     1                 
80201232 80201232        0     1                 
80201236 80201236        0     1                 
80201248 80201248        0     1                 
8020124c 8020124c        0     1                 
80201250 80201250        0     1                 
80201252 80201252        0     1                 
80201254 80201254        0     1                 
80201258 80201258        0     1                 
8020126a 8020126a        0     1                 
8020126e 8020126e        0     1                 
8020126e 8020126e        0     1                 
80201280 80201280        0     1                 
80201282 80201282        0     1                 
80201286 80201286        0     1                 
8020128a 8020128a        0     1                 
8020128e 8020128e        0     1                 
80201296 80201296        0     1                 
80201298 80201298        0     1                 
8020129a 8020129a        0     1                 
8020129c 8020129c        0     1                 
8020129e 8020129e        0     1                 
802012a2 802012a2        0     1                 
802012a4 802012a4        0     1                 
802012a6 802012a6        0     1                 
802012a8 802012a8        0     1                 
802012b0 802012b0        0     1                 
802012b0 802012b0        0     1                 
802012b8 802012b8        0     1                 
802012c0 802012c0        0     1                 
802012c4 802012c4        0     1                 
802012c6 802012c6        0     1                 
802012c8 802012c8        0     1                 
802012ce 802012ce        0     1                 
802012d2 802012d2        0     1                 
802012d6 802012d6        0     1                 
802012d6 802012d6        0     1                 
802012d8 802012d8      19a     4         build/app.o:(.text)
802012d8 802012d8        0     1                 
802012d8 802012d8        0     1                 
802012d8 802012d8        0     1                 
802012d8 802012d8      14c     1                 init_app
802012da 802012da        0     1                 
802012e0 802012e0        0     1                 
802012e2 802012e2        0     1                 
802012e2 802012e2        0     1                 
802012e6 802012e6        0     1                 
802012e8 802012e8        0     1                 
802012ec 802012ec        0     1                 
802012ee 802012ee        0     1                 
802012f2 802012f2        0     1                 
802012f6 802012f6        0     1                 
802012fa 802012fa        0     1                 
802012fe 802012fe        0     1                 
80201302 80201302        0     1                 
80201306 80201306        0     1                 
8020130a 8020130a        0     1                 
8020130e 8020130e        0     1                 
80201312 80201312        0     1                 
80201316 80201316        0     1                 
8020131a 8020131a        0     1                 
8020131e 8020131e        0     1                 
80201322 80201322        0     1                 
80201326 80201326        0     1                 
8020132a 8020132a        0     1                 
8020132e 8020132e        0     1                 
80201334 80201334        0     1                 
80201334 80201334        0     1                 
8020133c 8020133c        0     1                 
8020133e 8020133e        0     1                 
80201340 80201340        0     1                 
80201342 80201342        0     1                 
80201344 80201344        0     1                 
8020134c 8020134c        0     1                 
8020134e 8020134e        0     1                 
80201350 80201350        0     1                 
80201352 80201352        0     1                 
80201354 80201354        0     1                 
8020135c 8020135c        0     1                 
8020135e 8020135e        0     1                 
80201360 80201360        0     1                 
80201362 80201362        0     1                 
80201364 80201364        0     1                 
8020136c 8020136c        0     1                 
80201370 80201370        0     1                 
80201372 80201372        0     1                 
80201376 80201376        0     1                 
80201378 80201378        0     1                 
80201380 80201380        0     1                 
80201384 80201384        0     1                 
80201386 80201386        0     1                 
8020138a 8020138a        0     1                 
8020138c 8020138c        0     1                 
802013a6 802013a6        0     1                 
802013a8 802013a8        0     1                 
802013e0 802013e0        0     1                 
8020141a 8020141a        0     1                 
80201424 80201424        0     1                 
80201424 80201424        0     1                 
80201424 80201424        0     1                 
80201424 80201424        0     1                 
80201424 80201424        0     1                 
80201424 80201424       4e     1                 start_app
80201426 80201426        0     1                 
80201428 80201428        0     1                 
8020142c 8020142c        0     1                 
80201430 80201430        0     1                 
80201432 80201432        0     1                 
80201442 80201442        0     1                 
80201444 80201444        0     1                 
80201446 80201446        0     1                 
8020144e 8020144e        0     1                 
8020144e 8020144e        0     1                 
80201450 80201450        0     1                 
80201456 80201456        0     1                 
80201470 80201470        0     1                 
80201472 80201472        0     1                 
80201472 80201472        0     1                 
80201474 80201474      150     4         build/sockets.o:(.text)
80201474 80201474        0     1                 
80201474 80201474        0     1                 
80201474 80201474        0     1                 
80201474 80201474       3e     1                 read_rsocket
80201476 80201476        0     1                 
80201478 80201478        0     1                 
8020147c 8020147c        0     1                 
80201480 80201480        0     1                 
8020149a 8020149a        0     1                 
8020149c 8020149c        0     1                 
802014ac 802014ac        0     1                 
802014b2 802014b2        0     1                 
802014b2 802014b2        0     1                 
802014b2 802014b2        0     1                 
802014b2 802014b2        0     1                 
802014b2 802014b2        0     1                 
802014b2 802014b2       3e     1                 write_rsocket
802014b4 802014b4        0     1                 
802014b6 802014b6        0     1                 
802014ba 802014ba        0     1                 
802014be 802014be        0     1                 
802014d8 802014d8        0     1                 
802014da 802014da        0     1                 
802014e8 802014e8        0     1                 
802014ea 802014ea        0     1                 
802014f0 802014f0        0     1                 
802014f0 802014f0        0     1                 
802014f0 802014f0        0     1                 
802014f0 802014f0        0     1                 
802014f0 802014f0        0     1                 
802014f0 802014f0       6a     1                 read_socket
802014f2 802014f2        0     1                 
802014f4 802014f4        0     1                 
802014f8 802014f8        0     1                 
802014fc 802014fc        0     1                 
80201518 80201518        0     1                 
8020151a 8020151a        0     1                 
80201520 80201520        0     1                 
80201524 80201524        0     1                 
8020153e 8020153e        0     1                 
80201540 80201540        0     1                 
80201544 80201544        0     1                 
80201546 80201546        0     1                 
80201554 80201554        0     1                 
8020155a 8020155a        0     1                 
8020155a 8020155a        0     1                 
8020155a 8020155a        0     1                 
8020155a 8020155a        0     1                 
8020155a 8020155a        0     1                 
8020155a 8020155a       6a     1                 write_socket
8020155c 8020155c        0     1                 
8020155e 8020155e        0     1                 
80201562 80201562        0     1                 
80201566 80201566        0     1                 
80201582 80201582        0     1                 
80201584 80201584        0     1                 
8020158a 8020158a        0     1                 
8020158e 8020158e        0     1                 
802015a8 802015a8        0     1                 
802015aa 802015aa        0     1                 
802015ae 802015ae        0     1                 
802015b0 802015b0        0     1                 
802015bc 802015bc        0     1                 
802015be 802015be        0     1                 
802015c4 802015c4        0     1                 
802015c4 802015c4        0     1                 
802015c4 802015c4      7fc     4 .rodata
802015c4 802015c4      732     1         <internal>:(.rodata)
80201cf8 80201cf8       58     4         build/print_k.o:(.rodata)
80201cf8 80201cf8        0     1                 .LJTI0_0
80201d50 80201d50       58     4         build/str.o:(.rodata)
80201d50 80201d50        0     1                 .LJTI2_0
80201da8 80201da8       18     4         build/trap_k.o:(.rodata)
80201da8 80201da8        0     1                 .LJTI0_0
80201dc0 80201dc0     8120     4 .data
80201dc0 80201dc0     8120     1         besh.bin.o:(.data)
80201dc0 80201dc0        0     1                 _binary_besh_bin_start
80209ee0 80209ee0        0     1                 _binary_besh_bin_end
80209ee0 80209ee0     399c     4 .bss
80209ee0 80209ee0        0     1         __bss = .
80209ee0 80209ee0        4     4         build/memory.o:(.sbss)
80209ee0 80209ee0        4     1                 nextfreepageframe
80209ee4 80209ee4        8     4         build/pcb_k.o:(.sbss)
80209ee4 80209ee4        4     1                 currproc
80209ee8 80209ee8        4     1                 idleproc
80209eec 80209eec     1050     4         build/pcb_k.o:(.bss)
80209eec 80209eec     1050     1                 proclist
8020af3c 8020af3c       c8     4         build/app.o:(.bss)
8020af3c 8020af3c       c8     1                 app_list
8020b004 8020b004     2878     4         build/sockets.o:(.bss)
8020b004 8020b004       28     1                 rsockets
8020b02c 8020b02c       28     1                 rsocket_info
8020b054 8020b054     2800     1                 sockets
8020d854 8020d854       28     1                 socket_info
8020d87c 8020d87c        0     1         __bss_end = .
8020d87c 8020d87c        0     1 . = ALIGN ( 4 )
8020d87c 8020d87c    20000     1 . += 128 * 1024
8022d87c 8022d87c        0     1 __stack_top = .
8022d87c 8022d87c      784     1 . = ALIGN ( 4096 )
8022e000 8022e000        0     1 __free_ram_start = .
8022e000 8022e000  2000000     1 . += 32 * 1024 * 1024
8222e000 8222e000        0     1 __free_ram_end = .
       0        0      e1f     1 .debug_abbrev
       0        0      115     1         build/main.o:(.debug_abbrev)
     115      115      104     1         build/print_k.o:(.debug_abbrev)
     219      219      15a     1         build/SBI.o:(.debug_abbrev)
     373      373       b9     1         build/mem.o:(.debug_abbrev)
     42c      42c      12c     1         build/str.o:(.debug_abbrev)
     558      558      113     1         build/oa.o:(.debug_abbrev)
     66b      66b      14c     1         build/memory.o:(.debug_abbrev)
     7b7      7b7      187     1         build/trap_k.o:(.debug_abbrev)
     93e      93e      156     1         build/pcb_k.o:(.debug_abbrev)
     a94      a94      163     1         build/program_k.o:(.debug_abbrev)
     bf7      bf7      133     1         build/app.o:(.debug_abbrev)
     d2a      d2a       f5     1         build/sockets.o:(.debug_abbrev)
       0        0     16ea     1 .debug_info
       0        0      1b9     1         build/main.o:(.debug_info)
     1b9      1b9      1e5     1         build/print_k.o:(.debug_info)
     39e      39e      242     1         build/SBI.o:(.debug_info)
     5e0      5e0       d9     1         build/mem.o:(.debug_info)
     6b9      6b9      1f5     1         build/str.o:(.debug_info)
     8ae      8ae      184     1         build/oa.o:(.debug_info)
     a32      a32      1dd     1         build/memory.o:(.debug_info)
     c0f      c0f      314     1         build/trap_k.o:(.debug_info)
     f23      f23      26b     1         build/pcb_k.o:(.debug_info)
    118e     118e      21e     1         build/program_k.o:(.debug_info)
    13ac     13ac      1bb     1         build/app.o:(.debug_info)
    1567     1567      183     1         build/sockets.o:(.debug_info)
       0        0      185     1 .debug_rnglists
       0        0       18     1         build/main.o:(.debug_rnglists)
       c        c        0     1                 
      18       18       57     1         build/print_k.o:(.debug_rnglists)
      24       24        0     1                 
      6f       6f       66     1         build/str.o:(.debug_rnglists)
      7b       7b        0     1                 
      d5       d5       1b     1         build/oa.o:(.debug_rnglists)
      e1       e1        0     1                 
      f0       f0       5b     1         build/pcb_k.o:(.debug_rnglists)
      fc       fc        0     1                 
     14b      14b       20     1         build/program_k.o:(.debug_rnglists)
     157      157        0     1                 
     16b      16b       1a     1         build/app.o:(.debug_rnglists)
     177      177        0     1                 
       0        0      6e4     1 .debug_str_offsets
       0        0       88     1         build/main.o:(.debug_str_offsets)
       8        8        0     1                 
      88       88       68     1         build/print_k.o:(.debug_str_offsets)
      90       90        0     1                 
      f0       f0       8c     1         build/SBI.o:(.debug_str_offsets)
      f8       f8        0     1                 
     17c      17c       58     1         build/mem.o:(.debug_str_offsets)
     184      184        0     1                 
     1d4      1d4       88     1         build/str.o:(.debug_str_offsets)
     1dc      1dc        0     1                 
     25c      25c       50     1         build/oa.o:(.debug_str_offsets)
     264      264        0     1                 
     2ac      2ac       88     1         build/memory.o:(.debug_str_offsets)
     2b4      2b4        0     1                 
     334      334      150     1         build/trap_k.o:(.debug_str_offsets)
     33c      33c        0     1                 
     484      484       c8     1         build/pcb_k.o:(.debug_str_offsets)
     48c      48c        0     1                 
     54c      54c       98     1         build/program_k.o:(.debug_str_offsets)
     554      554        0     1                 
     5e4      5e4       90     1         build/app.o:(.debug_str_offsets)
     5ec      5ec        0     1                 
     674      674       70     1         build/sockets.o:(.debug_str_offsets)
     67c      67c        0     1                 
       0        0      699     1 .debug_str
       0        0      699     1         <internal>:(.debug_str)
       0        0      2b0     1 .debug_addr
       0        0       50     1         build/main.o:(.debug_addr)
       8        8        0     1                 
      50       50       50     1         build/print_k.o:(.debug_addr)
      58       58        0     1                 
      a0       a0       20     1         build/SBI.o:(.debug_addr)
      a8       a8        0     1                 
      c0       c0       10     1         build/mem.o:(.debug_addr)
      c8       c8        0     1                 
      d0       d0       24     1         build/str.o:(.debug_addr)
      d8       d8        0     1                 
      f4       f4       20     1         build/oa.o:(.debug_addr)
      fc       fc        0     1                 
     114      114       48     1         build/memory.o:(.debug_addr)
     11c      11c        0     1                 
     15c      15c       48     1         build/trap_k.o:(.debug_addr)
     164      164        0     1                 
     1a4      1a4       4c     1         build/pcb_k.o:(.debug_addr)
     1ac      1ac        0     1                 
     1f0      1f0       5c     1         build/program_k.o:(.debug_addr)
     1f8      1f8        0     1                 
     24c      24c       24     1         build/app.o:(.debug_addr)
     254      254        0     1                 
     270      270       40     1         build/sockets.o:(.debug_addr)
     278      278        0     1                 
       0        0       42     1 .comment
       0        0       42     1         <internal>:(.comment)
       0        0       2b     1 .riscv.attributes
       0        0       2b     1         build/main.o:(.riscv.attributes)
       0        0      3d8     4 .debug_frame
       0        0       54     4         build/main.o:(.debug_frame)
       0        0        0     1                 
      54       54       44     4         build/print_k.o:(.debug_frame)
      54       54        0     1                 
      98       98       4c     4         build/SBI.o:(.debug_frame)
      98       98        0     1                 
      e4       e4       34     4         build/mem.o:(.debug_frame)
      e4       e4        0     1                 
     118      118       64     4         build/str.o:(.debug_frame)
     118      118        0     1                 
     17c      17c       3c     4         build/oa.o:(.debug_frame)
     17c      17c        0     1                 
     1b8      1b8       60     4         build/memory.o:(.debug_frame)
     1b8      1b8        0     1                 
     218      218       54     4         build/trap_k.o:(.debug_frame)
     218      218        0     1                 
     26c      26c       54     4         build/pcb_k.o:(.debug_frame)
     26c      26c        0     1                 
     2c0      2c0       5c     4         build/program_k.o:(.debug_frame)
     2c0      2c0        0     1                 
     31c      31c       48     4         build/app.o:(.debug_frame)
     31c      31c        0     1                 
     364      364       74     4         build/sockets.o:(.debug_frame)
     364      364        0     1                 
       0        0     1c95     1 .debug_line
       0        0      1a1     1         build/main.o:(.debug_line)
       0        0        0     1                 .Lline_table_start0
     1a1      1a1      2d0     1         build/print_k.o:(.debug_line)
     1a1      1a1        0     1                 .Lline_table_start0
     471      471      11a     1         build/SBI.o:(.debug_line)
     471      471        0     1                 .Lline_table_start0
     58b      58b       f6     1         build/mem.o:(.debug_line)
     58b      58b        0     1                 .Lline_table_start0
     681      681      3f0     1         build/str.o:(.debug_line)
     681      681        0     1                 .Lline_table_start0
     a71      a71      25a     1         build/oa.o:(.debug_line)
     a71      a71        0     1                 .Lline_table_start0
     ccb      ccb      224     1         build/memory.o:(.debug_line)
     ccb      ccb        0     1                 .Lline_table_start0
     eef      eef      27d     1         build/trap_k.o:(.debug_line)
     eef      eef        0     1                 .Lline_table_start0
    116c     116c      30d     1         build/pcb_k.o:(.debug_line)
    116c     116c        0     1                 .Lline_table_start0
    1479     1479      3f1     1         build/program_k.o:(.debug_line)
    1479     1479        0     1                 .Lline_table_start0
    186a     186a      289     1         build/app.o:(.debug_line)
    186a     186a        0     1                 .Lline_table_start0
    1af3     1af3      1a2     1         build/sockets.o:(.debug_line)
    1af3     1af3        0     1                 .Lline_table_start0
       0        0       e2     1 .debug_line_str
       0        0       e2     1         <internal>:(.debug_line_str)
       0        0      f43     1 .debug_loclists
       0        0      115     1         build/print_k.o:(.debug_loclists)
       c        c        0     1                 
     115      115       9f     1         build/SBI.o:(.debug_loclists)
     121      121        0     1                 
     1b4      1b4       66     1         build/mem.o:(.debug_loclists)
     1c0      1c0        0     1                 
     21a      21a      1a1     1         build/str.o:(.debug_loclists)
     226      226        0     1                 
     3bb      3bb      19a     1         build/oa.o:(.debug_loclists)
     3c7      3c7        0     1                 
     555      555      137     1         build/memory.o:(.debug_loclists)
     561      561        0     1                 
     68c      68c       b8     1         build/trap_k.o:(.debug_loclists)
     698      698        0     1                 
     744      744      120     1         build/pcb_k.o:(.debug_loclists)
     750      750        0     1                 
     864      864      12b     1         build/program_k.o:(.debug_loclists)
     870      870        0     1                 
     98f      98f      4d5     1         build/app.o:(.debug_loclists)
     99b      99b        0     1                 
     e64      e64       df     1         build/sockets.o:(.debug_loclists)
     e70      e70        0     1                 
       0        0     5ef0     4 .symtab
       0        0     5ef0     4         <internal>:(.symtab)
       0        0       dc     1 .shstrtab
       0        0       dc     1         <internal>:(.shstrtab)
       0        0      453     1 .strtab
       0        0      453     1         <internal>:(.strtab)
