     VMA      LMA     Size Align Out     In      Symbol
       0        0 80200000     1 . = 0x80200000
80200000        0        0     1 __kernel_base = .
80200000 80200000     2160     4 .text
80200000 80200000        e     2         build/main.o:(.text.boot)
80200000 80200000        0     1                 
80200000 80200000        0     1                 
80200000 80200000        0     1                 
80200000 80200000        0     1                 
80200000 80200000        e     1                 boot
8020000e 8020000e        0     1                 
8020000e 8020000e        0     1                 
80200010 80200010      17a     4         build/main.o:(.text)
80200010 80200010        0     1                 
80200010 80200010        0     1                 
80200010 80200010        0     1                 
80200010 80200010       d8     1                 kernel_bootstrap
80200012 80200012        0     1                 
80200012 80200012        0     1                 
80200014 80200014        0     1                 
80200024 80200024        0     1                 
80200024 80200024        0     1                 
80200034 80200034        0     1                 
80200034 80200034        0     1                 
80200052 80200052        0     1                 
80200052 80200052        0     1                 
80200062 80200062        0     1                 
80200062 80200062        0     1                 
8020006e 8020006e        0     1                 
8020007e 8020007e        0     1                 
8020007e 8020007e        0     1                 
80200086 80200086        0     1                 
80200086 80200086        0     1                 
802000a6 802000a6        0     1                 
802000a6 802000a6        0     1                 
802000b6 802000b6        0     1                 
802000b6 802000b6        0     1                 
802000c2 802000c2        0     1                 
802000c2 802000c2        0     1                 
802000ca 802000ca        0     1                 
802000ce 802000ce        0     1                 
802000d6 802000d6        0     1                 
802000da 802000da        0     1                 
802000e0 802000e0        0     1                 
802000e8 802000e8        0     1                 
802000e8 802000e8        0     1                 
802000e8 802000e8        0     1                 
802000e8 802000e8        0     1                 
802000e8 802000e8        0     1                 
802000e8 802000e8       a2     1                 kernel_main
802000ea 802000ea        0     1                 
802000ea 802000ea        0     1                 
802000ec 802000ec        0     1                 
802000f4 802000f4        0     1                 
802000f4 802000f4        0     1                 
80200114 80200114        0     1                 
80200114 80200114        0     1                 
8020011c 8020011c        0     1                 
8020011c 8020011c        0     1                 
8020013c 8020013c        0     1                 
8020013c 8020013c        0     1                 
8020015c 8020015c        0     1                 
8020015c 8020015c        0     1                 
80200164 80200164        0     1                 
80200164 80200164        0     1                 
80200188 80200188        0     1                 
8020018a 8020018a        0     1                 
8020018a 8020018a        0     1                 
8020018c 8020018c      2ec     4         build/print_k.o:(.text)
8020018c 8020018c        0     1                 
8020018c 8020018c        0     1                 
8020018c 8020018c        0     1                 
8020018c 8020018c      2ec     1                 k_printf
8020018e 8020018e        0     1                 
802001a8 802001a8        0     1                 
802001c4 802001c4        0     1                 
802001e2 802001e2        0     1                 
80200202 80200202        0     1                 
80200206 80200206        0     1                 
8020020e 8020020e        0     1                 
80200216 80200216        0     1                 
80200216 80200216        0     1                 
80200218 80200218        0     1                 
80200220 80200220        0     1                 
80200224 80200224        0     1                 
8020022c 8020022c        0     1                 
80200236 80200236        0     1                 .LBB0_6
80200236 80200236        0     1                 
80200236 80200236        0     1                 
80200256 80200256        0     1                 
80200256 80200256        0     1                 
8020025a 8020025a        0     1                 .LBB0_9
8020025a 8020025a        0     1                 
80200266 80200266        0     1                 
80200266 80200266        0     1                 
8020026c 8020026c        0     1                 .LBB0_10
8020026c 8020026c        0     1                 
80200280 80200280        0     1                 .LBB0_12
80200280 80200280        0     1                 
8020028c 8020028c        0     1                 
8020028c 8020028c        0     1                 
80200298 80200298        0     1                 
80200298 80200298        0     1                 
802002b4 802002b4        0     1                 .LBB0_14
802002b4 802002b4        0     1                 
802002d0 802002d0        0     1                 
802002d2 802002d2        0     1                 
802002d6 802002d6        0     1                 .LBB0_16
802002d6 802002d6        0     1                 
802002ee 802002ee        0     1                 .LBB0_18
802002ee 802002ee        0     1                 
8020030a 8020030a        0     1                 
80200318 80200318        0     1                 
8020031c 8020031c        0     1                 
80200328 80200328        0     1                 
80200328 80200328        0     1                 
8020032c 8020032c        0     1                 
80200336 80200336        0     1                 
8020033a 8020033a        0     1                 
8020033c 8020033c        0     1                 
80200348 80200348        0     1                 
80200348 80200348        0     1                 
8020034c 8020034c        0     1                 
80200350 80200350        0     1                 
80200350 80200350        0     1                 
8020035e 8020035e        0     1                 
8020036a 8020036a        0     1                 
8020036a 8020036a        0     1                 
8020036e 8020036e        0     1                 
80200372 80200372        0     1                 
80200376 80200376        0     1                 
80200378 80200378        0     1                 
80200384 80200384        0     1                 
80200384 80200384        0     1                 
80200388 80200388        0     1                 
8020038c 8020038c        0     1                 
8020038c 8020038c        0     1                 
80200396 80200396        0     1                 
80200398 80200398        0     1                 
8020039a 8020039a        0     1                 
802003a0 802003a0        0     1                 
802003a8 802003a8        0     1                 
802003b4 802003b4        0     1                 
802003b4 802003b4        0     1                 
802003b8 802003b8        0     1                 
802003bc 802003bc        0     1                 
802003c4 802003c4        0     1                 
802003d0 802003d0        0     1                 
802003d0 802003d0        0     1                 
802003d4 802003d4        0     1                 
802003dc 802003dc        0     1                 
802003e0 802003e0        0     1                 
802003e2 802003e2        0     1                 
802003ee 802003ee        0     1                 
802003ee 802003ee        0     1                 
802003f2 802003f2        0     1                 
802003f6 802003f6        0     1                 
802003f6 802003f6        0     1                 
80200402 80200402        0     1                 
8020040e 8020040e        0     1                 
8020040e 8020040e        0     1                 
8020041a 8020041a        0     1                 
8020041a 8020041a        0     1                 
80200428 80200428        0     1                 
80200428 80200428        0     1                 
8020042c 8020042c        0     1                 
80200432 80200432        0     1                 
80200436 80200436        0     1                 
80200438 80200438        0     1                 
80200444 80200444        0     1                 
80200444 80200444        0     1                 
80200448 80200448        0     1                 
8020044c 8020044c        0     1                 
8020044c 8020044c        0     1                 
8020045a 8020045a        0     1                 
80200478 80200478        0     1                 
80200478 80200478        0     1                 
80200478 80200478       c0     4         build/SBI.o:(.text)
80200478 80200478        0     1                 
80200478 80200478        0     1                 
80200478 80200478        0     1                 
80200478 80200478        0     1                 
80200478 80200478        a     1                 sbi_call
8020047c 8020047c        0     1                 
80200482 80200482        0     1                 
80200482 80200482        0     1                 
80200482 80200482        0     1                 
80200482 80200482        0     1                 
80200482 80200482        0     1                 
80200482 80200482        0     1                 
80200482 80200482       14     1                 k_putchar
80200494 80200494        0     1                 
80200494 80200494        0     1                 
80200496 80200496        0     1                 
80200496 80200496        0     1                 
80200496 80200496        0     1                 
80200496 80200496        0     1                 
80200496 80200496        0     1                 
80200496 80200496       60     1                 k_readchar
80200498 80200498        0     1                 
80200498 80200498        0     1                 
8020049a 8020049a        0     1                 
802004a2 802004a2        0     1                 
802004a6 802004a6        0     1                 
802004a8 802004a8        0     1                 
802004ac 802004ac        0     1                 
802004ac 802004ac        0     1                 
802004be 802004be        0     1                 
802004be 802004be        0     1                 
802004c4 802004c4        0     1                 
802004e8 802004e8        0     1                 
802004ea 802004ea        0     1                 
802004ea 802004ea        0     1                 
802004ec 802004ec        0     1                 
802004f6 802004f6        0     1                 
802004f6 802004f6        0     1                 
802004f6 802004f6        0     1                 
802004f6 802004f6        0     1                 
802004f6 802004f6        0     1                 
802004f6 802004f6       42     1                 exit
802004f8 802004f8        0     1                 
802004fa 802004fa        0     1                 
802004fc 802004fc        0     1                 
8020050c 8020050c        0     1                 
8020050c 8020050c        0     1                 
80200512 80200512        0     1                 
80200536 80200536        0     1                 
80200538 80200538        0     1                 
80200538 80200538        0     1                 
80200538 80200538       28     4         build/mem.o:(.text)
80200538 80200538        0     1                 
80200538 80200538        0     1                 
80200538 80200538        0     1                 
80200538 80200538        0     1                 
80200538 80200538       14     1                 memset
8020053a 8020053a        0     1                 
8020053c 8020053c        0     1                 
8020053e 8020053e        0     1                 
80200542 80200542        0     1                 
80200546 80200546        0     1                 
80200548 80200548        0     1                 
8020054a 8020054a        0     1                 
8020054c 8020054c        0     1                 
8020054c 8020054c        0     1                 
8020054c 8020054c        0     1                 
8020054c 8020054c        0     1                 
8020054c 8020054c        0     1                 
8020054c 8020054c        0     1                 
8020054c 8020054c       14     1                 k_memcpy
8020054e 8020054e        0     1                 
80200552 80200552        0     1                 
80200556 80200556        0     1                 
80200558 80200558        0     1                 
8020055a 8020055a        0     1                 
8020055c 8020055c        0     1                 
8020055e 8020055e        0     1                 
8020055e 8020055e        0     1                 
80200560 80200560        0     1                 
80200560 80200560        0     1                 
80200560 80200560      29e     4         build/str.o:(.text)
80200560 80200560        0     1                 
80200560 80200560        0     1                 
80200560 80200560        0     1                 
80200560 80200560        0     1                 
80200560 80200560       28     1                 k_strncpy
80200562 80200562        0     1                 
80200564 80200564        0     1                 
8020056c 8020056c        0     1                 
8020056e 8020056e        0     1                 
80200572 80200572        0     1                 
80200574 80200574        0     1                 
80200578 80200578        0     1                 
8020057c 8020057c        0     1                 
80200580 80200580        0     1                 
80200586 80200586        0     1                 
80200588 80200588        0     1                 
80200588 80200588        0     1                 
80200588 80200588        0     1                 
80200588 80200588        0     1                 
80200588 80200588        0     1                 
80200588 80200588        0     1                 
80200588 80200588       2e     1                 k_strcmp
8020058c 8020058c        0     1                 
8020058e 8020058e        0     1                 
80200590 80200590        0     1                 
80200594 80200594        0     1                 
80200596 80200596        0     1                 
8020059a 8020059a        0     1                 
8020059e 8020059e        0     1                 
802005a2 802005a2        0     1                 
802005a4 802005a4        0     1                 
802005a8 802005a8        0     1                 
802005aa 802005aa        0     1                 
802005ae 802005ae        0     1                 
802005b2 802005b2        0     1                 
802005b4 802005b4        0     1                 
802005b6 802005b6        0     1                 
802005b6 802005b6        0     1                 
802005b6 802005b6        0     1                 
802005b6 802005b6        0     1                 
802005b6 802005b6        0     1                 
802005b6 802005b6      248     1                 k_sprintf
802005b8 802005b8        0     1                 
802005d0 802005d0        0     1                 
802005e0 802005e0        0     1                 
802005fe 802005fe        0     1                 
80200600 80200600        0     1                 
8020062a 8020062a        0     1                 
8020062c 8020062c        0     1                 
80200630 80200630        0     1                 
80200638 80200638        0     1                 
8020063e 8020063e        0     1                 
80200642 80200642        0     1                 
80200646 80200646        0     1                 
8020064e 8020064e        0     1                 
80200658 80200658        0     1                 .LBB2_7
80200658 80200658        0     1                 
8020066c 8020066c        0     1                 
80200670 80200670        0     1                 
80200676 80200676        0     1                 .LBB2_11
80200676 80200676        0     1                 
8020067a 8020067a        0     1                 
80200684 80200684        0     1                 
8020068a 8020068a        0     1                 .LBB2_12
8020068a 8020068a        0     1                 
8020069e 8020069e        0     1                 .LBB2_14
8020069e 8020069e        0     1                 
802006a6 802006a6        0     1                 
802006ba 802006ba        0     1                 .LBB2_16
802006ba 802006ba        0     1                 
802006cc 802006cc        0     1                 
802006ce 802006ce        0     1                 
802006d2 802006d2        0     1                 .LBB2_18
802006d2 802006d2        0     1                 
802006e6 802006e6        0     1                 .LBB2_20
802006e6 802006e6        0     1                 
802006fa 802006fa        0     1                 
802006fc 802006fc        0     1                 
80200700 80200700        0     1                 
8020070a 8020070a        0     1                 
80200716 80200716        0     1                 
80200716 80200716        0     1                 
8020071c 8020071c        0     1                 
8020071e 8020071e        0     1                 
80200720 80200720        0     1                 
80200724 80200724        0     1                 
80200728 80200728        0     1                 
8020072a 8020072a        0     1                 
80200730 80200730        0     1                 
80200730 80200730        0     1                 
80200734 80200734        0     1                 
80200740 80200740        0     1                 
80200740 80200740        0     1                 
80200746 80200746        0     1                 
8020074a 8020074a        0     1                 
8020074c 8020074c        0     1                 
80200750 80200750        0     1                 
80200754 80200754        0     1                 
80200756 80200756        0     1                 
8020075c 8020075c        0     1                 
8020075c 8020075c        0     1                 
80200760 80200760        0     1                 
80200762 80200762        0     1                 
80200764 80200764        0     1                 
8020076a 8020076a        0     1                 
80200770 80200770        0     1                 
80200774 80200774        0     1                 
80200778 80200778        0     1                 
8020077a 8020077a        0     1                 
80200780 80200780        0     1                 
80200782 80200782        0     1                 
8020078e 8020078e        0     1                 
8020078e 8020078e        0     1                 
80200794 80200794        0     1                 
80200798 80200798        0     1                 
8020079a 8020079a        0     1                 
8020079e 8020079e        0     1                 
802007a2 802007a2        0     1                 
802007a4 802007a4        0     1                 
802007aa 802007aa        0     1                 
802007aa 802007aa        0     1                 
802007ac 802007ac        0     1                 
802007b6 802007b6        0     1                 
802007c2 802007c2        0     1                 
802007c2 802007c2        0     1                 
802007c8 802007c8        0     1                 
802007cc 802007cc        0     1                 
802007ce 802007ce        0     1                 
802007d2 802007d2        0     1                 
802007d6 802007d6        0     1                 
802007d8 802007d8        0     1                 
802007de 802007de        0     1                 
802007de 802007de        0     1                 
802007e2 802007e2        0     1                 
802007fe 802007fe        0     1                 
802007fe 802007fe        0     1                 
80200800 80200800      176     4         build/oa.o:(.text)
80200800 80200800        0     1                 
80200800 80200800        0     1                 
80200800 80200800        0     1                 
80200800 80200800       7a     1                 utoa
80200802 80200802        0     1                 
80200802 80200802        0     1                 
80200804 80200804        0     1                 
8020080c 8020080c        0     1                 
8020080e 8020080e        0     1                 
80200812 80200812        0     1                 
80200818 80200818        0     1                 
8020081a 8020081a        0     1                 
8020081e 8020081e        0     1                 
80200820 80200820        0     1                 
8020082c 8020082c        0     1                 
8020083a 8020083a        0     1                 
8020083a 8020083a        0     1                 
8020084c 8020084c        0     1                 
80200854 80200854        0     1                 
80200858 80200858        0     1                 
8020085e 8020085e        0     1                 
80200864 80200864        0     1                 
80200864 80200864        0     1                 
80200868 80200868        0     1                 
8020086e 8020086e        0     1                 
80200876 80200876        0     1                 
8020087a 8020087a        0     1                 
8020087a 8020087a        0     1                 
8020087a 8020087a        0     1                 
8020087a 8020087a        0     1                 
8020087a 8020087a        0     1                 
8020087a 8020087a       fc     1                 itoa
8020087c 8020087c        0     1                 
8020087e 8020087e        0     1                 
8020088a 8020088a        0     1                 
8020088e 8020088e        0     1                 
80200894 80200894        0     1                 
80200898 80200898        0     1                 
802008a0 802008a0        0     1                 
802008aa 802008aa        0     1                 
802008b0 802008b0        0     1                 
802008b8 802008b8        0     1                 
802008bc 802008bc        0     1                 
802008c0 802008c0        0     1                 
802008c2 802008c2        0     1                 
802008c6 802008c6        0     1                 
802008ca 802008ca        0     1                 
802008ce 802008ce        0     1                 
802008ce 802008ce        0     1                 
802008dc 802008dc        0     1                 
802008de 802008de        0     1                 
802008e6 802008e6        0     1                 
802008ea 802008ea        0     1                 
802008f0 802008f0        0     1                 
802008f4 802008f4        0     1                 
802008f4 802008f4        0     1                 
802008fa 802008fa        0     1                 
802008fa 802008fa        0     1                 
802008fc 802008fc        0     1                 
80200904 80200904        0     1                 
80200906 80200906        0     1                 
8020090a 8020090a        0     1                 
80200910 80200910        0     1                 
80200912 80200912        0     1                 
80200916 80200916        0     1                 
80200918 80200918        0     1                 
80200924 80200924        0     1                 
80200932 80200932        0     1                 
80200932 80200932        0     1                 
80200944 80200944        0     1                 
8020094c 8020094c        0     1                 
80200950 80200950        0     1                 
80200956 80200956        0     1                 
8020095c 8020095c        0     1                 
8020095c 8020095c        0     1                 
80200960 80200960        0     1                 
80200968 80200968        0     1                 
8020096e 8020096e        0     1                 
80200972 80200972        0     1                 
80200976 80200976        0     1                 
80200976 80200976        0     1                 
80200978 80200978      400     4         build/memory.o:(.text)
80200978 80200978        0     1                 
80200978 80200978        0     1                 
80200978 80200978        0     1                 
80200978 80200978        0     1                 
80200978 80200978       1a     1                 init_memory
80200988 80200988        0     1                 
80200990 80200990        0     1                 
80200992 80200992        0     1                 
80200992 80200992        0     1                 
80200992 80200992        0     1                 
80200992 80200992        0     1                 
80200992 80200992        0     1                 
80200992 80200992       ec     1                 pageframalloc
80200994 80200994        0     1                 
80200994 80200994        0     1                 
8020099a 8020099a        0     1                 
8020099c 8020099c        0     1                 
802009a4 802009a4        0     1                 
802009b0 802009b0        0     1                 
802009b4 802009b4        0     1                 
802009b4 802009b4        0     1                 
802009b6 802009b6        0     1                 
802009ba 802009ba        0     1                 
802009be 802009be        0     1                 
802009be 802009be        0     1                 
802009c4 802009c4        0     1                 
802009c8 802009c8        0     1                 
802009cc 802009cc        0     1                 
802009d2 802009d2        0     1                 
802009dc 802009dc        0     1                 
802009de 802009de        0     1                 
802009e2 802009e2        0     1                 
802009e4 802009e4        0     1                 
802009e8 802009e8        0     1                 
802009ea 802009ea        0     1                 
802009ee 802009ee        0     1                 
802009f6 802009f6        0     1                 
802009f8 802009f8        0     1                 
80200a00 80200a00        0     1                 
80200a04 80200a04        0     1                 
80200a06 80200a06        0     1                 
80200a0a 80200a0a        0     1                 
80200a0c 80200a0c        0     1                 
80200a14 80200a14        0     1                 
80200a18 80200a18        0     1                 
80200a1c 80200a1c        0     1                 
80200a24 80200a24        0     1                 
80200a28 80200a28        0     1                 
80200a2c 80200a2c        0     1                 
80200a50 80200a50        0     1                 
80200a52 80200a52        0     1                 
80200a56 80200a56        0     1                 
80200a62 80200a62        0     1                 
80200a66 80200a66        0     1                 
80200a72 80200a72        0     1                 
80200a72 80200a72        0     1                 
80200a7e 80200a7e        0     1                 
80200a7e 80200a7e        0     1                 
80200a7e 80200a7e        0     1                 
80200a7e 80200a7e        0     1                 
80200a7e 80200a7e        0     1                 
80200a7e 80200a7e       56     1                 pageframfree
80200a80 80200a80        0     1                 
80200a82 80200a82        0     1                 
80200a84 80200a84        0     1                 
80200a8c 80200a8c        0     1                 
80200a90 80200a90        0     1                 
80200a96 80200a96        0     1                 
80200a98 80200a98        0     1                 
80200ab4 80200ab4        0     1                 
80200ab6 80200ab6        0     1                 
80200ab6 80200ab6        0     1                 
80200ac0 80200ac0        0     1                 
80200ac2 80200ac2        0     1                 
80200ac4 80200ac4        0     1                 
80200ac8 80200ac8        0     1                 
80200ac8 80200ac8        0     1                 
80200acc 80200acc        0     1                 
80200ace 80200ace        0     1                 
80200ace 80200ace        0     1                 
80200ad4 80200ad4        0     1                 
80200ad4 80200ad4        0     1                 
80200ad4 80200ad4        0     1                 
80200ad4 80200ad4        0     1                 
80200ad4 80200ad4        0     1                 
80200ad4 80200ad4      1a0     1                 add_ptbl_entry
80200ad6 80200ad6        0     1                 
80200ae4 80200ae4        0     1                 
80200aec 80200aec        0     1                 
80200af4 80200af4        0     1                 
80200b04 80200b04        0     1                 
80200b04 80200b04        0     1                 
80200b16 80200b16        0     1                 
80200b16 80200b16        0     1                 
80200b26 80200b26        0     1                 
80200b26 80200b26        0     1                 
80200b36 80200b36        0     1                 
80200b36 80200b36        0     1                 
80200b5a 80200b5a        0     1                 
80200b5c 80200b5c        0     1                 
80200b60 80200b60        0     1                 
80200b64 80200b64        0     1                 
80200b66 80200b66        0     1                 
80200b6a 80200b6a        0     1                 
80200b6e 80200b6e        0     1                 
80200b72 80200b72        0     1                 
80200b74 80200b74        0     1                 
80200b7c 80200b7c        0     1                 
80200b7c 80200b7c        0     1                 
80200b80 80200b80        0     1                 
80200b80 80200b80        0     1                 
80200b84 80200b84        0     1                 
80200b8a 80200b8a        0     1                 
80200b8a 80200b8a        0     1                 
80200b92 80200b92        0     1                 
80200b94 80200b94        0     1                 
80200b96 80200b96        0     1                 
80200b9e 80200b9e        0     1                 
80200ba2 80200ba2        0     1                 
80200ba6 80200ba6        0     1                 
80200bca 80200bca        0     1                 
80200bcc 80200bcc        0     1                 
80200bda 80200bda        0     1                 
80200bde 80200bde        0     1                 
80200bde 80200bde        0     1                 
80200be2 80200be2        0     1                 
80200be4 80200be4        0     1                 
80200c08 80200c08        0     1                 
80200c0a 80200c0a        0     1                 
80200c2e 80200c2e        0     1                 
80200c30 80200c30        0     1                 
80200c38 80200c38        0     1                 
80200c3c 80200c3c        0     1                 
80200c40 80200c40        0     1                 
80200c40 80200c40        0     1                 
80200c44 80200c44        0     1                 
80200c50 80200c50        0     1                 
80200c58 80200c58        0     1                 
80200c60 80200c60        0     1                 
80200c62 80200c62        0     1                 
80200c74 80200c74        0     1                 
80200c74 80200c74        0     1                 
80200c74 80200c74        0     1                 
80200c74 80200c74        0     1                 
80200c74 80200c74        0     1                 
80200c74 80200c74      104     1                 free_proc_pages
80200c76 80200c76        0     1                 
80200c76 80200c76        0     1                 
80200c78 80200c78        0     1                 
80200c7a 80200c7a        0     1                 
80200c9e 80200c9e        0     1                 
80200c9e 80200c9e        0     1                 
80200ca0 80200ca0        0     1                 
80200ca4 80200ca4        0     1                 
80200ca4 80200ca4        0     1                 
80200cac 80200cac        0     1                 
80200cb0 80200cb0        0     1                 
80200cb2 80200cb2        0     1                 
80200cb8 80200cb8        0     1                 
80200cc0 80200cc0        0     1                 
80200cc0 80200cc0        0     1                 
80200cc4 80200cc4        0     1                 
80200cc6 80200cc6        0     1                 
80200cc6 80200cc6        0     1                 
80200cc8 80200cc8        0     1                 
80200cd0 80200cd0        0     1                 
80200cd4 80200cd4        0     1                 
80200ce0 80200ce0        0     1                 
80200cea 80200cea        0     1                 
80200cea 80200cea        0     1                 
80200cee 80200cee        0     1                 
80200cf0 80200cf0        0     1                 
80200cf4 80200cf4        0     1                 
80200cf6 80200cf6        0     1                 
80200cf6 80200cf6        0     1                 
80200d02 80200d02        0     1                 
80200d0c 80200d0c        0     1                 
80200d0c 80200d0c        0     1                 
80200d10 80200d10        0     1                 
80200d14 80200d14        0     1                 
80200d18 80200d18        0     1                 
80200d1a 80200d1a        0     1                 
80200d1a 80200d1a        0     1                 
80200d36 80200d36        0     1                 
80200d3a 80200d3a        0     1                 
80200d3a 80200d3a        0     1                 
80200d40 80200d40        0     1                 
80200d42 80200d42        0     1                 
80200d60 80200d60        0     1                 
80200d62 80200d62        0     1                 
80200d62 80200d62        0     1                 
80200d6a 80200d6a        0     1                 
80200d6e 80200d6e        0     1                 
80200d72 80200d72        0     1                 
80200d72 80200d72        0     1                 
80200d78 80200d78        0     1                 
80200d78 80200d78        0     1                 
80200d78 80200d78      3e4     4         build/trap_k.o:(.text)
80200d78 80200d78        0     1                 
80200d78 80200d78        0     1                 
80200d78 80200d78        0     1                 
80200d78 80200d78      2de     1                 handle_syscall
80200d7a 80200d7a        0     1                 
80200d7e 80200d7e        0     1                 
80200d80 80200d80        0     1                 
80200d9e 80200d9e        0     1                 
80200da8 80200da8        0     1                 
80200dfa 80200dfa        0     1                 .LBB0_2
80200dfa 80200dfa        0     1                 
80200e06 80200e06        0     1                 
80200e06 80200e06        0     1                 
80200e18 80200e18        0     1                 .LBB0_3
80200e18 80200e18        0     1                 
80200e20 80200e20        0     1                 
80200e20 80200e20        0     1                 
80200e2e 80200e2e        0     1                 .LBB0_4
80200e2e 80200e2e        0     1                 
80200e38 80200e38        0     1                 
80200e3a 80200e3a        0     1                 .LBB0_5
80200e3a 80200e3a        0     1                 
80200e44 80200e44        0     1                 
80200e48 80200e48        0     1                 .LBB0_7
80200e50 80200e50        0     1                 
80200e54 80200e54        0     1                 
80200e56 80200e56        0     1                 
80200e5a 80200e5a        0     1                 
80200e62 80200e62        0     1                 
80200e62 80200e62        0     1                 
80200e66 80200e66        0     1                 
80200e6a 80200e6a        0     1                 
80200e70 80200e70        0     1                 
80200e78 80200e78        0     1                 .LBB0_11
80200e78 80200e78        0     1                 
80200e82 80200e82        0     1                 
80200e82 80200e82        0     1                 
80200e84 80200e84        0     1                 .LBB0_12
80200e84 80200e84        0     1                 
80200e8e 80200e8e        0     1                 
80200e8e 80200e8e        0     1                 
80200e90 80200e90        0     1                 .LBB0_13
80200e90 80200e90        0     1                 
80200e9a 80200e9a        0     1                 
80200ea2 80200ea2        0     1                 .LBB0_14
80200ea2 80200ea2        0     1                 
80200eb2 80200eb2        0     1                 
80200eb2 80200eb2        0     1                 
80200eb6 80200eb6        0     1                 
80200ec2 80200ec2        0     1                 
80200ec8 80200ec8        0     1                 .LBB0_16
80200ec8 80200ec8        0     1                 
80200ed4 80200ed4        0     1                 
80200ed4 80200ed4        0     1                 
80200ed6 80200ed6        0     1                 .LBB0_17
80200ed6 80200ed6        0     1                 
80200ef6 80200ef6        0     1                 
80200f00 80200f00        0     1                 
80200f08 80200f08        0     1                 .LBB0_18
80200f08 80200f08        0     1                 
80200f12 80200f12        0     1                 
80200f1a 80200f1a        0     1                 .LBB0_19
80200f1a 80200f1a        0     1                 
80200f22 80200f22        0     1                 
80200f2a 80200f2a        0     1                 .LBB0_20
80200f2a 80200f2a        0     1                 
80200f34 80200f34        0     1                 
80200f3c 80200f3c        0     1                 .LBB0_21
80200f3c 80200f3c        0     1                 
80200f44 80200f44        0     1                 
80200f4c 80200f4c        0     1                 .LBB0_22
80200f4c 80200f4c        0     1                 
80200f56 80200f56        0     1                 
80200f56 80200f56        0     1                 
80200f58 80200f58        0     1                 .LBB0_23
80200f58 80200f58        0     1                 
80200f62 80200f62        0     1                 
80200f62 80200f62        0     1                 
80200f64 80200f64        0     1                 .LBB0_24
80200f64 80200f64        0     1                 
80200f6e 80200f6e        0     1                 
80200f6e 80200f6e        0     1                 
80200f70 80200f70        0     1                 .LBB0_25
80200f70 80200f70        0     1                 
80200f7a 80200f7a        0     1                 
80200f7a 80200f7a        0     1                 
80200f7c 80200f7c        0     1                 .LBB0_26
80200f7c 80200f7c        0     1                 
80200f86 80200f86        0     1                 
80200f86 80200f86        0     1                 
80200f88 80200f88        0     1                 
80200f88 80200f88        0     1                 .LBB0_27
80200f88 80200f88        0     1                 
80200f8c 80200f8c        0     1                 
80200f90 80200f90        0     1                 
80200f94 80200f94        0     1                 
80200f98 80200f98        0     1                 
80200f9c 80200f9c        0     1                 
80200fa0 80200fa0        0     1                 
80200fa4 80200fa4        0     1                 
80200fa8 80200fa8        0     1                 
80200fa8 80200fa8        0     1                 
80200fb4 80200fb4        0     1                 
80200fb4 80200fb4        0     1                 
80200fce 80200fce        0     1                 
80200fd6 80200fd6        0     1                 .LBB0_30
80200fd6 80200fd6        0     1                 
80200fde 80200fde        0     1                 
80200fe6 80200fe6        0     1                 
80200fe8 80200fe8        0     1                 
80200fec 80200fec        0     1                 
8020100a 8020100a        0     1                 
8020100c 8020100c        0     1                 
80201010 80201010        0     1                 
8020101e 8020101e        0     1                 
80201020 80201020        0     1                 
80201022 80201022        0     1                 
8020102a 8020102a        0     1                 
80201032 80201032        0     1                 
80201034 80201034        0     1                 
80201036 80201036        0     1                 
80201054 80201054        0     1                 
80201056 80201056        0     1                 
80201056 80201056        0     1                 
80201056 80201056        0     1                 
80201056 80201056        0     1                 
80201056 80201056        0     1                 
80201056 80201056       68     1                 handle_trap
80201058 80201058        0     1                 
80201058 80201058        0     1                 
80201058 80201058        0     1                 
8020105c 8020105c        0     1                 
80201060 80201060        0     1                 
80201060 80201060        0     1                 
80201064 80201064        0     1                 
80201064 80201064        0     1                 
80201068 80201068        0     1                 
8020106a 8020106a        0     1                 
8020106a 8020106a        0     1                 
8020106e 8020106e        0     1                 
80201076 80201076        0     1                 
80201076 80201076        0     1                 
8020107a 8020107a        0     1                 
8020107e 8020107e        0     1                 
80201086 80201086        0     1                 
80201098 80201098        0     1                 
80201098 80201098        0     1                 
802010bc 802010bc        0     1                 
802010be 802010be        0     1                 
802010be 802010be        0     1                 
802010c0 802010c0        0     1                 
802010c0 802010c0        0     1                 
802010c0 802010c0        0     1                 
802010c0 802010c0        0     1                 
802010c0 802010c0       9c     1                 switch_trap
8020115c 8020115c        0     1                 
8020115c 8020115c        0     1                 
8020115c 8020115c      2f4     4         build/pcb_k.o:(.text)
8020115c 8020115c        0     1                 
8020115c 8020115c        0     1                 
8020115c 8020115c        0     1                 
8020115c 8020115c       3c     1                 switch_umode
8020115e 8020115e        0     1                 
80201160 80201160        0     1                 
80201168 80201168        0     1                 
80201174 80201174        0     1                 
80201196 80201196        0     1                 
80201198 80201198        0     1                 
80201198 80201198        0     1                 
80201198 80201198        0     1                 
80201198 80201198        0     1                 
80201198 80201198        0     1                 
80201198 80201198      26a     1                 spawn_proc
8020119a 8020119a        0     1                 
802011ae 802011ae        0     1                 
802011b6 802011b6        0     1                 
802011ba 802011ba        0     1                 
802011bc 802011bc        0     1                 
802011be 802011be        0     1                 
802011c2 802011c2        0     1                 
802011c4 802011c4        0     1                 
802011d0 802011d0        0     1                 
802011d4 802011d4        0     1                 
802011d6 802011d6        0     1                 
802011da 802011da        0     1                 
802011de 802011de        0     1                 
802011e0 802011e0        0     1                 
802011f0 802011f0        0     1                 
802011f2 802011f2        0     1                 
802011f4 802011f4        0     1                 
802011fa 802011fa        0     1                 
802011fc 802011fc        0     1                 
802011fe 802011fe        0     1                 
8020121c 8020121c        0     1                 
8020121e 8020121e        0     1                 
80201238 80201238        0     1                 
80201240 80201240        0     1                 
80201244 80201244        0     1                 
80201248 80201248        0     1                 
80201256 80201256        0     1                 
80201256 80201256        0     1                 
80201258 80201258        0     1                 
8020125c 8020125c        0     1                 
8020125c 8020125c        0     1                 
8020128c 8020128c        0     1                 
8020128c 8020128c        0     1                 
80201290 80201290        0     1                 
80201294 80201294        0     1                 
80201296 80201296        0     1                 
8020129e 8020129e        0     1                 
802012a8 802012a8        0     1                 
802012ac 802012ac        0     1                 
802012b6 802012b6        0     1                 
802012b8 802012b8        0     1                 
802012bc 802012bc        0     1                 
802012cc 802012cc        0     1                 
802012ce 802012ce        0     1                 
802012d0 802012d0        0     1                 
802012da 802012da        0     1                 
802012da 802012da        0     1                 
802012dc 802012dc        0     1                 
802012de 802012de        0     1                 
802012ee 802012ee        0     1                 
802012f2 802012f2        0     1                 
802012f6 802012f6        0     1                 
80201304 80201304        0     1                 
80201304 80201304        0     1                 
8020130a 8020130a        0     1                 
8020130e 8020130e        0     1                 
80201322 80201322        0     1                 
80201326 80201326        0     1                 
80201334 80201334        0     1                 
80201334 80201334        0     1                 
80201336 80201336        0     1                 
8020133a 8020133a        0     1                 
80201342 80201342        0     1                 
80201346 80201346        0     1                 
80201352 80201352        0     1                 
80201356 80201356        0     1                 
80201360 80201360        0     1                 
80201360 80201360        0     1                 
80201364 80201364        0     1                 
80201368 80201368        0     1                 
80201374 80201374        0     1                 
80201374 80201374        0     1                 
80201376 80201376        0     1                 
8020137e 8020137e        0     1                 
80201382 80201382        0     1                 
8020138c 8020138c        0     1                 
8020138c 8020138c        0     1                 
80201390 80201390        0     1                 
80201396 80201396        0     1                 
80201398 80201398        0     1                 
8020139c 8020139c        0     1                 
802013b6 802013b6        0     1                 
802013da 802013da        0     1                 
802013dc 802013dc        0     1                 
80201400 80201400        0     1                 
80201402 80201402        0     1                 
80201402 80201402        0     1                 
80201402 80201402        0     1                 
80201402 80201402        0     1                 
80201402 80201402        0     1                 
80201402 80201402       4e     1                 free_proc
80201404 80201404        0     1                 
80201404 80201404        0     1                 
80201408 80201408        0     1                 
8020140a 8020140a        0     1                 
8020140c 8020140c        0     1                 
8020140e 8020140e        0     1                 
80201410 80201410        0     1                 
80201412 80201412        0     1                 
80201414 80201414        0     1                 
8020141c 8020141c        0     1                 
8020141c 8020141c        0     1                 
80201420 80201420        0     1                 
80201424 80201424        0     1                 
80201428 80201428        0     1                 
8020142c 8020142c        0     1                 
80201430 80201430        0     1                 
80201434 80201434        0     1                 
80201438 80201438        0     1                 
80201440 80201440        0     1                 
80201448 80201448        0     1                 
80201450 80201450        0     1                 
80201450 80201450        0     1                 
80201450 80201450      444     4         build/program_k.o:(.text)
80201450 80201450        0     1                 
80201450 80201450        0     1                 
80201450 80201450        0     1                 
80201450 80201450        0     1                 
80201450 80201450       46     1                 switch_proc
80201496 80201496        0     1                 
80201496 80201496        0     1                 
80201496 80201496        0     1                 
80201496 80201496        0     1                 
80201496 80201496        0     1                 
80201496 80201496        0     1                 
80201496 80201496       14     1                 Flush_TLB
80201498 80201498        0     1                 
8020149a 8020149a        0     1                 
8020149e 8020149e        0     1                 
802014a0 802014a0        0     1                 
802014a8 802014a8        0     1                 
802014aa 802014aa        0     1                 
802014aa 802014aa        0     1                 
802014aa 802014aa        0     1                 
802014aa 802014aa        0     1                 
802014aa 802014aa        0     1                 
802014aa 802014aa      232     1                 k_sp
802014ac 802014ac        0     1                 
802014ac 802014ac        0     1                 
802014b2 802014b2        0     1                 
802014c2 802014c2        0     1                 
802014c2 802014c2        0     1                 
802014ca 802014ca        0     1                 
802014ca 802014ca        0     1                 
802014cc 802014cc        0     1                 
802014ce 802014ce        0     1                 
802014d0 802014d0        0     1                 
802014e2 802014e2        0     1                 
802014e2 802014e2        0     1                 
802014f6 802014f6        0     1                 
802014f6 802014f6        0     1                 
802014f8 802014f8        0     1                 
8020150a 8020150a        0     1                 
8020150a 8020150a        0     1                 
80201512 80201512        0     1                 
80201516 80201516        0     1                 
80201518 80201518        0     1                 
8020151c 8020151c        0     1                 
8020152e 8020152e        0     1                 
8020152e 8020152e        0     1                 
80201544 80201544        0     1                 
80201544 80201544        0     1                 
80201546 80201546        0     1                 
80201558 80201558        0     1                 
80201558 80201558        0     1                 
80201564 80201564        0     1                 
80201568 80201568        0     1                 
8020156a 8020156a        0     1                 
8020156e 8020156e        0     1                 
80201572 80201572        0     1                 
80201584 80201584        0     1                 
80201584 80201584        0     1                 
8020159e 8020159e        0     1                 
8020159e 8020159e        0     1                 
802015a0 802015a0        0     1                 
802015b2 802015b2        0     1                 
802015b2 802015b2        0     1                 
802015be 802015be        0     1                 
802015c2 802015c2        0     1                 
802015c4 802015c4        0     1                 
802015c8 802015c8        0     1                 
802015cc 802015cc        0     1                 
802015de 802015de        0     1                 
802015de 802015de        0     1                 
802015f8 802015f8        0     1                 
802015f8 802015f8        0     1                 
802015fa 802015fa        0     1                 
8020160c 8020160c        0     1                 
8020160c 8020160c        0     1                 
8020161c 8020161c        0     1                 
8020161e 8020161e        0     1                 
80201620 80201620        0     1                 
80201626 80201626        0     1                 
80201628 80201628        0     1                 
8020163a 8020163a        0     1                 
8020163a 8020163a        0     1                 
80201654 80201654        0     1                 
80201654 80201654        0     1                 
80201656 80201656        0     1                 
80201668 80201668        0     1                 
80201668 80201668        0     1                 
80201678 80201678        0     1                 
8020167a 8020167a        0     1                 
8020167c 8020167c        0     1                 
80201682 80201682        0     1                 
80201684 80201684        0     1                 
80201696 80201696        0     1                 
80201696 80201696        0     1                 
802016b0 802016b0        0     1                 
802016b0 802016b0        0     1                 
802016b2 802016b2        0     1                 
802016c4 802016c4        0     1                 
802016c4 802016c4        0     1                 
802016d4 802016d4        0     1                 
802016dc 802016dc        0     1                 
802016dc 802016dc        0     1                 
802016dc 802016dc        0     1                 
802016dc 802016dc        0     1                 
802016dc 802016dc        0     1                 
802016dc 802016dc        0     1                 
802016dc 802016dc      1b8     1                 yield
802016e4 802016e4        0     1                 
802016ea 802016ea        0     1                 
802016ec 802016ec        0     1                 
802016f0 802016f0        0     1                 
802016f4 802016f4        0     1                 
802016f6 802016f6        0     1                 
802016f8 802016f8        0     1                 
802016fa 802016fa        0     1                 
802016fc 802016fc        0     1                 
80201704 80201704        0     1                 
80201704 80201704        0     1                 
80201714 80201714        0     1                 
80201716 80201716        0     1                 
8020171a 8020171a        0     1                 
8020172a 8020172a        0     1                 
8020172e 8020172e        0     1                 
8020173a 8020173a        0     1                 
8020174a 8020174a        0     1                 
8020174c 8020174c        0     1                 
80201750 80201750        0     1                 
80201762 80201762        0     1                 
80201766 80201766        0     1                 
8020176a 8020176a        0     1                 
80201776 80201776        0     1                 
80201778 80201778        0     1                 
8020177c 8020177c        0     1                 
8020178e 8020178e        0     1                 
80201792 80201792        0     1                 
80201796 80201796        0     1                 
8020179e 8020179e        0     1                 
802017ae 802017ae        0     1                 
802017b0 802017b0        0     1                 
802017b4 802017b4        0     1                 
802017c6 802017c6        0     1                 
802017ca 802017ca        0     1                 
802017ce 802017ce        0     1                 
802017da 802017da        0     1                 
802017dc 802017dc        0     1                 
802017e0 802017e0        0     1                 
802017f2 802017f2        0     1                 
802017f6 802017f6        0     1                 
802017fc 802017fc        0     1                 
80201800 80201800        0     1                 
80201810 80201810        0     1                 
80201812 80201812        0     1                 
80201816 80201816        0     1                 
80201828 80201828        0     1                 
8020182c 8020182c        0     1                 
8020182c 8020182c        0     1                 
8020183e 8020183e        0     1                 
80201840 80201840        0     1                 
80201844 80201844        0     1                 
80201848 80201848        0     1                 
8020184c 8020184c        0     1                 
80201854 80201854        0     1                 
80201856 80201856        0     1                 
80201858 80201858        0     1                 
8020185a 8020185a        0     1                 
8020185c 8020185c        0     1                 
80201860 80201860        0     1                 
80201862 80201862        0     1                 
80201864 80201864        0     1                 
80201866 80201866        0     1                 
8020186e 8020186e        0     1                 
8020186e 8020186e        0     1                 
80201876 80201876        0     1                 
8020187e 8020187e        0     1                 
80201882 80201882        0     1                 
80201884 80201884        0     1                 
80201886 80201886        0     1                 
8020188c 8020188c        0     1                 
80201890 80201890        0     1                 
80201894 80201894        0     1                 
80201894 80201894        0     1                 
80201894 80201894      2c2     4         build/app.o:(.text)
80201894 80201894        0     1                 
80201894 80201894        0     1                 
80201894 80201894        0     1                 
80201894 80201894      110     1                 init_app
80201896 80201896        0     1                 
80201898 80201898        0     1                 
8020189a 8020189a        0     1                 
8020189a 8020189a        0     1                 
8020189e 8020189e        0     1                 
802018a2 802018a2        0     1                 
802018a6 802018a6        0     1                 
802018aa 802018aa        0     1                 
802018ae 802018ae        0     1                 
802018b2 802018b2        0     1                 
802018b6 802018b6        0     1                 
802018ba 802018ba        0     1                 
802018be 802018be        0     1                 
802018c0 802018c0        0     1                 
802018c4 802018c4        0     1                 
802018c8 802018c8        0     1                 
802018cc 802018cc        0     1                 
802018d0 802018d0        0     1                 
802018d6 802018d6        0     1                 
802018d6 802018d6        0     1                 
802018de 802018de        0     1                 
802018e0 802018e0        0     1                 
802018e2 802018e2        0     1                 
802018e4 802018e4        0     1                 
802018e6 802018e6        0     1                 
802018ee 802018ee        0     1                 
802018f0 802018f0        0     1                 
802018f2 802018f2        0     1                 
802018f4 802018f4        0     1                 
802018f6 802018f6        0     1                 
802018fe 802018fe        0     1                 
80201900 80201900        0     1                 
80201902 80201902        0     1                 
80201904 80201904        0     1                 
80201906 80201906        0     1                 
8020190e 8020190e        0     1                 
80201910 80201910        0     1                 
80201912 80201912        0     1                 
80201914 80201914        0     1                 
80201916 80201916        0     1                 
8020191e 8020191e        0     1                 
80201922 80201922        0     1                 
80201924 80201924        0     1                 
80201928 80201928        0     1                 
8020192a 8020192a        0     1                 
80201944 80201944        0     1                 
80201946 80201946        0     1                 
80201974 80201974        0     1                 
8020199e 8020199e        0     1                 
802019a4 802019a4        0     1                 
802019a4 802019a4        0     1                 
802019a4 802019a4        0     1                 
802019a4 802019a4        0     1                 
802019a4 802019a4        0     1                 
802019a4 802019a4       4c     1                 start_app
802019a6 802019a6        0     1                 
802019a8 802019a8        0     1                 
802019ac 802019ac        0     1                 
802019b0 802019b0        0     1                 
802019c0 802019c0        0     1                 
802019c2 802019c2        0     1                 
802019c4 802019c4        0     1                 
802019cc 802019cc        0     1                 
802019cc 802019cc        0     1                 
802019ce 802019ce        0     1                 
802019d4 802019d4        0     1                 
802019ee 802019ee        0     1                 
802019f0 802019f0        0     1                 
802019f0 802019f0        0     1                 
802019f0 802019f0        0     1                 
802019f0 802019f0        0     1                 
802019f0 802019f0        0     1                 
802019f0 802019f0      104     1                 get_app_id
802019f2 802019f2        0     1                 
802019f8 802019f8        0     1                 
802019fa 802019fa        0     1                 
802019fa 802019fa        0     1                 
80201a0e 80201a0e        0     1                 
80201a0e 80201a0e        0     1                 
80201a10 80201a10        0     1                 
80201a14 80201a14        0     1                 
80201a1e 80201a1e        0     1                 
80201a1e 80201a1e        0     1                 
80201a20 80201a20        0     1                 
80201a2c 80201a2c        0     1                 
80201a36 80201a36        0     1                 
80201a36 80201a36        0     1                 
80201a38 80201a38        0     1                 
80201a3c 80201a3c        0     1                 
80201a46 80201a46        0     1                 
80201a46 80201a46        0     1                 
80201a48 80201a48        0     1                 
80201a54 80201a54        0     1                 
80201a5e 80201a5e        0     1                 
80201a5e 80201a5e        0     1                 
80201a60 80201a60        0     1                 
80201a64 80201a64        0     1                 
80201a6e 80201a6e        0     1                 
80201a6e 80201a6e        0     1                 
80201a70 80201a70        0     1                 
80201a7c 80201a7c        0     1                 
80201a86 80201a86        0     1                 
80201a86 80201a86        0     1                 
80201a88 80201a88        0     1                 
80201a8c 80201a8c        0     1                 
80201a96 80201a96        0     1                 
80201a96 80201a96        0     1                 
80201a98 80201a98        0     1                 
80201aa4 80201aa4        0     1                 
80201aae 80201aae        0     1                 
80201aae 80201aae        0     1                 
80201ab0 80201ab0        0     1                 
80201ab4 80201ab4        0     1                 
80201abe 80201abe        0     1                 
80201ac2 80201ac2        0     1                 
80201ac4 80201ac4        0     1                 
80201ac4 80201ac4        0     1                 
80201aea 80201aea        0     1                 
80201af4 80201af4        0     1                 
80201af4 80201af4        0     1                 
80201af4 80201af4        0     1                 
80201af4 80201af4        0     1                 
80201af4 80201af4        0     1                 
80201af4 80201af4       62     1                 get_app_name
80201af6 80201af6        0     1                 
80201af8 80201af8        0     1                 
80201afc 80201afc        0     1                 
80201b00 80201b00        0     1                 
80201b1c 80201b1c        0     1                 
80201b1e 80201b1e        0     1                 
80201b2c 80201b2c        0     1                 
80201b50 80201b50        0     1                 
80201b56 80201b56        0     1                 
80201b56 80201b56        0     1                 
80201b58 80201b58      608     4         build/sockets.o:(.text)
80201b58 80201b58        0     1                 
80201b58 80201b58        0     1                 
80201b58 80201b58        0     1                 
80201b58 80201b58       4e     1                 read_rsocket
80201b5a 80201b5a        0     1                 
80201b5c 80201b5c        0     1                 
80201b60 80201b60        0     1                 
80201b64 80201b64        0     1                 
80201b7e 80201b7e        0     1                 
80201b80 80201b80        0     1                 
80201b88 80201b88        0     1                 
80201b9c 80201b9c        0     1                 
80201ba0 80201ba0        0     1                 
80201ba6 80201ba6        0     1                 
80201ba6 80201ba6        0     1                 
80201ba6 80201ba6        0     1                 
80201ba6 80201ba6        0     1                 
80201ba6 80201ba6        0     1                 
80201ba6 80201ba6       4c     1                 write_rsocket
80201ba8 80201ba8        0     1                 
80201baa 80201baa        0     1                 
80201bae 80201bae        0     1                 
80201bb2 80201bb2        0     1                 
80201bcc 80201bcc        0     1                 
80201bce 80201bce        0     1                 
80201bdc 80201bdc        0     1                 
80201be8 80201be8        0     1                 
80201bec 80201bec        0     1                 
80201bf2 80201bf2        0     1                 
80201bf2 80201bf2        0     1                 
80201bf2 80201bf2        0     1                 
80201bf2 80201bf2        0     1                 
80201bf2 80201bf2        0     1                 
80201bf2 80201bf2       7e     1                 read_socket
80201bf4 80201bf4        0     1                 
80201bf6 80201bf6        0     1                 
80201bfa 80201bfa        0     1                 
80201bfe 80201bfe        0     1                 
80201c1a 80201c1a        0     1                 
80201c1c 80201c1c        0     1                 
80201c22 80201c22        0     1                 
80201c26 80201c26        0     1                 
80201c40 80201c40        0     1                 
80201c42 80201c42        0     1                 
80201c4a 80201c4a        0     1                 
80201c4e 80201c4e        0     1                 
80201c50 80201c50        0     1                 
80201c66 80201c66        0     1                 
80201c6a 80201c6a        0     1                 
80201c70 80201c70        0     1                 
80201c70 80201c70        0     1                 
80201c70 80201c70        0     1                 
80201c70 80201c70        0     1                 
80201c70 80201c70        0     1                 
80201c70 80201c70       7c     1                 write_socket
80201c72 80201c72        0     1                 
80201c74 80201c74        0     1                 
80201c78 80201c78        0     1                 
80201c7c 80201c7c        0     1                 
80201c96 80201c96        0     1                 
80201c98 80201c98        0     1                 
80201c9e 80201c9e        0     1                 
80201ca2 80201ca2        0     1                 
80201cbe 80201cbe        0     1                 
80201cc0 80201cc0        0     1                 
80201cc4 80201cc4        0     1                 
80201cc6 80201cc6        0     1                 
80201cd2 80201cd2        0     1                 
80201cd4 80201cd4        0     1                 
80201ce2 80201ce2        0     1                 
80201ce6 80201ce6        0     1                 
80201cec 80201cec        0     1                 
80201cec 80201cec        0     1                 
80201cec 80201cec        0     1                 
80201cec 80201cec        0     1                 
80201cec 80201cec        0     1                 
80201cec 80201cec       60     1                 claim_rsocket
80201cee 80201cee        0     1                 
80201cf0 80201cf0        0     1                 
80201cf4 80201cf4        0     1                 
80201cf8 80201cf8        0     1                 
80201d14 80201d14        0     1                 
80201d16 80201d16        0     1                 
80201d2a 80201d2a        0     1                 
80201d2c 80201d2c        0     1                 
80201d2e 80201d2e        0     1                 
80201d36 80201d36        0     1                 
80201d3c 80201d3c        0     1                 
80201d40 80201d40        0     1                 
80201d42 80201d42        0     1                 
80201d46 80201d46        0     1                 
80201d4c 80201d4c        0     1                 
80201d4c 80201d4c        0     1                 
80201d4c 80201d4c        0     1                 
80201d4c 80201d4c        0     1                 
80201d4c 80201d4c        0     1                 
80201d4c 80201d4c       60     1                 claim_socket
80201d4e 80201d4e        0     1                 
80201d50 80201d50        0     1                 
80201d54 80201d54        0     1                 
80201d58 80201d58        0     1                 
80201d74 80201d74        0     1                 
80201d76 80201d76        0     1                 
80201d8a 80201d8a        0     1                 
80201d8c 80201d8c        0     1                 
80201d8e 80201d8e        0     1                 
80201d96 80201d96        0     1                 
80201d9c 80201d9c        0     1                 
80201da0 80201da0        0     1                 
80201da2 80201da2        0     1                 
80201da6 80201da6        0     1                 
80201dac 80201dac        0     1                 
80201dac 80201dac        0     1                 
80201dac 80201dac        0     1                 
80201dac 80201dac        0     1                 
80201dac 80201dac        0     1                 
80201dac 80201dac       42     1                 unclaim_rsocket
80201dae 80201dae        0     1                 
80201db0 80201db0        0     1                 
80201db4 80201db4        0     1                 
80201db8 80201db8        0     1                 
80201dd4 80201dd4        0     1                 
80201dd6 80201dd6        0     1                 
80201de4 80201de4        0     1                 
80201de8 80201de8        0     1                 
80201dee 80201dee        0     1                 
80201dee 80201dee        0     1                 
80201dee 80201dee        0     1                 
80201dee 80201dee        0     1                 
80201dee 80201dee        0     1                 
80201dee 80201dee       42     1                 unclaim_socket
80201df0 80201df0        0     1                 
80201df2 80201df2        0     1                 
80201df6 80201df6        0     1                 
80201dfa 80201dfa        0     1                 
80201e16 80201e16        0     1                 
80201e18 80201e18        0     1                 
80201e26 80201e26        0     1                 
80201e2a 80201e2a        0     1                 
80201e30 80201e30        0     1                 
80201e30 80201e30        0     1                 
80201e30 80201e30        0     1                 
80201e30 80201e30        0     1                 
80201e30 80201e30        0     1                 
80201e30 80201e30      13c     1                 find_free_rsocket
80201e32 80201e32        0     1                 
80201e32 80201e32        0     1                 
80201e34 80201e34        0     1                 
80201e3c 80201e3c        0     1                 
80201e3e 80201e3e        0     1                 
80201e40 80201e40        0     1                 
80201e40 80201e40        0     1                 
80201e44 80201e44        0     1                 
80201e4c 80201e4c        0     1                 
80201e52 80201e52        0     1                 
80201e56 80201e56        0     1                 
80201e5c 80201e5c        0     1                 
80201e60 80201e60        0     1                 
80201e68 80201e68        0     1                 
80201e6e 80201e6e        0     1                 
80201e72 80201e72        0     1                 
80201e78 80201e78        0     1                 
80201e7c 80201e7c        0     1                 
80201e84 80201e84        0     1                 
80201e8a 80201e8a        0     1                 
80201e8e 80201e8e        0     1                 
80201e94 80201e94        0     1                 
80201e98 80201e98        0     1                 
80201ea0 80201ea0        0     1                 
80201ea6 80201ea6        0     1                 
80201eaa 80201eaa        0     1                 
80201eb0 80201eb0        0     1                 
80201eb4 80201eb4        0     1                 
80201eb8 80201eb8        0     1                 
80201ebe 80201ebe        0     1                 
80201ec2 80201ec2        0     1                 
80201ec2 80201ec2        0     1                 
80201ee0 80201ee0        0     1                 
80201ee2 80201ee2        0     1                 
80201ee2 80201ee2        0     1                 
80201ee4 80201ee4        0     1                 
80201eec 80201eec        0     1                 
80201ef0 80201ef0        0     1                 
80201ef2 80201ef2        0     1                 
80201ef6 80201ef6        0     1                 
80201ef8 80201ef8        0     1                 
80201f00 80201f00        0     1                 
80201f04 80201f04        0     1                 
80201f06 80201f06        0     1                 
80201f0a 80201f0a        0     1                 
80201f0c 80201f0c        0     1                 
80201f14 80201f14        0     1                 
80201f18 80201f18        0     1                 
80201f1a 80201f1a        0     1                 
80201f1e 80201f1e        0     1                 
80201f20 80201f20        0     1                 
80201f28 80201f28        0     1                 
80201f2c 80201f2c        0     1                 
80201f2e 80201f2e        0     1                 
80201f32 80201f32        0     1                 
80201f34 80201f34        0     1                 
80201f38 80201f38        0     1                 
80201f3e 80201f3e        0     1                 
80201f40 80201f40        0     1                 
80201f40 80201f40        0     1                 
80201f46 80201f46        0     1                 
80201f4c 80201f4c        0     1                 
80201f6c 80201f6c        0     1                 
80201f6c 80201f6c        0     1                 
80201f6c 80201f6c        0     1                 
80201f6c 80201f6c        0     1                 
80201f6c 80201f6c        0     1                 
80201f6c 80201f6c      13c     1                 find_free_socket
80201f6e 80201f6e        0     1                 
80201f6e 80201f6e        0     1                 
80201f70 80201f70        0     1                 
80201f78 80201f78        0     1                 
80201f7a 80201f7a        0     1                 
80201f7c 80201f7c        0     1                 
80201f7c 80201f7c        0     1                 
80201f80 80201f80        0     1                 
80201f88 80201f88        0     1                 
80201f8e 80201f8e        0     1                 
80201f92 80201f92        0     1                 
80201f98 80201f98        0     1                 
80201f9c 80201f9c        0     1                 
80201fa4 80201fa4        0     1                 
80201faa 80201faa        0     1                 
80201fae 80201fae        0     1                 
80201fb4 80201fb4        0     1                 
80201fb8 80201fb8        0     1                 
80201fc0 80201fc0        0     1                 
80201fc6 80201fc6        0     1                 
80201fca 80201fca        0     1                 
80201fd0 80201fd0        0     1                 
80201fd4 80201fd4        0     1                 
80201fdc 80201fdc        0     1                 
80201fe2 80201fe2        0     1                 
80201fe6 80201fe6        0     1                 
80201fec 80201fec        0     1                 
80201ff0 80201ff0        0     1                 
80201ff4 80201ff4        0     1                 
80201ffa 80201ffa        0     1                 
80201ffe 80201ffe        0     1                 
80201ffe 80201ffe        0     1                 
8020201c 8020201c        0     1                 
8020201e 8020201e        0     1                 
8020201e 8020201e        0     1                 
80202020 80202020        0     1                 
80202028 80202028        0     1                 
8020202c 8020202c        0     1                 
8020202e 8020202e        0     1                 
80202032 80202032        0     1                 
80202034 80202034        0     1                 
8020203c 8020203c        0     1                 
80202040 80202040        0     1                 
80202042 80202042        0     1                 
80202046 80202046        0     1                 
80202048 80202048        0     1                 
80202050 80202050        0     1                 
80202054 80202054        0     1                 
80202056 80202056        0     1                 
8020205a 8020205a        0     1                 
8020205c 8020205c        0     1                 
80202064 80202064        0     1                 
80202068 80202068        0     1                 
8020206a 8020206a        0     1                 
8020206e 8020206e        0     1                 
80202070 80202070        0     1                 
80202074 80202074        0     1                 
8020207a 8020207a        0     1                 
8020207c 8020207c        0     1                 
8020207c 8020207c        0     1                 
80202082 80202082        0     1                 
80202088 80202088        0     1                 
802020a8 802020a8        0     1                 
802020a8 802020a8        0     1                 
802020a8 802020a8        0     1                 
802020a8 802020a8        0     1                 
802020a8 802020a8        0     1                 
802020a8 802020a8       5c     1                 info_rsocket
802020aa 802020aa        0     1                 
802020ac 802020ac        0     1                 
802020b0 802020b0        0     1                 
802020b4 802020b4        0     1                 
802020d0 802020d0        0     1                 
802020d2 802020d2        0     1                 
802020e0 802020e0        0     1                 
802020e4 802020e4        0     1                 
802020e8 802020e8        0     1                 
802020ea 802020ea        0     1                 
802020ee 802020ee        0     1                 
802020f0 802020f0        0     1                 
802020f4 802020f4        0     1                 
802020f6 802020f6        0     1                 
802020fa 802020fa        0     1                 
802020fc 802020fc        0     1                 
802020fe 802020fe        0     1                 
80202104 80202104        0     1                 
80202104 80202104        0     1                 
80202104 80202104        0     1                 
80202104 80202104        0     1                 
80202104 80202104        0     1                 
80202104 80202104       5c     1                 info_socket
80202106 80202106        0     1                 
80202108 80202108        0     1                 
8020210c 8020210c        0     1                 
80202110 80202110        0     1                 
8020212c 8020212c        0     1                 
8020212e 8020212e        0     1                 
8020213c 8020213c        0     1                 
80202140 80202140        0     1                 
80202144 80202144        0     1                 
80202146 80202146        0     1                 
8020214a 8020214a        0     1                 
8020214c 8020214c        0     1                 
80202150 80202150        0     1                 
80202152 80202152        0     1                 
80202156 80202156        0     1                 
80202158 80202158        0     1                 
8020215a 8020215a        0     1                 
80202160 80202160        0     1                 
80202160 80202160        0     1                 
80202160 80202160      a80     4 .rodata
80202160 80202160      976     1         <internal>:(.rodata)
80202ad8 80202ad8       58     4         build/print_k.o:(.rodata)
80202ad8 80202ad8        0     1                 .LJTI0_0
80202b30 80202b30       58     4         build/str.o:(.rodata)
80202b30 80202b30        0     1                 .LJTI2_0
80202b88 80202b88       58     4         build/trap_k.o:(.rodata)
80202b88 80202b88        0     1                 .LJTI0_0
80202be0 80202be0    19b60     4 .data
80202be0 80202be0     8fc0     1         bronx.o:(.data)
80202be0 80202be0        0     1                 _binary_bronx_bin_start
8020bba0 8020bba0        0     1                 _binary_bronx_bin_end
8020bba0 8020bba0     8240     1         init.o:(.data)
8020bba0 8020bba0        0     1                 _binary_init_bin_start
80213de0 80213de0        0     1                 _binary_init_bin_end
80213de0 80213de0     8960     1         test.o:(.data)
80213de0 80213de0        0     1                 _binary_test_bin_start
8021c740 8021c740        0     1                 _binary_test_bin_end
8021c740 8021c740     41a0     4 .bss
8021c740 8021c740        0     1         __bss = .
8021c740 8021c740        8     4         build/memory.o:(.sbss)
8021c740 8021c740        4     1                 nextfreepageframe
8021c744 8021c744        4     1                 free_list_head
8021c748 8021c748        8     4         build/pcb_k.o:(.sbss)
8021c748 8021c748        4     1                 currproc
8021c74c 8021c74c        4     1                 idleproc
8021c750 8021c750     1878     4         build/pcb_k.o:(.bss)
8021c750 8021c750     1878     1                 proclist
8021dfc8 8021dfc8       a0     4         build/app.o:(.bss)
8021dfc8 8021dfc8       a0     1                 app_list
8021e068 8021e068     2878     4         build/sockets.o:(.bss)
8021e068 8021e068       28     1                 rsockets
8021e090 8021e090       28     1                 rsocket_info
8021e0b8 8021e0b8     2800     1                 sockets
802208b8 802208b8       28     1                 socket_info
802208e0 802208e0        0     1         __bss_end = .
802208e0 802208e0        0     1 . = ALIGN ( 4 )
802208e0 802208e0    20000     1 . += 128 * 1024
802408e0 802408e0        0     1 __stack_top = .
802408e0 802408e0      720     1 . = ALIGN ( 4096 )
80241000 80241000        0     1 __free_ram_start = .
80241000 80241000  2000000     1 . += 32 * 1024 * 1024
82241000 82241000        0     1 __free_ram_end = .
       0        0      f1c     1 .debug_abbrev
       0        0      115     1         build/main.o:(.debug_abbrev)
     115      115      104     1         build/print_k.o:(.debug_abbrev)
     219      219      165     1         build/SBI.o:(.debug_abbrev)
     37e      37e       b9     1         build/mem.o:(.debug_abbrev)
     437      437      12c     1         build/str.o:(.debug_abbrev)
     563      563      113     1         build/oa.o:(.debug_abbrev)
     676      676      1b9     1         build/memory.o:(.debug_abbrev)
     82f      82f      1e7     1         build/trap_k.o:(.debug_abbrev)
     a16      a16      163     1         build/pcb_k.o:(.debug_abbrev)
     b79      b79      163     1         build/program_k.o:(.debug_abbrev)
     cdc      cdc      133     1         build/app.o:(.debug_abbrev)
     e0f      e0f      10d     1         build/sockets.o:(.debug_abbrev)
       0        0     1de4     1 .debug_info
       0        0      1c5     1         build/main.o:(.debug_info)
     1c5      1c5      1e5     1         build/print_k.o:(.debug_info)
     3aa      3aa      278     1         build/SBI.o:(.debug_info)
     622      622       d9     1         build/mem.o:(.debug_info)
     6fb      6fb      1f5     1         build/str.o:(.debug_info)
     8f0      8f0      184     1         build/oa.o:(.debug_info)
     a74      a74      457     1         build/memory.o:(.debug_info)
     ecb      ecb      522     1         build/trap_k.o:(.debug_info)
    13ed     13ed      296     1         build/pcb_k.o:(.debug_info)
    1683     1683      242     1         build/program_k.o:(.debug_info)
    18c5     18c5      25a     1         build/app.o:(.debug_info)
    1b1f     1b1f      2c5     1         build/sockets.o:(.debug_info)
       0        0      1b8     1 .debug_rnglists
       0        0       18     1         build/main.o:(.debug_rnglists)
       c        c        0     1                 
      18       18       57     1         build/print_k.o:(.debug_rnglists)
      24       24        0     1                 
      6f       6f       66     1         build/str.o:(.debug_rnglists)
      7b       7b        0     1                 
      d5       d5       1b     1         build/oa.o:(.debug_rnglists)
      e1       e1        0     1                 
      f0       f0       33     1         build/memory.o:(.debug_rnglists)
      fc       fc        0     1                 
     123      123       5b     1         build/pcb_k.o:(.debug_rnglists)
     12f      12f        0     1                 
     17e      17e       20     1         build/program_k.o:(.debug_rnglists)
     18a      18a        0     1                 
     19e      19e       1a     1         build/app.o:(.debug_rnglists)
     1aa      1aa        0     1                 
       0        0      808     1 .debug_str_offsets
       0        0       88     1         build/main.o:(.debug_str_offsets)
       8        8        0     1                 
      88       88       68     1         build/print_k.o:(.debug_str_offsets)
      90       90        0     1                 
      f0       f0       94     1         build/SBI.o:(.debug_str_offsets)
      f8       f8        0     1                 
     184      184       58     1         build/mem.o:(.debug_str_offsets)
     18c      18c        0     1                 
     1dc      1dc       88     1         build/str.o:(.debug_str_offsets)
     1e4      1e4        0     1                 
     264      264       50     1         build/oa.o:(.debug_str_offsets)
     26c      26c        0     1                 
     2b4      2b4       e0     1         build/memory.o:(.debug_str_offsets)
     2bc      2bc        0     1                 
     394      394      1c8     1         build/trap_k.o:(.debug_str_offsets)
     39c      39c        0     1                 
     55c      55c       d0     1         build/pcb_k.o:(.debug_str_offsets)
     564      564        0     1                 
     62c      62c       98     1         build/program_k.o:(.debug_str_offsets)
     634      634        0     1                 
     6c4      6c4       a8     1         build/app.o:(.debug_str_offsets)
     6cc      6cc        0     1                 
     76c      76c       9c     1         build/sockets.o:(.debug_str_offsets)
     774      774        0     1                 
       0        0      86d     1 .debug_str
       0        0      86d     1         <internal>:(.debug_str)
       0        0      3f8     1 .debug_addr
       0        0       58     1         build/main.o:(.debug_addr)
       8        8        0     1                 
      58       58       50     1         build/print_k.o:(.debug_addr)
      60       60        0     1                 
      a8       a8       2c     1         build/SBI.o:(.debug_addr)
      b0       b0        0     1                 
      d4       d4       10     1         build/mem.o:(.debug_addr)
      dc       dc        0     1                 
      e4       e4       24     1         build/str.o:(.debug_addr)
      ec       ec        0     1                 
     108      108       20     1         build/oa.o:(.debug_addr)
     110      110        0     1                 
     128      128       88     1         build/memory.o:(.debug_addr)
     130      130        0     1                 
     1b0      1b0       90     1         build/trap_k.o:(.debug_addr)
     1b8      1b8        0     1                 
     240      240       58     1         build/pcb_k.o:(.debug_addr)
     248      248        0     1                 
     298      298       74     1         build/program_k.o:(.debug_addr)
     2a0      2a0        0     1                 
     30c      30c       5c     1         build/app.o:(.debug_addr)
     314      314        0     1                 
     368      368       90     1         build/sockets.o:(.debug_addr)
     370      370        0     1                 
       0        0       42     1 .comment
       0        0       42     1         <internal>:(.comment)
       0        0       2b     1 .riscv.attributes
       0        0       2b     1         build/main.o:(.riscv.attributes)
       0        0      530     4 .debug_frame
       0        0       54     4         build/main.o:(.debug_frame)
       0        0        0     1                 
      54       54       44     4         build/print_k.o:(.debug_frame)
      54       54        0     1                 
      98       98       64     4         build/SBI.o:(.debug_frame)
      98       98        0     1                 
      fc       fc       34     4         build/mem.o:(.debug_frame)
      fc       fc        0     1                 
     130      130       64     4         build/str.o:(.debug_frame)
     130      130        0     1                 
     194      194       3c     4         build/oa.o:(.debug_frame)
     194      194        0     1                 
     1d0      1d0       94     4         build/memory.o:(.debug_frame)
     1d0      1d0        0     1                 
     264      264       54     4         build/trap_k.o:(.debug_frame)
     264      264        0     1                 
     2b8      2b8       6c     4         build/pcb_k.o:(.debug_frame)
     2b8      2b8        0     1                 
     324      324       60     4         build/program_k.o:(.debug_frame)
     324      324        0     1                 
     384      384       78     4         build/app.o:(.debug_frame)
     384      384        0     1                 
     3fc      3fc      134     4         build/sockets.o:(.debug_frame)
     3fc      3fc        0     1                 
       0        0     29a3     1 .debug_line
       0        0      1ad     1         build/main.o:(.debug_line)
       0        0        0     1                 .Lline_table_start0
     1ad      1ad      2d0     1         build/print_k.o:(.debug_line)
     1ad      1ad        0     1                 .Lline_table_start0
     47d      47d      12f     1         build/SBI.o:(.debug_line)
     47d      47d        0     1                 .Lline_table_start0
     5ac      5ac       f6     1         build/mem.o:(.debug_line)
     5ac      5ac        0     1                 .Lline_table_start0
     6a2      6a2      3f0     1         build/str.o:(.debug_line)
     6a2      6a2        0     1                 .Lline_table_start0
     a92      a92      25a     1         build/oa.o:(.debug_line)
     a92      a92        0     1                 .Lline_table_start0
     cec      cec      4fa     1         build/memory.o:(.debug_line)
     cec      cec        0     1                 .Lline_table_start0
    11e6     11e6      3be     1         build/trap_k.o:(.debug_line)
    11e6     11e6        0     1                 .Lline_table_start0
    15a4     15a4      3c5     1         build/pcb_k.o:(.debug_line)
    15a4     15a4        0     1                 .Lline_table_start0
    1969     1969      50b     1         build/program_k.o:(.debug_line)
    1969     1969        0     1                 .Lline_table_start0
    1e74     1e74      38c     1         build/app.o:(.debug_line)
    1e74     1e74        0     1                 .Lline_table_start0
    2200     2200      7a3     1         build/sockets.o:(.debug_line)
    2200     2200        0     1                 .Lline_table_start0
       0        0       e8     1 .debug_line_str
       0        0       e8     1         <internal>:(.debug_line_str)
       0        0     14e8     1 .debug_loclists
       0        0      115     1         build/print_k.o:(.debug_loclists)
       c        c        0     1                 
     115      115       8c     1         build/SBI.o:(.debug_loclists)
     121      121        0     1                 
     1a1      1a1       66     1         build/mem.o:(.debug_loclists)
     1ad      1ad        0     1                 
     207      207      1a1     1         build/str.o:(.debug_loclists)
     213      213        0     1                 
     3a8      3a8      19a     1         build/oa.o:(.debug_loclists)
     3b4      3b4        0     1                 
     542      542      367     1         build/memory.o:(.debug_loclists)
     54e      54e        0     1                 
     8a9      8a9      22a     1         build/trap_k.o:(.debug_loclists)
     8b5      8b5        0     1                 
     ad3      ad3      143     1         build/pcb_k.o:(.debug_loclists)
     adf      adf        0     1                 
     c16      c16      159     1         build/program_k.o:(.debug_loclists)
     c22      c22        0     1                 
     d6f      d6f      44c     1         build/app.o:(.debug_loclists)
     d7b      d7b        0     1                 
    11bb     11bb      32d     1         build/sockets.o:(.debug_loclists)
    11c7     11c7        0     1                 
       0        0     88d0     4 .symtab
       0        0     88d0     4         <internal>:(.symtab)
       0        0       dc     1 .shstrtab
       0        0       dc     1         <internal>:(.shstrtab)
       0        0      632     1 .strtab
       0        0      632     1         <internal>:(.strtab)
