     VMA      LMA     Size Align Out     In      Symbol
       0        0 80200000     1 . = 0x80200000
80200000        0        0     1 __kernel_base = .
80200000 80200000     1eb0     4 .text
80200000 80200000        e     2         build/main.o:(.text.boot)
80200000 80200000        0     1                 
80200000 80200000        0     1                 
80200000 80200000        0     1                 
80200000 80200000        0     1                 
80200000 80200000        e     1                 boot
8020000e 8020000e        0     1                 
8020000e 8020000e        0     1                 
80200010 80200010      17a     4         build/main.o:(.text)
80200010 80200010        0     1                 
80200010 80200010        0     1                 
80200010 80200010        0     1                 
80200010 80200010       d8     1                 kernel_bootstrap
80200012 80200012        0     1                 
80200012 80200012        0     1                 
80200014 80200014        0     1                 
80200024 80200024        0     1                 
80200024 80200024        0     1                 
80200034 80200034        0     1                 
80200034 80200034        0     1                 
80200052 80200052        0     1                 
80200052 80200052        0     1                 
80200062 80200062        0     1                 
80200062 80200062        0     1                 
8020006e 8020006e        0     1                 
8020007e 8020007e        0     1                 
8020007e 8020007e        0     1                 
80200086 80200086        0     1                 
80200086 80200086        0     1                 
802000a6 802000a6        0     1                 
802000a6 802000a6        0     1                 
802000b6 802000b6        0     1                 
802000b6 802000b6        0     1                 
802000c2 802000c2        0     1                 
802000c2 802000c2        0     1                 
802000ca 802000ca        0     1                 
802000ce 802000ce        0     1                 
802000d6 802000d6        0     1                 
802000da 802000da        0     1                 
802000e0 802000e0        0     1                 
802000e8 802000e8        0     1                 
802000e8 802000e8        0     1                 
802000e8 802000e8        0     1                 
802000e8 802000e8        0     1                 
802000e8 802000e8        0     1                 
802000e8 802000e8       a2     1                 kernel_main
802000ea 802000ea        0     1                 
802000ea 802000ea        0     1                 
802000ec 802000ec        0     1                 
802000f4 802000f4        0     1                 
802000f4 802000f4        0     1                 
80200114 80200114        0     1                 
80200114 80200114        0     1                 
8020011c 8020011c        0     1                 
8020011c 8020011c        0     1                 
8020013c 8020013c        0     1                 
8020013c 8020013c        0     1                 
8020015c 8020015c        0     1                 
8020015c 8020015c        0     1                 
80200164 80200164        0     1                 
80200164 80200164        0     1                 
80200188 80200188        0     1                 
8020018a 8020018a        0     1                 
8020018a 8020018a        0     1                 
8020018c 8020018c      2ec     4         build/print_k.o:(.text)
8020018c 8020018c        0     1                 
8020018c 8020018c        0     1                 
8020018c 8020018c        0     1                 
8020018c 8020018c      2ec     1                 k_printf
8020018e 8020018e        0     1                 
802001a8 802001a8        0     1                 
802001c4 802001c4        0     1                 
802001e2 802001e2        0     1                 
80200202 80200202        0     1                 
80200206 80200206        0     1                 
8020020e 8020020e        0     1                 
80200216 80200216        0     1                 
80200216 80200216        0     1                 
80200218 80200218        0     1                 
80200220 80200220        0     1                 
80200224 80200224        0     1                 
8020022c 8020022c        0     1                 
80200236 80200236        0     1                 .LBB0_6
80200236 80200236        0     1                 
80200236 80200236        0     1                 
80200256 80200256        0     1                 
80200256 80200256        0     1                 
8020025a 8020025a        0     1                 .LBB0_9
8020025a 8020025a        0     1                 
80200266 80200266        0     1                 
80200266 80200266        0     1                 
8020026c 8020026c        0     1                 .LBB0_10
8020026c 8020026c        0     1                 
80200280 80200280        0     1                 .LBB0_12
80200280 80200280        0     1                 
8020028c 8020028c        0     1                 
8020028c 8020028c        0     1                 
80200298 80200298        0     1                 
80200298 80200298        0     1                 
802002b4 802002b4        0     1                 .LBB0_14
802002b4 802002b4        0     1                 
802002d0 802002d0        0     1                 
802002d2 802002d2        0     1                 
802002d6 802002d6        0     1                 .LBB0_16
802002d6 802002d6        0     1                 
802002ee 802002ee        0     1                 .LBB0_18
802002ee 802002ee        0     1                 
8020030a 8020030a        0     1                 
80200318 80200318        0     1                 
8020031c 8020031c        0     1                 
80200328 80200328        0     1                 
80200328 80200328        0     1                 
8020032c 8020032c        0     1                 
80200336 80200336        0     1                 
8020033a 8020033a        0     1                 
8020033c 8020033c        0     1                 
80200348 80200348        0     1                 
80200348 80200348        0     1                 
8020034c 8020034c        0     1                 
80200350 80200350        0     1                 
80200350 80200350        0     1                 
8020035e 8020035e        0     1                 
8020036a 8020036a        0     1                 
8020036a 8020036a        0     1                 
8020036e 8020036e        0     1                 
80200372 80200372        0     1                 
80200376 80200376        0     1                 
80200378 80200378        0     1                 
80200384 80200384        0     1                 
80200384 80200384        0     1                 
80200388 80200388        0     1                 
8020038c 8020038c        0     1                 
8020038c 8020038c        0     1                 
80200396 80200396        0     1                 
80200398 80200398        0     1                 
8020039a 8020039a        0     1                 
802003a0 802003a0        0     1                 
802003a8 802003a8        0     1                 
802003b4 802003b4        0     1                 
802003b4 802003b4        0     1                 
802003b8 802003b8        0     1                 
802003bc 802003bc        0     1                 
802003c4 802003c4        0     1                 
802003d0 802003d0        0     1                 
802003d0 802003d0        0     1                 
802003d4 802003d4        0     1                 
802003dc 802003dc        0     1                 
802003e0 802003e0        0     1                 
802003e2 802003e2        0     1                 
802003ee 802003ee        0     1                 
802003ee 802003ee        0     1                 
802003f2 802003f2        0     1                 
802003f6 802003f6        0     1                 
802003f6 802003f6        0     1                 
80200402 80200402        0     1                 
8020040e 8020040e        0     1                 
8020040e 8020040e        0     1                 
8020041a 8020041a        0     1                 
8020041a 8020041a        0     1                 
80200428 80200428        0     1                 
80200428 80200428        0     1                 
8020042c 8020042c        0     1                 
80200432 80200432        0     1                 
80200436 80200436        0     1                 
80200438 80200438        0     1                 
80200444 80200444        0     1                 
80200444 80200444        0     1                 
80200448 80200448        0     1                 
8020044c 8020044c        0     1                 
8020044c 8020044c        0     1                 
8020045a 8020045a        0     1                 
80200478 80200478        0     1                 
80200478 80200478        0     1                 
80200478 80200478       8e     4         build/SBI.o:(.text)
80200478 80200478        0     1                 
80200478 80200478        0     1                 
80200478 80200478        0     1                 
80200478 80200478       14     1                 sbi_call
8020047c 8020047c        0     1                 
80200480 80200480        0     1                 
80200486 80200486        0     1                 
8020048c 8020048c        0     1                 
8020048c 8020048c        0     1                 
8020048c 8020048c        0     1                 
8020048c 8020048c        0     1                 
8020048c 8020048c        0     1                 
8020048c 8020048c       1c     1                 k_putchar
8020048e 8020048e        0     1                 
8020048e 8020048e        0     1                 
802004a0 802004a0        0     1                 
802004a6 802004a6        0     1                 
802004a6 802004a6        0     1                 
802004a8 802004a8        0     1                 
802004a8 802004a8        0     1                 
802004a8 802004a8        0     1                 
802004a8 802004a8        0     1                 
802004a8 802004a8        0     1                 
802004a8 802004a8       5e     1                 k_readchar
802004aa 802004aa        0     1                 
802004aa 802004aa        0     1                 
802004ac 802004ac        0     1                 
802004b4 802004b4        0     1                 
802004b8 802004b8        0     1                 
802004ba 802004ba        0     1                 
802004be 802004be        0     1                 
802004ce 802004ce        0     1                 
802004ce 802004ce        0     1                 
802004d4 802004d4        0     1                 
802004f8 802004f8        0     1                 
802004fa 802004fa        0     1                 
802004fc 802004fc        0     1                 
80200506 80200506        0     1                 
80200506 80200506        0     1                 
80200508 80200508       28     4         build/mem.o:(.text)
80200508 80200508        0     1                 
80200508 80200508        0     1                 
80200508 80200508        0     1                 
80200508 80200508        0     1                 
80200508 80200508       14     1                 memset
8020050a 8020050a        0     1                 
8020050c 8020050c        0     1                 
8020050e 8020050e        0     1                 
80200512 80200512        0     1                 
80200516 80200516        0     1                 
80200518 80200518        0     1                 
8020051a 8020051a        0     1                 
8020051c 8020051c        0     1                 
8020051c 8020051c        0     1                 
8020051c 8020051c        0     1                 
8020051c 8020051c        0     1                 
8020051c 8020051c        0     1                 
8020051c 8020051c        0     1                 
8020051c 8020051c       14     1                 k_memcpy
8020051e 8020051e        0     1                 
80200522 80200522        0     1                 
80200526 80200526        0     1                 
80200528 80200528        0     1                 
8020052a 8020052a        0     1                 
8020052c 8020052c        0     1                 
8020052e 8020052e        0     1                 
8020052e 8020052e        0     1                 
80200530 80200530        0     1                 
80200530 80200530        0     1                 
80200530 80200530      29e     4         build/str.o:(.text)
80200530 80200530        0     1                 
80200530 80200530        0     1                 
80200530 80200530        0     1                 
80200530 80200530        0     1                 
80200530 80200530       28     1                 k_strncpy
80200532 80200532        0     1                 
80200534 80200534        0     1                 
8020053c 8020053c        0     1                 
8020053e 8020053e        0     1                 
80200542 80200542        0     1                 
80200544 80200544        0     1                 
80200548 80200548        0     1                 
8020054c 8020054c        0     1                 
80200550 80200550        0     1                 
80200556 80200556        0     1                 
80200558 80200558        0     1                 
80200558 80200558        0     1                 
80200558 80200558        0     1                 
80200558 80200558        0     1                 
80200558 80200558        0     1                 
80200558 80200558        0     1                 
80200558 80200558       2e     1                 k_strcmp
8020055c 8020055c        0     1                 
8020055e 8020055e        0     1                 
80200560 80200560        0     1                 
80200564 80200564        0     1                 
80200566 80200566        0     1                 
8020056a 8020056a        0     1                 
8020056e 8020056e        0     1                 
80200572 80200572        0     1                 
80200574 80200574        0     1                 
80200578 80200578        0     1                 
8020057a 8020057a        0     1                 
8020057e 8020057e        0     1                 
80200582 80200582        0     1                 
80200584 80200584        0     1                 
80200586 80200586        0     1                 
80200586 80200586        0     1                 
80200586 80200586        0     1                 
80200586 80200586        0     1                 
80200586 80200586        0     1                 
80200586 80200586      248     1                 k_sprintf
80200588 80200588        0     1                 
802005a0 802005a0        0     1                 
802005b0 802005b0        0     1                 
802005ce 802005ce        0     1                 
802005d0 802005d0        0     1                 
802005fa 802005fa        0     1                 
802005fc 802005fc        0     1                 
80200600 80200600        0     1                 
80200608 80200608        0     1                 
8020060e 8020060e        0     1                 
80200612 80200612        0     1                 
80200616 80200616        0     1                 
8020061e 8020061e        0     1                 
80200628 80200628        0     1                 .LBB2_7
80200628 80200628        0     1                 
8020063c 8020063c        0     1                 
80200640 80200640        0     1                 
80200646 80200646        0     1                 .LBB2_11
80200646 80200646        0     1                 
8020064a 8020064a        0     1                 
80200654 80200654        0     1                 
8020065a 8020065a        0     1                 .LBB2_12
8020065a 8020065a        0     1                 
8020066e 8020066e        0     1                 .LBB2_14
8020066e 8020066e        0     1                 
80200676 80200676        0     1                 
8020068a 8020068a        0     1                 .LBB2_16
8020068a 8020068a        0     1                 
8020069c 8020069c        0     1                 
8020069e 8020069e        0     1                 
802006a2 802006a2        0     1                 .LBB2_18
802006a2 802006a2        0     1                 
802006b6 802006b6        0     1                 .LBB2_20
802006b6 802006b6        0     1                 
802006ca 802006ca        0     1                 
802006cc 802006cc        0     1                 
802006d0 802006d0        0     1                 
802006da 802006da        0     1                 
802006e6 802006e6        0     1                 
802006e6 802006e6        0     1                 
802006ec 802006ec        0     1                 
802006ee 802006ee        0     1                 
802006f0 802006f0        0     1                 
802006f4 802006f4        0     1                 
802006f8 802006f8        0     1                 
802006fa 802006fa        0     1                 
80200700 80200700        0     1                 
80200700 80200700        0     1                 
80200704 80200704        0     1                 
80200710 80200710        0     1                 
80200710 80200710        0     1                 
80200716 80200716        0     1                 
8020071a 8020071a        0     1                 
8020071c 8020071c        0     1                 
80200720 80200720        0     1                 
80200724 80200724        0     1                 
80200726 80200726        0     1                 
8020072c 8020072c        0     1                 
8020072c 8020072c        0     1                 
80200730 80200730        0     1                 
80200732 80200732        0     1                 
80200734 80200734        0     1                 
8020073a 8020073a        0     1                 
80200740 80200740        0     1                 
80200744 80200744        0     1                 
80200748 80200748        0     1                 
8020074a 8020074a        0     1                 
80200750 80200750        0     1                 
80200752 80200752        0     1                 
8020075e 8020075e        0     1                 
8020075e 8020075e        0     1                 
80200764 80200764        0     1                 
80200768 80200768        0     1                 
8020076a 8020076a        0     1                 
8020076e 8020076e        0     1                 
80200772 80200772        0     1                 
80200774 80200774        0     1                 
8020077a 8020077a        0     1                 
8020077a 8020077a        0     1                 
8020077c 8020077c        0     1                 
80200786 80200786        0     1                 
80200792 80200792        0     1                 
80200792 80200792        0     1                 
80200798 80200798        0     1                 
8020079c 8020079c        0     1                 
8020079e 8020079e        0     1                 
802007a2 802007a2        0     1                 
802007a6 802007a6        0     1                 
802007a8 802007a8        0     1                 
802007ae 802007ae        0     1                 
802007ae 802007ae        0     1                 
802007b2 802007b2        0     1                 
802007ce 802007ce        0     1                 
802007ce 802007ce        0     1                 
802007d0 802007d0      176     4         build/oa.o:(.text)
802007d0 802007d0        0     1                 
802007d0 802007d0        0     1                 
802007d0 802007d0        0     1                 
802007d0 802007d0       7a     1                 utoa
802007d2 802007d2        0     1                 
802007d2 802007d2        0     1                 
802007d4 802007d4        0     1                 
802007dc 802007dc        0     1                 
802007de 802007de        0     1                 
802007e2 802007e2        0     1                 
802007e8 802007e8        0     1                 
802007ea 802007ea        0     1                 
802007ee 802007ee        0     1                 
802007f0 802007f0        0     1                 
802007fc 802007fc        0     1                 
8020080a 8020080a        0     1                 
8020080a 8020080a        0     1                 
8020081c 8020081c        0     1                 
80200824 80200824        0     1                 
80200828 80200828        0     1                 
8020082e 8020082e        0     1                 
80200834 80200834        0     1                 
80200834 80200834        0     1                 
80200838 80200838        0     1                 
8020083e 8020083e        0     1                 
80200846 80200846        0     1                 
8020084a 8020084a        0     1                 
8020084a 8020084a        0     1                 
8020084a 8020084a        0     1                 
8020084a 8020084a        0     1                 
8020084a 8020084a        0     1                 
8020084a 8020084a       fc     1                 itoa
8020084c 8020084c        0     1                 
8020084e 8020084e        0     1                 
8020085a 8020085a        0     1                 
8020085e 8020085e        0     1                 
80200864 80200864        0     1                 
80200868 80200868        0     1                 
80200870 80200870        0     1                 
8020087a 8020087a        0     1                 
80200880 80200880        0     1                 
80200888 80200888        0     1                 
8020088c 8020088c        0     1                 
80200890 80200890        0     1                 
80200892 80200892        0     1                 
80200896 80200896        0     1                 
8020089a 8020089a        0     1                 
8020089e 8020089e        0     1                 
8020089e 8020089e        0     1                 
802008ac 802008ac        0     1                 
802008ae 802008ae        0     1                 
802008b6 802008b6        0     1                 
802008ba 802008ba        0     1                 
802008c0 802008c0        0     1                 
802008c4 802008c4        0     1                 
802008c4 802008c4        0     1                 
802008ca 802008ca        0     1                 
802008ca 802008ca        0     1                 
802008cc 802008cc        0     1                 
802008d4 802008d4        0     1                 
802008d6 802008d6        0     1                 
802008da 802008da        0     1                 
802008e0 802008e0        0     1                 
802008e2 802008e2        0     1                 
802008e6 802008e6        0     1                 
802008e8 802008e8        0     1                 
802008f4 802008f4        0     1                 
80200902 80200902        0     1                 
80200902 80200902        0     1                 
80200914 80200914        0     1                 
8020091c 8020091c        0     1                 
80200920 80200920        0     1                 
80200926 80200926        0     1                 
8020092c 8020092c        0     1                 
8020092c 8020092c        0     1                 
80200930 80200930        0     1                 
80200938 80200938        0     1                 
8020093e 8020093e        0     1                 
80200942 80200942        0     1                 
80200946 80200946        0     1                 
80200946 80200946        0     1                 
80200948 80200948      400     4         build/memory.o:(.text)
80200948 80200948        0     1                 
80200948 80200948        0     1                 
80200948 80200948        0     1                 
80200948 80200948        0     1                 
80200948 80200948       1a     1                 init_memory
80200958 80200958        0     1                 
80200960 80200960        0     1                 
80200962 80200962        0     1                 
80200962 80200962        0     1                 
80200962 80200962        0     1                 
80200962 80200962        0     1                 
80200962 80200962        0     1                 
80200962 80200962       ec     1                 pageframalloc
80200964 80200964        0     1                 
80200964 80200964        0     1                 
8020096a 8020096a        0     1                 
8020096c 8020096c        0     1                 
80200974 80200974        0     1                 
80200980 80200980        0     1                 
80200984 80200984        0     1                 
80200984 80200984        0     1                 
80200986 80200986        0     1                 
8020098a 8020098a        0     1                 
8020098e 8020098e        0     1                 
8020098e 8020098e        0     1                 
80200994 80200994        0     1                 
80200998 80200998        0     1                 
8020099c 8020099c        0     1                 
802009a2 802009a2        0     1                 
802009ac 802009ac        0     1                 
802009ae 802009ae        0     1                 
802009b2 802009b2        0     1                 
802009b4 802009b4        0     1                 
802009b8 802009b8        0     1                 
802009ba 802009ba        0     1                 
802009be 802009be        0     1                 
802009c6 802009c6        0     1                 
802009c8 802009c8        0     1                 
802009d0 802009d0        0     1                 
802009d4 802009d4        0     1                 
802009d6 802009d6        0     1                 
802009da 802009da        0     1                 
802009dc 802009dc        0     1                 
802009e4 802009e4        0     1                 
802009e8 802009e8        0     1                 
802009ec 802009ec        0     1                 
802009f4 802009f4        0     1                 
802009f8 802009f8        0     1                 
802009fc 802009fc        0     1                 
80200a20 80200a20        0     1                 
80200a22 80200a22        0     1                 
80200a26 80200a26        0     1                 
80200a32 80200a32        0     1                 
80200a36 80200a36        0     1                 
80200a42 80200a42        0     1                 
80200a42 80200a42        0     1                 
80200a4e 80200a4e        0     1                 
80200a4e 80200a4e        0     1                 
80200a4e 80200a4e        0     1                 
80200a4e 80200a4e        0     1                 
80200a4e 80200a4e        0     1                 
80200a4e 80200a4e       56     1                 pageframfree
80200a50 80200a50        0     1                 
80200a52 80200a52        0     1                 
80200a54 80200a54        0     1                 
80200a5c 80200a5c        0     1                 
80200a60 80200a60        0     1                 
80200a66 80200a66        0     1                 
80200a68 80200a68        0     1                 
80200a84 80200a84        0     1                 
80200a86 80200a86        0     1                 
80200a86 80200a86        0     1                 
80200a90 80200a90        0     1                 
80200a92 80200a92        0     1                 
80200a94 80200a94        0     1                 
80200a98 80200a98        0     1                 
80200a98 80200a98        0     1                 
80200a9c 80200a9c        0     1                 
80200a9e 80200a9e        0     1                 
80200a9e 80200a9e        0     1                 
80200aa4 80200aa4        0     1                 
80200aa4 80200aa4        0     1                 
80200aa4 80200aa4        0     1                 
80200aa4 80200aa4        0     1                 
80200aa4 80200aa4        0     1                 
80200aa4 80200aa4      1a0     1                 add_ptbl_entry
80200aa6 80200aa6        0     1                 
80200ab4 80200ab4        0     1                 
80200abc 80200abc        0     1                 
80200ac4 80200ac4        0     1                 
80200ad4 80200ad4        0     1                 
80200ad4 80200ad4        0     1                 
80200ae6 80200ae6        0     1                 
80200ae6 80200ae6        0     1                 
80200af6 80200af6        0     1                 
80200af6 80200af6        0     1                 
80200b06 80200b06        0     1                 
80200b06 80200b06        0     1                 
80200b2a 80200b2a        0     1                 
80200b2c 80200b2c        0     1                 
80200b30 80200b30        0     1                 
80200b34 80200b34        0     1                 
80200b36 80200b36        0     1                 
80200b3a 80200b3a        0     1                 
80200b3e 80200b3e        0     1                 
80200b42 80200b42        0     1                 
80200b44 80200b44        0     1                 
80200b4c 80200b4c        0     1                 
80200b4c 80200b4c        0     1                 
80200b50 80200b50        0     1                 
80200b50 80200b50        0     1                 
80200b54 80200b54        0     1                 
80200b5a 80200b5a        0     1                 
80200b5a 80200b5a        0     1                 
80200b62 80200b62        0     1                 
80200b64 80200b64        0     1                 
80200b66 80200b66        0     1                 
80200b6e 80200b6e        0     1                 
80200b72 80200b72        0     1                 
80200b76 80200b76        0     1                 
80200b9a 80200b9a        0     1                 
80200b9c 80200b9c        0     1                 
80200baa 80200baa        0     1                 
80200bae 80200bae        0     1                 
80200bae 80200bae        0     1                 
80200bb2 80200bb2        0     1                 
80200bb4 80200bb4        0     1                 
80200bd8 80200bd8        0     1                 
80200bda 80200bda        0     1                 
80200bfe 80200bfe        0     1                 
80200c00 80200c00        0     1                 
80200c08 80200c08        0     1                 
80200c0c 80200c0c        0     1                 
80200c10 80200c10        0     1                 
80200c10 80200c10        0     1                 
80200c14 80200c14        0     1                 
80200c20 80200c20        0     1                 
80200c28 80200c28        0     1                 
80200c30 80200c30        0     1                 
80200c32 80200c32        0     1                 
80200c44 80200c44        0     1                 
80200c44 80200c44        0     1                 
80200c44 80200c44        0     1                 
80200c44 80200c44        0     1                 
80200c44 80200c44        0     1                 
80200c44 80200c44      104     1                 free_proc_pages
80200c46 80200c46        0     1                 
80200c46 80200c46        0     1                 
80200c48 80200c48        0     1                 
80200c4a 80200c4a        0     1                 
80200c6e 80200c6e        0     1                 
80200c6e 80200c6e        0     1                 
80200c70 80200c70        0     1                 
80200c74 80200c74        0     1                 
80200c74 80200c74        0     1                 
80200c7c 80200c7c        0     1                 
80200c80 80200c80        0     1                 
80200c82 80200c82        0     1                 
80200c88 80200c88        0     1                 
80200c90 80200c90        0     1                 
80200c90 80200c90        0     1                 
80200c94 80200c94        0     1                 
80200c96 80200c96        0     1                 
80200c96 80200c96        0     1                 
80200c98 80200c98        0     1                 
80200ca0 80200ca0        0     1                 
80200ca4 80200ca4        0     1                 
80200cb0 80200cb0        0     1                 
80200cba 80200cba        0     1                 
80200cba 80200cba        0     1                 
80200cbe 80200cbe        0     1                 
80200cc0 80200cc0        0     1                 
80200cc4 80200cc4        0     1                 
80200cc6 80200cc6        0     1                 
80200cc6 80200cc6        0     1                 
80200cd2 80200cd2        0     1                 
80200cdc 80200cdc        0     1                 
80200cdc 80200cdc        0     1                 
80200ce0 80200ce0        0     1                 
80200ce4 80200ce4        0     1                 
80200ce8 80200ce8        0     1                 
80200cea 80200cea        0     1                 
80200cea 80200cea        0     1                 
80200d06 80200d06        0     1                 
80200d0a 80200d0a        0     1                 
80200d0a 80200d0a        0     1                 
80200d10 80200d10        0     1                 
80200d12 80200d12        0     1                 
80200d30 80200d30        0     1                 
80200d32 80200d32        0     1                 
80200d32 80200d32        0     1                 
80200d3a 80200d3a        0     1                 
80200d3e 80200d3e        0     1                 
80200d42 80200d42        0     1                 
80200d42 80200d42        0     1                 
80200d48 80200d48        0     1                 
80200d48 80200d48        0     1                 
80200d48 80200d48      3d4     4         build/trap_k.o:(.text)
80200d48 80200d48        0     1                 
80200d48 80200d48        0     1                 
80200d48 80200d48        0     1                 
80200d48 80200d48      2d0     1                 handle_syscall
80200d4a 80200d4a        0     1                 
80200d4e 80200d4e        0     1                 
80200d50 80200d50        0     1                 
80200d6e 80200d6e        0     1                 
80200d78 80200d78        0     1                 
80200dca 80200dca        0     1                 .LBB0_2
80200dca 80200dca        0     1                 
80200dd6 80200dd6        0     1                 
80200dd6 80200dd6        0     1                 
80200de8 80200de8        0     1                 .LBB0_3
80200de8 80200de8        0     1                 
80200df0 80200df0        0     1                 
80200df0 80200df0        0     1                 
80200dfe 80200dfe        0     1                 .LBB0_4
80200dfe 80200dfe        0     1                 
80200e08 80200e08        0     1                 
80200e0a 80200e0a        0     1                 .LBB0_5
80200e0a 80200e0a        0     1                 
80200e14 80200e14        0     1                 
80200e18 80200e18        0     1                 .LBB0_7
80200e20 80200e20        0     1                 
80200e24 80200e24        0     1                 
80200e26 80200e26        0     1                 
80200e2a 80200e2a        0     1                 
80200e32 80200e32        0     1                 
80200e32 80200e32        0     1                 
80200e36 80200e36        0     1                 
80200e3a 80200e3a        0     1                 
80200e40 80200e40        0     1                 
80200e48 80200e48        0     1                 .LBB0_11
80200e48 80200e48        0     1                 
80200e52 80200e52        0     1                 
80200e52 80200e52        0     1                 
80200e54 80200e54        0     1                 .LBB0_12
80200e54 80200e54        0     1                 
80200e5e 80200e5e        0     1                 
80200e5e 80200e5e        0     1                 
80200e60 80200e60        0     1                 .LBB0_13
80200e60 80200e60        0     1                 
80200e6a 80200e6a        0     1                 
80200e72 80200e72        0     1                 .LBB0_14
80200e72 80200e72        0     1                 
80200e82 80200e82        0     1                 
80200e82 80200e82        0     1                 
80200e86 80200e86        0     1                 
80200e92 80200e92        0     1                 
80200e98 80200e98        0     1                 .LBB0_16
80200e98 80200e98        0     1                 
80200ea4 80200ea4        0     1                 
80200ea4 80200ea4        0     1                 
80200ea6 80200ea6        0     1                 .LBB0_17
80200ea6 80200ea6        0     1                 
80200ec6 80200ec6        0     1                 
80200ed0 80200ed0        0     1                 
80200ed8 80200ed8        0     1                 .LBB0_18
80200ed8 80200ed8        0     1                 
80200ee2 80200ee2        0     1                 
80200eea 80200eea        0     1                 .LBB0_19
80200eea 80200eea        0     1                 
80200ef2 80200ef2        0     1                 
80200efa 80200efa        0     1                 .LBB0_20
80200efa 80200efa        0     1                 
80200f04 80200f04        0     1                 
80200f0c 80200f0c        0     1                 .LBB0_21
80200f0c 80200f0c        0     1                 
80200f14 80200f14        0     1                 
80200f1c 80200f1c        0     1                 .LBB0_22
80200f1c 80200f1c        0     1                 
80200f26 80200f26        0     1                 
80200f26 80200f26        0     1                 
80200f28 80200f28        0     1                 .LBB0_23
80200f28 80200f28        0     1                 
80200f32 80200f32        0     1                 
80200f32 80200f32        0     1                 
80200f34 80200f34        0     1                 .LBB0_24
80200f34 80200f34        0     1                 
80200f3e 80200f3e        0     1                 
80200f3e 80200f3e        0     1                 
80200f40 80200f40        0     1                 .LBB0_25
80200f40 80200f40        0     1                 
80200f4a 80200f4a        0     1                 
80200f4a 80200f4a        0     1                 
80200f4c 80200f4c        0     1                 .LBB0_26
80200f4c 80200f4c        0     1                 
80200f56 80200f56        0     1                 
80200f56 80200f56        0     1                 
80200f58 80200f58        0     1                 
80200f58 80200f58        0     1                 .LBB0_27
80200f58 80200f58        0     1                 
80200f5c 80200f5c        0     1                 
80200f60 80200f60        0     1                 
80200f64 80200f64        0     1                 
80200f68 80200f68        0     1                 
80200f6c 80200f6c        0     1                 
80200f70 80200f70        0     1                 
80200f74 80200f74        0     1                 
80200f78 80200f78        0     1                 
80200f78 80200f78        0     1                 
80200f84 80200f84        0     1                 
80200f84 80200f84        0     1                 
80200f9e 80200f9e        0     1                 
80200fa6 80200fa6        0     1                 
80200faa 80200faa        0     1                 
80200fae 80200fae        0     1                 
80200fcc 80200fcc        0     1                 
80200fce 80200fce        0     1                 
80200fd2 80200fd2        0     1                 
80200fe0 80200fe0        0     1                 
80200fe2 80200fe2        0     1                 
80200fe4 80200fe4        0     1                 
80200fec 80200fec        0     1                 
80200ff4 80200ff4        0     1                 
80200ff6 80200ff6        0     1                 
80200ff8 80200ff8        0     1                 
80201016 80201016        0     1                 
80201018 80201018        0     1                 
80201018 80201018        0     1                 
80201018 80201018        0     1                 
80201018 80201018        0     1                 
80201018 80201018        0     1                 
80201018 80201018       68     1                 handle_trap
8020101a 8020101a        0     1                 
8020101a 8020101a        0     1                 
8020101a 8020101a        0     1                 
8020101e 8020101e        0     1                 
80201022 80201022        0     1                 
80201022 80201022        0     1                 
80201026 80201026        0     1                 
80201026 80201026        0     1                 
8020102a 8020102a        0     1                 
8020102c 8020102c        0     1                 
8020102c 8020102c        0     1                 
80201030 80201030        0     1                 
80201038 80201038        0     1                 
80201038 80201038        0     1                 
8020103c 8020103c        0     1                 
80201040 80201040        0     1                 
80201048 80201048        0     1                 
8020105a 8020105a        0     1                 
8020105a 8020105a        0     1                 
8020107e 8020107e        0     1                 
80201080 80201080        0     1                 
80201080 80201080        0     1                 
80201080 80201080        0     1                 
80201080 80201080        0     1                 
80201080 80201080        0     1                 
80201080 80201080        0     1                 
80201080 80201080       9c     1                 switch_trap
8020111c 8020111c        0     1                 
8020111c 8020111c        0     1                 
8020111c 8020111c      2b4     4         build/pcb_k.o:(.text)
8020111c 8020111c        0     1                 
8020111c 8020111c        0     1                 
8020111c 8020111c        0     1                 
8020111c 8020111c       3c     1                 switch_umode
8020111e 8020111e        0     1                 
80201120 80201120        0     1                 
80201128 80201128        0     1                 
80201134 80201134        0     1                 
80201156 80201156        0     1                 
80201158 80201158        0     1                 
80201158 80201158        0     1                 
80201158 80201158        0     1                 
80201158 80201158        0     1                 
80201158 80201158        0     1                 
80201158 80201158      22a     1                 spawn_proc
8020115a 8020115a        0     1                 
8020116e 8020116e        0     1                 
80201186 80201186        0     1                 
80201188 80201188        0     1                 
8020118a 8020118a        0     1                 
80201190 80201190        0     1                 
80201194 80201194        0     1                 
802011b4 802011b4        0     1                 
802011b6 802011b6        0     1                 
802011be 802011be        0     1                 
802011c2 802011c2        0     1                 
802011ca 802011ca        0     1                 
802011dc 802011dc        0     1                 
802011dc 802011dc        0     1                 
802011de 802011de        0     1                 
802011e2 802011e2        0     1                 
802011e2 802011e2        0     1                 
80201212 80201212        0     1                 
80201212 80201212        0     1                 
80201216 80201216        0     1                 
8020121a 8020121a        0     1                 
8020121c 8020121c        0     1                 
80201226 80201226        0     1                 
8020122e 8020122e        0     1                 
80201232 80201232        0     1                 
8020123c 8020123c        0     1                 
8020123e 8020123e        0     1                 
80201246 80201246        0     1                 
8020124e 8020124e        0     1                 
80201252 80201252        0     1                 
8020125c 8020125c        0     1                 
8020125c 8020125c        0     1                 
80201260 80201260        0     1                 
80201262 80201262        0     1                 
80201262 80201262        0     1                 
80201276 80201276        0     1                 
80201284 80201284        0     1                 
80201284 80201284        0     1                 
8020128a 8020128a        0     1                 
8020128e 8020128e        0     1                 
802012a2 802012a2        0     1                 
802012a6 802012a6        0     1                 
802012b4 802012b4        0     1                 
802012b4 802012b4        0     1                 
802012b6 802012b6        0     1                 
802012ba 802012ba        0     1                 
802012ba 802012ba        0     1                 
802012c2 802012c2        0     1                 
802012c6 802012c6        0     1                 
802012d2 802012d2        0     1                 
802012d6 802012d6        0     1                 
802012e0 802012e0        0     1                 
802012e0 802012e0        0     1                 
802012e4 802012e4        0     1                 
802012e8 802012e8        0     1                 
802012f4 802012f4        0     1                 
802012f4 802012f4        0     1                 
802012f6 802012f6        0     1                 
802012fe 802012fe        0     1                 
80201302 80201302        0     1                 
8020130c 8020130c        0     1                 
8020130c 8020130c        0     1                 
80201310 80201310        0     1                 
80201316 80201316        0     1                 
80201318 80201318        0     1                 
8020131c 8020131c        0     1                 
80201336 80201336        0     1                 
8020135a 8020135a        0     1                 
8020135c 8020135c        0     1                 
80201380 80201380        0     1                 
80201382 80201382        0     1                 
80201382 80201382        0     1                 
80201382 80201382        0     1                 
80201382 80201382        0     1                 
80201382 80201382        0     1                 
80201382 80201382       4e     1                 free_proc
80201384 80201384        0     1                 
80201384 80201384        0     1                 
80201388 80201388        0     1                 
8020138a 8020138a        0     1                 
8020138c 8020138c        0     1                 
8020138e 8020138e        0     1                 
80201390 80201390        0     1                 
80201392 80201392        0     1                 
80201394 80201394        0     1                 
8020139c 8020139c        0     1                 
8020139c 8020139c        0     1                 
802013a0 802013a0        0     1                 
802013a4 802013a4        0     1                 
802013a8 802013a8        0     1                 
802013ac 802013ac        0     1                 
802013b0 802013b0        0     1                 
802013b4 802013b4        0     1                 
802013b8 802013b8        0     1                 
802013c0 802013c0        0     1                 
802013c8 802013c8        0     1                 
802013d0 802013d0        0     1                 
802013d0 802013d0        0     1                 
802013d0 802013d0      1fc     4         build/program_k.o:(.text)
802013d0 802013d0        0     1                 
802013d0 802013d0        0     1                 
802013d0 802013d0        0     1                 
802013d0 802013d0        0     1                 
802013d0 802013d0       46     1                 switch_proc
80201416 80201416        0     1                 
80201416 80201416        0     1                 
80201416 80201416        0     1                 
80201416 80201416        0     1                 
80201416 80201416        0     1                 
80201416 80201416        0     1                 
80201416 80201416       14     1                 Flush_TLB
80201418 80201418        0     1                 
8020141a 8020141a        0     1                 
8020141e 8020141e        0     1                 
80201420 80201420        0     1                 
80201428 80201428        0     1                 
8020142a 8020142a        0     1                 
8020142a 8020142a        0     1                 
8020142a 8020142a        0     1                 
8020142a 8020142a        0     1                 
8020142a 8020142a        0     1                 
8020142a 8020142a       a0     1                 k_sp
8020142c 8020142c        0     1                 
8020142c 8020142c        0     1                 
8020143a 8020143a        0     1                 
8020144a 8020144a        0     1                 
8020144a 8020144a        0     1                 
80201472 80201472        0     1                 
80201472 80201472        0     1                 
80201474 80201474        0     1                 
80201480 80201480        0     1                 
80201480 80201480        0     1                 
8020148e 8020148e        0     1                 
8020148e 8020148e        0     1                 
80201490 80201490        0     1                 
80201494 80201494        0     1                 
80201498 80201498        0     1                 
8020149a 8020149a        0     1                 
8020149c 8020149c        0     1                 
802014a8 802014a8        0     1                 
802014a8 802014a8        0     1                 
802014aa 802014aa        0     1                 
802014aa 802014aa        0     1                 
802014c2 802014c2        0     1                 
802014ca 802014ca        0     1                 
802014ca 802014ca        0     1                 
802014ca 802014ca        0     1                 
802014ca 802014ca        0     1                 
802014ca 802014ca        0     1                 
802014ca 802014ca        0     1                 
802014ca 802014ca      102     1                 yield
802014d2 802014d2        0     1                 
802014d6 802014d6        0     1                 
802014da 802014da        0     1                 
802014e0 802014e0        0     1                 
802014e4 802014e4        0     1                 
802014e6 802014e6        0     1                 
802014ea 802014ea        0     1                 
802014ee 802014ee        0     1                 
802014f2 802014f2        0     1                 
802014f6 802014f6        0     1                 
802014f6 802014f6        0     1                 
80201524 80201524        0     1                 
80201532 80201532        0     1                 
80201534 80201534        0     1                 
80201534 80201534        0     1                 
80201542 80201542        0     1                 
80201544 80201544        0     1                 
8020154a 8020154a        0     1                 
8020154c 8020154c        0     1                 
80201550 80201550        0     1                 
80201550 80201550        0     1                 
80201558 80201558        0     1                 
8020156c 8020156c        0     1                 
80201570 80201570        0     1                 
80201574 80201574        0     1                 
8020157c 8020157c        0     1                 
80201580 80201580        0     1                 
80201582 80201582        0     1                 
80201586 80201586        0     1                 
8020158a 8020158a        0     1                 
8020158e 8020158e        0     1                 
80201596 80201596        0     1                 
80201598 80201598        0     1                 
8020159a 8020159a        0     1                 
8020159c 8020159c        0     1                 
8020159e 8020159e        0     1                 
802015a2 802015a2        0     1                 
802015a4 802015a4        0     1                 
802015a8 802015a8        0     1                 
802015aa 802015aa        0     1                 
802015b2 802015b2        0     1                 
802015b2 802015b2        0     1                 
802015ba 802015ba        0     1                 
802015bc 802015bc        0     1                 
802015be 802015be        0     1                 
802015c6 802015c6        0     1                 
802015ca 802015ca        0     1                 
802015cc 802015cc        0     1                 
802015cc 802015cc        0     1                 
802015cc 802015cc      2dc     4         build/app.o:(.text)
802015cc 802015cc        0     1                 
802015cc 802015cc        0     1                 
802015cc 802015cc        0     1                 
802015cc 802015cc      110     1                 init_app
802015ce 802015ce        0     1                 
802015d0 802015d0        0     1                 
802015d2 802015d2        0     1                 
802015d2 802015d2        0     1                 
802015d6 802015d6        0     1                 
802015da 802015da        0     1                 
802015de 802015de        0     1                 
802015e2 802015e2        0     1                 
802015e6 802015e6        0     1                 
802015ea 802015ea        0     1                 
802015ee 802015ee        0     1                 
802015f2 802015f2        0     1                 
802015f6 802015f6        0     1                 
802015f8 802015f8        0     1                 
802015fc 802015fc        0     1                 
80201600 80201600        0     1                 
80201604 80201604        0     1                 
80201608 80201608        0     1                 
8020160e 8020160e        0     1                 
8020160e 8020160e        0     1                 
80201616 80201616        0     1                 
80201618 80201618        0     1                 
8020161a 8020161a        0     1                 
8020161c 8020161c        0     1                 
8020161e 8020161e        0     1                 
80201626 80201626        0     1                 
80201628 80201628        0     1                 
8020162a 8020162a        0     1                 
8020162c 8020162c        0     1                 
8020162e 8020162e        0     1                 
80201636 80201636        0     1                 
80201638 80201638        0     1                 
8020163a 8020163a        0     1                 
8020163c 8020163c        0     1                 
8020163e 8020163e        0     1                 
80201646 80201646        0     1                 
80201648 80201648        0     1                 
8020164a 8020164a        0     1                 
8020164c 8020164c        0     1                 
8020164e 8020164e        0     1                 
80201656 80201656        0     1                 
8020165a 8020165a        0     1                 
8020165c 8020165c        0     1                 
80201660 80201660        0     1                 
80201662 80201662        0     1                 
8020167c 8020167c        0     1                 
8020167e 8020167e        0     1                 
802016ac 802016ac        0     1                 
802016d6 802016d6        0     1                 
802016dc 802016dc        0     1                 
802016dc 802016dc        0     1                 
802016dc 802016dc        0     1                 
802016dc 802016dc        0     1                 
802016dc 802016dc        0     1                 
802016dc 802016dc       4c     1                 start_app
802016de 802016de        0     1                 
802016e0 802016e0        0     1                 
802016e4 802016e4        0     1                 
802016e8 802016e8        0     1                 
802016f8 802016f8        0     1                 
802016fa 802016fa        0     1                 
802016fc 802016fc        0     1                 
80201704 80201704        0     1                 
80201704 80201704        0     1                 
80201706 80201706        0     1                 
8020170c 8020170c        0     1                 
80201726 80201726        0     1                 
80201728 80201728        0     1                 
80201728 80201728        0     1                 
80201728 80201728        0     1                 
80201728 80201728        0     1                 
80201728 80201728        0     1                 
80201728 80201728      11e     1                 get_app_id
8020172a 8020172a        0     1                 
80201730 80201730        0     1                 
80201732 80201732        0     1                 
80201732 80201732        0     1                 
80201746 80201746        0     1                 
80201746 80201746        0     1                 
80201748 80201748        0     1                 
8020174c 8020174c        0     1                 
80201756 80201756        0     1                 
80201756 80201756        0     1                 
80201758 80201758        0     1                 
80201764 80201764        0     1                 
8020176e 8020176e        0     1                 
8020176e 8020176e        0     1                 
80201770 80201770        0     1                 
80201774 80201774        0     1                 
8020177e 8020177e        0     1                 
8020177e 8020177e        0     1                 
80201780 80201780        0     1                 
8020178c 8020178c        0     1                 
80201796 80201796        0     1                 
80201796 80201796        0     1                 
80201798 80201798        0     1                 
8020179c 8020179c        0     1                 
802017a6 802017a6        0     1                 
802017a6 802017a6        0     1                 
802017a8 802017a8        0     1                 
802017b4 802017b4        0     1                 
802017be 802017be        0     1                 
802017be 802017be        0     1                 
802017c0 802017c0        0     1                 
802017c4 802017c4        0     1                 
802017ce 802017ce        0     1                 
802017ce 802017ce        0     1                 
802017d0 802017d0        0     1                 
802017dc 802017dc        0     1                 
802017e6 802017e6        0     1                 
802017e6 802017e6        0     1                 
802017e8 802017e8        0     1                 
802017ec 802017ec        0     1                 
802017f6 802017f6        0     1                 
802017f6 802017f6        0     1                 
802017f8 802017f8        0     1                 
802017f8 802017f8        0     1                 
80201814 80201814        0     1                 
80201816 80201816        0     1                 
8020183c 8020183c        0     1                 
80201846 80201846        0     1                 
80201846 80201846        0     1                 
80201846 80201846        0     1                 
80201846 80201846        0     1                 
80201846 80201846        0     1                 
80201846 80201846       62     1                 get_app_name
80201848 80201848        0     1                 
8020184a 8020184a        0     1                 
8020184e 8020184e        0     1                 
80201852 80201852        0     1                 
8020186e 8020186e        0     1                 
80201870 80201870        0     1                 
8020187e 8020187e        0     1                 
802018a2 802018a2        0     1                 
802018a8 802018a8        0     1                 
802018a8 802018a8        0     1                 
802018a8 802018a8      608     4         build/sockets.o:(.text)
802018a8 802018a8        0     1                 
802018a8 802018a8        0     1                 
802018a8 802018a8        0     1                 
802018a8 802018a8       4e     1                 read_rsocket
802018aa 802018aa        0     1                 
802018ac 802018ac        0     1                 
802018b0 802018b0        0     1                 
802018b4 802018b4        0     1                 
802018ce 802018ce        0     1                 
802018d0 802018d0        0     1                 
802018d8 802018d8        0     1                 
802018ec 802018ec        0     1                 
802018f0 802018f0        0     1                 
802018f6 802018f6        0     1                 
802018f6 802018f6        0     1                 
802018f6 802018f6        0     1                 
802018f6 802018f6        0     1                 
802018f6 802018f6        0     1                 
802018f6 802018f6       4c     1                 write_rsocket
802018f8 802018f8        0     1                 
802018fa 802018fa        0     1                 
802018fe 802018fe        0     1                 
80201902 80201902        0     1                 
8020191c 8020191c        0     1                 
8020191e 8020191e        0     1                 
8020192c 8020192c        0     1                 
80201938 80201938        0     1                 
8020193c 8020193c        0     1                 
80201942 80201942        0     1                 
80201942 80201942        0     1                 
80201942 80201942        0     1                 
80201942 80201942        0     1                 
80201942 80201942        0     1                 
80201942 80201942       7e     1                 read_socket
80201944 80201944        0     1                 
80201946 80201946        0     1                 
8020194a 8020194a        0     1                 
8020194e 8020194e        0     1                 
8020196a 8020196a        0     1                 
8020196c 8020196c        0     1                 
80201972 80201972        0     1                 
80201976 80201976        0     1                 
80201990 80201990        0     1                 
80201992 80201992        0     1                 
8020199a 8020199a        0     1                 
8020199e 8020199e        0     1                 
802019a0 802019a0        0     1                 
802019b6 802019b6        0     1                 
802019ba 802019ba        0     1                 
802019c0 802019c0        0     1                 
802019c0 802019c0        0     1                 
802019c0 802019c0        0     1                 
802019c0 802019c0        0     1                 
802019c0 802019c0        0     1                 
802019c0 802019c0       7c     1                 write_socket
802019c2 802019c2        0     1                 
802019c4 802019c4        0     1                 
802019c8 802019c8        0     1                 
802019cc 802019cc        0     1                 
802019e6 802019e6        0     1                 
802019e8 802019e8        0     1                 
802019ee 802019ee        0     1                 
802019f2 802019f2        0     1                 
80201a0e 80201a0e        0     1                 
80201a10 80201a10        0     1                 
80201a14 80201a14        0     1                 
80201a16 80201a16        0     1                 
80201a22 80201a22        0     1                 
80201a24 80201a24        0     1                 
80201a32 80201a32        0     1                 
80201a36 80201a36        0     1                 
80201a3c 80201a3c        0     1                 
80201a3c 80201a3c        0     1                 
80201a3c 80201a3c        0     1                 
80201a3c 80201a3c        0     1                 
80201a3c 80201a3c        0     1                 
80201a3c 80201a3c       60     1                 claim_rsocket
80201a3e 80201a3e        0     1                 
80201a40 80201a40        0     1                 
80201a44 80201a44        0     1                 
80201a48 80201a48        0     1                 
80201a64 80201a64        0     1                 
80201a66 80201a66        0     1                 
80201a7a 80201a7a        0     1                 
80201a7c 80201a7c        0     1                 
80201a7e 80201a7e        0     1                 
80201a86 80201a86        0     1                 
80201a8c 80201a8c        0     1                 
80201a90 80201a90        0     1                 
80201a92 80201a92        0     1                 
80201a96 80201a96        0     1                 
80201a9c 80201a9c        0     1                 
80201a9c 80201a9c        0     1                 
80201a9c 80201a9c        0     1                 
80201a9c 80201a9c        0     1                 
80201a9c 80201a9c        0     1                 
80201a9c 80201a9c       60     1                 claim_socket
80201a9e 80201a9e        0     1                 
80201aa0 80201aa0        0     1                 
80201aa4 80201aa4        0     1                 
80201aa8 80201aa8        0     1                 
80201ac4 80201ac4        0     1                 
80201ac6 80201ac6        0     1                 
80201ada 80201ada        0     1                 
80201adc 80201adc        0     1                 
80201ade 80201ade        0     1                 
80201ae6 80201ae6        0     1                 
80201aec 80201aec        0     1                 
80201af0 80201af0        0     1                 
80201af2 80201af2        0     1                 
80201af6 80201af6        0     1                 
80201afc 80201afc        0     1                 
80201afc 80201afc        0     1                 
80201afc 80201afc        0     1                 
80201afc 80201afc        0     1                 
80201afc 80201afc        0     1                 
80201afc 80201afc       42     1                 unclaim_rsocket
80201afe 80201afe        0     1                 
80201b00 80201b00        0     1                 
80201b04 80201b04        0     1                 
80201b08 80201b08        0     1                 
80201b24 80201b24        0     1                 
80201b26 80201b26        0     1                 
80201b34 80201b34        0     1                 
80201b38 80201b38        0     1                 
80201b3e 80201b3e        0     1                 
80201b3e 80201b3e        0     1                 
80201b3e 80201b3e        0     1                 
80201b3e 80201b3e        0     1                 
80201b3e 80201b3e        0     1                 
80201b3e 80201b3e       42     1                 unclaim_socket
80201b40 80201b40        0     1                 
80201b42 80201b42        0     1                 
80201b46 80201b46        0     1                 
80201b4a 80201b4a        0     1                 
80201b66 80201b66        0     1                 
80201b68 80201b68        0     1                 
80201b76 80201b76        0     1                 
80201b7a 80201b7a        0     1                 
80201b80 80201b80        0     1                 
80201b80 80201b80        0     1                 
80201b80 80201b80        0     1                 
80201b80 80201b80        0     1                 
80201b80 80201b80        0     1                 
80201b80 80201b80      13c     1                 find_free_rsocket
80201b82 80201b82        0     1                 
80201b82 80201b82        0     1                 
80201b84 80201b84        0     1                 
80201b8c 80201b8c        0     1                 
80201b8e 80201b8e        0     1                 
80201b90 80201b90        0     1                 
80201b90 80201b90        0     1                 
80201b94 80201b94        0     1                 
80201b9c 80201b9c        0     1                 
80201ba2 80201ba2        0     1                 
80201ba6 80201ba6        0     1                 
80201bac 80201bac        0     1                 
80201bb0 80201bb0        0     1                 
80201bb8 80201bb8        0     1                 
80201bbe 80201bbe        0     1                 
80201bc2 80201bc2        0     1                 
80201bc8 80201bc8        0     1                 
80201bcc 80201bcc        0     1                 
80201bd4 80201bd4        0     1                 
80201bda 80201bda        0     1                 
80201bde 80201bde        0     1                 
80201be4 80201be4        0     1                 
80201be8 80201be8        0     1                 
80201bf0 80201bf0        0     1                 
80201bf6 80201bf6        0     1                 
80201bfa 80201bfa        0     1                 
80201c00 80201c00        0     1                 
80201c04 80201c04        0     1                 
80201c08 80201c08        0     1                 
80201c0e 80201c0e        0     1                 
80201c12 80201c12        0     1                 
80201c12 80201c12        0     1                 
80201c30 80201c30        0     1                 
80201c32 80201c32        0     1                 
80201c32 80201c32        0     1                 
80201c34 80201c34        0     1                 
80201c3c 80201c3c        0     1                 
80201c40 80201c40        0     1                 
80201c42 80201c42        0     1                 
80201c46 80201c46        0     1                 
80201c48 80201c48        0     1                 
80201c50 80201c50        0     1                 
80201c54 80201c54        0     1                 
80201c56 80201c56        0     1                 
80201c5a 80201c5a        0     1                 
80201c5c 80201c5c        0     1                 
80201c64 80201c64        0     1                 
80201c68 80201c68        0     1                 
80201c6a 80201c6a        0     1                 
80201c6e 80201c6e        0     1                 
80201c70 80201c70        0     1                 
80201c78 80201c78        0     1                 
80201c7c 80201c7c        0     1                 
80201c7e 80201c7e        0     1                 
80201c82 80201c82        0     1                 
80201c84 80201c84        0     1                 
80201c88 80201c88        0     1                 
80201c8e 80201c8e        0     1                 
80201c90 80201c90        0     1                 
80201c90 80201c90        0     1                 
80201c96 80201c96        0     1                 
80201c9c 80201c9c        0     1                 
80201cbc 80201cbc        0     1                 
80201cbc 80201cbc        0     1                 
80201cbc 80201cbc        0     1                 
80201cbc 80201cbc        0     1                 
80201cbc 80201cbc        0     1                 
80201cbc 80201cbc      13c     1                 find_free_socket
80201cbe 80201cbe        0     1                 
80201cbe 80201cbe        0     1                 
80201cc0 80201cc0        0     1                 
80201cc8 80201cc8        0     1                 
80201cca 80201cca        0     1                 
80201ccc 80201ccc        0     1                 
80201ccc 80201ccc        0     1                 
80201cd0 80201cd0        0     1                 
80201cd8 80201cd8        0     1                 
80201cde 80201cde        0     1                 
80201ce2 80201ce2        0     1                 
80201ce8 80201ce8        0     1                 
80201cec 80201cec        0     1                 
80201cf4 80201cf4        0     1                 
80201cfa 80201cfa        0     1                 
80201cfe 80201cfe        0     1                 
80201d04 80201d04        0     1                 
80201d08 80201d08        0     1                 
80201d10 80201d10        0     1                 
80201d16 80201d16        0     1                 
80201d1a 80201d1a        0     1                 
80201d20 80201d20        0     1                 
80201d24 80201d24        0     1                 
80201d2c 80201d2c        0     1                 
80201d32 80201d32        0     1                 
80201d36 80201d36        0     1                 
80201d3c 80201d3c        0     1                 
80201d40 80201d40        0     1                 
80201d44 80201d44        0     1                 
80201d4a 80201d4a        0     1                 
80201d4e 80201d4e        0     1                 
80201d4e 80201d4e        0     1                 
80201d6c 80201d6c        0     1                 
80201d6e 80201d6e        0     1                 
80201d6e 80201d6e        0     1                 
80201d70 80201d70        0     1                 
80201d78 80201d78        0     1                 
80201d7c 80201d7c        0     1                 
80201d7e 80201d7e        0     1                 
80201d82 80201d82        0     1                 
80201d84 80201d84        0     1                 
80201d8c 80201d8c        0     1                 
80201d90 80201d90        0     1                 
80201d92 80201d92        0     1                 
80201d96 80201d96        0     1                 
80201d98 80201d98        0     1                 
80201da0 80201da0        0     1                 
80201da4 80201da4        0     1                 
80201da6 80201da6        0     1                 
80201daa 80201daa        0     1                 
80201dac 80201dac        0     1                 
80201db4 80201db4        0     1                 
80201db8 80201db8        0     1                 
80201dba 80201dba        0     1                 
80201dbe 80201dbe        0     1                 
80201dc0 80201dc0        0     1                 
80201dc4 80201dc4        0     1                 
80201dca 80201dca        0     1                 
80201dcc 80201dcc        0     1                 
80201dcc 80201dcc        0     1                 
80201dd2 80201dd2        0     1                 
80201dd8 80201dd8        0     1                 
80201df8 80201df8        0     1                 
80201df8 80201df8        0     1                 
80201df8 80201df8        0     1                 
80201df8 80201df8        0     1                 
80201df8 80201df8        0     1                 
80201df8 80201df8       5c     1                 info_rsocket
80201dfa 80201dfa        0     1                 
80201dfc 80201dfc        0     1                 
80201e00 80201e00        0     1                 
80201e04 80201e04        0     1                 
80201e20 80201e20        0     1                 
80201e22 80201e22        0     1                 
80201e30 80201e30        0     1                 
80201e34 80201e34        0     1                 
80201e38 80201e38        0     1                 
80201e3a 80201e3a        0     1                 
80201e3e 80201e3e        0     1                 
80201e40 80201e40        0     1                 
80201e44 80201e44        0     1                 
80201e46 80201e46        0     1                 
80201e4a 80201e4a        0     1                 
80201e4c 80201e4c        0     1                 
80201e4e 80201e4e        0     1                 
80201e54 80201e54        0     1                 
80201e54 80201e54        0     1                 
80201e54 80201e54        0     1                 
80201e54 80201e54        0     1                 
80201e54 80201e54        0     1                 
80201e54 80201e54       5c     1                 info_socket
80201e56 80201e56        0     1                 
80201e58 80201e58        0     1                 
80201e5c 80201e5c        0     1                 
80201e60 80201e60        0     1                 
80201e7c 80201e7c        0     1                 
80201e7e 80201e7e        0     1                 
80201e8c 80201e8c        0     1                 
80201e90 80201e90        0     1                 
80201e94 80201e94        0     1                 
80201e96 80201e96        0     1                 
80201e9a 80201e9a        0     1                 
80201e9c 80201e9c        0     1                 
80201ea0 80201ea0        0     1                 
80201ea2 80201ea2        0     1                 
80201ea6 80201ea6        0     1                 
80201ea8 80201ea8        0     1                 
80201eaa 80201eaa        0     1                 
80201eb0 80201eb0        0     1                 
80201eb0 80201eb0        0     1                 
80201eb0 80201eb0      ab0     4 .rodata
80201eb0 80201eb0      9ab     1         <internal>:(.rodata)
8020285c 8020285c       58     4         build/print_k.o:(.rodata)
8020285c 8020285c        0     1                 .LJTI0_0
802028b4 802028b4       58     4         build/str.o:(.rodata)
802028b4 802028b4        0     1                 .LJTI2_0
8020290c 8020290c       54     4         build/trap_k.o:(.rodata)
8020290c 8020290c        0     1                 .LJTI0_0
80202960 80202960    19850     4 .data
80202960 80202960     8d40     1         bronx.o:(.data)
80202960 80202960        0     1                 _binary_bronx_bin_start
8020b6a0 8020b6a0        0     1                 _binary_bronx_bin_end
8020b6a0 8020b6a0     81a0     1         init.o:(.data)
8020b6a0 8020b6a0        0     1                 _binary_init_bin_start
80213840 80213840        0     1                 _binary_init_bin_end
80213840 80213840     8970     1         test.o:(.data)
80213840 80213840        0     1                 _binary_test_bin_start
8021c1b0 8021c1b0        0     1                 _binary_test_bin_end
8021c1b0 8021c1b0     cc48     4 .bss
8021c1b0 8021c1b0        0     1         __bss = .
8021c1b0 8021c1b0        8     4         build/memory.o:(.sbss)
8021c1b0 8021c1b0        4     1                 nextfreepageframe
8021c1b4 8021c1b4        4     1                 free_list_head
8021c1b8 8021c1b8        8     4         build/pcb_k.o:(.sbss)
8021c1b8 8021c1b8        4     1                 currproc
8021c1bc 8021c1bc        4     1                 idleproc
8021c1c0 8021c1c0     a320     4         build/pcb_k.o:(.bss)
8021c1c0 8021c1c0     a320     1                 proclist
802264e0 802264e0       a0     4         build/app.o:(.bss)
802264e0 802264e0       a0     1                 app_list
80226580 80226580     2878     4         build/sockets.o:(.bss)
80226580 80226580       28     1                 rsockets
802265a8 802265a8       28     1                 rsocket_info
802265d0 802265d0     2800     1                 sockets
80228dd0 80228dd0       28     1                 socket_info
80228df8 80228df8        0     1         __bss_end = .
80228df8 80228df8        0     1 . = ALIGN ( 4 )
80228df8 80228df8    20000     1 . += 128 * 1024
80248df8 80248df8        0     1 __stack_top = .
80248df8 80248df8      208     1 . = ALIGN ( 4096 )
80249000 80249000        0     1 __free_ram_start = .
80249000 80249000  2000000     1 . += 32 * 1024 * 1024
82249000 82249000        0     1 __free_ram_end = .
       0        0      f20     1 .debug_abbrev
       0        0      115     1         build/main.o:(.debug_abbrev)
     115      115      104     1         build/print_k.o:(.debug_abbrev)
     219      219      15a     1         build/SBI.o:(.debug_abbrev)
     373      373       b9     1         build/mem.o:(.debug_abbrev)
     42c      42c      12c     1         build/str.o:(.debug_abbrev)
     558      558      113     1         build/oa.o:(.debug_abbrev)
     66b      66b      1b9     1         build/memory.o:(.debug_abbrev)
     824      824      1e7     1         build/trap_k.o:(.debug_abbrev)
     a0b      a0b      163     1         build/pcb_k.o:(.debug_abbrev)
     b6e      b6e      172     1         build/program_k.o:(.debug_abbrev)
     ce0      ce0      133     1         build/app.o:(.debug_abbrev)
     e13      e13      10d     1         build/sockets.o:(.debug_abbrev)
       0        0     1d4e     1 .debug_info
       0        0      1c5     1         build/main.o:(.debug_info)
     1c5      1c5      1e5     1         build/print_k.o:(.debug_info)
     3aa      3aa      242     1         build/SBI.o:(.debug_info)
     5ec      5ec       d9     1         build/mem.o:(.debug_info)
     6c5      6c5      1f5     1         build/str.o:(.debug_info)
     8ba      8ba      184     1         build/oa.o:(.debug_info)
     a3e      a3e      457     1         build/memory.o:(.debug_info)
     e95      e95      512     1         build/trap_k.o:(.debug_info)
    13a7     13a7      29a     1         build/pcb_k.o:(.debug_info)
    1641     1641      1e8     1         build/program_k.o:(.debug_info)
    1829     1829      260     1         build/app.o:(.debug_info)
    1a89     1a89      2c5     1         build/sockets.o:(.debug_info)
       0        0      1a8     1 .debug_rnglists
       0        0       18     1         build/main.o:(.debug_rnglists)
       c        c        0     1                 
      18       18       57     1         build/print_k.o:(.debug_rnglists)
      24       24        0     1                 
      6f       6f       66     1         build/str.o:(.debug_rnglists)
      7b       7b        0     1                 
      d5       d5       1b     1         build/oa.o:(.debug_rnglists)
      e1       e1        0     1                 
      f0       f0       33     1         build/memory.o:(.debug_rnglists)
      fc       fc        0     1                 
     123      123       4b     1         build/pcb_k.o:(.debug_rnglists)
     12f      12f        0     1                 
     16e      16e       20     1         build/program_k.o:(.debug_rnglists)
     17a      17a        0     1                 
     18e      18e       1a     1         build/app.o:(.debug_rnglists)
     19a      19a        0     1                 
       0        0      7fc     1 .debug_str_offsets
       0        0       88     1         build/main.o:(.debug_str_offsets)
       8        8        0     1                 
      88       88       68     1         build/print_k.o:(.debug_str_offsets)
      90       90        0     1                 
      f0       f0       8c     1         build/SBI.o:(.debug_str_offsets)
      f8       f8        0     1                 
     17c      17c       58     1         build/mem.o:(.debug_str_offsets)
     184      184        0     1                 
     1d4      1d4       88     1         build/str.o:(.debug_str_offsets)
     1dc      1dc        0     1                 
     25c      25c       50     1         build/oa.o:(.debug_str_offsets)
     264      264        0     1                 
     2ac      2ac       e0     1         build/memory.o:(.debug_str_offsets)
     2b4      2b4        0     1                 
     38c      38c      1c4     1         build/trap_k.o:(.debug_str_offsets)
     394      394        0     1                 
     550      550       d0     1         build/pcb_k.o:(.debug_str_offsets)
     558      558        0     1                 
     620      620       98     1         build/program_k.o:(.debug_str_offsets)
     628      628        0     1                 
     6b8      6b8       a8     1         build/app.o:(.debug_str_offsets)
     6c0      6c0        0     1                 
     760      760       9c     1         build/sockets.o:(.debug_str_offsets)
     768      768        0     1                 
       0        0      863     1 .debug_str
       0        0      863     1         <internal>:(.debug_str)
       0        0      3b8     1 .debug_addr
       0        0       58     1         build/main.o:(.debug_addr)
       8        8        0     1                 
      58       58       50     1         build/print_k.o:(.debug_addr)
      60       60        0     1                 
      a8       a8       20     1         build/SBI.o:(.debug_addr)
      b0       b0        0     1                 
      c8       c8       10     1         build/mem.o:(.debug_addr)
      d0       d0        0     1                 
      d8       d8       24     1         build/str.o:(.debug_addr)
      e0       e0        0     1                 
      fc       fc       20     1         build/oa.o:(.debug_addr)
     104      104        0     1                 
     11c      11c       88     1         build/memory.o:(.debug_addr)
     124      124        0     1                 
     1a4      1a4       8c     1         build/trap_k.o:(.debug_addr)
     1ac      1ac        0     1                 
     230      230       5c     1         build/pcb_k.o:(.debug_addr)
     238      238        0     1                 
     28c      28c       3c     1         build/program_k.o:(.debug_addr)
     294      294        0     1                 
     2c8      2c8       60     1         build/app.o:(.debug_addr)
     2d0      2d0        0     1                 
     328      328       90     1         build/sockets.o:(.debug_addr)
     330      330        0     1                 
       0        0       42     1 .comment
       0        0       42     1         <internal>:(.comment)
       0        0       2b     1 .riscv.attributes
       0        0       2b     1         build/main.o:(.riscv.attributes)
       0        0      520     4 .debug_frame
       0        0       54     4         build/main.o:(.debug_frame)
       0        0        0     1                 
      54       54       44     4         build/print_k.o:(.debug_frame)
      54       54        0     1                 
      98       98       4c     4         build/SBI.o:(.debug_frame)
      98       98        0     1                 
      e4       e4       34     4         build/mem.o:(.debug_frame)
      e4       e4        0     1                 
     118      118       64     4         build/str.o:(.debug_frame)
     118      118        0     1                 
     17c      17c       3c     4         build/oa.o:(.debug_frame)
     17c      17c        0     1                 
     1b8      1b8       94     4         build/memory.o:(.debug_frame)
     1b8      1b8        0     1                 
     24c      24c       54     4         build/trap_k.o:(.debug_frame)
     24c      24c        0     1                 
     2a0      2a0       6c     4         build/pcb_k.o:(.debug_frame)
     2a0      2a0        0     1                 
     30c      30c       68     4         build/program_k.o:(.debug_frame)
     30c      30c        0     1                 
     374      374       78     4         build/app.o:(.debug_frame)
     374      374        0     1                 
     3ec      3ec      134     4         build/sockets.o:(.debug_frame)
     3ec      3ec        0     1                 
       0        0     26d5     1 .debug_line
       0        0      1ad     1         build/main.o:(.debug_line)
       0        0        0     1                 .Lline_table_start0
     1ad      1ad      2d0     1         build/print_k.o:(.debug_line)
     1ad      1ad        0     1                 .Lline_table_start0
     47d      47d      11a     1         build/SBI.o:(.debug_line)
     47d      47d        0     1                 .Lline_table_start0
     597      597       f6     1         build/mem.o:(.debug_line)
     597      597        0     1                 .Lline_table_start0
     68d      68d      3f0     1         build/str.o:(.debug_line)
     68d      68d        0     1                 .Lline_table_start0
     a7d      a7d      25a     1         build/oa.o:(.debug_line)
     a7d      a7d        0     1                 .Lline_table_start0
     cd7      cd7      4fa     1         build/memory.o:(.debug_line)
     cd7      cd7        0     1                 .Lline_table_start0
    11d1     11d1      3b6     1         build/trap_k.o:(.debug_line)
    11d1     11d1        0     1                 .Lline_table_start0
    1587     1587      348     1         build/pcb_k.o:(.debug_line)
    1587     1587        0     1                 .Lline_table_start0
    18cf     18cf      2cd     1         build/program_k.o:(.debug_line)
    18cf     18cf        0     1                 .Lline_table_start0
    1b9c     1b9c      396     1         build/app.o:(.debug_line)
    1b9c     1b9c        0     1                 .Lline_table_start0
    1f32     1f32      7a3     1         build/sockets.o:(.debug_line)
    1f32     1f32        0     1                 .Lline_table_start0
       0        0       e8     1 .debug_line_str
       0        0       e8     1         <internal>:(.debug_line_str)
       0        0     153e     1 .debug_loclists
       0        0      115     1         build/print_k.o:(.debug_loclists)
       c        c        0     1                 
     115      115       9f     1         build/SBI.o:(.debug_loclists)
     121      121        0     1                 
     1b4      1b4       66     1         build/mem.o:(.debug_loclists)
     1c0      1c0        0     1                 
     21a      21a      1a1     1         build/str.o:(.debug_loclists)
     226      226        0     1                 
     3bb      3bb      19a     1         build/oa.o:(.debug_loclists)
     3c7      3c7        0     1                 
     555      555      367     1         build/memory.o:(.debug_loclists)
     561      561        0     1                 
     8bc      8bc      21c     1         build/trap_k.o:(.debug_loclists)
     8c8      8c8        0     1                 
     ad8      ad8      1ff     1         build/pcb_k.o:(.debug_loclists)
     ae4      ae4        0     1                 
     cd7      cd7       ee     1         build/program_k.o:(.debug_loclists)
     ce3      ce3        0     1                 
     dc5      dc5      44c     1         build/app.o:(.debug_loclists)
     dd1      dd1        0     1                 
    1211     1211      32d     1         build/sockets.o:(.debug_loclists)
    121d     121d        0     1                 
       0        0     81e0     4 .symtab
       0        0     81e0     4         <internal>:(.symtab)
       0        0       dc     1 .shstrtab
       0        0       dc     1         <internal>:(.shstrtab)
       0        0      624     1 .strtab
       0        0      624     1         <internal>:(.strtab)
