     VMA      LMA     Size Align Out     In      Symbol
       0        0 80200000     1 . = 0x80200000
80200000        0        0     1 __kernel_base = .
80200000 80200000     1ed8     4 .text
80200000 80200000        e     2         build/main.o:(.text.boot)
80200000 80200000        0     1                 
80200000 80200000        0     1                 
80200000 80200000        0     1                 
80200000 80200000        0     1                 
80200000 80200000        e     1                 boot
8020000e 8020000e        0     1                 
8020000e 8020000e        0     1                 
80200010 80200010      1b2     4         build/main.o:(.text)
80200010 80200010        0     1                 
80200010 80200010        0     1                 
80200010 80200010        0     1                 
80200010 80200010       d8     1                 kernel_bootstrap
80200012 80200012        0     1                 
80200012 80200012        0     1                 
80200014 80200014        0     1                 
80200024 80200024        0     1                 
80200024 80200024        0     1                 
80200034 80200034        0     1                 
80200034 80200034        0     1                 
80200052 80200052        0     1                 
80200052 80200052        0     1                 
80200062 80200062        0     1                 
80200062 80200062        0     1                 
8020006e 8020006e        0     1                 
8020007e 8020007e        0     1                 
8020007e 8020007e        0     1                 
80200086 80200086        0     1                 
80200086 80200086        0     1                 
802000a6 802000a6        0     1                 
802000a6 802000a6        0     1                 
802000b6 802000b6        0     1                 
802000b6 802000b6        0     1                 
802000c2 802000c2        0     1                 
802000c2 802000c2        0     1                 
802000ca 802000ca        0     1                 
802000ce 802000ce        0     1                 
802000d6 802000d6        0     1                 
802000da 802000da        0     1                 
802000e0 802000e0        0     1                 
802000e8 802000e8        0     1                 
802000e8 802000e8        0     1                 
802000e8 802000e8        0     1                 
802000e8 802000e8        0     1                 
802000e8 802000e8        0     1                 
802000e8 802000e8       da     1                 kernel_main
802000ea 802000ea        0     1                 
802000ea 802000ea        0     1                 
802000ec 802000ec        0     1                 
802000f4 802000f4        0     1                 
802000f4 802000f4        0     1                 
80200114 80200114        0     1                 
80200114 80200114        0     1                 
8020011c 8020011c        0     1                 
8020011c 8020011c        0     1                 
8020013c 8020013c        0     1                 
8020013c 8020013c        0     1                 
80200144 80200144        0     1                 
80200144 80200144        0     1                 
80200164 80200164        0     1                 
80200164 80200164        0     1                 
8020016c 8020016c        0     1                 
8020016c 8020016c        0     1                 
8020018c 8020018c        0     1                 
8020018c 8020018c        0     1                 
80200194 80200194        0     1                 
80200194 80200194        0     1                 
8020019c 8020019c        0     1                 
8020019c 8020019c        0     1                 
802001c0 802001c0        0     1                 
802001c2 802001c2        0     1                 
802001c2 802001c2        0     1                 
802001c4 802001c4      2ec     4         build/print_k.o:(.text)
802001c4 802001c4        0     1                 
802001c4 802001c4        0     1                 
802001c4 802001c4        0     1                 
802001c4 802001c4      2ec     1                 k_printf
802001c6 802001c6        0     1                 
802001e0 802001e0        0     1                 
802001fc 802001fc        0     1                 
8020021a 8020021a        0     1                 
8020023a 8020023a        0     1                 
8020023e 8020023e        0     1                 
80200246 80200246        0     1                 
8020024e 8020024e        0     1                 
8020024e 8020024e        0     1                 
80200250 80200250        0     1                 
80200258 80200258        0     1                 
8020025c 8020025c        0     1                 
80200264 80200264        0     1                 
8020026e 8020026e        0     1                 .LBB0_6
8020026e 8020026e        0     1                 
8020026e 8020026e        0     1                 
8020028e 8020028e        0     1                 
8020028e 8020028e        0     1                 
80200292 80200292        0     1                 .LBB0_9
80200292 80200292        0     1                 
8020029e 8020029e        0     1                 
8020029e 8020029e        0     1                 
802002a4 802002a4        0     1                 .LBB0_10
802002a4 802002a4        0     1                 
802002b8 802002b8        0     1                 .LBB0_12
802002b8 802002b8        0     1                 
802002c4 802002c4        0     1                 
802002c4 802002c4        0     1                 
802002d0 802002d0        0     1                 
802002d0 802002d0        0     1                 
802002ec 802002ec        0     1                 .LBB0_14
802002ec 802002ec        0     1                 
80200308 80200308        0     1                 
8020030a 8020030a        0     1                 
8020030e 8020030e        0     1                 .LBB0_16
8020030e 8020030e        0     1                 
80200326 80200326        0     1                 .LBB0_18
80200326 80200326        0     1                 
80200342 80200342        0     1                 
80200350 80200350        0     1                 
80200354 80200354        0     1                 
80200360 80200360        0     1                 
80200360 80200360        0     1                 
80200364 80200364        0     1                 
8020036e 8020036e        0     1                 
80200372 80200372        0     1                 
80200374 80200374        0     1                 
80200380 80200380        0     1                 
80200380 80200380        0     1                 
80200384 80200384        0     1                 
80200388 80200388        0     1                 
80200388 80200388        0     1                 
80200396 80200396        0     1                 
802003a2 802003a2        0     1                 
802003a2 802003a2        0     1                 
802003a6 802003a6        0     1                 
802003aa 802003aa        0     1                 
802003ae 802003ae        0     1                 
802003b0 802003b0        0     1                 
802003bc 802003bc        0     1                 
802003bc 802003bc        0     1                 
802003c0 802003c0        0     1                 
802003c4 802003c4        0     1                 
802003c4 802003c4        0     1                 
802003ce 802003ce        0     1                 
802003d0 802003d0        0     1                 
802003d2 802003d2        0     1                 
802003d8 802003d8        0     1                 
802003e0 802003e0        0     1                 
802003ec 802003ec        0     1                 
802003ec 802003ec        0     1                 
802003f0 802003f0        0     1                 
802003f4 802003f4        0     1                 
802003fc 802003fc        0     1                 
80200408 80200408        0     1                 
80200408 80200408        0     1                 
8020040c 8020040c        0     1                 
80200414 80200414        0     1                 
80200418 80200418        0     1                 
8020041a 8020041a        0     1                 
80200426 80200426        0     1                 
80200426 80200426        0     1                 
8020042a 8020042a        0     1                 
8020042e 8020042e        0     1                 
8020042e 8020042e        0     1                 
8020043a 8020043a        0     1                 
80200446 80200446        0     1                 
80200446 80200446        0     1                 
80200452 80200452        0     1                 
80200452 80200452        0     1                 
80200460 80200460        0     1                 
80200460 80200460        0     1                 
80200464 80200464        0     1                 
8020046a 8020046a        0     1                 
8020046e 8020046e        0     1                 
80200470 80200470        0     1                 
8020047c 8020047c        0     1                 
8020047c 8020047c        0     1                 
80200480 80200480        0     1                 
80200484 80200484        0     1                 
80200484 80200484        0     1                 
80200492 80200492        0     1                 
802004b0 802004b0        0     1                 
802004b0 802004b0        0     1                 
802004b0 802004b0       8e     4         build/SBI.o:(.text)
802004b0 802004b0        0     1                 
802004b0 802004b0        0     1                 
802004b0 802004b0        0     1                 
802004b0 802004b0       14     1                 sbi_call
802004b4 802004b4        0     1                 
802004b8 802004b8        0     1                 
802004be 802004be        0     1                 
802004c4 802004c4        0     1                 
802004c4 802004c4        0     1                 
802004c4 802004c4        0     1                 
802004c4 802004c4        0     1                 
802004c4 802004c4        0     1                 
802004c4 802004c4       1c     1                 k_putchar
802004c6 802004c6        0     1                 
802004c6 802004c6        0     1                 
802004d8 802004d8        0     1                 
802004de 802004de        0     1                 
802004de 802004de        0     1                 
802004e0 802004e0        0     1                 
802004e0 802004e0        0     1                 
802004e0 802004e0        0     1                 
802004e0 802004e0        0     1                 
802004e0 802004e0        0     1                 
802004e0 802004e0       5e     1                 k_readchar
802004e2 802004e2        0     1                 
802004e2 802004e2        0     1                 
802004e4 802004e4        0     1                 
802004ec 802004ec        0     1                 
802004f0 802004f0        0     1                 
802004f2 802004f2        0     1                 
802004f6 802004f6        0     1                 
80200506 80200506        0     1                 
80200506 80200506        0     1                 
8020050c 8020050c        0     1                 
80200530 80200530        0     1                 
80200532 80200532        0     1                 
80200534 80200534        0     1                 
8020053e 8020053e        0     1                 
8020053e 8020053e        0     1                 
80200540 80200540       28     4         build/mem.o:(.text)
80200540 80200540        0     1                 
80200540 80200540        0     1                 
80200540 80200540        0     1                 
80200540 80200540        0     1                 
80200540 80200540       14     1                 memset
80200542 80200542        0     1                 
80200544 80200544        0     1                 
80200546 80200546        0     1                 
8020054a 8020054a        0     1                 
8020054e 8020054e        0     1                 
80200550 80200550        0     1                 
80200552 80200552        0     1                 
80200554 80200554        0     1                 
80200554 80200554        0     1                 
80200554 80200554        0     1                 
80200554 80200554        0     1                 
80200554 80200554        0     1                 
80200554 80200554        0     1                 
80200554 80200554       14     1                 k_memcpy
80200556 80200556        0     1                 
8020055a 8020055a        0     1                 
8020055e 8020055e        0     1                 
80200560 80200560        0     1                 
80200562 80200562        0     1                 
80200564 80200564        0     1                 
80200566 80200566        0     1                 
80200566 80200566        0     1                 
80200568 80200568        0     1                 
80200568 80200568        0     1                 
80200568 80200568      29e     4         build/str.o:(.text)
80200568 80200568        0     1                 
80200568 80200568        0     1                 
80200568 80200568        0     1                 
80200568 80200568        0     1                 
80200568 80200568       28     1                 k_strncpy
8020056a 8020056a        0     1                 
8020056c 8020056c        0     1                 
80200574 80200574        0     1                 
80200576 80200576        0     1                 
8020057a 8020057a        0     1                 
8020057c 8020057c        0     1                 
80200580 80200580        0     1                 
80200584 80200584        0     1                 
80200588 80200588        0     1                 
8020058e 8020058e        0     1                 
80200590 80200590        0     1                 
80200590 80200590        0     1                 
80200590 80200590        0     1                 
80200590 80200590        0     1                 
80200590 80200590        0     1                 
80200590 80200590        0     1                 
80200590 80200590       2e     1                 k_strcmp
80200594 80200594        0     1                 
80200596 80200596        0     1                 
80200598 80200598        0     1                 
8020059c 8020059c        0     1                 
8020059e 8020059e        0     1                 
802005a2 802005a2        0     1                 
802005a6 802005a6        0     1                 
802005aa 802005aa        0     1                 
802005ac 802005ac        0     1                 
802005b0 802005b0        0     1                 
802005b2 802005b2        0     1                 
802005b6 802005b6        0     1                 
802005ba 802005ba        0     1                 
802005bc 802005bc        0     1                 
802005be 802005be        0     1                 
802005be 802005be        0     1                 
802005be 802005be        0     1                 
802005be 802005be        0     1                 
802005be 802005be        0     1                 
802005be 802005be      248     1                 k_sprintf
802005c0 802005c0        0     1                 
802005d8 802005d8        0     1                 
802005e8 802005e8        0     1                 
80200606 80200606        0     1                 
80200608 80200608        0     1                 
80200632 80200632        0     1                 
80200634 80200634        0     1                 
80200638 80200638        0     1                 
80200640 80200640        0     1                 
80200646 80200646        0     1                 
8020064a 8020064a        0     1                 
8020064e 8020064e        0     1                 
80200656 80200656        0     1                 
80200660 80200660        0     1                 .LBB2_7
80200660 80200660        0     1                 
80200674 80200674        0     1                 
80200678 80200678        0     1                 
8020067e 8020067e        0     1                 .LBB2_11
8020067e 8020067e        0     1                 
80200682 80200682        0     1                 
8020068c 8020068c        0     1                 
80200692 80200692        0     1                 .LBB2_12
80200692 80200692        0     1                 
802006a6 802006a6        0     1                 .LBB2_14
802006a6 802006a6        0     1                 
802006ae 802006ae        0     1                 
802006c2 802006c2        0     1                 .LBB2_16
802006c2 802006c2        0     1                 
802006d4 802006d4        0     1                 
802006d6 802006d6        0     1                 
802006da 802006da        0     1                 .LBB2_18
802006da 802006da        0     1                 
802006ee 802006ee        0     1                 .LBB2_20
802006ee 802006ee        0     1                 
80200702 80200702        0     1                 
80200704 80200704        0     1                 
80200708 80200708        0     1                 
80200712 80200712        0     1                 
8020071e 8020071e        0     1                 
8020071e 8020071e        0     1                 
80200724 80200724        0     1                 
80200726 80200726        0     1                 
80200728 80200728        0     1                 
8020072c 8020072c        0     1                 
80200730 80200730        0     1                 
80200732 80200732        0     1                 
80200738 80200738        0     1                 
80200738 80200738        0     1                 
8020073c 8020073c        0     1                 
80200748 80200748        0     1                 
80200748 80200748        0     1                 
8020074e 8020074e        0     1                 
80200752 80200752        0     1                 
80200754 80200754        0     1                 
80200758 80200758        0     1                 
8020075c 8020075c        0     1                 
8020075e 8020075e        0     1                 
80200764 80200764        0     1                 
80200764 80200764        0     1                 
80200768 80200768        0     1                 
8020076a 8020076a        0     1                 
8020076c 8020076c        0     1                 
80200772 80200772        0     1                 
80200778 80200778        0     1                 
8020077c 8020077c        0     1                 
80200780 80200780        0     1                 
80200782 80200782        0     1                 
80200788 80200788        0     1                 
8020078a 8020078a        0     1                 
80200796 80200796        0     1                 
80200796 80200796        0     1                 
8020079c 8020079c        0     1                 
802007a0 802007a0        0     1                 
802007a2 802007a2        0     1                 
802007a6 802007a6        0     1                 
802007aa 802007aa        0     1                 
802007ac 802007ac        0     1                 
802007b2 802007b2        0     1                 
802007b2 802007b2        0     1                 
802007b4 802007b4        0     1                 
802007be 802007be        0     1                 
802007ca 802007ca        0     1                 
802007ca 802007ca        0     1                 
802007d0 802007d0        0     1                 
802007d4 802007d4        0     1                 
802007d6 802007d6        0     1                 
802007da 802007da        0     1                 
802007de 802007de        0     1                 
802007e0 802007e0        0     1                 
802007e6 802007e6        0     1                 
802007e6 802007e6        0     1                 
802007ea 802007ea        0     1                 
80200806 80200806        0     1                 
80200806 80200806        0     1                 
80200808 80200808      176     4         build/oa.o:(.text)
80200808 80200808        0     1                 
80200808 80200808        0     1                 
80200808 80200808        0     1                 
80200808 80200808       7a     1                 utoa
8020080a 8020080a        0     1                 
8020080a 8020080a        0     1                 
8020080c 8020080c        0     1                 
80200814 80200814        0     1                 
80200816 80200816        0     1                 
8020081a 8020081a        0     1                 
80200820 80200820        0     1                 
80200822 80200822        0     1                 
80200826 80200826        0     1                 
80200828 80200828        0     1                 
80200834 80200834        0     1                 
80200842 80200842        0     1                 
80200842 80200842        0     1                 
80200854 80200854        0     1                 
8020085c 8020085c        0     1                 
80200860 80200860        0     1                 
80200866 80200866        0     1                 
8020086c 8020086c        0     1                 
8020086c 8020086c        0     1                 
80200870 80200870        0     1                 
80200876 80200876        0     1                 
8020087e 8020087e        0     1                 
80200882 80200882        0     1                 
80200882 80200882        0     1                 
80200882 80200882        0     1                 
80200882 80200882        0     1                 
80200882 80200882        0     1                 
80200882 80200882       fc     1                 itoa
80200884 80200884        0     1                 
80200886 80200886        0     1                 
80200892 80200892        0     1                 
80200896 80200896        0     1                 
8020089c 8020089c        0     1                 
802008a0 802008a0        0     1                 
802008a8 802008a8        0     1                 
802008b2 802008b2        0     1                 
802008b8 802008b8        0     1                 
802008c0 802008c0        0     1                 
802008c4 802008c4        0     1                 
802008c8 802008c8        0     1                 
802008ca 802008ca        0     1                 
802008ce 802008ce        0     1                 
802008d2 802008d2        0     1                 
802008d6 802008d6        0     1                 
802008d6 802008d6        0     1                 
802008e4 802008e4        0     1                 
802008e6 802008e6        0     1                 
802008ee 802008ee        0     1                 
802008f2 802008f2        0     1                 
802008f8 802008f8        0     1                 
802008fc 802008fc        0     1                 
802008fc 802008fc        0     1                 
80200902 80200902        0     1                 
80200902 80200902        0     1                 
80200904 80200904        0     1                 
8020090c 8020090c        0     1                 
8020090e 8020090e        0     1                 
80200912 80200912        0     1                 
80200918 80200918        0     1                 
8020091a 8020091a        0     1                 
8020091e 8020091e        0     1                 
80200920 80200920        0     1                 
8020092c 8020092c        0     1                 
8020093a 8020093a        0     1                 
8020093a 8020093a        0     1                 
8020094c 8020094c        0     1                 
80200954 80200954        0     1                 
80200958 80200958        0     1                 
8020095e 8020095e        0     1                 
80200964 80200964        0     1                 
80200964 80200964        0     1                 
80200968 80200968        0     1                 
80200970 80200970        0     1                 
80200976 80200976        0     1                 
8020097a 8020097a        0     1                 
8020097e 8020097e        0     1                 
8020097e 8020097e        0     1                 
80200980 80200980      400     4         build/memory.o:(.text)
80200980 80200980        0     1                 
80200980 80200980        0     1                 
80200980 80200980        0     1                 
80200980 80200980        0     1                 
80200980 80200980       1a     1                 init_memory
80200990 80200990        0     1                 
80200998 80200998        0     1                 
8020099a 8020099a        0     1                 
8020099a 8020099a        0     1                 
8020099a 8020099a        0     1                 
8020099a 8020099a        0     1                 
8020099a 8020099a        0     1                 
8020099a 8020099a       ec     1                 pageframalloc
8020099c 8020099c        0     1                 
8020099c 8020099c        0     1                 
802009a2 802009a2        0     1                 
802009a4 802009a4        0     1                 
802009ac 802009ac        0     1                 
802009b8 802009b8        0     1                 
802009bc 802009bc        0     1                 
802009bc 802009bc        0     1                 
802009be 802009be        0     1                 
802009c2 802009c2        0     1                 
802009c6 802009c6        0     1                 
802009c6 802009c6        0     1                 
802009cc 802009cc        0     1                 
802009d0 802009d0        0     1                 
802009d4 802009d4        0     1                 
802009da 802009da        0     1                 
802009e4 802009e4        0     1                 
802009e6 802009e6        0     1                 
802009ea 802009ea        0     1                 
802009ec 802009ec        0     1                 
802009f0 802009f0        0     1                 
802009f2 802009f2        0     1                 
802009f6 802009f6        0     1                 
802009fe 802009fe        0     1                 
80200a00 80200a00        0     1                 
80200a08 80200a08        0     1                 
80200a0c 80200a0c        0     1                 
80200a0e 80200a0e        0     1                 
80200a12 80200a12        0     1                 
80200a14 80200a14        0     1                 
80200a1c 80200a1c        0     1                 
80200a20 80200a20        0     1                 
80200a24 80200a24        0     1                 
80200a2c 80200a2c        0     1                 
80200a30 80200a30        0     1                 
80200a34 80200a34        0     1                 
80200a58 80200a58        0     1                 
80200a5a 80200a5a        0     1                 
80200a5e 80200a5e        0     1                 
80200a6a 80200a6a        0     1                 
80200a6e 80200a6e        0     1                 
80200a7a 80200a7a        0     1                 
80200a7a 80200a7a        0     1                 
80200a86 80200a86        0     1                 
80200a86 80200a86        0     1                 
80200a86 80200a86        0     1                 
80200a86 80200a86        0     1                 
80200a86 80200a86        0     1                 
80200a86 80200a86       56     1                 pageframfree
80200a88 80200a88        0     1                 
80200a8a 80200a8a        0     1                 
80200a8c 80200a8c        0     1                 
80200a94 80200a94        0     1                 
80200a98 80200a98        0     1                 
80200a9e 80200a9e        0     1                 
80200aa0 80200aa0        0     1                 
80200abc 80200abc        0     1                 
80200abe 80200abe        0     1                 
80200abe 80200abe        0     1                 
80200ac8 80200ac8        0     1                 
80200aca 80200aca        0     1                 
80200acc 80200acc        0     1                 
80200ad0 80200ad0        0     1                 
80200ad0 80200ad0        0     1                 
80200ad4 80200ad4        0     1                 
80200ad6 80200ad6        0     1                 
80200ad6 80200ad6        0     1                 
80200adc 80200adc        0     1                 
80200adc 80200adc        0     1                 
80200adc 80200adc        0     1                 
80200adc 80200adc        0     1                 
80200adc 80200adc        0     1                 
80200adc 80200adc      1a0     1                 add_ptbl_entry
80200ade 80200ade        0     1                 
80200aec 80200aec        0     1                 
80200af4 80200af4        0     1                 
80200afc 80200afc        0     1                 
80200b0c 80200b0c        0     1                 
80200b0c 80200b0c        0     1                 
80200b1e 80200b1e        0     1                 
80200b1e 80200b1e        0     1                 
80200b2e 80200b2e        0     1                 
80200b2e 80200b2e        0     1                 
80200b3e 80200b3e        0     1                 
80200b3e 80200b3e        0     1                 
80200b62 80200b62        0     1                 
80200b64 80200b64        0     1                 
80200b68 80200b68        0     1                 
80200b6c 80200b6c        0     1                 
80200b6e 80200b6e        0     1                 
80200b72 80200b72        0     1                 
80200b76 80200b76        0     1                 
80200b7a 80200b7a        0     1                 
80200b7c 80200b7c        0     1                 
80200b84 80200b84        0     1                 
80200b84 80200b84        0     1                 
80200b88 80200b88        0     1                 
80200b88 80200b88        0     1                 
80200b8c 80200b8c        0     1                 
80200b92 80200b92        0     1                 
80200b92 80200b92        0     1                 
80200b9a 80200b9a        0     1                 
80200b9c 80200b9c        0     1                 
80200b9e 80200b9e        0     1                 
80200ba6 80200ba6        0     1                 
80200baa 80200baa        0     1                 
80200bae 80200bae        0     1                 
80200bd2 80200bd2        0     1                 
80200bd4 80200bd4        0     1                 
80200be2 80200be2        0     1                 
80200be6 80200be6        0     1                 
80200be6 80200be6        0     1                 
80200bea 80200bea        0     1                 
80200bec 80200bec        0     1                 
80200c10 80200c10        0     1                 
80200c12 80200c12        0     1                 
80200c36 80200c36        0     1                 
80200c38 80200c38        0     1                 
80200c40 80200c40        0     1                 
80200c44 80200c44        0     1                 
80200c48 80200c48        0     1                 
80200c48 80200c48        0     1                 
80200c4c 80200c4c        0     1                 
80200c58 80200c58        0     1                 
80200c60 80200c60        0     1                 
80200c68 80200c68        0     1                 
80200c6a 80200c6a        0     1                 
80200c7c 80200c7c        0     1                 
80200c7c 80200c7c        0     1                 
80200c7c 80200c7c        0     1                 
80200c7c 80200c7c        0     1                 
80200c7c 80200c7c        0     1                 
80200c7c 80200c7c      104     1                 free_proc_pages
80200c7e 80200c7e        0     1                 
80200c7e 80200c7e        0     1                 
80200c80 80200c80        0     1                 
80200c82 80200c82        0     1                 
80200ca6 80200ca6        0     1                 
80200ca6 80200ca6        0     1                 
80200ca8 80200ca8        0     1                 
80200cac 80200cac        0     1                 
80200cac 80200cac        0     1                 
80200cb4 80200cb4        0     1                 
80200cb8 80200cb8        0     1                 
80200cba 80200cba        0     1                 
80200cc0 80200cc0        0     1                 
80200cc8 80200cc8        0     1                 
80200cc8 80200cc8        0     1                 
80200ccc 80200ccc        0     1                 
80200cce 80200cce        0     1                 
80200cce 80200cce        0     1                 
80200cd0 80200cd0        0     1                 
80200cd8 80200cd8        0     1                 
80200cdc 80200cdc        0     1                 
80200ce8 80200ce8        0     1                 
80200cf2 80200cf2        0     1                 
80200cf2 80200cf2        0     1                 
80200cf6 80200cf6        0     1                 
80200cf8 80200cf8        0     1                 
80200cfc 80200cfc        0     1                 
80200cfe 80200cfe        0     1                 
80200cfe 80200cfe        0     1                 
80200d0a 80200d0a        0     1                 
80200d14 80200d14        0     1                 
80200d14 80200d14        0     1                 
80200d18 80200d18        0     1                 
80200d1c 80200d1c        0     1                 
80200d20 80200d20        0     1                 
80200d22 80200d22        0     1                 
80200d22 80200d22        0     1                 
80200d3e 80200d3e        0     1                 
80200d42 80200d42        0     1                 
80200d42 80200d42        0     1                 
80200d48 80200d48        0     1                 
80200d4a 80200d4a        0     1                 
80200d68 80200d68        0     1                 
80200d6a 80200d6a        0     1                 
80200d6a 80200d6a        0     1                 
80200d72 80200d72        0     1                 
80200d76 80200d76        0     1                 
80200d7a 80200d7a        0     1                 
80200d7a 80200d7a        0     1                 
80200d80 80200d80        0     1                 
80200d80 80200d80        0     1                 
80200d80 80200d80      3dc     4         build/trap_k.o:(.text)
80200d80 80200d80        0     1                 
80200d80 80200d80        0     1                 
80200d80 80200d80        0     1                 
80200d80 80200d80      2d8     1                 handle_syscall
80200d82 80200d82        0     1                 
80200d86 80200d86        0     1                 
80200d88 80200d88        0     1                 
80200da6 80200da6        0     1                 
80200db0 80200db0        0     1                 
80200e02 80200e02        0     1                 .LBB0_2
80200e02 80200e02        0     1                 
80200e0e 80200e0e        0     1                 
80200e0e 80200e0e        0     1                 
80200e20 80200e20        0     1                 .LBB0_3
80200e20 80200e20        0     1                 
80200e28 80200e28        0     1                 
80200e28 80200e28        0     1                 
80200e36 80200e36        0     1                 .LBB0_4
80200e36 80200e36        0     1                 
80200e40 80200e40        0     1                 
80200e42 80200e42        0     1                 .LBB0_5
80200e42 80200e42        0     1                 
80200e4c 80200e4c        0     1                 
80200e50 80200e50        0     1                 .LBB0_7
80200e58 80200e58        0     1                 
80200e5c 80200e5c        0     1                 
80200e5e 80200e5e        0     1                 
80200e62 80200e62        0     1                 
80200e6a 80200e6a        0     1                 
80200e6a 80200e6a        0     1                 
80200e6e 80200e6e        0     1                 
80200e72 80200e72        0     1                 
80200e78 80200e78        0     1                 
80200e80 80200e80        0     1                 .LBB0_11
80200e80 80200e80        0     1                 
80200e8a 80200e8a        0     1                 
80200e8a 80200e8a        0     1                 
80200e8c 80200e8c        0     1                 .LBB0_12
80200e8c 80200e8c        0     1                 
80200e96 80200e96        0     1                 
80200e96 80200e96        0     1                 
80200e98 80200e98        0     1                 .LBB0_13
80200e98 80200e98        0     1                 
80200ea4 80200ea4        0     1                 
80200ea4 80200ea4        0     1                 
80200eaa 80200eaa        0     1                 
80200eb2 80200eb2        0     1                 .LBB0_14
80200eb2 80200eb2        0     1                 
80200ec2 80200ec2        0     1                 
80200ec2 80200ec2        0     1                 
80200ec6 80200ec6        0     1                 
80200ed2 80200ed2        0     1                 
80200ed8 80200ed8        0     1                 .LBB0_16
80200ed8 80200ed8        0     1                 
80200ee4 80200ee4        0     1                 
80200ee4 80200ee4        0     1                 
80200ee6 80200ee6        0     1                 .LBB0_17
80200ee6 80200ee6        0     1                 
80200f06 80200f06        0     1                 
80200f10 80200f10        0     1                 
80200f18 80200f18        0     1                 .LBB0_18
80200f18 80200f18        0     1                 
80200f22 80200f22        0     1                 
80200f2a 80200f2a        0     1                 .LBB0_19
80200f2a 80200f2a        0     1                 
80200f32 80200f32        0     1                 
80200f3a 80200f3a        0     1                 .LBB0_20
80200f3a 80200f3a        0     1                 
80200f44 80200f44        0     1                 
80200f4c 80200f4c        0     1                 .LBB0_21
80200f4c 80200f4c        0     1                 
80200f54 80200f54        0     1                 
80200f5c 80200f5c        0     1                 .LBB0_22
80200f5c 80200f5c        0     1                 
80200f66 80200f66        0     1                 
80200f66 80200f66        0     1                 
80200f68 80200f68        0     1                 .LBB0_23
80200f68 80200f68        0     1                 
80200f72 80200f72        0     1                 
80200f72 80200f72        0     1                 
80200f74 80200f74        0     1                 .LBB0_24
80200f74 80200f74        0     1                 
80200f7e 80200f7e        0     1                 
80200f7e 80200f7e        0     1                 
80200f80 80200f80        0     1                 .LBB0_25
80200f80 80200f80        0     1                 
80200f8a 80200f8a        0     1                 
80200f8a 80200f8a        0     1                 
80200f8c 80200f8c        0     1                 .LBB0_26
80200f8c 80200f8c        0     1                 
80200f96 80200f96        0     1                 
80200f96 80200f96        0     1                 
80200f98 80200f98        0     1                 
80200f98 80200f98        0     1                 .LBB0_27
80200f98 80200f98        0     1                 
80200f9c 80200f9c        0     1                 
80200fa0 80200fa0        0     1                 
80200fa4 80200fa4        0     1                 
80200fa8 80200fa8        0     1                 
80200fac 80200fac        0     1                 
80200fb0 80200fb0        0     1                 
80200fb4 80200fb4        0     1                 
80200fb8 80200fb8        0     1                 
80200fb8 80200fb8        0     1                 
80200fc4 80200fc4        0     1                 
80200fc4 80200fc4        0     1                 
80200fde 80200fde        0     1                 
80200fe6 80200fe6        0     1                 
80200fea 80200fea        0     1                 
80200fee 80200fee        0     1                 
8020100c 8020100c        0     1                 
8020100e 8020100e        0     1                 
80201012 80201012        0     1                 
80201020 80201020        0     1                 
80201022 80201022        0     1                 
80201024 80201024        0     1                 
8020102c 8020102c        0     1                 
80201034 80201034        0     1                 
80201036 80201036        0     1                 
80201038 80201038        0     1                 
80201056 80201056        0     1                 
80201058 80201058        0     1                 
80201058 80201058        0     1                 
80201058 80201058        0     1                 
80201058 80201058        0     1                 
80201058 80201058        0     1                 
80201058 80201058       68     1                 handle_trap
8020105a 8020105a        0     1                 
8020105a 8020105a        0     1                 
8020105a 8020105a        0     1                 
8020105e 8020105e        0     1                 
80201062 80201062        0     1                 
80201062 80201062        0     1                 
80201066 80201066        0     1                 
80201066 80201066        0     1                 
8020106a 8020106a        0     1                 
8020106c 8020106c        0     1                 
8020106c 8020106c        0     1                 
80201070 80201070        0     1                 
80201078 80201078        0     1                 
80201078 80201078        0     1                 
8020107c 8020107c        0     1                 
80201080 80201080        0     1                 
80201088 80201088        0     1                 
8020109a 8020109a        0     1                 
8020109a 8020109a        0     1                 
802010be 802010be        0     1                 
802010c0 802010c0        0     1                 
802010c0 802010c0        0     1                 
802010c0 802010c0        0     1                 
802010c0 802010c0        0     1                 
802010c0 802010c0        0     1                 
802010c0 802010c0        0     1                 
802010c0 802010c0       9c     1                 switch_trap
8020115c 8020115c        0     1                 
8020115c 8020115c        0     1                 
8020115c 8020115c      2b4     4         build/pcb_k.o:(.text)
8020115c 8020115c        0     1                 
8020115c 8020115c        0     1                 
8020115c 8020115c        0     1                 
8020115c 8020115c       3c     1                 switch_umode
8020115e 8020115e        0     1                 
80201160 80201160        0     1                 
80201168 80201168        0     1                 
80201174 80201174        0     1                 
80201196 80201196        0     1                 
80201198 80201198        0     1                 
80201198 80201198        0     1                 
80201198 80201198        0     1                 
80201198 80201198        0     1                 
80201198 80201198        0     1                 
80201198 80201198      22a     1                 spawn_proc
8020119a 8020119a        0     1                 
802011ae 802011ae        0     1                 
802011c6 802011c6        0     1                 
802011c8 802011c8        0     1                 
802011ca 802011ca        0     1                 
802011d0 802011d0        0     1                 
802011d4 802011d4        0     1                 
802011f4 802011f4        0     1                 
802011f6 802011f6        0     1                 
802011fe 802011fe        0     1                 
80201202 80201202        0     1                 
8020120a 8020120a        0     1                 
8020121c 8020121c        0     1                 
8020121c 8020121c        0     1                 
8020121e 8020121e        0     1                 
80201222 80201222        0     1                 
80201222 80201222        0     1                 
80201252 80201252        0     1                 
80201252 80201252        0     1                 
80201256 80201256        0     1                 
8020125a 8020125a        0     1                 
8020125c 8020125c        0     1                 
80201266 80201266        0     1                 
8020126e 8020126e        0     1                 
80201272 80201272        0     1                 
8020127c 8020127c        0     1                 
8020127e 8020127e        0     1                 
80201286 80201286        0     1                 
8020128e 8020128e        0     1                 
80201292 80201292        0     1                 
8020129c 8020129c        0     1                 
8020129c 8020129c        0     1                 
802012a0 802012a0        0     1                 
802012a2 802012a2        0     1                 
802012a2 802012a2        0     1                 
802012b6 802012b6        0     1                 
802012c4 802012c4        0     1                 
802012c4 802012c4        0     1                 
802012ca 802012ca        0     1                 
802012ce 802012ce        0     1                 
802012e2 802012e2        0     1                 
802012e6 802012e6        0     1                 
802012f4 802012f4        0     1                 
802012f4 802012f4        0     1                 
802012f6 802012f6        0     1                 
802012fa 802012fa        0     1                 
802012fa 802012fa        0     1                 
80201302 80201302        0     1                 
80201306 80201306        0     1                 
80201312 80201312        0     1                 
80201316 80201316        0     1                 
80201320 80201320        0     1                 
80201320 80201320        0     1                 
80201324 80201324        0     1                 
80201328 80201328        0     1                 
80201334 80201334        0     1                 
80201334 80201334        0     1                 
80201336 80201336        0     1                 
8020133e 8020133e        0     1                 
80201342 80201342        0     1                 
8020134c 8020134c        0     1                 
8020134c 8020134c        0     1                 
80201350 80201350        0     1                 
80201356 80201356        0     1                 
80201358 80201358        0     1                 
8020135c 8020135c        0     1                 
80201376 80201376        0     1                 
8020139a 8020139a        0     1                 
8020139c 8020139c        0     1                 
802013c0 802013c0        0     1                 
802013c2 802013c2        0     1                 
802013c2 802013c2        0     1                 
802013c2 802013c2        0     1                 
802013c2 802013c2        0     1                 
802013c2 802013c2        0     1                 
802013c2 802013c2       4e     1                 free_proc
802013c4 802013c4        0     1                 
802013c4 802013c4        0     1                 
802013c8 802013c8        0     1                 
802013ca 802013ca        0     1                 
802013cc 802013cc        0     1                 
802013ce 802013ce        0     1                 
802013d0 802013d0        0     1                 
802013d2 802013d2        0     1                 
802013d4 802013d4        0     1                 
802013dc 802013dc        0     1                 
802013dc 802013dc        0     1                 
802013e0 802013e0        0     1                 
802013e4 802013e4        0     1                 
802013e8 802013e8        0     1                 
802013ec 802013ec        0     1                 
802013f0 802013f0        0     1                 
802013f4 802013f4        0     1                 
802013f8 802013f8        0     1                 
80201400 80201400        0     1                 
80201408 80201408        0     1                 
80201410 80201410        0     1                 
80201410 80201410        0     1                 
80201410 80201410      1fc     4         build/program_k.o:(.text)
80201410 80201410        0     1                 
80201410 80201410        0     1                 
80201410 80201410        0     1                 
80201410 80201410        0     1                 
80201410 80201410       46     1                 switch_proc
80201456 80201456        0     1                 
80201456 80201456        0     1                 
80201456 80201456        0     1                 
80201456 80201456        0     1                 
80201456 80201456        0     1                 
80201456 80201456        0     1                 
80201456 80201456       14     1                 Flush_TLB
80201458 80201458        0     1                 
8020145a 8020145a        0     1                 
8020145e 8020145e        0     1                 
80201460 80201460        0     1                 
80201468 80201468        0     1                 
8020146a 8020146a        0     1                 
8020146a 8020146a        0     1                 
8020146a 8020146a        0     1                 
8020146a 8020146a        0     1                 
8020146a 8020146a        0     1                 
8020146a 8020146a       a0     1                 k_sp
8020146c 8020146c        0     1                 
8020146c 8020146c        0     1                 
8020147a 8020147a        0     1                 
8020148a 8020148a        0     1                 
8020148a 8020148a        0     1                 
802014b2 802014b2        0     1                 
802014b2 802014b2        0     1                 
802014b4 802014b4        0     1                 
802014c0 802014c0        0     1                 
802014c0 802014c0        0     1                 
802014ce 802014ce        0     1                 
802014ce 802014ce        0     1                 
802014d0 802014d0        0     1                 
802014d4 802014d4        0     1                 
802014d8 802014d8        0     1                 
802014da 802014da        0     1                 
802014dc 802014dc        0     1                 
802014e8 802014e8        0     1                 
802014e8 802014e8        0     1                 
802014ea 802014ea        0     1                 
802014ea 802014ea        0     1                 
80201502 80201502        0     1                 
8020150a 8020150a        0     1                 
8020150a 8020150a        0     1                 
8020150a 8020150a        0     1                 
8020150a 8020150a        0     1                 
8020150a 8020150a        0     1                 
8020150a 8020150a        0     1                 
8020150a 8020150a      102     1                 yield
80201512 80201512        0     1                 
80201516 80201516        0     1                 
8020151a 8020151a        0     1                 
80201520 80201520        0     1                 
80201524 80201524        0     1                 
80201526 80201526        0     1                 
8020152a 8020152a        0     1                 
8020152e 8020152e        0     1                 
80201532 80201532        0     1                 
80201536 80201536        0     1                 
80201536 80201536        0     1                 
80201564 80201564        0     1                 
80201572 80201572        0     1                 
80201574 80201574        0     1                 
80201574 80201574        0     1                 
80201582 80201582        0     1                 
80201584 80201584        0     1                 
8020158a 8020158a        0     1                 
8020158c 8020158c        0     1                 
80201590 80201590        0     1                 
80201590 80201590        0     1                 
80201598 80201598        0     1                 
802015ac 802015ac        0     1                 
802015b0 802015b0        0     1                 
802015b4 802015b4        0     1                 
802015bc 802015bc        0     1                 
802015c0 802015c0        0     1                 
802015c2 802015c2        0     1                 
802015c6 802015c6        0     1                 
802015ca 802015ca        0     1                 
802015ce 802015ce        0     1                 
802015d6 802015d6        0     1                 
802015d8 802015d8        0     1                 
802015da 802015da        0     1                 
802015dc 802015dc        0     1                 
802015de 802015de        0     1                 
802015e2 802015e2        0     1                 
802015e4 802015e4        0     1                 
802015e8 802015e8        0     1                 
802015ea 802015ea        0     1                 
802015f2 802015f2        0     1                 
802015f2 802015f2        0     1                 
802015fa 802015fa        0     1                 
802015fc 802015fc        0     1                 
802015fe 802015fe        0     1                 
80201606 80201606        0     1                 
8020160a 8020160a        0     1                 
8020160c 8020160c        0     1                 
8020160c 8020160c        0     1                 
8020160c 8020160c      2c2     4         build/app.o:(.text)
8020160c 8020160c        0     1                 
8020160c 8020160c        0     1                 
8020160c 8020160c        0     1                 
8020160c 8020160c      110     1                 init_app
8020160e 8020160e        0     1                 
80201610 80201610        0     1                 
80201612 80201612        0     1                 
80201612 80201612        0     1                 
80201616 80201616        0     1                 
8020161a 8020161a        0     1                 
8020161e 8020161e        0     1                 
80201622 80201622        0     1                 
80201626 80201626        0     1                 
8020162a 8020162a        0     1                 
8020162e 8020162e        0     1                 
80201632 80201632        0     1                 
80201636 80201636        0     1                 
80201638 80201638        0     1                 
8020163c 8020163c        0     1                 
80201640 80201640        0     1                 
80201644 80201644        0     1                 
80201648 80201648        0     1                 
8020164e 8020164e        0     1                 
8020164e 8020164e        0     1                 
80201656 80201656        0     1                 
80201658 80201658        0     1                 
8020165a 8020165a        0     1                 
8020165c 8020165c        0     1                 
8020165e 8020165e        0     1                 
80201666 80201666        0     1                 
80201668 80201668        0     1                 
8020166a 8020166a        0     1                 
8020166c 8020166c        0     1                 
8020166e 8020166e        0     1                 
80201676 80201676        0     1                 
80201678 80201678        0     1                 
8020167a 8020167a        0     1                 
8020167c 8020167c        0     1                 
8020167e 8020167e        0     1                 
80201686 80201686        0     1                 
80201688 80201688        0     1                 
8020168a 8020168a        0     1                 
8020168c 8020168c        0     1                 
8020168e 8020168e        0     1                 
80201696 80201696        0     1                 
8020169a 8020169a        0     1                 
8020169c 8020169c        0     1                 
802016a0 802016a0        0     1                 
802016a2 802016a2        0     1                 
802016bc 802016bc        0     1                 
802016be 802016be        0     1                 
802016ec 802016ec        0     1                 
80201716 80201716        0     1                 
8020171c 8020171c        0     1                 
8020171c 8020171c        0     1                 
8020171c 8020171c        0     1                 
8020171c 8020171c        0     1                 
8020171c 8020171c        0     1                 
8020171c 8020171c       4c     1                 start_app
8020171e 8020171e        0     1                 
80201720 80201720        0     1                 
80201724 80201724        0     1                 
80201728 80201728        0     1                 
80201738 80201738        0     1                 
8020173a 8020173a        0     1                 
8020173c 8020173c        0     1                 
80201744 80201744        0     1                 
80201744 80201744        0     1                 
80201746 80201746        0     1                 
8020174c 8020174c        0     1                 
80201766 80201766        0     1                 
80201768 80201768        0     1                 
80201768 80201768        0     1                 
80201768 80201768        0     1                 
80201768 80201768        0     1                 
80201768 80201768        0     1                 
80201768 80201768      104     1                 get_app_id
8020176a 8020176a        0     1                 
80201770 80201770        0     1                 
80201772 80201772        0     1                 
80201772 80201772        0     1                 
80201786 80201786        0     1                 
80201786 80201786        0     1                 
80201788 80201788        0     1                 
8020178c 8020178c        0     1                 
80201796 80201796        0     1                 
80201796 80201796        0     1                 
80201798 80201798        0     1                 
802017a4 802017a4        0     1                 
802017ae 802017ae        0     1                 
802017ae 802017ae        0     1                 
802017b0 802017b0        0     1                 
802017b4 802017b4        0     1                 
802017be 802017be        0     1                 
802017be 802017be        0     1                 
802017c0 802017c0        0     1                 
802017cc 802017cc        0     1                 
802017d6 802017d6        0     1                 
802017d6 802017d6        0     1                 
802017d8 802017d8        0     1                 
802017dc 802017dc        0     1                 
802017e6 802017e6        0     1                 
802017e6 802017e6        0     1                 
802017e8 802017e8        0     1                 
802017f4 802017f4        0     1                 
802017fe 802017fe        0     1                 
802017fe 802017fe        0     1                 
80201800 80201800        0     1                 
80201804 80201804        0     1                 
8020180e 8020180e        0     1                 
8020180e 8020180e        0     1                 
80201810 80201810        0     1                 
8020181c 8020181c        0     1                 
80201826 80201826        0     1                 
80201826 80201826        0     1                 
80201828 80201828        0     1                 
8020182c 8020182c        0     1                 
80201836 80201836        0     1                 
8020183a 8020183a        0     1                 
8020183c 8020183c        0     1                 
8020183c 8020183c        0     1                 
80201862 80201862        0     1                 
8020186c 8020186c        0     1                 
8020186c 8020186c        0     1                 
8020186c 8020186c        0     1                 
8020186c 8020186c        0     1                 
8020186c 8020186c        0     1                 
8020186c 8020186c       62     1                 get_app_name
8020186e 8020186e        0     1                 
80201870 80201870        0     1                 
80201874 80201874        0     1                 
80201878 80201878        0     1                 
80201894 80201894        0     1                 
80201896 80201896        0     1                 
802018a4 802018a4        0     1                 
802018c8 802018c8        0     1                 
802018ce 802018ce        0     1                 
802018ce 802018ce        0     1                 
802018d0 802018d0      608     4         build/sockets.o:(.text)
802018d0 802018d0        0     1                 
802018d0 802018d0        0     1                 
802018d0 802018d0        0     1                 
802018d0 802018d0       4e     1                 read_rsocket
802018d2 802018d2        0     1                 
802018d4 802018d4        0     1                 
802018d8 802018d8        0     1                 
802018dc 802018dc        0     1                 
802018f6 802018f6        0     1                 
802018f8 802018f8        0     1                 
80201900 80201900        0     1                 
80201914 80201914        0     1                 
80201918 80201918        0     1                 
8020191e 8020191e        0     1                 
8020191e 8020191e        0     1                 
8020191e 8020191e        0     1                 
8020191e 8020191e        0     1                 
8020191e 8020191e        0     1                 
8020191e 8020191e       4c     1                 write_rsocket
80201920 80201920        0     1                 
80201922 80201922        0     1                 
80201926 80201926        0     1                 
8020192a 8020192a        0     1                 
80201944 80201944        0     1                 
80201946 80201946        0     1                 
80201954 80201954        0     1                 
80201960 80201960        0     1                 
80201964 80201964        0     1                 
8020196a 8020196a        0     1                 
8020196a 8020196a        0     1                 
8020196a 8020196a        0     1                 
8020196a 8020196a        0     1                 
8020196a 8020196a        0     1                 
8020196a 8020196a       7e     1                 read_socket
8020196c 8020196c        0     1                 
8020196e 8020196e        0     1                 
80201972 80201972        0     1                 
80201976 80201976        0     1                 
80201992 80201992        0     1                 
80201994 80201994        0     1                 
8020199a 8020199a        0     1                 
8020199e 8020199e        0     1                 
802019b8 802019b8        0     1                 
802019ba 802019ba        0     1                 
802019c2 802019c2        0     1                 
802019c6 802019c6        0     1                 
802019c8 802019c8        0     1                 
802019de 802019de        0     1                 
802019e2 802019e2        0     1                 
802019e8 802019e8        0     1                 
802019e8 802019e8        0     1                 
802019e8 802019e8        0     1                 
802019e8 802019e8        0     1                 
802019e8 802019e8        0     1                 
802019e8 802019e8       7c     1                 write_socket
802019ea 802019ea        0     1                 
802019ec 802019ec        0     1                 
802019f0 802019f0        0     1                 
802019f4 802019f4        0     1                 
80201a0e 80201a0e        0     1                 
80201a10 80201a10        0     1                 
80201a16 80201a16        0     1                 
80201a1a 80201a1a        0     1                 
80201a36 80201a36        0     1                 
80201a38 80201a38        0     1                 
80201a3c 80201a3c        0     1                 
80201a3e 80201a3e        0     1                 
80201a4a 80201a4a        0     1                 
80201a4c 80201a4c        0     1                 
80201a5a 80201a5a        0     1                 
80201a5e 80201a5e        0     1                 
80201a64 80201a64        0     1                 
80201a64 80201a64        0     1                 
80201a64 80201a64        0     1                 
80201a64 80201a64        0     1                 
80201a64 80201a64        0     1                 
80201a64 80201a64       60     1                 claim_rsocket
80201a66 80201a66        0     1                 
80201a68 80201a68        0     1                 
80201a6c 80201a6c        0     1                 
80201a70 80201a70        0     1                 
80201a8c 80201a8c        0     1                 
80201a8e 80201a8e        0     1                 
80201aa2 80201aa2        0     1                 
80201aa4 80201aa4        0     1                 
80201aa6 80201aa6        0     1                 
80201aae 80201aae        0     1                 
80201ab4 80201ab4        0     1                 
80201ab8 80201ab8        0     1                 
80201aba 80201aba        0     1                 
80201abe 80201abe        0     1                 
80201ac4 80201ac4        0     1                 
80201ac4 80201ac4        0     1                 
80201ac4 80201ac4        0     1                 
80201ac4 80201ac4        0     1                 
80201ac4 80201ac4        0     1                 
80201ac4 80201ac4       60     1                 claim_socket
80201ac6 80201ac6        0     1                 
80201ac8 80201ac8        0     1                 
80201acc 80201acc        0     1                 
80201ad0 80201ad0        0     1                 
80201aec 80201aec        0     1                 
80201aee 80201aee        0     1                 
80201b02 80201b02        0     1                 
80201b04 80201b04        0     1                 
80201b06 80201b06        0     1                 
80201b0e 80201b0e        0     1                 
80201b14 80201b14        0     1                 
80201b18 80201b18        0     1                 
80201b1a 80201b1a        0     1                 
80201b1e 80201b1e        0     1                 
80201b24 80201b24        0     1                 
80201b24 80201b24        0     1                 
80201b24 80201b24        0     1                 
80201b24 80201b24        0     1                 
80201b24 80201b24        0     1                 
80201b24 80201b24       42     1                 unclaim_rsocket
80201b26 80201b26        0     1                 
80201b28 80201b28        0     1                 
80201b2c 80201b2c        0     1                 
80201b30 80201b30        0     1                 
80201b4c 80201b4c        0     1                 
80201b4e 80201b4e        0     1                 
80201b5c 80201b5c        0     1                 
80201b60 80201b60        0     1                 
80201b66 80201b66        0     1                 
80201b66 80201b66        0     1                 
80201b66 80201b66        0     1                 
80201b66 80201b66        0     1                 
80201b66 80201b66        0     1                 
80201b66 80201b66       42     1                 unclaim_socket
80201b68 80201b68        0     1                 
80201b6a 80201b6a        0     1                 
80201b6e 80201b6e        0     1                 
80201b72 80201b72        0     1                 
80201b8e 80201b8e        0     1                 
80201b90 80201b90        0     1                 
80201b9e 80201b9e        0     1                 
80201ba2 80201ba2        0     1                 
80201ba8 80201ba8        0     1                 
80201ba8 80201ba8        0     1                 
80201ba8 80201ba8        0     1                 
80201ba8 80201ba8        0     1                 
80201ba8 80201ba8        0     1                 
80201ba8 80201ba8      13c     1                 find_free_rsocket
80201baa 80201baa        0     1                 
80201baa 80201baa        0     1                 
80201bac 80201bac        0     1                 
80201bb4 80201bb4        0     1                 
80201bb6 80201bb6        0     1                 
80201bb8 80201bb8        0     1                 
80201bb8 80201bb8        0     1                 
80201bbc 80201bbc        0     1                 
80201bc4 80201bc4        0     1                 
80201bca 80201bca        0     1                 
80201bce 80201bce        0     1                 
80201bd4 80201bd4        0     1                 
80201bd8 80201bd8        0     1                 
80201be0 80201be0        0     1                 
80201be6 80201be6        0     1                 
80201bea 80201bea        0     1                 
80201bf0 80201bf0        0     1                 
80201bf4 80201bf4        0     1                 
80201bfc 80201bfc        0     1                 
80201c02 80201c02        0     1                 
80201c06 80201c06        0     1                 
80201c0c 80201c0c        0     1                 
80201c10 80201c10        0     1                 
80201c18 80201c18        0     1                 
80201c1e 80201c1e        0     1                 
80201c22 80201c22        0     1                 
80201c28 80201c28        0     1                 
80201c2c 80201c2c        0     1                 
80201c30 80201c30        0     1                 
80201c36 80201c36        0     1                 
80201c3a 80201c3a        0     1                 
80201c3a 80201c3a        0     1                 
80201c58 80201c58        0     1                 
80201c5a 80201c5a        0     1                 
80201c5a 80201c5a        0     1                 
80201c5c 80201c5c        0     1                 
80201c64 80201c64        0     1                 
80201c68 80201c68        0     1                 
80201c6a 80201c6a        0     1                 
80201c6e 80201c6e        0     1                 
80201c70 80201c70        0     1                 
80201c78 80201c78        0     1                 
80201c7c 80201c7c        0     1                 
80201c7e 80201c7e        0     1                 
80201c82 80201c82        0     1                 
80201c84 80201c84        0     1                 
80201c8c 80201c8c        0     1                 
80201c90 80201c90        0     1                 
80201c92 80201c92        0     1                 
80201c96 80201c96        0     1                 
80201c98 80201c98        0     1                 
80201ca0 80201ca0        0     1                 
80201ca4 80201ca4        0     1                 
80201ca6 80201ca6        0     1                 
80201caa 80201caa        0     1                 
80201cac 80201cac        0     1                 
80201cb0 80201cb0        0     1                 
80201cb6 80201cb6        0     1                 
80201cb8 80201cb8        0     1                 
80201cb8 80201cb8        0     1                 
80201cbe 80201cbe        0     1                 
80201cc4 80201cc4        0     1                 
80201ce4 80201ce4        0     1                 
80201ce4 80201ce4        0     1                 
80201ce4 80201ce4        0     1                 
80201ce4 80201ce4        0     1                 
80201ce4 80201ce4        0     1                 
80201ce4 80201ce4      13c     1                 find_free_socket
80201ce6 80201ce6        0     1                 
80201ce6 80201ce6        0     1                 
80201ce8 80201ce8        0     1                 
80201cf0 80201cf0        0     1                 
80201cf2 80201cf2        0     1                 
80201cf4 80201cf4        0     1                 
80201cf4 80201cf4        0     1                 
80201cf8 80201cf8        0     1                 
80201d00 80201d00        0     1                 
80201d06 80201d06        0     1                 
80201d0a 80201d0a        0     1                 
80201d10 80201d10        0     1                 
80201d14 80201d14        0     1                 
80201d1c 80201d1c        0     1                 
80201d22 80201d22        0     1                 
80201d26 80201d26        0     1                 
80201d2c 80201d2c        0     1                 
80201d30 80201d30        0     1                 
80201d38 80201d38        0     1                 
80201d3e 80201d3e        0     1                 
80201d42 80201d42        0     1                 
80201d48 80201d48        0     1                 
80201d4c 80201d4c        0     1                 
80201d54 80201d54        0     1                 
80201d5a 80201d5a        0     1                 
80201d5e 80201d5e        0     1                 
80201d64 80201d64        0     1                 
80201d68 80201d68        0     1                 
80201d6c 80201d6c        0     1                 
80201d72 80201d72        0     1                 
80201d76 80201d76        0     1                 
80201d76 80201d76        0     1                 
80201d94 80201d94        0     1                 
80201d96 80201d96        0     1                 
80201d96 80201d96        0     1                 
80201d98 80201d98        0     1                 
80201da0 80201da0        0     1                 
80201da4 80201da4        0     1                 
80201da6 80201da6        0     1                 
80201daa 80201daa        0     1                 
80201dac 80201dac        0     1                 
80201db4 80201db4        0     1                 
80201db8 80201db8        0     1                 
80201dba 80201dba        0     1                 
80201dbe 80201dbe        0     1                 
80201dc0 80201dc0        0     1                 
80201dc8 80201dc8        0     1                 
80201dcc 80201dcc        0     1                 
80201dce 80201dce        0     1                 
80201dd2 80201dd2        0     1                 
80201dd4 80201dd4        0     1                 
80201ddc 80201ddc        0     1                 
80201de0 80201de0        0     1                 
80201de2 80201de2        0     1                 
80201de6 80201de6        0     1                 
80201de8 80201de8        0     1                 
80201dec 80201dec        0     1                 
80201df2 80201df2        0     1                 
80201df4 80201df4        0     1                 
80201df4 80201df4        0     1                 
80201dfa 80201dfa        0     1                 
80201e00 80201e00        0     1                 
80201e20 80201e20        0     1                 
80201e20 80201e20        0     1                 
80201e20 80201e20        0     1                 
80201e20 80201e20        0     1                 
80201e20 80201e20        0     1                 
80201e20 80201e20       5c     1                 info_rsocket
80201e22 80201e22        0     1                 
80201e24 80201e24        0     1                 
80201e28 80201e28        0     1                 
80201e2c 80201e2c        0     1                 
80201e48 80201e48        0     1                 
80201e4a 80201e4a        0     1                 
80201e58 80201e58        0     1                 
80201e5c 80201e5c        0     1                 
80201e60 80201e60        0     1                 
80201e62 80201e62        0     1                 
80201e66 80201e66        0     1                 
80201e68 80201e68        0     1                 
80201e6c 80201e6c        0     1                 
80201e6e 80201e6e        0     1                 
80201e72 80201e72        0     1                 
80201e74 80201e74        0     1                 
80201e76 80201e76        0     1                 
80201e7c 80201e7c        0     1                 
80201e7c 80201e7c        0     1                 
80201e7c 80201e7c        0     1                 
80201e7c 80201e7c        0     1                 
80201e7c 80201e7c        0     1                 
80201e7c 80201e7c       5c     1                 info_socket
80201e7e 80201e7e        0     1                 
80201e80 80201e80        0     1                 
80201e84 80201e84        0     1                 
80201e88 80201e88        0     1                 
80201ea4 80201ea4        0     1                 
80201ea6 80201ea6        0     1                 
80201eb4 80201eb4        0     1                 
80201eb8 80201eb8        0     1                 
80201ebc 80201ebc        0     1                 
80201ebe 80201ebe        0     1                 
80201ec2 80201ec2        0     1                 
80201ec4 80201ec4        0     1                 
80201ec8 80201ec8        0     1                 
80201eca 80201eca        0     1                 
80201ece 80201ece        0     1                 
80201ed0 80201ed0        0     1                 
80201ed2 80201ed2        0     1                 
80201ed8 80201ed8        0     1                 
80201ed8 80201ed8        0     1                 
80201ed8 80201ed8      a78     4 .rodata
80201ed8 80201ed8      971     1         <internal>:(.rodata)
8020284c 8020284c       58     4         build/print_k.o:(.rodata)
8020284c 8020284c        0     1                 .LJTI0_0
802028a4 802028a4       58     4         build/str.o:(.rodata)
802028a4 802028a4        0     1                 .LJTI2_0
802028fc 802028fc       54     4         build/trap_k.o:(.rodata)
802028fc 802028fc        0     1                 .LJTI0_0
80202950 80202950    22360     4 .data
80202950 80202950     8df0     1         bronx.o:(.data)
80202950 80202950        0     1                 _binary_bronx_bin_start
8020b740 8020b740        0     1                 _binary_bronx_bin_end
8020b740 8020b740     8220     1         init.o:(.data)
8020b740 8020b740        0     1                 _binary_init_bin_start
80213960 80213960        0     1                 _binary_init_bin_end
80213960 80213960     8980     1         test.o:(.data)
80213960 80213960        0     1                 _binary_test_bin_start
8021c2e0 8021c2e0        0     1                 _binary_test_bin_end
8021c2e0 8021c2e0     89d0     1         apps.o:(.data)
8021c2e0 8021c2e0        0     1                 _binary_apps_bin_start
80224cb0 80224cb0        0     1                 _binary_apps_bin_end
80224cb0 80224cb0     cc48     4 .bss
80224cb0 80224cb0        0     1         __bss = .
80224cb0 80224cb0        8     4         build/memory.o:(.sbss)
80224cb0 80224cb0        4     1                 nextfreepageframe
80224cb4 80224cb4        4     1                 free_list_head
80224cb8 80224cb8        8     4         build/pcb_k.o:(.sbss)
80224cb8 80224cb8        4     1                 currproc
80224cbc 80224cbc        4     1                 idleproc
80224cc0 80224cc0     a320     4         build/pcb_k.o:(.bss)
80224cc0 80224cc0     a320     1                 proclist
8022efe0 8022efe0       a0     4         build/app.o:(.bss)
8022efe0 8022efe0       a0     1                 app_list
8022f080 8022f080     2878     4         build/sockets.o:(.bss)
8022f080 8022f080       28     1                 rsockets
8022f0a8 8022f0a8       28     1                 rsocket_info
8022f0d0 8022f0d0     2800     1                 sockets
802318d0 802318d0       28     1                 socket_info
802318f8 802318f8        0     1         __bss_end = .
802318f8 802318f8        0     1 . = ALIGN ( 4 )
802318f8 802318f8    20000     1 . += 128 * 1024
802518f8 802518f8        0     1 __stack_top = .
802518f8 802518f8      708     1 . = ALIGN ( 4096 )
80252000 80252000        0     1 __free_ram_start = .
80252000 80252000  2000000     1 . += 32 * 1024 * 1024
82252000 82252000        0     1 __free_ram_end = .
       0        0      f20     1 .debug_abbrev
       0        0      115     1         build/main.o:(.debug_abbrev)
     115      115      104     1         build/print_k.o:(.debug_abbrev)
     219      219      15a     1         build/SBI.o:(.debug_abbrev)
     373      373       b9     1         build/mem.o:(.debug_abbrev)
     42c      42c      12c     1         build/str.o:(.debug_abbrev)
     558      558      113     1         build/oa.o:(.debug_abbrev)
     66b      66b      1b9     1         build/memory.o:(.debug_abbrev)
     824      824      1e7     1         build/trap_k.o:(.debug_abbrev)
     a0b      a0b      163     1         build/pcb_k.o:(.debug_abbrev)
     b6e      b6e      172     1         build/program_k.o:(.debug_abbrev)
     ce0      ce0      133     1         build/app.o:(.debug_abbrev)
     e13      e13      10d     1         build/sockets.o:(.debug_abbrev)
       0        0     1d6a     1 .debug_info
       0        0      1dd     1         build/main.o:(.debug_info)
     1dd      1dd      1e5     1         build/print_k.o:(.debug_info)
     3c2      3c2      242     1         build/SBI.o:(.debug_info)
     604      604       d9     1         build/mem.o:(.debug_info)
     6dd      6dd      1f5     1         build/str.o:(.debug_info)
     8d2      8d2      184     1         build/oa.o:(.debug_info)
     a56      a56      457     1         build/memory.o:(.debug_info)
     ead      ead      51c     1         build/trap_k.o:(.debug_info)
    13c9     13c9      29a     1         build/pcb_k.o:(.debug_info)
    1663     1663      1e8     1         build/program_k.o:(.debug_info)
    184b     184b      25a     1         build/app.o:(.debug_info)
    1aa5     1aa5      2c5     1         build/sockets.o:(.debug_info)
       0        0      1a8     1 .debug_rnglists
       0        0       18     1         build/main.o:(.debug_rnglists)
       c        c        0     1                 
      18       18       57     1         build/print_k.o:(.debug_rnglists)
      24       24        0     1                 
      6f       6f       66     1         build/str.o:(.debug_rnglists)
      7b       7b        0     1                 
      d5       d5       1b     1         build/oa.o:(.debug_rnglists)
      e1       e1        0     1                 
      f0       f0       33     1         build/memory.o:(.debug_rnglists)
      fc       fc        0     1                 
     123      123       4b     1         build/pcb_k.o:(.debug_rnglists)
     12f      12f        0     1                 
     16e      16e       20     1         build/program_k.o:(.debug_rnglists)
     17a      17a        0     1                 
     18e      18e       1a     1         build/app.o:(.debug_rnglists)
     19a      19a        0     1                 
       0        0      800     1 .debug_str_offsets
       0        0       88     1         build/main.o:(.debug_str_offsets)
       8        8        0     1                 
      88       88       68     1         build/print_k.o:(.debug_str_offsets)
      90       90        0     1                 
      f0       f0       8c     1         build/SBI.o:(.debug_str_offsets)
      f8       f8        0     1                 
     17c      17c       58     1         build/mem.o:(.debug_str_offsets)
     184      184        0     1                 
     1d4      1d4       88     1         build/str.o:(.debug_str_offsets)
     1dc      1dc        0     1                 
     25c      25c       50     1         build/oa.o:(.debug_str_offsets)
     264      264        0     1                 
     2ac      2ac       e0     1         build/memory.o:(.debug_str_offsets)
     2b4      2b4        0     1                 
     38c      38c      1c8     1         build/trap_k.o:(.debug_str_offsets)
     394      394        0     1                 
     554      554       d0     1         build/pcb_k.o:(.debug_str_offsets)
     55c      55c        0     1                 
     624      624       98     1         build/program_k.o:(.debug_str_offsets)
     62c      62c        0     1                 
     6bc      6bc       a8     1         build/app.o:(.debug_str_offsets)
     6c4      6c4        0     1                 
     764      764       9c     1         build/sockets.o:(.debug_str_offsets)
     76c      76c        0     1                 
       0        0      863     1 .debug_str
       0        0      863     1         <internal>:(.debug_str)
       0        0      3c8     1 .debug_addr
       0        0       68     1         build/main.o:(.debug_addr)
       8        8        0     1                 
      68       68       50     1         build/print_k.o:(.debug_addr)
      70       70        0     1                 
      b8       b8       20     1         build/SBI.o:(.debug_addr)
      c0       c0        0     1                 
      d8       d8       10     1         build/mem.o:(.debug_addr)
      e0       e0        0     1                 
      e8       e8       24     1         build/str.o:(.debug_addr)
      f0       f0        0     1                 
     10c      10c       20     1         build/oa.o:(.debug_addr)
     114      114        0     1                 
     12c      12c       88     1         build/memory.o:(.debug_addr)
     134      134        0     1                 
     1b4      1b4       90     1         build/trap_k.o:(.debug_addr)
     1bc      1bc        0     1                 
     244      244       5c     1         build/pcb_k.o:(.debug_addr)
     24c      24c        0     1                 
     2a0      2a0       3c     1         build/program_k.o:(.debug_addr)
     2a8      2a8        0     1                 
     2dc      2dc       5c     1         build/app.o:(.debug_addr)
     2e4      2e4        0     1                 
     338      338       90     1         build/sockets.o:(.debug_addr)
     340      340        0     1                 
       0        0       42     1 .comment
       0        0       42     1         <internal>:(.comment)
       0        0       2b     1 .riscv.attributes
       0        0       2b     1         build/main.o:(.riscv.attributes)
       0        0      520     4 .debug_frame
       0        0       54     4         build/main.o:(.debug_frame)
       0        0        0     1                 
      54       54       44     4         build/print_k.o:(.debug_frame)
      54       54        0     1                 
      98       98       4c     4         build/SBI.o:(.debug_frame)
      98       98        0     1                 
      e4       e4       34     4         build/mem.o:(.debug_frame)
      e4       e4        0     1                 
     118      118       64     4         build/str.o:(.debug_frame)
     118      118        0     1                 
     17c      17c       3c     4         build/oa.o:(.debug_frame)
     17c      17c        0     1                 
     1b8      1b8       94     4         build/memory.o:(.debug_frame)
     1b8      1b8        0     1                 
     24c      24c       54     4         build/trap_k.o:(.debug_frame)
     24c      24c        0     1                 
     2a0      2a0       6c     4         build/pcb_k.o:(.debug_frame)
     2a0      2a0        0     1                 
     30c      30c       68     4         build/program_k.o:(.debug_frame)
     30c      30c        0     1                 
     374      374       78     4         build/app.o:(.debug_frame)
     374      374        0     1                 
     3ec      3ec      134     4         build/sockets.o:(.debug_frame)
     3ec      3ec        0     1                 
       0        0     26fd     1 .debug_line
       0        0      1d9     1         build/main.o:(.debug_line)
       0        0        0     1                 .Lline_table_start0
     1d9      1d9      2d0     1         build/print_k.o:(.debug_line)
     1d9      1d9        0     1                 .Lline_table_start0
     4a9      4a9      11a     1         build/SBI.o:(.debug_line)
     4a9      4a9        0     1                 .Lline_table_start0
     5c3      5c3       f6     1         build/mem.o:(.debug_line)
     5c3      5c3        0     1                 .Lline_table_start0
     6b9      6b9      3f0     1         build/str.o:(.debug_line)
     6b9      6b9        0     1                 .Lline_table_start0
     aa9      aa9      25a     1         build/oa.o:(.debug_line)
     aa9      aa9        0     1                 .Lline_table_start0
     d03      d03      4fa     1         build/memory.o:(.debug_line)
     d03      d03        0     1                 .Lline_table_start0
    11fd     11fd      3bc     1         build/trap_k.o:(.debug_line)
    11fd     11fd        0     1                 .Lline_table_start0
    15b9     15b9      348     1         build/pcb_k.o:(.debug_line)
    15b9     15b9        0     1                 .Lline_table_start0
    1901     1901      2cd     1         build/program_k.o:(.debug_line)
    1901     1901        0     1                 .Lline_table_start0
    1bce     1bce      38c     1         build/app.o:(.debug_line)
    1bce     1bce        0     1                 .Lline_table_start0
    1f5a     1f5a      7a3     1         build/sockets.o:(.debug_line)
    1f5a     1f5a        0     1                 .Lline_table_start0
       0        0       e8     1 .debug_line_str
       0        0       e8     1         <internal>:(.debug_line_str)
       0        0     153e     1 .debug_loclists
       0        0      115     1         build/print_k.o:(.debug_loclists)
       c        c        0     1                 
     115      115       9f     1         build/SBI.o:(.debug_loclists)
     121      121        0     1                 
     1b4      1b4       66     1         build/mem.o:(.debug_loclists)
     1c0      1c0        0     1                 
     21a      21a      1a1     1         build/str.o:(.debug_loclists)
     226      226        0     1                 
     3bb      3bb      19a     1         build/oa.o:(.debug_loclists)
     3c7      3c7        0     1                 
     555      555      367     1         build/memory.o:(.debug_loclists)
     561      561        0     1                 
     8bc      8bc      21c     1         build/trap_k.o:(.debug_loclists)
     8c8      8c8        0     1                 
     ad8      ad8      1ff     1         build/pcb_k.o:(.debug_loclists)
     ae4      ae4        0     1                 
     cd7      cd7       ee     1         build/program_k.o:(.debug_loclists)
     ce3      ce3        0     1                 
     dc5      dc5      44c     1         build/app.o:(.debug_loclists)
     dd1      dd1        0     1                 
    1211     1211      32d     1         build/sockets.o:(.debug_loclists)
    121d     121d        0     1                 
       0        0     82a0     4 .symtab
       0        0     82a0     4         <internal>:(.symtab)
       0        0       dc     1 .shstrtab
       0        0       dc     1         <internal>:(.shstrtab)
       0        0      666     1 .strtab
       0        0      666     1         <internal>:(.strtab)
