     VMA      LMA     Size Align Out     In      Symbol
       0        0 80200000     1 . = 0x80200000
80200000        0        0     1 __kernel_base = .
80200000 80200000     21b0     4 .text
80200000 80200000        e     2         build/main.o:(.text.boot)
80200000 80200000        0     1                 
80200000 80200000        0     1                 
80200000 80200000        0     1                 
80200000 80200000        0     1                 
80200000 80200000        e     1                 boot
8020000e 8020000e        0     1                 
8020000e 8020000e        0     1                 
80200010 80200010      19a     4         build/main.o:(.text)
80200010 80200010        0     1                 
80200010 80200010        0     1                 
80200010 80200010        0     1                 
80200010 80200010       d8     1                 kernel_bootstrap
80200012 80200012        0     1                 
80200012 80200012        0     1                 
80200014 80200014        0     1                 
80200024 80200024        0     1                 
80200024 80200024        0     1                 
80200034 80200034        0     1                 
80200034 80200034        0     1                 
80200052 80200052        0     1                 
80200052 80200052        0     1                 
80200062 80200062        0     1                 
80200062 80200062        0     1                 
8020006e 8020006e        0     1                 
8020007e 8020007e        0     1                 
8020007e 8020007e        0     1                 
80200086 80200086        0     1                 
80200086 80200086        0     1                 
802000a6 802000a6        0     1                 
802000a6 802000a6        0     1                 
802000b6 802000b6        0     1                 
802000b6 802000b6        0     1                 
802000c2 802000c2        0     1                 
802000c2 802000c2        0     1                 
802000ca 802000ca        0     1                 
802000ce 802000ce        0     1                 
802000d6 802000d6        0     1                 
802000da 802000da        0     1                 
802000e0 802000e0        0     1                 
802000e8 802000e8        0     1                 
802000e8 802000e8        0     1                 
802000e8 802000e8        0     1                 
802000e8 802000e8        0     1                 
802000e8 802000e8        0     1                 
802000e8 802000e8       c2     1                 kernel_main
802000ea 802000ea        0     1                 
802000ea 802000ea        0     1                 
802000ec 802000ec        0     1                 
802000f4 802000f4        0     1                 
802000f4 802000f4        0     1                 
80200114 80200114        0     1                 
80200114 80200114        0     1                 
8020011c 8020011c        0     1                 
8020011c 8020011c        0     1                 
8020013c 8020013c        0     1                 
8020013c 8020013c        0     1                 
8020015c 8020015c        0     1                 
8020015c 8020015c        0     1                 
8020017c 8020017c        0     1                 
8020017c 8020017c        0     1                 
80200184 80200184        0     1                 
80200184 80200184        0     1                 
802001a8 802001a8        0     1                 
802001aa 802001aa        0     1                 
802001aa 802001aa        0     1                 
802001ac 802001ac      2ec     4         build/print_k.o:(.text)
802001ac 802001ac        0     1                 
802001ac 802001ac        0     1                 
802001ac 802001ac        0     1                 
802001ac 802001ac      2ec     1                 k_printf
802001ae 802001ae        0     1                 
802001c8 802001c8        0     1                 
802001e4 802001e4        0     1                 
80200202 80200202        0     1                 
80200222 80200222        0     1                 
80200226 80200226        0     1                 
8020022e 8020022e        0     1                 
80200236 80200236        0     1                 
80200236 80200236        0     1                 
80200238 80200238        0     1                 
80200240 80200240        0     1                 
80200244 80200244        0     1                 
8020024c 8020024c        0     1                 
80200256 80200256        0     1                 .LBB0_6
80200256 80200256        0     1                 
80200256 80200256        0     1                 
80200276 80200276        0     1                 
80200276 80200276        0     1                 
8020027a 8020027a        0     1                 .LBB0_9
8020027a 8020027a        0     1                 
80200286 80200286        0     1                 
80200286 80200286        0     1                 
8020028c 8020028c        0     1                 .LBB0_10
8020028c 8020028c        0     1                 
802002a0 802002a0        0     1                 .LBB0_12
802002a0 802002a0        0     1                 
802002ac 802002ac        0     1                 
802002ac 802002ac        0     1                 
802002b8 802002b8        0     1                 
802002b8 802002b8        0     1                 
802002d4 802002d4        0     1                 .LBB0_14
802002d4 802002d4        0     1                 
802002f0 802002f0        0     1                 
802002f2 802002f2        0     1                 
802002f6 802002f6        0     1                 .LBB0_16
802002f6 802002f6        0     1                 
8020030e 8020030e        0     1                 .LBB0_18
8020030e 8020030e        0     1                 
8020032a 8020032a        0     1                 
80200338 80200338        0     1                 
8020033c 8020033c        0     1                 
80200348 80200348        0     1                 
80200348 80200348        0     1                 
8020034c 8020034c        0     1                 
80200356 80200356        0     1                 
8020035a 8020035a        0     1                 
8020035c 8020035c        0     1                 
80200368 80200368        0     1                 
80200368 80200368        0     1                 
8020036c 8020036c        0     1                 
80200370 80200370        0     1                 
80200370 80200370        0     1                 
8020037e 8020037e        0     1                 
8020038a 8020038a        0     1                 
8020038a 8020038a        0     1                 
8020038e 8020038e        0     1                 
80200392 80200392        0     1                 
80200396 80200396        0     1                 
80200398 80200398        0     1                 
802003a4 802003a4        0     1                 
802003a4 802003a4        0     1                 
802003a8 802003a8        0     1                 
802003ac 802003ac        0     1                 
802003ac 802003ac        0     1                 
802003b6 802003b6        0     1                 
802003b8 802003b8        0     1                 
802003ba 802003ba        0     1                 
802003c0 802003c0        0     1                 
802003c8 802003c8        0     1                 
802003d4 802003d4        0     1                 
802003d4 802003d4        0     1                 
802003d8 802003d8        0     1                 
802003dc 802003dc        0     1                 
802003e4 802003e4        0     1                 
802003f0 802003f0        0     1                 
802003f0 802003f0        0     1                 
802003f4 802003f4        0     1                 
802003fc 802003fc        0     1                 
80200400 80200400        0     1                 
80200402 80200402        0     1                 
8020040e 8020040e        0     1                 
8020040e 8020040e        0     1                 
80200412 80200412        0     1                 
80200416 80200416        0     1                 
80200416 80200416        0     1                 
80200422 80200422        0     1                 
8020042e 8020042e        0     1                 
8020042e 8020042e        0     1                 
8020043a 8020043a        0     1                 
8020043a 8020043a        0     1                 
80200448 80200448        0     1                 
80200448 80200448        0     1                 
8020044c 8020044c        0     1                 
80200452 80200452        0     1                 
80200456 80200456        0     1                 
80200458 80200458        0     1                 
80200464 80200464        0     1                 
80200464 80200464        0     1                 
80200468 80200468        0     1                 
8020046c 8020046c        0     1                 
8020046c 8020046c        0     1                 
8020047a 8020047a        0     1                 
80200498 80200498        0     1                 
80200498 80200498        0     1                 
80200498 80200498       f0     4         build/SBI.o:(.text)
80200498 80200498        0     1                 
80200498 80200498        0     1                 
80200498 80200498        0     1                 
80200498 80200498        0     1                 
80200498 80200498        6     1                 sbi_call
8020049c 8020049c        0     1                 
8020049e 8020049e        0     1                 
8020049e 8020049e        0     1                 
8020049e 8020049e        0     1                 
8020049e 8020049e        0     1                 
8020049e 8020049e        0     1                 
8020049e 8020049e        0     1                 
8020049e 8020049e       14     1                 k_putchar
802004b0 802004b0        0     1                 
802004b0 802004b0        0     1                 
802004b2 802004b2        0     1                 
802004b2 802004b2        0     1                 
802004b2 802004b2        0     1                 
802004b2 802004b2        0     1                 
802004b2 802004b2        0     1                 
802004b2 802004b2       80     1                 k_readchar
802004b4 802004b4        0     1                 
802004b4 802004b4        0     1                 
802004b4 802004b4        0     1                 
802004b6 802004b6        0     1                 
802004b6 802004b6        0     1                 
802004ca 802004ca        0     1                 
802004ca 802004ca        0     1                 
802004ce 802004ce        0     1                 
802004d0 802004d0        0     1                 
802004d4 802004d4        0     1                 
802004d4 802004d4        0     1                 
802004e6 802004e6        0     1                 
802004e6 802004e6        0     1                 
802004ee 802004ee        0     1                 
802004ee 802004ee        0     1                 
80200500 80200500        0     1                 
80200500 80200500        0     1                 
80200524 80200524        0     1                 
80200526 80200526        0     1                 
80200526 80200526        0     1                 
80200528 80200528        0     1                 
80200532 80200532        0     1                 
80200532 80200532        0     1                 
80200532 80200532        0     1                 
80200532 80200532        0     1                 
80200532 80200532        0     1                 
80200532 80200532       56     1                 exit
80200534 80200534        0     1                 
80200536 80200536        0     1                 
80200538 80200538        0     1                 
80200548 80200548        0     1                 
80200548 80200548        0     1                 
80200550 80200550        0     1                 
80200550 80200550        0     1                 
80200562 80200562        0     1                 
80200562 80200562        0     1                 
80200586 80200586        0     1                 
80200588 80200588        0     1                 
80200588 80200588        0     1                 
80200588 80200588       28     4         build/mem.o:(.text)
80200588 80200588        0     1                 
80200588 80200588        0     1                 
80200588 80200588        0     1                 
80200588 80200588        0     1                 
80200588 80200588       14     1                 memset
8020058a 8020058a        0     1                 
8020058c 8020058c        0     1                 
8020058e 8020058e        0     1                 
80200592 80200592        0     1                 
80200596 80200596        0     1                 
80200598 80200598        0     1                 
8020059a 8020059a        0     1                 
8020059c 8020059c        0     1                 
8020059c 8020059c        0     1                 
8020059c 8020059c        0     1                 
8020059c 8020059c        0     1                 
8020059c 8020059c        0     1                 
8020059c 8020059c        0     1                 
8020059c 8020059c       14     1                 k_memcpy
8020059e 8020059e        0     1                 
802005a2 802005a2        0     1                 
802005a6 802005a6        0     1                 
802005a8 802005a8        0     1                 
802005aa 802005aa        0     1                 
802005ac 802005ac        0     1                 
802005ae 802005ae        0     1                 
802005ae 802005ae        0     1                 
802005b0 802005b0        0     1                 
802005b0 802005b0        0     1                 
802005b0 802005b0      29e     4         build/str.o:(.text)
802005b0 802005b0        0     1                 
802005b0 802005b0        0     1                 
802005b0 802005b0        0     1                 
802005b0 802005b0        0     1                 
802005b0 802005b0       28     1                 k_strncpy
802005b2 802005b2        0     1                 
802005b4 802005b4        0     1                 
802005bc 802005bc        0     1                 
802005be 802005be        0     1                 
802005c2 802005c2        0     1                 
802005c4 802005c4        0     1                 
802005c8 802005c8        0     1                 
802005cc 802005cc        0     1                 
802005d0 802005d0        0     1                 
802005d6 802005d6        0     1                 
802005d8 802005d8        0     1                 
802005d8 802005d8        0     1                 
802005d8 802005d8        0     1                 
802005d8 802005d8        0     1                 
802005d8 802005d8        0     1                 
802005d8 802005d8        0     1                 
802005d8 802005d8       2e     1                 k_strcmp
802005dc 802005dc        0     1                 
802005de 802005de        0     1                 
802005e0 802005e0        0     1                 
802005e4 802005e4        0     1                 
802005e6 802005e6        0     1                 
802005ea 802005ea        0     1                 
802005ee 802005ee        0     1                 
802005f2 802005f2        0     1                 
802005f4 802005f4        0     1                 
802005f8 802005f8        0     1                 
802005fa 802005fa        0     1                 
802005fe 802005fe        0     1                 
80200602 80200602        0     1                 
80200604 80200604        0     1                 
80200606 80200606        0     1                 
80200606 80200606        0     1                 
80200606 80200606        0     1                 
80200606 80200606        0     1                 
80200606 80200606        0     1                 
80200606 80200606      248     1                 k_sprintf
80200608 80200608        0     1                 
80200620 80200620        0     1                 
80200630 80200630        0     1                 
8020064e 8020064e        0     1                 
80200650 80200650        0     1                 
8020067a 8020067a        0     1                 
8020067c 8020067c        0     1                 
80200680 80200680        0     1                 
80200688 80200688        0     1                 
8020068e 8020068e        0     1                 
80200692 80200692        0     1                 
80200696 80200696        0     1                 
8020069e 8020069e        0     1                 
802006a8 802006a8        0     1                 .LBB2_7
802006a8 802006a8        0     1                 
802006bc 802006bc        0     1                 
802006c0 802006c0        0     1                 
802006c6 802006c6        0     1                 .LBB2_11
802006c6 802006c6        0     1                 
802006ca 802006ca        0     1                 
802006d4 802006d4        0     1                 
802006da 802006da        0     1                 .LBB2_12
802006da 802006da        0     1                 
802006ee 802006ee        0     1                 .LBB2_14
802006ee 802006ee        0     1                 
802006f6 802006f6        0     1                 
8020070a 8020070a        0     1                 .LBB2_16
8020070a 8020070a        0     1                 
8020071c 8020071c        0     1                 
8020071e 8020071e        0     1                 
80200722 80200722        0     1                 .LBB2_18
80200722 80200722        0     1                 
80200736 80200736        0     1                 .LBB2_20
80200736 80200736        0     1                 
8020074a 8020074a        0     1                 
8020074c 8020074c        0     1                 
80200750 80200750        0     1                 
8020075a 8020075a        0     1                 
80200766 80200766        0     1                 
80200766 80200766        0     1                 
8020076c 8020076c        0     1                 
8020076e 8020076e        0     1                 
80200770 80200770        0     1                 
80200774 80200774        0     1                 
80200778 80200778        0     1                 
8020077a 8020077a        0     1                 
80200780 80200780        0     1                 
80200780 80200780        0     1                 
80200784 80200784        0     1                 
80200790 80200790        0     1                 
80200790 80200790        0     1                 
80200796 80200796        0     1                 
8020079a 8020079a        0     1                 
8020079c 8020079c        0     1                 
802007a0 802007a0        0     1                 
802007a4 802007a4        0     1                 
802007a6 802007a6        0     1                 
802007ac 802007ac        0     1                 
802007ac 802007ac        0     1                 
802007b0 802007b0        0     1                 
802007b2 802007b2        0     1                 
802007b4 802007b4        0     1                 
802007ba 802007ba        0     1                 
802007c0 802007c0        0     1                 
802007c4 802007c4        0     1                 
802007c8 802007c8        0     1                 
802007ca 802007ca        0     1                 
802007d0 802007d0        0     1                 
802007d2 802007d2        0     1                 
802007de 802007de        0     1                 
802007de 802007de        0     1                 
802007e4 802007e4        0     1                 
802007e8 802007e8        0     1                 
802007ea 802007ea        0     1                 
802007ee 802007ee        0     1                 
802007f2 802007f2        0     1                 
802007f4 802007f4        0     1                 
802007fa 802007fa        0     1                 
802007fa 802007fa        0     1                 
802007fc 802007fc        0     1                 
80200806 80200806        0     1                 
80200812 80200812        0     1                 
80200812 80200812        0     1                 
80200818 80200818        0     1                 
8020081c 8020081c        0     1                 
8020081e 8020081e        0     1                 
80200822 80200822        0     1                 
80200826 80200826        0     1                 
80200828 80200828        0     1                 
8020082e 8020082e        0     1                 
8020082e 8020082e        0     1                 
80200832 80200832        0     1                 
8020084e 8020084e        0     1                 
8020084e 8020084e        0     1                 
80200850 80200850      176     4         build/oa.o:(.text)
80200850 80200850        0     1                 
80200850 80200850        0     1                 
80200850 80200850        0     1                 
80200850 80200850       7a     1                 utoa
80200852 80200852        0     1                 
80200852 80200852        0     1                 
80200854 80200854        0     1                 
8020085c 8020085c        0     1                 
8020085e 8020085e        0     1                 
80200862 80200862        0     1                 
80200868 80200868        0     1                 
8020086a 8020086a        0     1                 
8020086e 8020086e        0     1                 
80200870 80200870        0     1                 
8020087c 8020087c        0     1                 
8020088a 8020088a        0     1                 
8020088a 8020088a        0     1                 
8020089c 8020089c        0     1                 
802008a4 802008a4        0     1                 
802008a8 802008a8        0     1                 
802008ae 802008ae        0     1                 
802008b4 802008b4        0     1                 
802008b4 802008b4        0     1                 
802008b8 802008b8        0     1                 
802008be 802008be        0     1                 
802008c6 802008c6        0     1                 
802008ca 802008ca        0     1                 
802008ca 802008ca        0     1                 
802008ca 802008ca        0     1                 
802008ca 802008ca        0     1                 
802008ca 802008ca        0     1                 
802008ca 802008ca       fc     1                 itoa
802008cc 802008cc        0     1                 
802008ce 802008ce        0     1                 
802008da 802008da        0     1                 
802008de 802008de        0     1                 
802008e4 802008e4        0     1                 
802008e8 802008e8        0     1                 
802008f0 802008f0        0     1                 
802008fa 802008fa        0     1                 
80200900 80200900        0     1                 
80200908 80200908        0     1                 
8020090c 8020090c        0     1                 
80200910 80200910        0     1                 
80200912 80200912        0     1                 
80200916 80200916        0     1                 
8020091a 8020091a        0     1                 
8020091e 8020091e        0     1                 
8020091e 8020091e        0     1                 
8020092c 8020092c        0     1                 
8020092e 8020092e        0     1                 
80200936 80200936        0     1                 
8020093a 8020093a        0     1                 
80200940 80200940        0     1                 
80200944 80200944        0     1                 
80200944 80200944        0     1                 
8020094a 8020094a        0     1                 
8020094a 8020094a        0     1                 
8020094c 8020094c        0     1                 
80200954 80200954        0     1                 
80200956 80200956        0     1                 
8020095a 8020095a        0     1                 
80200960 80200960        0     1                 
80200962 80200962        0     1                 
80200966 80200966        0     1                 
80200968 80200968        0     1                 
80200974 80200974        0     1                 
80200982 80200982        0     1                 
80200982 80200982        0     1                 
80200994 80200994        0     1                 
8020099c 8020099c        0     1                 
802009a0 802009a0        0     1                 
802009a6 802009a6        0     1                 
802009ac 802009ac        0     1                 
802009ac 802009ac        0     1                 
802009b0 802009b0        0     1                 
802009b8 802009b8        0     1                 
802009be 802009be        0     1                 
802009c2 802009c2        0     1                 
802009c6 802009c6        0     1                 
802009c6 802009c6        0     1                 
802009c8 802009c8      400     4         build/memory.o:(.text)
802009c8 802009c8        0     1                 
802009c8 802009c8        0     1                 
802009c8 802009c8        0     1                 
802009c8 802009c8        0     1                 
802009c8 802009c8       1a     1                 init_memory
802009d8 802009d8        0     1                 
802009e0 802009e0        0     1                 
802009e2 802009e2        0     1                 
802009e2 802009e2        0     1                 
802009e2 802009e2        0     1                 
802009e2 802009e2        0     1                 
802009e2 802009e2        0     1                 
802009e2 802009e2       ec     1                 pageframalloc
802009e4 802009e4        0     1                 
802009e4 802009e4        0     1                 
802009ea 802009ea        0     1                 
802009ec 802009ec        0     1                 
802009f4 802009f4        0     1                 
80200a00 80200a00        0     1                 
80200a04 80200a04        0     1                 
80200a04 80200a04        0     1                 
80200a06 80200a06        0     1                 
80200a0a 80200a0a        0     1                 
80200a0e 80200a0e        0     1                 
80200a0e 80200a0e        0     1                 
80200a14 80200a14        0     1                 
80200a18 80200a18        0     1                 
80200a1c 80200a1c        0     1                 
80200a22 80200a22        0     1                 
80200a2c 80200a2c        0     1                 
80200a2e 80200a2e        0     1                 
80200a32 80200a32        0     1                 
80200a34 80200a34        0     1                 
80200a38 80200a38        0     1                 
80200a3a 80200a3a        0     1                 
80200a3e 80200a3e        0     1                 
80200a46 80200a46        0     1                 
80200a48 80200a48        0     1                 
80200a50 80200a50        0     1                 
80200a54 80200a54        0     1                 
80200a56 80200a56        0     1                 
80200a5a 80200a5a        0     1                 
80200a5c 80200a5c        0     1                 
80200a64 80200a64        0     1                 
80200a68 80200a68        0     1                 
80200a6c 80200a6c        0     1                 
80200a74 80200a74        0     1                 
80200a78 80200a78        0     1                 
80200a7c 80200a7c        0     1                 
80200aa0 80200aa0        0     1                 
80200aa2 80200aa2        0     1                 
80200aa6 80200aa6        0     1                 
80200ab2 80200ab2        0     1                 
80200ab6 80200ab6        0     1                 
80200ac2 80200ac2        0     1                 
80200ac2 80200ac2        0     1                 
80200ace 80200ace        0     1                 
80200ace 80200ace        0     1                 
80200ace 80200ace        0     1                 
80200ace 80200ace        0     1                 
80200ace 80200ace        0     1                 
80200ace 80200ace       56     1                 pageframfree
80200ad0 80200ad0        0     1                 
80200ad2 80200ad2        0     1                 
80200ad4 80200ad4        0     1                 
80200adc 80200adc        0     1                 
80200ae0 80200ae0        0     1                 
80200ae6 80200ae6        0     1                 
80200ae8 80200ae8        0     1                 
80200b04 80200b04        0     1                 
80200b06 80200b06        0     1                 
80200b06 80200b06        0     1                 
80200b10 80200b10        0     1                 
80200b12 80200b12        0     1                 
80200b14 80200b14        0     1                 
80200b18 80200b18        0     1                 
80200b18 80200b18        0     1                 
80200b1c 80200b1c        0     1                 
80200b1e 80200b1e        0     1                 
80200b1e 80200b1e        0     1                 
80200b24 80200b24        0     1                 
80200b24 80200b24        0     1                 
80200b24 80200b24        0     1                 
80200b24 80200b24        0     1                 
80200b24 80200b24        0     1                 
80200b24 80200b24      1a0     1                 add_ptbl_entry
80200b26 80200b26        0     1                 
80200b34 80200b34        0     1                 
80200b3c 80200b3c        0     1                 
80200b44 80200b44        0     1                 
80200b54 80200b54        0     1                 
80200b54 80200b54        0     1                 
80200b66 80200b66        0     1                 
80200b66 80200b66        0     1                 
80200b76 80200b76        0     1                 
80200b76 80200b76        0     1                 
80200b86 80200b86        0     1                 
80200b86 80200b86        0     1                 
80200baa 80200baa        0     1                 
80200bac 80200bac        0     1                 
80200bb0 80200bb0        0     1                 
80200bb4 80200bb4        0     1                 
80200bb6 80200bb6        0     1                 
80200bba 80200bba        0     1                 
80200bbe 80200bbe        0     1                 
80200bc2 80200bc2        0     1                 
80200bc4 80200bc4        0     1                 
80200bcc 80200bcc        0     1                 
80200bcc 80200bcc        0     1                 
80200bd0 80200bd0        0     1                 
80200bd0 80200bd0        0     1                 
80200bd4 80200bd4        0     1                 
80200bda 80200bda        0     1                 
80200bda 80200bda        0     1                 
80200be2 80200be2        0     1                 
80200be4 80200be4        0     1                 
80200be6 80200be6        0     1                 
80200bee 80200bee        0     1                 
80200bf2 80200bf2        0     1                 
80200bf6 80200bf6        0     1                 
80200c1a 80200c1a        0     1                 
80200c1c 80200c1c        0     1                 
80200c2a 80200c2a        0     1                 
80200c2e 80200c2e        0     1                 
80200c2e 80200c2e        0     1                 
80200c32 80200c32        0     1                 
80200c34 80200c34        0     1                 
80200c58 80200c58        0     1                 
80200c5a 80200c5a        0     1                 
80200c7e 80200c7e        0     1                 
80200c80 80200c80        0     1                 
80200c88 80200c88        0     1                 
80200c8c 80200c8c        0     1                 
80200c90 80200c90        0     1                 
80200c90 80200c90        0     1                 
80200c94 80200c94        0     1                 
80200ca0 80200ca0        0     1                 
80200ca8 80200ca8        0     1                 
80200cb0 80200cb0        0     1                 
80200cb2 80200cb2        0     1                 
80200cc4 80200cc4        0     1                 
80200cc4 80200cc4        0     1                 
80200cc4 80200cc4        0     1                 
80200cc4 80200cc4        0     1                 
80200cc4 80200cc4        0     1                 
80200cc4 80200cc4      104     1                 free_proc_pages
80200cc6 80200cc6        0     1                 
80200cc6 80200cc6        0     1                 
80200cc8 80200cc8        0     1                 
80200cca 80200cca        0     1                 
80200cee 80200cee        0     1                 
80200cee 80200cee        0     1                 
80200cf0 80200cf0        0     1                 
80200cf4 80200cf4        0     1                 
80200cf4 80200cf4        0     1                 
80200cfc 80200cfc        0     1                 
80200d00 80200d00        0     1                 
80200d02 80200d02        0     1                 
80200d08 80200d08        0     1                 
80200d10 80200d10        0     1                 
80200d10 80200d10        0     1                 
80200d14 80200d14        0     1                 
80200d16 80200d16        0     1                 
80200d16 80200d16        0     1                 
80200d18 80200d18        0     1                 
80200d20 80200d20        0     1                 
80200d24 80200d24        0     1                 
80200d30 80200d30        0     1                 
80200d3a 80200d3a        0     1                 
80200d3a 80200d3a        0     1                 
80200d3e 80200d3e        0     1                 
80200d40 80200d40        0     1                 
80200d44 80200d44        0     1                 
80200d46 80200d46        0     1                 
80200d46 80200d46        0     1                 
80200d52 80200d52        0     1                 
80200d5c 80200d5c        0     1                 
80200d5c 80200d5c        0     1                 
80200d60 80200d60        0     1                 
80200d64 80200d64        0     1                 
80200d68 80200d68        0     1                 
80200d6a 80200d6a        0     1                 
80200d6a 80200d6a        0     1                 
80200d86 80200d86        0     1                 
80200d8a 80200d8a        0     1                 
80200d8a 80200d8a        0     1                 
80200d90 80200d90        0     1                 
80200d92 80200d92        0     1                 
80200db0 80200db0        0     1                 
80200db2 80200db2        0     1                 
80200db2 80200db2        0     1                 
80200dba 80200dba        0     1                 
80200dbe 80200dbe        0     1                 
80200dc2 80200dc2        0     1                 
80200dc2 80200dc2        0     1                 
80200dc8 80200dc8        0     1                 
80200dc8 80200dc8        0     1                 
80200dc8 80200dc8      3e4     4         build/trap_k.o:(.text)
80200dc8 80200dc8        0     1                 
80200dc8 80200dc8        0     1                 
80200dc8 80200dc8        0     1                 
80200dc8 80200dc8      2de     1                 handle_syscall
80200dca 80200dca        0     1                 
80200dce 80200dce        0     1                 
80200dd0 80200dd0        0     1                 
80200dee 80200dee        0     1                 
80200df8 80200df8        0     1                 
80200e4a 80200e4a        0     1                 .LBB0_2
80200e4a 80200e4a        0     1                 
80200e56 80200e56        0     1                 
80200e56 80200e56        0     1                 
80200e68 80200e68        0     1                 .LBB0_3
80200e68 80200e68        0     1                 
80200e70 80200e70        0     1                 
80200e70 80200e70        0     1                 
80200e7e 80200e7e        0     1                 .LBB0_4
80200e7e 80200e7e        0     1                 
80200e88 80200e88        0     1                 
80200e8a 80200e8a        0     1                 .LBB0_5
80200e8a 80200e8a        0     1                 
80200e94 80200e94        0     1                 
80200e98 80200e98        0     1                 .LBB0_7
80200ea0 80200ea0        0     1                 
80200ea4 80200ea4        0     1                 
80200ea6 80200ea6        0     1                 
80200eaa 80200eaa        0     1                 
80200eb2 80200eb2        0     1                 
80200eb2 80200eb2        0     1                 
80200eb6 80200eb6        0     1                 
80200eba 80200eba        0     1                 
80200ec0 80200ec0        0     1                 
80200ec8 80200ec8        0     1                 .LBB0_11
80200ec8 80200ec8        0     1                 
80200ed2 80200ed2        0     1                 
80200ed2 80200ed2        0     1                 
80200ed4 80200ed4        0     1                 .LBB0_12
80200ed4 80200ed4        0     1                 
80200ede 80200ede        0     1                 
80200ede 80200ede        0     1                 
80200ee0 80200ee0        0     1                 .LBB0_13
80200ee0 80200ee0        0     1                 
80200eea 80200eea        0     1                 
80200ef2 80200ef2        0     1                 .LBB0_14
80200ef2 80200ef2        0     1                 
80200f02 80200f02        0     1                 
80200f02 80200f02        0     1                 
80200f06 80200f06        0     1                 
80200f12 80200f12        0     1                 
80200f18 80200f18        0     1                 .LBB0_16
80200f18 80200f18        0     1                 
80200f24 80200f24        0     1                 
80200f24 80200f24        0     1                 
80200f26 80200f26        0     1                 .LBB0_17
80200f26 80200f26        0     1                 
80200f46 80200f46        0     1                 
80200f50 80200f50        0     1                 
80200f58 80200f58        0     1                 .LBB0_18
80200f58 80200f58        0     1                 
80200f62 80200f62        0     1                 
80200f6a 80200f6a        0     1                 .LBB0_19
80200f6a 80200f6a        0     1                 
80200f72 80200f72        0     1                 
80200f7a 80200f7a        0     1                 .LBB0_20
80200f7a 80200f7a        0     1                 
80200f84 80200f84        0     1                 
80200f8c 80200f8c        0     1                 .LBB0_21
80200f8c 80200f8c        0     1                 
80200f94 80200f94        0     1                 
80200f9c 80200f9c        0     1                 .LBB0_22
80200f9c 80200f9c        0     1                 
80200fa6 80200fa6        0     1                 
80200fa6 80200fa6        0     1                 
80200fa8 80200fa8        0     1                 .LBB0_23
80200fa8 80200fa8        0     1                 
80200fb2 80200fb2        0     1                 
80200fb2 80200fb2        0     1                 
80200fb4 80200fb4        0     1                 .LBB0_24
80200fb4 80200fb4        0     1                 
80200fbe 80200fbe        0     1                 
80200fbe 80200fbe        0     1                 
80200fc0 80200fc0        0     1                 .LBB0_25
80200fc0 80200fc0        0     1                 
80200fca 80200fca        0     1                 
80200fca 80200fca        0     1                 
80200fcc 80200fcc        0     1                 .LBB0_26
80200fcc 80200fcc        0     1                 
80200fd6 80200fd6        0     1                 
80200fd6 80200fd6        0     1                 
80200fd8 80200fd8        0     1                 
80200fd8 80200fd8        0     1                 .LBB0_27
80200fd8 80200fd8        0     1                 
80200fdc 80200fdc        0     1                 
80200fe0 80200fe0        0     1                 
80200fe4 80200fe4        0     1                 
80200fe8 80200fe8        0     1                 
80200fec 80200fec        0     1                 
80200ff0 80200ff0        0     1                 
80200ff4 80200ff4        0     1                 
80200ff8 80200ff8        0     1                 
80200ff8 80200ff8        0     1                 
80201004 80201004        0     1                 
80201004 80201004        0     1                 
8020101e 8020101e        0     1                 
80201026 80201026        0     1                 .LBB0_30
80201026 80201026        0     1                 
8020102e 8020102e        0     1                 
80201036 80201036        0     1                 
80201038 80201038        0     1                 
8020103c 8020103c        0     1                 
8020105a 8020105a        0     1                 
8020105c 8020105c        0     1                 
80201060 80201060        0     1                 
8020106e 8020106e        0     1                 
80201070 80201070        0     1                 
80201072 80201072        0     1                 
8020107a 8020107a        0     1                 
80201082 80201082        0     1                 
80201084 80201084        0     1                 
80201086 80201086        0     1                 
802010a4 802010a4        0     1                 
802010a6 802010a6        0     1                 
802010a6 802010a6        0     1                 
802010a6 802010a6        0     1                 
802010a6 802010a6        0     1                 
802010a6 802010a6        0     1                 
802010a6 802010a6       68     1                 handle_trap
802010a8 802010a8        0     1                 
802010a8 802010a8        0     1                 
802010a8 802010a8        0     1                 
802010ac 802010ac        0     1                 
802010b0 802010b0        0     1                 
802010b0 802010b0        0     1                 
802010b4 802010b4        0     1                 
802010b4 802010b4        0     1                 
802010b8 802010b8        0     1                 
802010ba 802010ba        0     1                 
802010ba 802010ba        0     1                 
802010be 802010be        0     1                 
802010c6 802010c6        0     1                 
802010c6 802010c6        0     1                 
802010ca 802010ca        0     1                 
802010ce 802010ce        0     1                 
802010d6 802010d6        0     1                 
802010e8 802010e8        0     1                 
802010e8 802010e8        0     1                 
8020110c 8020110c        0     1                 
8020110e 8020110e        0     1                 
8020110e 8020110e        0     1                 
80201110 80201110        0     1                 
80201110 80201110        0     1                 
80201110 80201110        0     1                 
80201110 80201110        0     1                 
80201110 80201110       9c     1                 switch_trap
802011ac 802011ac        0     1                 
802011ac 802011ac        0     1                 
802011ac 802011ac      2f4     4         build/pcb_k.o:(.text)
802011ac 802011ac        0     1                 
802011ac 802011ac        0     1                 
802011ac 802011ac        0     1                 
802011ac 802011ac       3c     1                 switch_umode
802011ae 802011ae        0     1                 
802011b0 802011b0        0     1                 
802011b8 802011b8        0     1                 
802011c4 802011c4        0     1                 
802011e6 802011e6        0     1                 
802011e8 802011e8        0     1                 
802011e8 802011e8        0     1                 
802011e8 802011e8        0     1                 
802011e8 802011e8        0     1                 
802011e8 802011e8        0     1                 
802011e8 802011e8      26a     1                 spawn_proc
802011ea 802011ea        0     1                 
802011fe 802011fe        0     1                 
80201206 80201206        0     1                 
8020120a 8020120a        0     1                 
8020120c 8020120c        0     1                 
8020120e 8020120e        0     1                 
80201212 80201212        0     1                 
80201214 80201214        0     1                 
80201220 80201220        0     1                 
80201224 80201224        0     1                 
80201226 80201226        0     1                 
8020122a 8020122a        0     1                 
8020122e 8020122e        0     1                 
80201230 80201230        0     1                 
80201240 80201240        0     1                 
80201242 80201242        0     1                 
80201244 80201244        0     1                 
8020124a 8020124a        0     1                 
8020124c 8020124c        0     1                 
8020124e 8020124e        0     1                 
8020126c 8020126c        0     1                 
8020126e 8020126e        0     1                 
80201288 80201288        0     1                 
80201290 80201290        0     1                 
80201294 80201294        0     1                 
80201298 80201298        0     1                 
802012a6 802012a6        0     1                 
802012a6 802012a6        0     1                 
802012a8 802012a8        0     1                 
802012ac 802012ac        0     1                 
802012ac 802012ac        0     1                 
802012dc 802012dc        0     1                 
802012dc 802012dc        0     1                 
802012e0 802012e0        0     1                 
802012e4 802012e4        0     1                 
802012e6 802012e6        0     1                 
802012ee 802012ee        0     1                 
802012f8 802012f8        0     1                 
802012fc 802012fc        0     1                 
80201306 80201306        0     1                 
80201308 80201308        0     1                 
8020130c 8020130c        0     1                 
8020131c 8020131c        0     1                 
8020131e 8020131e        0     1                 
80201320 80201320        0     1                 
8020132a 8020132a        0     1                 
8020132a 8020132a        0     1                 
8020132c 8020132c        0     1                 
8020132e 8020132e        0     1                 
8020133e 8020133e        0     1                 
80201342 80201342        0     1                 
80201346 80201346        0     1                 
80201354 80201354        0     1                 
80201354 80201354        0     1                 
8020135a 8020135a        0     1                 
8020135e 8020135e        0     1                 
80201372 80201372        0     1                 
80201376 80201376        0     1                 
80201384 80201384        0     1                 
80201384 80201384        0     1                 
80201386 80201386        0     1                 
8020138a 8020138a        0     1                 
80201392 80201392        0     1                 
80201396 80201396        0     1                 
802013a2 802013a2        0     1                 
802013a6 802013a6        0     1                 
802013b0 802013b0        0     1                 
802013b0 802013b0        0     1                 
802013b4 802013b4        0     1                 
802013b8 802013b8        0     1                 
802013c4 802013c4        0     1                 
802013c4 802013c4        0     1                 
802013c6 802013c6        0     1                 
802013ce 802013ce        0     1                 
802013d2 802013d2        0     1                 
802013dc 802013dc        0     1                 
802013dc 802013dc        0     1                 
802013e0 802013e0        0     1                 
802013e6 802013e6        0     1                 
802013e8 802013e8        0     1                 
802013ec 802013ec        0     1                 
80201406 80201406        0     1                 
8020142a 8020142a        0     1                 
8020142c 8020142c        0     1                 
80201450 80201450        0     1                 
80201452 80201452        0     1                 
80201452 80201452        0     1                 
80201452 80201452        0     1                 
80201452 80201452        0     1                 
80201452 80201452        0     1                 
80201452 80201452       4e     1                 free_proc
80201454 80201454        0     1                 
80201454 80201454        0     1                 
80201458 80201458        0     1                 
8020145a 8020145a        0     1                 
8020145c 8020145c        0     1                 
8020145e 8020145e        0     1                 
80201460 80201460        0     1                 
80201462 80201462        0     1                 
80201464 80201464        0     1                 
8020146c 8020146c        0     1                 
8020146c 8020146c        0     1                 
80201470 80201470        0     1                 
80201474 80201474        0     1                 
80201478 80201478        0     1                 
8020147c 8020147c        0     1                 
80201480 80201480        0     1                 
80201484 80201484        0     1                 
80201488 80201488        0     1                 
80201490 80201490        0     1                 
80201498 80201498        0     1                 
802014a0 802014a0        0     1                 
802014a0 802014a0        0     1                 
802014a0 802014a0      444     4         build/program_k.o:(.text)
802014a0 802014a0        0     1                 
802014a0 802014a0        0     1                 
802014a0 802014a0        0     1                 
802014a0 802014a0        0     1                 
802014a0 802014a0       46     1                 switch_proc
802014e6 802014e6        0     1                 
802014e6 802014e6        0     1                 
802014e6 802014e6        0     1                 
802014e6 802014e6        0     1                 
802014e6 802014e6        0     1                 
802014e6 802014e6        0     1                 
802014e6 802014e6       14     1                 Flush_TLB
802014e8 802014e8        0     1                 
802014ea 802014ea        0     1                 
802014ee 802014ee        0     1                 
802014f0 802014f0        0     1                 
802014f8 802014f8        0     1                 
802014fa 802014fa        0     1                 
802014fa 802014fa        0     1                 
802014fa 802014fa        0     1                 
802014fa 802014fa        0     1                 
802014fa 802014fa        0     1                 
802014fa 802014fa      232     1                 k_sp
802014fc 802014fc        0     1                 
802014fc 802014fc        0     1                 
80201502 80201502        0     1                 
80201512 80201512        0     1                 
80201512 80201512        0     1                 
8020151a 8020151a        0     1                 
8020151a 8020151a        0     1                 
8020151c 8020151c        0     1                 
8020151e 8020151e        0     1                 
80201520 80201520        0     1                 
80201532 80201532        0     1                 
80201532 80201532        0     1                 
80201546 80201546        0     1                 
80201546 80201546        0     1                 
80201548 80201548        0     1                 
8020155a 8020155a        0     1                 
8020155a 8020155a        0     1                 
80201562 80201562        0     1                 
80201566 80201566        0     1                 
80201568 80201568        0     1                 
8020156c 8020156c        0     1                 
8020157e 8020157e        0     1                 
8020157e 8020157e        0     1                 
80201594 80201594        0     1                 
80201594 80201594        0     1                 
80201596 80201596        0     1                 
802015a8 802015a8        0     1                 
802015a8 802015a8        0     1                 
802015b4 802015b4        0     1                 
802015b8 802015b8        0     1                 
802015ba 802015ba        0     1                 
802015be 802015be        0     1                 
802015c2 802015c2        0     1                 
802015d4 802015d4        0     1                 
802015d4 802015d4        0     1                 
802015ee 802015ee        0     1                 
802015ee 802015ee        0     1                 
802015f0 802015f0        0     1                 
80201602 80201602        0     1                 
80201602 80201602        0     1                 
8020160e 8020160e        0     1                 
80201612 80201612        0     1                 
80201614 80201614        0     1                 
80201618 80201618        0     1                 
8020161c 8020161c        0     1                 
8020162e 8020162e        0     1                 
8020162e 8020162e        0     1                 
80201648 80201648        0     1                 
80201648 80201648        0     1                 
8020164a 8020164a        0     1                 
8020165c 8020165c        0     1                 
8020165c 8020165c        0     1                 
8020166c 8020166c        0     1                 
8020166e 8020166e        0     1                 
80201670 80201670        0     1                 
80201676 80201676        0     1                 
80201678 80201678        0     1                 
8020168a 8020168a        0     1                 
8020168a 8020168a        0     1                 
802016a4 802016a4        0     1                 
802016a4 802016a4        0     1                 
802016a6 802016a6        0     1                 
802016b8 802016b8        0     1                 
802016b8 802016b8        0     1                 
802016c8 802016c8        0     1                 
802016ca 802016ca        0     1                 
802016cc 802016cc        0     1                 
802016d2 802016d2        0     1                 
802016d4 802016d4        0     1                 
802016e6 802016e6        0     1                 
802016e6 802016e6        0     1                 
80201700 80201700        0     1                 
80201700 80201700        0     1                 
80201702 80201702        0     1                 
80201714 80201714        0     1                 
80201714 80201714        0     1                 
80201724 80201724        0     1                 
8020172c 8020172c        0     1                 
8020172c 8020172c        0     1                 
8020172c 8020172c        0     1                 
8020172c 8020172c        0     1                 
8020172c 8020172c        0     1                 
8020172c 8020172c        0     1                 
8020172c 8020172c      1b8     1                 yield
80201734 80201734        0     1                 
8020173a 8020173a        0     1                 
8020173c 8020173c        0     1                 
80201740 80201740        0     1                 
80201744 80201744        0     1                 
80201746 80201746        0     1                 
80201748 80201748        0     1                 
8020174a 8020174a        0     1                 
8020174c 8020174c        0     1                 
80201754 80201754        0     1                 
80201754 80201754        0     1                 
80201764 80201764        0     1                 
80201766 80201766        0     1                 
8020176a 8020176a        0     1                 
8020177a 8020177a        0     1                 
8020177e 8020177e        0     1                 
8020178a 8020178a        0     1                 
8020179a 8020179a        0     1                 
8020179c 8020179c        0     1                 
802017a0 802017a0        0     1                 
802017b2 802017b2        0     1                 
802017b6 802017b6        0     1                 
802017ba 802017ba        0     1                 
802017c6 802017c6        0     1                 
802017c8 802017c8        0     1                 
802017cc 802017cc        0     1                 
802017de 802017de        0     1                 
802017e2 802017e2        0     1                 
802017e6 802017e6        0     1                 
802017ee 802017ee        0     1                 
802017fe 802017fe        0     1                 
80201800 80201800        0     1                 
80201804 80201804        0     1                 
80201816 80201816        0     1                 
8020181a 8020181a        0     1                 
8020181e 8020181e        0     1                 
8020182a 8020182a        0     1                 
8020182c 8020182c        0     1                 
80201830 80201830        0     1                 
80201842 80201842        0     1                 
80201846 80201846        0     1                 
8020184c 8020184c        0     1                 
80201850 80201850        0     1                 
80201860 80201860        0     1                 
80201862 80201862        0     1                 
80201866 80201866        0     1                 
80201878 80201878        0     1                 
8020187c 8020187c        0     1                 
8020187c 8020187c        0     1                 
8020188e 8020188e        0     1                 
80201890 80201890        0     1                 
80201894 80201894        0     1                 
80201898 80201898        0     1                 
8020189c 8020189c        0     1                 
802018a4 802018a4        0     1                 
802018a6 802018a6        0     1                 
802018a8 802018a8        0     1                 
802018aa 802018aa        0     1                 
802018ac 802018ac        0     1                 
802018b0 802018b0        0     1                 
802018b2 802018b2        0     1                 
802018b4 802018b4        0     1                 
802018b6 802018b6        0     1                 
802018be 802018be        0     1                 
802018be 802018be        0     1                 
802018c6 802018c6        0     1                 
802018ce 802018ce        0     1                 
802018d2 802018d2        0     1                 
802018d4 802018d4        0     1                 
802018d6 802018d6        0     1                 
802018dc 802018dc        0     1                 
802018e0 802018e0        0     1                 
802018e4 802018e4        0     1                 
802018e4 802018e4        0     1                 
802018e4 802018e4      2c2     4         build/app.o:(.text)
802018e4 802018e4        0     1                 
802018e4 802018e4        0     1                 
802018e4 802018e4        0     1                 
802018e4 802018e4      110     1                 init_app
802018e6 802018e6        0     1                 
802018e8 802018e8        0     1                 
802018ea 802018ea        0     1                 
802018ea 802018ea        0     1                 
802018ee 802018ee        0     1                 
802018f2 802018f2        0     1                 
802018f6 802018f6        0     1                 
802018fa 802018fa        0     1                 
802018fe 802018fe        0     1                 
80201902 80201902        0     1                 
80201906 80201906        0     1                 
8020190a 8020190a        0     1                 
8020190e 8020190e        0     1                 
80201910 80201910        0     1                 
80201914 80201914        0     1                 
80201918 80201918        0     1                 
8020191c 8020191c        0     1                 
80201920 80201920        0     1                 
80201926 80201926        0     1                 
80201926 80201926        0     1                 
8020192e 8020192e        0     1                 
80201930 80201930        0     1                 
80201932 80201932        0     1                 
80201934 80201934        0     1                 
80201936 80201936        0     1                 
8020193e 8020193e        0     1                 
80201940 80201940        0     1                 
80201942 80201942        0     1                 
80201944 80201944        0     1                 
80201946 80201946        0     1                 
8020194e 8020194e        0     1                 
80201950 80201950        0     1                 
80201952 80201952        0     1                 
80201954 80201954        0     1                 
80201956 80201956        0     1                 
8020195e 8020195e        0     1                 
80201960 80201960        0     1                 
80201962 80201962        0     1                 
80201964 80201964        0     1                 
80201966 80201966        0     1                 
8020196e 8020196e        0     1                 
80201972 80201972        0     1                 
80201974 80201974        0     1                 
80201978 80201978        0     1                 
8020197a 8020197a        0     1                 
80201994 80201994        0     1                 
80201996 80201996        0     1                 
802019c4 802019c4        0     1                 
802019ee 802019ee        0     1                 
802019f4 802019f4        0     1                 
802019f4 802019f4        0     1                 
802019f4 802019f4        0     1                 
802019f4 802019f4        0     1                 
802019f4 802019f4        0     1                 
802019f4 802019f4       4c     1                 start_app
802019f6 802019f6        0     1                 
802019f8 802019f8        0     1                 
802019fc 802019fc        0     1                 
80201a00 80201a00        0     1                 
80201a10 80201a10        0     1                 
80201a12 80201a12        0     1                 
80201a14 80201a14        0     1                 
80201a1c 80201a1c        0     1                 
80201a1c 80201a1c        0     1                 
80201a1e 80201a1e        0     1                 
80201a24 80201a24        0     1                 
80201a3e 80201a3e        0     1                 
80201a40 80201a40        0     1                 
80201a40 80201a40        0     1                 
80201a40 80201a40        0     1                 
80201a40 80201a40        0     1                 
80201a40 80201a40        0     1                 
80201a40 80201a40      104     1                 get_app_id
80201a42 80201a42        0     1                 
80201a48 80201a48        0     1                 
80201a4a 80201a4a        0     1                 
80201a4a 80201a4a        0     1                 
80201a5e 80201a5e        0     1                 
80201a5e 80201a5e        0     1                 
80201a60 80201a60        0     1                 
80201a64 80201a64        0     1                 
80201a6e 80201a6e        0     1                 
80201a6e 80201a6e        0     1                 
80201a70 80201a70        0     1                 
80201a7c 80201a7c        0     1                 
80201a86 80201a86        0     1                 
80201a86 80201a86        0     1                 
80201a88 80201a88        0     1                 
80201a8c 80201a8c        0     1                 
80201a96 80201a96        0     1                 
80201a96 80201a96        0     1                 
80201a98 80201a98        0     1                 
80201aa4 80201aa4        0     1                 
80201aae 80201aae        0     1                 
80201aae 80201aae        0     1                 
80201ab0 80201ab0        0     1                 
80201ab4 80201ab4        0     1                 
80201abe 80201abe        0     1                 
80201abe 80201abe        0     1                 
80201ac0 80201ac0        0     1                 
80201acc 80201acc        0     1                 
80201ad6 80201ad6        0     1                 
80201ad6 80201ad6        0     1                 
80201ad8 80201ad8        0     1                 
80201adc 80201adc        0     1                 
80201ae6 80201ae6        0     1                 
80201ae6 80201ae6        0     1                 
80201ae8 80201ae8        0     1                 
80201af4 80201af4        0     1                 
80201afe 80201afe        0     1                 
80201afe 80201afe        0     1                 
80201b00 80201b00        0     1                 
80201b04 80201b04        0     1                 
80201b0e 80201b0e        0     1                 
80201b12 80201b12        0     1                 
80201b14 80201b14        0     1                 
80201b14 80201b14        0     1                 
80201b3a 80201b3a        0     1                 
80201b44 80201b44        0     1                 
80201b44 80201b44        0     1                 
80201b44 80201b44        0     1                 
80201b44 80201b44        0     1                 
80201b44 80201b44        0     1                 
80201b44 80201b44       62     1                 get_app_name
80201b46 80201b46        0     1                 
80201b48 80201b48        0     1                 
80201b4c 80201b4c        0     1                 
80201b50 80201b50        0     1                 
80201b6c 80201b6c        0     1                 
80201b6e 80201b6e        0     1                 
80201b7c 80201b7c        0     1                 
80201ba0 80201ba0        0     1                 
80201ba6 80201ba6        0     1                 
80201ba6 80201ba6        0     1                 
80201ba8 80201ba8      608     4         build/sockets.o:(.text)
80201ba8 80201ba8        0     1                 
80201ba8 80201ba8        0     1                 
80201ba8 80201ba8        0     1                 
80201ba8 80201ba8       4e     1                 read_rsocket
80201baa 80201baa        0     1                 
80201bac 80201bac        0     1                 
80201bb0 80201bb0        0     1                 
80201bb4 80201bb4        0     1                 
80201bce 80201bce        0     1                 
80201bd0 80201bd0        0     1                 
80201bd8 80201bd8        0     1                 
80201bec 80201bec        0     1                 
80201bf0 80201bf0        0     1                 
80201bf6 80201bf6        0     1                 
80201bf6 80201bf6        0     1                 
80201bf6 80201bf6        0     1                 
80201bf6 80201bf6        0     1                 
80201bf6 80201bf6        0     1                 
80201bf6 80201bf6       4c     1                 write_rsocket
80201bf8 80201bf8        0     1                 
80201bfa 80201bfa        0     1                 
80201bfe 80201bfe        0     1                 
80201c02 80201c02        0     1                 
80201c1c 80201c1c        0     1                 
80201c1e 80201c1e        0     1                 
80201c2c 80201c2c        0     1                 
80201c38 80201c38        0     1                 
80201c3c 80201c3c        0     1                 
80201c42 80201c42        0     1                 
80201c42 80201c42        0     1                 
80201c42 80201c42        0     1                 
80201c42 80201c42        0     1                 
80201c42 80201c42        0     1                 
80201c42 80201c42       7e     1                 read_socket
80201c44 80201c44        0     1                 
80201c46 80201c46        0     1                 
80201c4a 80201c4a        0     1                 
80201c4e 80201c4e        0     1                 
80201c6a 80201c6a        0     1                 
80201c6c 80201c6c        0     1                 
80201c72 80201c72        0     1                 
80201c76 80201c76        0     1                 
80201c90 80201c90        0     1                 
80201c92 80201c92        0     1                 
80201c9a 80201c9a        0     1                 
80201c9e 80201c9e        0     1                 
80201ca0 80201ca0        0     1                 
80201cb6 80201cb6        0     1                 
80201cba 80201cba        0     1                 
80201cc0 80201cc0        0     1                 
80201cc0 80201cc0        0     1                 
80201cc0 80201cc0        0     1                 
80201cc0 80201cc0        0     1                 
80201cc0 80201cc0        0     1                 
80201cc0 80201cc0       7c     1                 write_socket
80201cc2 80201cc2        0     1                 
80201cc4 80201cc4        0     1                 
80201cc8 80201cc8        0     1                 
80201ccc 80201ccc        0     1                 
80201ce6 80201ce6        0     1                 
80201ce8 80201ce8        0     1                 
80201cee 80201cee        0     1                 
80201cf2 80201cf2        0     1                 
80201d0e 80201d0e        0     1                 
80201d10 80201d10        0     1                 
80201d14 80201d14        0     1                 
80201d16 80201d16        0     1                 
80201d22 80201d22        0     1                 
80201d24 80201d24        0     1                 
80201d32 80201d32        0     1                 
80201d36 80201d36        0     1                 
80201d3c 80201d3c        0     1                 
80201d3c 80201d3c        0     1                 
80201d3c 80201d3c        0     1                 
80201d3c 80201d3c        0     1                 
80201d3c 80201d3c        0     1                 
80201d3c 80201d3c       60     1                 claim_rsocket
80201d3e 80201d3e        0     1                 
80201d40 80201d40        0     1                 
80201d44 80201d44        0     1                 
80201d48 80201d48        0     1                 
80201d64 80201d64        0     1                 
80201d66 80201d66        0     1                 
80201d7a 80201d7a        0     1                 
80201d7c 80201d7c        0     1                 
80201d7e 80201d7e        0     1                 
80201d86 80201d86        0     1                 
80201d8c 80201d8c        0     1                 
80201d90 80201d90        0     1                 
80201d92 80201d92        0     1                 
80201d96 80201d96        0     1                 
80201d9c 80201d9c        0     1                 
80201d9c 80201d9c        0     1                 
80201d9c 80201d9c        0     1                 
80201d9c 80201d9c        0     1                 
80201d9c 80201d9c        0     1                 
80201d9c 80201d9c       60     1                 claim_socket
80201d9e 80201d9e        0     1                 
80201da0 80201da0        0     1                 
80201da4 80201da4        0     1                 
80201da8 80201da8        0     1                 
80201dc4 80201dc4        0     1                 
80201dc6 80201dc6        0     1                 
80201dda 80201dda        0     1                 
80201ddc 80201ddc        0     1                 
80201dde 80201dde        0     1                 
80201de6 80201de6        0     1                 
80201dec 80201dec        0     1                 
80201df0 80201df0        0     1                 
80201df2 80201df2        0     1                 
80201df6 80201df6        0     1                 
80201dfc 80201dfc        0     1                 
80201dfc 80201dfc        0     1                 
80201dfc 80201dfc        0     1                 
80201dfc 80201dfc        0     1                 
80201dfc 80201dfc        0     1                 
80201dfc 80201dfc       42     1                 unclaim_rsocket
80201dfe 80201dfe        0     1                 
80201e00 80201e00        0     1                 
80201e04 80201e04        0     1                 
80201e08 80201e08        0     1                 
80201e24 80201e24        0     1                 
80201e26 80201e26        0     1                 
80201e34 80201e34        0     1                 
80201e38 80201e38        0     1                 
80201e3e 80201e3e        0     1                 
80201e3e 80201e3e        0     1                 
80201e3e 80201e3e        0     1                 
80201e3e 80201e3e        0     1                 
80201e3e 80201e3e        0     1                 
80201e3e 80201e3e       42     1                 unclaim_socket
80201e40 80201e40        0     1                 
80201e42 80201e42        0     1                 
80201e46 80201e46        0     1                 
80201e4a 80201e4a        0     1                 
80201e66 80201e66        0     1                 
80201e68 80201e68        0     1                 
80201e76 80201e76        0     1                 
80201e7a 80201e7a        0     1                 
80201e80 80201e80        0     1                 
80201e80 80201e80        0     1                 
80201e80 80201e80        0     1                 
80201e80 80201e80        0     1                 
80201e80 80201e80        0     1                 
80201e80 80201e80      13c     1                 find_free_rsocket
80201e82 80201e82        0     1                 
80201e82 80201e82        0     1                 
80201e84 80201e84        0     1                 
80201e8c 80201e8c        0     1                 
80201e8e 80201e8e        0     1                 
80201e90 80201e90        0     1                 
80201e90 80201e90        0     1                 
80201e94 80201e94        0     1                 
80201e9c 80201e9c        0     1                 
80201ea2 80201ea2        0     1                 
80201ea6 80201ea6        0     1                 
80201eac 80201eac        0     1                 
80201eb0 80201eb0        0     1                 
80201eb8 80201eb8        0     1                 
80201ebe 80201ebe        0     1                 
80201ec2 80201ec2        0     1                 
80201ec8 80201ec8        0     1                 
80201ecc 80201ecc        0     1                 
80201ed4 80201ed4        0     1                 
80201eda 80201eda        0     1                 
80201ede 80201ede        0     1                 
80201ee4 80201ee4        0     1                 
80201ee8 80201ee8        0     1                 
80201ef0 80201ef0        0     1                 
80201ef6 80201ef6        0     1                 
80201efa 80201efa        0     1                 
80201f00 80201f00        0     1                 
80201f04 80201f04        0     1                 
80201f08 80201f08        0     1                 
80201f0e 80201f0e        0     1                 
80201f12 80201f12        0     1                 
80201f12 80201f12        0     1                 
80201f30 80201f30        0     1                 
80201f32 80201f32        0     1                 
80201f32 80201f32        0     1                 
80201f34 80201f34        0     1                 
80201f3c 80201f3c        0     1                 
80201f40 80201f40        0     1                 
80201f42 80201f42        0     1                 
80201f46 80201f46        0     1                 
80201f48 80201f48        0     1                 
80201f50 80201f50        0     1                 
80201f54 80201f54        0     1                 
80201f56 80201f56        0     1                 
80201f5a 80201f5a        0     1                 
80201f5c 80201f5c        0     1                 
80201f64 80201f64        0     1                 
80201f68 80201f68        0     1                 
80201f6a 80201f6a        0     1                 
80201f6e 80201f6e        0     1                 
80201f70 80201f70        0     1                 
80201f78 80201f78        0     1                 
80201f7c 80201f7c        0     1                 
80201f7e 80201f7e        0     1                 
80201f82 80201f82        0     1                 
80201f84 80201f84        0     1                 
80201f88 80201f88        0     1                 
80201f8e 80201f8e        0     1                 
80201f90 80201f90        0     1                 
80201f90 80201f90        0     1                 
80201f96 80201f96        0     1                 
80201f9c 80201f9c        0     1                 
80201fbc 80201fbc        0     1                 
80201fbc 80201fbc        0     1                 
80201fbc 80201fbc        0     1                 
80201fbc 80201fbc        0     1                 
80201fbc 80201fbc        0     1                 
80201fbc 80201fbc      13c     1                 find_free_socket
80201fbe 80201fbe        0     1                 
80201fbe 80201fbe        0     1                 
80201fc0 80201fc0        0     1                 
80201fc8 80201fc8        0     1                 
80201fca 80201fca        0     1                 
80201fcc 80201fcc        0     1                 
80201fcc 80201fcc        0     1                 
80201fd0 80201fd0        0     1                 
80201fd8 80201fd8        0     1                 
80201fde 80201fde        0     1                 
80201fe2 80201fe2        0     1                 
80201fe8 80201fe8        0     1                 
80201fec 80201fec        0     1                 
80201ff4 80201ff4        0     1                 
80201ffa 80201ffa        0     1                 
80201ffe 80201ffe        0     1                 
80202004 80202004        0     1                 
80202008 80202008        0     1                 
80202010 80202010        0     1                 
80202016 80202016        0     1                 
8020201a 8020201a        0     1                 
80202020 80202020        0     1                 
80202024 80202024        0     1                 
8020202c 8020202c        0     1                 
80202032 80202032        0     1                 
80202036 80202036        0     1                 
8020203c 8020203c        0     1                 
80202040 80202040        0     1                 
80202044 80202044        0     1                 
8020204a 8020204a        0     1                 
8020204e 8020204e        0     1                 
8020204e 8020204e        0     1                 
8020206c 8020206c        0     1                 
8020206e 8020206e        0     1                 
8020206e 8020206e        0     1                 
80202070 80202070        0     1                 
80202078 80202078        0     1                 
8020207c 8020207c        0     1                 
8020207e 8020207e        0     1                 
80202082 80202082        0     1                 
80202084 80202084        0     1                 
8020208c 8020208c        0     1                 
80202090 80202090        0     1                 
80202092 80202092        0     1                 
80202096 80202096        0     1                 
80202098 80202098        0     1                 
802020a0 802020a0        0     1                 
802020a4 802020a4        0     1                 
802020a6 802020a6        0     1                 
802020aa 802020aa        0     1                 
802020ac 802020ac        0     1                 
802020b4 802020b4        0     1                 
802020b8 802020b8        0     1                 
802020ba 802020ba        0     1                 
802020be 802020be        0     1                 
802020c0 802020c0        0     1                 
802020c4 802020c4        0     1                 
802020ca 802020ca        0     1                 
802020cc 802020cc        0     1                 
802020cc 802020cc        0     1                 
802020d2 802020d2        0     1                 
802020d8 802020d8        0     1                 
802020f8 802020f8        0     1                 
802020f8 802020f8        0     1                 
802020f8 802020f8        0     1                 
802020f8 802020f8        0     1                 
802020f8 802020f8        0     1                 
802020f8 802020f8       5c     1                 info_rsocket
802020fa 802020fa        0     1                 
802020fc 802020fc        0     1                 
80202100 80202100        0     1                 
80202104 80202104        0     1                 
80202120 80202120        0     1                 
80202122 80202122        0     1                 
80202130 80202130        0     1                 
80202134 80202134        0     1                 
80202138 80202138        0     1                 
8020213a 8020213a        0     1                 
8020213e 8020213e        0     1                 
80202140 80202140        0     1                 
80202144 80202144        0     1                 
80202146 80202146        0     1                 
8020214a 8020214a        0     1                 
8020214c 8020214c        0     1                 
8020214e 8020214e        0     1                 
80202154 80202154        0     1                 
80202154 80202154        0     1                 
80202154 80202154        0     1                 
80202154 80202154        0     1                 
80202154 80202154        0     1                 
80202154 80202154       5c     1                 info_socket
80202156 80202156        0     1                 
80202158 80202158        0     1                 
8020215c 8020215c        0     1                 
80202160 80202160        0     1                 
8020217c 8020217c        0     1                 
8020217e 8020217e        0     1                 
8020218c 8020218c        0     1                 
80202190 80202190        0     1                 
80202194 80202194        0     1                 
80202196 80202196        0     1                 
8020219a 8020219a        0     1                 
8020219c 8020219c        0     1                 
802021a0 802021a0        0     1                 
802021a2 802021a2        0     1                 
802021a6 802021a6        0     1                 
802021a8 802021a8        0     1                 
802021aa 802021aa        0     1                 
802021b0 802021b0        0     1                 
802021b0 802021b0        0     1                 
802021b0 802021b0      a8c     4 .rodata
802021b0 802021b0      983     1         <internal>:(.rodata)
80202b34 80202b34       58     4         build/print_k.o:(.rodata)
80202b34 80202b34        0     1                 .LJTI0_0
80202b8c 80202b8c       58     4         build/str.o:(.rodata)
80202b8c 80202b8c        0     1                 .LJTI2_0
80202be4 80202be4       58     4         build/trap_k.o:(.rodata)
80202be4 80202be4        0     1                 .LJTI0_0
80202c3c 80202c3c    26100     4 .data
80202c3c 80202c3c     8fc0     1         bronx.o:(.data)
80202c3c 80202c3c        0     1                 _binary_bronx_bin_start
8020bbfc 8020bbfc        0     1                 _binary_bronx_bin_end
8020bbfc 8020bbfc     8240     1         init.o:(.data)
8020bbfc 8020bbfc        0     1                 _binary_init_bin_start
80213e3c 80213e3c        0     1                 _binary_init_bin_end
80213e3c 80213e3c     c5a0     1         snak.o:(.data)
80213e3c 80213e3c        0     1                 _binary_snak_bin_start
802203dc 802203dc        0     1                 _binary_snak_bin_end
802203dc 802203dc     8960     1         test.o:(.data)
802203dc 802203dc        0     1                 _binary_test_bin_start
80228d3c 80228d3c        0     1                 _binary_test_bin_end
80228d3c 80228d3c     41a0     4 .bss
80228d3c 80228d3c        0     1         __bss = .
80228d3c 80228d3c        8     4         build/memory.o:(.sbss)
80228d3c 80228d3c        4     1                 nextfreepageframe
80228d40 80228d40        4     1                 free_list_head
80228d44 80228d44        8     4         build/pcb_k.o:(.sbss)
80228d44 80228d44        4     1                 currproc
80228d48 80228d48        4     1                 idleproc
80228d4c 80228d4c     1878     4         build/pcb_k.o:(.bss)
80228d4c 80228d4c     1878     1                 proclist
8022a5c4 8022a5c4       a0     4         build/app.o:(.bss)
8022a5c4 8022a5c4       a0     1                 app_list
8022a664 8022a664     2878     4         build/sockets.o:(.bss)
8022a664 8022a664       28     1                 rsockets
8022a68c 8022a68c       28     1                 rsocket_info
8022a6b4 8022a6b4     2800     1                 sockets
8022ceb4 8022ceb4       28     1                 socket_info
8022cedc 8022cedc        0     1         __bss_end = .
8022cedc 8022cedc        0     1 . = ALIGN ( 4 )
8022cedc 8022cedc    20000     1 . += 128 * 1024
8024cedc 8024cedc        0     1 __stack_top = .
8024cedc 8024cedc      124     1 . = ALIGN ( 4096 )
8024d000 8024d000        0     1 __free_ram_start = .
8024d000 8024d000  2000000     1 . += 32 * 1024 * 1024
8224d000 8224d000        0     1 __free_ram_end = .
       0        0      f1c     1 .debug_abbrev
       0        0      115     1         build/main.o:(.debug_abbrev)
     115      115      104     1         build/print_k.o:(.debug_abbrev)
     219      219      165     1         build/SBI.o:(.debug_abbrev)
     37e      37e       b9     1         build/mem.o:(.debug_abbrev)
     437      437      12c     1         build/str.o:(.debug_abbrev)
     563      563      113     1         build/oa.o:(.debug_abbrev)
     676      676      1b9     1         build/memory.o:(.debug_abbrev)
     82f      82f      1e7     1         build/trap_k.o:(.debug_abbrev)
     a16      a16      163     1         build/pcb_k.o:(.debug_abbrev)
     b79      b79      163     1         build/program_k.o:(.debug_abbrev)
     cdc      cdc      133     1         build/app.o:(.debug_abbrev)
     e0f      e0f      10d     1         build/sockets.o:(.debug_abbrev)
       0        0     1f58     1 .debug_info
       0        0      1cb     1         build/main.o:(.debug_info)
     1cb      1cb      1e5     1         build/print_k.o:(.debug_info)
     3b0      3b0      3e6     1         build/SBI.o:(.debug_info)
     796      796       d9     1         build/mem.o:(.debug_info)
     86f      86f      1f5     1         build/str.o:(.debug_info)
     a64      a64      184     1         build/oa.o:(.debug_info)
     be8      be8      457     1         build/memory.o:(.debug_info)
    103f     103f      522     1         build/trap_k.o:(.debug_info)
    1561     1561      296     1         build/pcb_k.o:(.debug_info)
    17f7     17f7      242     1         build/program_k.o:(.debug_info)
    1a39     1a39      25a     1         build/app.o:(.debug_info)
    1c93     1c93      2c5     1         build/sockets.o:(.debug_info)
       0        0      1b8     1 .debug_rnglists
       0        0       18     1         build/main.o:(.debug_rnglists)
       c        c        0     1                 
      18       18       57     1         build/print_k.o:(.debug_rnglists)
      24       24        0     1                 
      6f       6f       66     1         build/str.o:(.debug_rnglists)
      7b       7b        0     1                 
      d5       d5       1b     1         build/oa.o:(.debug_rnglists)
      e1       e1        0     1                 
      f0       f0       33     1         build/memory.o:(.debug_rnglists)
      fc       fc        0     1                 
     123      123       5b     1         build/pcb_k.o:(.debug_rnglists)
     12f      12f        0     1                 
     17e      17e       20     1         build/program_k.o:(.debug_rnglists)
     18a      18a        0     1                 
     19e      19e       1a     1         build/app.o:(.debug_rnglists)
     1aa      1aa        0     1                 
       0        0      808     1 .debug_str_offsets
       0        0       88     1         build/main.o:(.debug_str_offsets)
       8        8        0     1                 
      88       88       68     1         build/print_k.o:(.debug_str_offsets)
      90       90        0     1                 
      f0       f0       94     1         build/SBI.o:(.debug_str_offsets)
      f8       f8        0     1                 
     184      184       58     1         build/mem.o:(.debug_str_offsets)
     18c      18c        0     1                 
     1dc      1dc       88     1         build/str.o:(.debug_str_offsets)
     1e4      1e4        0     1                 
     264      264       50     1         build/oa.o:(.debug_str_offsets)
     26c      26c        0     1                 
     2b4      2b4       e0     1         build/memory.o:(.debug_str_offsets)
     2bc      2bc        0     1                 
     394      394      1c8     1         build/trap_k.o:(.debug_str_offsets)
     39c      39c        0     1                 
     55c      55c       d0     1         build/pcb_k.o:(.debug_str_offsets)
     564      564        0     1                 
     62c      62c       98     1         build/program_k.o:(.debug_str_offsets)
     634      634        0     1                 
     6c4      6c4       a8     1         build/app.o:(.debug_str_offsets)
     6cc      6cc        0     1                 
     76c      76c       9c     1         build/sockets.o:(.debug_str_offsets)
     774      774        0     1                 
       0        0      86d     1 .debug_str
       0        0      86d     1         <internal>:(.debug_str)
       0        0      408     1 .debug_addr
       0        0       5c     1         build/main.o:(.debug_addr)
       8        8        0     1                 
      5c       5c       50     1         build/print_k.o:(.debug_addr)
      64       64        0     1                 
      ac       ac       38     1         build/SBI.o:(.debug_addr)
      b4       b4        0     1                 
      e4       e4       10     1         build/mem.o:(.debug_addr)
      ec       ec        0     1                 
      f4       f4       24     1         build/str.o:(.debug_addr)
      fc       fc        0     1                 
     118      118       20     1         build/oa.o:(.debug_addr)
     120      120        0     1                 
     138      138       88     1         build/memory.o:(.debug_addr)
     140      140        0     1                 
     1c0      1c0       90     1         build/trap_k.o:(.debug_addr)
     1c8      1c8        0     1                 
     250      250       58     1         build/pcb_k.o:(.debug_addr)
     258      258        0     1                 
     2a8      2a8       74     1         build/program_k.o:(.debug_addr)
     2b0      2b0        0     1                 
     31c      31c       5c     1         build/app.o:(.debug_addr)
     324      324        0     1                 
     378      378       90     1         build/sockets.o:(.debug_addr)
     380      380        0     1                 
       0        0       42     1 .comment
       0        0       42     1         <internal>:(.comment)
       0        0       2b     1 .riscv.attributes
       0        0       2b     1         build/main.o:(.riscv.attributes)
       0        0      530     4 .debug_frame
       0        0       54     4         build/main.o:(.debug_frame)
       0        0        0     1                 
      54       54       44     4         build/print_k.o:(.debug_frame)
      54       54        0     1                 
      98       98       64     4         build/SBI.o:(.debug_frame)
      98       98        0     1                 
      fc       fc       34     4         build/mem.o:(.debug_frame)
      fc       fc        0     1                 
     130      130       64     4         build/str.o:(.debug_frame)
     130      130        0     1                 
     194      194       3c     4         build/oa.o:(.debug_frame)
     194      194        0     1                 
     1d0      1d0       94     4         build/memory.o:(.debug_frame)
     1d0      1d0        0     1                 
     264      264       54     4         build/trap_k.o:(.debug_frame)
     264      264        0     1                 
     2b8      2b8       6c     4         build/pcb_k.o:(.debug_frame)
     2b8      2b8        0     1                 
     324      324       60     4         build/program_k.o:(.debug_frame)
     324      324        0     1                 
     384      384       78     4         build/app.o:(.debug_frame)
     384      384        0     1                 
     3fc      3fc      134     4         build/sockets.o:(.debug_frame)
     3fc      3fc        0     1                 
       0        0     29c0     1 .debug_line
       0        0      1b3     1         build/main.o:(.debug_line)
       0        0        0     1                 .Lline_table_start0
     1b3      1b3      2d0     1         build/print_k.o:(.debug_line)
     1b3      1b3        0     1                 .Lline_table_start0
     483      483      146     1         build/SBI.o:(.debug_line)
     483      483        0     1                 .Lline_table_start0
     5c9      5c9       f6     1         build/mem.o:(.debug_line)
     5c9      5c9        0     1                 .Lline_table_start0
     6bf      6bf      3f0     1         build/str.o:(.debug_line)
     6bf      6bf        0     1                 .Lline_table_start0
     aaf      aaf      25a     1         build/oa.o:(.debug_line)
     aaf      aaf        0     1                 .Lline_table_start0
     d09      d09      4fa     1         build/memory.o:(.debug_line)
     d09      d09        0     1                 .Lline_table_start0
    1203     1203      3be     1         build/trap_k.o:(.debug_line)
    1203     1203        0     1                 .Lline_table_start0
    15c1     15c1      3c5     1         build/pcb_k.o:(.debug_line)
    15c1     15c1        0     1                 .Lline_table_start0
    1986     1986      50b     1         build/program_k.o:(.debug_line)
    1986     1986        0     1                 .Lline_table_start0
    1e91     1e91      38c     1         build/app.o:(.debug_line)
    1e91     1e91        0     1                 .Lline_table_start0
    221d     221d      7a3     1         build/sockets.o:(.debug_line)
    221d     221d        0     1                 .Lline_table_start0
       0        0       e8     1 .debug_line_str
       0        0       e8     1         <internal>:(.debug_line_str)
       0        0     1568     1 .debug_loclists
       0        0      115     1         build/print_k.o:(.debug_loclists)
       c        c        0     1                 
     115      115      10c     1         build/SBI.o:(.debug_loclists)
     121      121        0     1                 
     221      221       66     1         build/mem.o:(.debug_loclists)
     22d      22d        0     1                 
     287      287      1a1     1         build/str.o:(.debug_loclists)
     293      293        0     1                 
     428      428      19a     1         build/oa.o:(.debug_loclists)
     434      434        0     1                 
     5c2      5c2      367     1         build/memory.o:(.debug_loclists)
     5ce      5ce        0     1                 
     929      929      22a     1         build/trap_k.o:(.debug_loclists)
     935      935        0     1                 
     b53      b53      143     1         build/pcb_k.o:(.debug_loclists)
     b5f      b5f        0     1                 
     c96      c96      159     1         build/program_k.o:(.debug_loclists)
     ca2      ca2        0     1                 
     def      def      44c     1         build/app.o:(.debug_loclists)
     dfb      dfb        0     1                 
    123b     123b      32d     1         build/sockets.o:(.debug_loclists)
    1247     1247        0     1                 
       0        0     89b0     4 .symtab
       0        0     89b0     4         <internal>:(.symtab)
       0        0       dc     1 .shstrtab
       0        0       dc     1         <internal>:(.shstrtab)
       0        0      674     1 .strtab
       0        0      674     1         <internal>:(.strtab)
