     VMA      LMA     Size Align Out     In      Symbol
       0        0 80200000     1 . = 0x80200000
80200000        0        0     1 __kernel_base = .
80200000 80200000     21c2     4 .text
80200000 80200000        e     2         build/main.o:(.text.boot)
80200000 80200000        0     1                 
80200000 80200000        0     1                 
80200000 80200000        0     1                 
80200000 80200000        0     1                 
80200000 80200000        e     1                 boot
8020000e 8020000e        0     1                 
8020000e 8020000e        0     1                 
80200010 80200010      23e     4         build/main.o:(.text)
80200010 80200010        0     1                 
80200010 80200010        0     1                 
80200010 80200010        0     1                 
80200010 80200010      14a     1                 kernel_bootstrap
80200012 80200012        0     1                 
80200012 80200012        0     1                 
80200016 80200016        0     1                 
80200026 80200026        0     1                 
80200026 80200026        0     1                 
80200036 80200036        0     1                 
80200036 80200036        0     1                 
80200054 80200054        0     1                 
80200054 80200054        0     1                 
80200064 80200064        0     1                 
80200064 80200064        0     1                 
80200070 80200070        0     1                 
80200080 80200080        0     1                 
80200080 80200080        0     1                 
80200088 80200088        0     1                 
80200088 80200088        0     1                 
802000be 802000be        0     1                 
802000be 802000be        0     1                 
802000c6 802000c6        0     1                 
802000c6 802000c6        0     1                 
802000d2 802000d2        0     1                 
802000d6 802000d6        0     1                 
802000ea 802000ea        0     1                 
802000ea 802000ea        0     1                 
802000fa 802000fa        0     1                 
802000fa 802000fa        0     1                 
80200106 80200106        0     1                 
80200116 80200116        0     1                 
80200144 80200144        0     1                 
80200144 80200144        0     1                 
80200152 80200152        0     1                 
8020015a 8020015a        0     1                 
8020015a 8020015a        0     1                 
8020015a 8020015a        0     1                 
8020015a 8020015a        0     1                 
8020015a 8020015a        0     1                 
8020015a 8020015a       f4     1                 kernel_main
8020015c 8020015c        0     1                 
8020015c 8020015c        0     1                 
8020015e 8020015e        0     1                 
80200166 80200166        0     1                 
80200166 80200166        0     1                 
80200176 80200176        0     1                 
80200176 80200176        0     1                 
80200188 80200188        0     1                 
80200188 80200188        0     1                 
802001a8 802001a8        0     1                 
802001a8 802001a8        0     1                 
802001b0 802001b0        0     1                 
802001b0 802001b0        0     1                 
802001d0 802001d0        0     1                 
802001d0 802001d0        0     1                 
802001f0 802001f0        0     1                 
802001f0 802001f0        0     1                 
80200210 80200210        0     1                 
80200210 80200210        0     1                 
80200220 80200220        0     1                 
80200220 80200220        0     1                 
80200228 80200228        0     1                 
80200228 80200228        0     1                 
8020024c 8020024c        0     1                 
8020024e 8020024e        0     1                 
8020024e 8020024e        0     1                 
80200250 80200250      2ec     4         build/print_k.o:(.text)
80200250 80200250        0     1                 
80200250 80200250        0     1                 
80200250 80200250        0     1                 
80200250 80200250      2ec     1                 k_printf
80200252 80200252        0     1                 
8020026c 8020026c        0     1                 
80200288 80200288        0     1                 
802002a6 802002a6        0     1                 
802002c6 802002c6        0     1                 
802002ca 802002ca        0     1                 
802002d2 802002d2        0     1                 
802002da 802002da        0     1                 
802002da 802002da        0     1                 
802002dc 802002dc        0     1                 
802002e4 802002e4        0     1                 
802002e8 802002e8        0     1                 
802002f0 802002f0        0     1                 
802002fa 802002fa        0     1                 .LBB0_6
802002fa 802002fa        0     1                 
802002fa 802002fa        0     1                 
8020031a 8020031a        0     1                 
8020031a 8020031a        0     1                 
8020031e 8020031e        0     1                 .LBB0_9
8020031e 8020031e        0     1                 
8020032a 8020032a        0     1                 
8020032a 8020032a        0     1                 
80200330 80200330        0     1                 .LBB0_10
80200330 80200330        0     1                 
80200344 80200344        0     1                 .LBB0_12
80200344 80200344        0     1                 
80200350 80200350        0     1                 
80200350 80200350        0     1                 
8020035c 8020035c        0     1                 
8020035c 8020035c        0     1                 
80200378 80200378        0     1                 .LBB0_14
80200378 80200378        0     1                 
80200394 80200394        0     1                 
80200396 80200396        0     1                 
8020039a 8020039a        0     1                 .LBB0_16
8020039a 8020039a        0     1                 
802003b2 802003b2        0     1                 .LBB0_18
802003b2 802003b2        0     1                 
802003ce 802003ce        0     1                 
802003dc 802003dc        0     1                 
802003e0 802003e0        0     1                 
802003ec 802003ec        0     1                 
802003ec 802003ec        0     1                 
802003f0 802003f0        0     1                 
802003fa 802003fa        0     1                 
802003fe 802003fe        0     1                 
80200400 80200400        0     1                 
8020040c 8020040c        0     1                 
8020040c 8020040c        0     1                 
80200410 80200410        0     1                 
80200414 80200414        0     1                 
80200414 80200414        0     1                 
80200422 80200422        0     1                 
8020042e 8020042e        0     1                 
8020042e 8020042e        0     1                 
80200432 80200432        0     1                 
80200436 80200436        0     1                 
8020043a 8020043a        0     1                 
8020043c 8020043c        0     1                 
80200448 80200448        0     1                 
80200448 80200448        0     1                 
8020044c 8020044c        0     1                 
80200450 80200450        0     1                 
80200450 80200450        0     1                 
8020045a 8020045a        0     1                 
8020045c 8020045c        0     1                 
8020045e 8020045e        0     1                 
80200464 80200464        0     1                 
8020046c 8020046c        0     1                 
80200478 80200478        0     1                 
80200478 80200478        0     1                 
8020047c 8020047c        0     1                 
80200480 80200480        0     1                 
80200488 80200488        0     1                 
80200494 80200494        0     1                 
80200494 80200494        0     1                 
80200498 80200498        0     1                 
802004a0 802004a0        0     1                 
802004a4 802004a4        0     1                 
802004a6 802004a6        0     1                 
802004b2 802004b2        0     1                 
802004b2 802004b2        0     1                 
802004b6 802004b6        0     1                 
802004ba 802004ba        0     1                 
802004ba 802004ba        0     1                 
802004c6 802004c6        0     1                 
802004d2 802004d2        0     1                 
802004d2 802004d2        0     1                 
802004de 802004de        0     1                 
802004de 802004de        0     1                 
802004ec 802004ec        0     1                 
802004ec 802004ec        0     1                 
802004f0 802004f0        0     1                 
802004f6 802004f6        0     1                 
802004fa 802004fa        0     1                 
802004fc 802004fc        0     1                 
80200508 80200508        0     1                 
80200508 80200508        0     1                 
8020050c 8020050c        0     1                 
80200510 80200510        0     1                 
80200510 80200510        0     1                 
8020051e 8020051e        0     1                 
8020053c 8020053c        0     1                 
8020053c 8020053c        0     1                 
8020053c 8020053c       f0     4         build/SBI.o:(.text)
8020053c 8020053c        0     1                 
8020053c 8020053c        0     1                 
8020053c 8020053c        0     1                 
8020053c 8020053c        0     1                 
8020053c 8020053c        6     1                 sbi_call
80200540 80200540        0     1                 
80200542 80200542        0     1                 
80200542 80200542        0     1                 
80200542 80200542        0     1                 
80200542 80200542        0     1                 
80200542 80200542        0     1                 
80200542 80200542        0     1                 
80200542 80200542       14     1                 k_putchar
80200554 80200554        0     1                 
80200554 80200554        0     1                 
80200556 80200556        0     1                 
80200556 80200556        0     1                 
80200556 80200556        0     1                 
80200556 80200556        0     1                 
80200556 80200556        0     1                 
80200556 80200556       80     1                 k_readchar
80200558 80200558        0     1                 
80200558 80200558        0     1                 
80200558 80200558        0     1                 
8020055a 8020055a        0     1                 
8020055a 8020055a        0     1                 
8020056e 8020056e        0     1                 
8020056e 8020056e        0     1                 
80200572 80200572        0     1                 
80200574 80200574        0     1                 
80200578 80200578        0     1                 
80200578 80200578        0     1                 
8020058a 8020058a        0     1                 
8020058a 8020058a        0     1                 
80200592 80200592        0     1                 
80200592 80200592        0     1                 
802005a4 802005a4        0     1                 
802005a4 802005a4        0     1                 
802005c8 802005c8        0     1                 
802005ca 802005ca        0     1                 
802005ca 802005ca        0     1                 
802005cc 802005cc        0     1                 
802005d6 802005d6        0     1                 
802005d6 802005d6        0     1                 
802005d6 802005d6        0     1                 
802005d6 802005d6        0     1                 
802005d6 802005d6        0     1                 
802005d6 802005d6       56     1                 exit
802005d8 802005d8        0     1                 
802005da 802005da        0     1                 
802005dc 802005dc        0     1                 
802005ec 802005ec        0     1                 
802005ec 802005ec        0     1                 
802005f4 802005f4        0     1                 
802005f4 802005f4        0     1                 
80200606 80200606        0     1                 
80200606 80200606        0     1                 
8020062a 8020062a        0     1                 
8020062c 8020062c        0     1                 
8020062c 8020062c        0     1                 
8020062c 8020062c       28     4         build/mem.o:(.text)
8020062c 8020062c        0     1                 
8020062c 8020062c        0     1                 
8020062c 8020062c        0     1                 
8020062c 8020062c        0     1                 
8020062c 8020062c       14     1                 memset
8020062e 8020062e        0     1                 
80200630 80200630        0     1                 
80200632 80200632        0     1                 
80200636 80200636        0     1                 
8020063a 8020063a        0     1                 
8020063c 8020063c        0     1                 
8020063e 8020063e        0     1                 
80200640 80200640        0     1                 
80200640 80200640        0     1                 
80200640 80200640        0     1                 
80200640 80200640        0     1                 
80200640 80200640        0     1                 
80200640 80200640        0     1                 
80200640 80200640       14     1                 k_memcpy
80200642 80200642        0     1                 
80200646 80200646        0     1                 
8020064a 8020064a        0     1                 
8020064c 8020064c        0     1                 
8020064e 8020064e        0     1                 
80200650 80200650        0     1                 
80200652 80200652        0     1                 
80200652 80200652        0     1                 
80200654 80200654        0     1                 
80200654 80200654        0     1                 
80200654 80200654      29e     4         build/str.o:(.text)
80200654 80200654        0     1                 
80200654 80200654        0     1                 
80200654 80200654        0     1                 
80200654 80200654        0     1                 
80200654 80200654       28     1                 k_strncpy
80200656 80200656        0     1                 
80200658 80200658        0     1                 
80200660 80200660        0     1                 
80200662 80200662        0     1                 
80200666 80200666        0     1                 
80200668 80200668        0     1                 
8020066c 8020066c        0     1                 
80200670 80200670        0     1                 
80200674 80200674        0     1                 
8020067a 8020067a        0     1                 
8020067c 8020067c        0     1                 
8020067c 8020067c        0     1                 
8020067c 8020067c        0     1                 
8020067c 8020067c        0     1                 
8020067c 8020067c        0     1                 
8020067c 8020067c        0     1                 
8020067c 8020067c       2e     1                 k_strcmp
80200680 80200680        0     1                 
80200682 80200682        0     1                 
80200684 80200684        0     1                 
80200688 80200688        0     1                 
8020068a 8020068a        0     1                 
8020068e 8020068e        0     1                 
80200692 80200692        0     1                 
80200696 80200696        0     1                 
80200698 80200698        0     1                 
8020069c 8020069c        0     1                 
8020069e 8020069e        0     1                 
802006a2 802006a2        0     1                 
802006a6 802006a6        0     1                 
802006a8 802006a8        0     1                 
802006aa 802006aa        0     1                 
802006aa 802006aa        0     1                 
802006aa 802006aa        0     1                 
802006aa 802006aa        0     1                 
802006aa 802006aa        0     1                 
802006aa 802006aa      248     1                 k_sprintf
802006ac 802006ac        0     1                 
802006c4 802006c4        0     1                 
802006d4 802006d4        0     1                 
802006f2 802006f2        0     1                 
802006f4 802006f4        0     1                 
8020071e 8020071e        0     1                 
80200720 80200720        0     1                 
80200724 80200724        0     1                 
8020072c 8020072c        0     1                 
80200732 80200732        0     1                 
80200736 80200736        0     1                 
8020073a 8020073a        0     1                 
80200742 80200742        0     1                 
8020074c 8020074c        0     1                 .LBB2_7
8020074c 8020074c        0     1                 
80200760 80200760        0     1                 
80200764 80200764        0     1                 
8020076a 8020076a        0     1                 .LBB2_11
8020076a 8020076a        0     1                 
8020076e 8020076e        0     1                 
80200778 80200778        0     1                 
8020077e 8020077e        0     1                 .LBB2_12
8020077e 8020077e        0     1                 
80200792 80200792        0     1                 .LBB2_14
80200792 80200792        0     1                 
8020079a 8020079a        0     1                 
802007ae 802007ae        0     1                 .LBB2_16
802007ae 802007ae        0     1                 
802007c0 802007c0        0     1                 
802007c2 802007c2        0     1                 
802007c6 802007c6        0     1                 .LBB2_18
802007c6 802007c6        0     1                 
802007da 802007da        0     1                 .LBB2_20
802007da 802007da        0     1                 
802007ee 802007ee        0     1                 
802007f0 802007f0        0     1                 
802007f4 802007f4        0     1                 
802007fe 802007fe        0     1                 
8020080a 8020080a        0     1                 
8020080a 8020080a        0     1                 
80200810 80200810        0     1                 
80200812 80200812        0     1                 
80200814 80200814        0     1                 
80200818 80200818        0     1                 
8020081c 8020081c        0     1                 
8020081e 8020081e        0     1                 
80200824 80200824        0     1                 
80200824 80200824        0     1                 
80200828 80200828        0     1                 
80200834 80200834        0     1                 
80200834 80200834        0     1                 
8020083a 8020083a        0     1                 
8020083e 8020083e        0     1                 
80200840 80200840        0     1                 
80200844 80200844        0     1                 
80200848 80200848        0     1                 
8020084a 8020084a        0     1                 
80200850 80200850        0     1                 
80200850 80200850        0     1                 
80200854 80200854        0     1                 
80200856 80200856        0     1                 
80200858 80200858        0     1                 
8020085e 8020085e        0     1                 
80200864 80200864        0     1                 
80200868 80200868        0     1                 
8020086c 8020086c        0     1                 
8020086e 8020086e        0     1                 
80200874 80200874        0     1                 
80200876 80200876        0     1                 
80200882 80200882        0     1                 
80200882 80200882        0     1                 
80200888 80200888        0     1                 
8020088c 8020088c        0     1                 
8020088e 8020088e        0     1                 
80200892 80200892        0     1                 
80200896 80200896        0     1                 
80200898 80200898        0     1                 
8020089e 8020089e        0     1                 
8020089e 8020089e        0     1                 
802008a0 802008a0        0     1                 
802008aa 802008aa        0     1                 
802008b6 802008b6        0     1                 
802008b6 802008b6        0     1                 
802008bc 802008bc        0     1                 
802008c0 802008c0        0     1                 
802008c2 802008c2        0     1                 
802008c6 802008c6        0     1                 
802008ca 802008ca        0     1                 
802008cc 802008cc        0     1                 
802008d2 802008d2        0     1                 
802008d2 802008d2        0     1                 
802008d6 802008d6        0     1                 
802008f2 802008f2        0     1                 
802008f2 802008f2        0     1                 
802008f4 802008f4      176     4         build/oa.o:(.text)
802008f4 802008f4        0     1                 
802008f4 802008f4        0     1                 
802008f4 802008f4        0     1                 
802008f4 802008f4       7a     1                 utoa
802008f6 802008f6        0     1                 
802008f6 802008f6        0     1                 
802008f8 802008f8        0     1                 
80200900 80200900        0     1                 
80200902 80200902        0     1                 
80200906 80200906        0     1                 
8020090c 8020090c        0     1                 
8020090e 8020090e        0     1                 
80200912 80200912        0     1                 
80200914 80200914        0     1                 
80200920 80200920        0     1                 
8020092e 8020092e        0     1                 
8020092e 8020092e        0     1                 
80200940 80200940        0     1                 
80200948 80200948        0     1                 
8020094c 8020094c        0     1                 
80200952 80200952        0     1                 
80200958 80200958        0     1                 
80200958 80200958        0     1                 
8020095c 8020095c        0     1                 
80200962 80200962        0     1                 
8020096a 8020096a        0     1                 
8020096e 8020096e        0     1                 
8020096e 8020096e        0     1                 
8020096e 8020096e        0     1                 
8020096e 8020096e        0     1                 
8020096e 8020096e        0     1                 
8020096e 8020096e       fc     1                 itoa
80200970 80200970        0     1                 
80200972 80200972        0     1                 
8020097e 8020097e        0     1                 
80200982 80200982        0     1                 
80200988 80200988        0     1                 
8020098c 8020098c        0     1                 
80200994 80200994        0     1                 
8020099e 8020099e        0     1                 
802009a4 802009a4        0     1                 
802009ac 802009ac        0     1                 
802009b0 802009b0        0     1                 
802009b4 802009b4        0     1                 
802009b6 802009b6        0     1                 
802009ba 802009ba        0     1                 
802009be 802009be        0     1                 
802009c2 802009c2        0     1                 
802009c2 802009c2        0     1                 
802009d0 802009d0        0     1                 
802009d2 802009d2        0     1                 
802009da 802009da        0     1                 
802009de 802009de        0     1                 
802009e4 802009e4        0     1                 
802009e8 802009e8        0     1                 
802009e8 802009e8        0     1                 
802009ee 802009ee        0     1                 
802009ee 802009ee        0     1                 
802009f0 802009f0        0     1                 
802009f8 802009f8        0     1                 
802009fa 802009fa        0     1                 
802009fe 802009fe        0     1                 
80200a04 80200a04        0     1                 
80200a06 80200a06        0     1                 
80200a0a 80200a0a        0     1                 
80200a0c 80200a0c        0     1                 
80200a18 80200a18        0     1                 
80200a26 80200a26        0     1                 
80200a26 80200a26        0     1                 
80200a38 80200a38        0     1                 
80200a40 80200a40        0     1                 
80200a44 80200a44        0     1                 
80200a4a 80200a4a        0     1                 
80200a50 80200a50        0     1                 
80200a50 80200a50        0     1                 
80200a54 80200a54        0     1                 
80200a5c 80200a5c        0     1                 
80200a62 80200a62        0     1                 
80200a66 80200a66        0     1                 
80200a6a 80200a6a        0     1                 
80200a6a 80200a6a        0     1                 
80200a6c 80200a6c      280     4         build/memory.o:(.text)
80200a6c 80200a6c        0     1                 
80200a6c 80200a6c        0     1                 
80200a6c 80200a6c        0     1                 
80200a6c 80200a6c        0     1                 
80200a6c 80200a6c       12     1                 init_memory
80200a7c 80200a7c        0     1                 
80200a7e 80200a7e        0     1                 
80200a7e 80200a7e        0     1                 
80200a7e 80200a7e        0     1                 
80200a7e 80200a7e        0     1                 
80200a7e 80200a7e        0     1                 
80200a7e 80200a7e       60     1                 pageframalloc
80200a80 80200a80        0     1                 
80200a80 80200a80        0     1                 
80200a84 80200a84        0     1                 
80200a8c 80200a8c        0     1                 
80200a90 80200a90        0     1                 
80200a94 80200a94        0     1                 
80200a9c 80200a9c        0     1                 
80200aa0 80200aa0        0     1                 
80200aa4 80200aa4        0     1                 
80200ac6 80200ac6        0     1                 
80200ac8 80200ac8        0     1                 
80200ad4 80200ad4        0     1                 
80200ad4 80200ad4        0     1                 
80200ade 80200ade        0     1                 
80200ade 80200ade        0     1                 
80200ade 80200ade        0     1                 
80200ade 80200ade        0     1                 
80200ade 80200ade        0     1                 
80200ade 80200ade      18a     1                 add_ptbl_entry
80200ae0 80200ae0        0     1                 
80200aee 80200aee        0     1                 
80200af8 80200af8        0     1                 
80200b00 80200b00        0     1                 
80200b10 80200b10        0     1                 
80200b10 80200b10        0     1                 
80200b22 80200b22        0     1                 
80200b22 80200b22        0     1                 
80200b34 80200b34        0     1                 
80200b34 80200b34        0     1                 
80200b44 80200b44        0     1                 
80200b44 80200b44        0     1                 
80200b68 80200b68        0     1                 
80200b6a 80200b6a        0     1                 
80200b6c 80200b6c        0     1                 
80200b70 80200b70        0     1                 
80200b72 80200b72        0     1                 
80200b76 80200b76        0     1                 
80200b7a 80200b7a        0     1                 
80200b7e 80200b7e        0     1                 
80200b80 80200b80        0     1                 
80200b80 80200b80        0     1                 
80200b88 80200b88        0     1                 
80200b8a 80200b8a        0     1                 
80200b8c 80200b8c        0     1                 
80200b94 80200b94        0     1                 
80200b98 80200b98        0     1                 
80200b9c 80200b9c        0     1                 
80200bbe 80200bbe        0     1                 
80200bc0 80200bc0        0     1                 
80200bce 80200bce        0     1                 
80200bce 80200bce        0     1                 
80200bd2 80200bd2        0     1                 
80200bd6 80200bd6        0     1                 
80200bd8 80200bd8        0     1                 
80200bfc 80200bfc        0     1                 
80200bfe 80200bfe        0     1                 
80200c22 80200c22        0     1                 
80200c24 80200c24        0     1                 
80200c2c 80200c2c        0     1                 
80200c30 80200c30        0     1                 
80200c34 80200c34        0     1                 
80200c34 80200c34        0     1                 
80200c38 80200c38        0     1                 
80200c44 80200c44        0     1                 
80200c4c 80200c4c        0     1                 
80200c54 80200c54        0     1                 
80200c56 80200c56        0     1                 
80200c68 80200c68        0     1                 
80200c68 80200c68        0     1                 
80200c68 80200c68        0     1                 
80200c68 80200c68        0     1                 
80200c68 80200c68        0     1                 
80200c68 80200c68        0     1                 
80200c68 80200c68       84     1                 free_proc_pages
80200c6a 80200c6a        0     1                 
80200c84 80200c84        0     1                 
80200c84 80200c84        0     1                 
80200c86 80200c86        0     1                 
80200c8a 80200c8a        0     1                 
80200c8a 80200c8a        0     1                 
80200c96 80200c96        0     1                 
80200c9a 80200c9a        0     1                 
80200c9c 80200c9c        0     1                 
80200ca2 80200ca2        0     1                 
80200caa 80200caa        0     1                 
80200caa 80200caa        0     1                 
80200cae 80200cae        0     1                 
80200cb0 80200cb0        0     1                 
80200cb0 80200cb0        0     1                 
80200cb2 80200cb2        0     1                 
80200cba 80200cba        0     1                 
80200cbe 80200cbe        0     1                 
80200cca 80200cca        0     1                 
80200cce 80200cce        0     1                 
80200cd4 80200cd4        0     1                 
80200cd4 80200cd4        0     1                 
80200ce0 80200ce0        0     1                 
80200ce4 80200ce4        0     1                 
80200cea 80200cea        0     1                 
80200cea 80200cea        0     1                 
80200cec 80200cec        0     1                 
80200cec 80200cec        0     1                 
80200cec 80200cec      3f0     4         build/trap_k.o:(.text)
80200cec 80200cec        0     1                 
80200cec 80200cec        0     1                 
80200cec 80200cec        0     1                 
80200cec 80200cec      2ec     1                 handle_syscall
80200cee 80200cee        0     1                 
80200cf2 80200cf2        0     1                 
80200cf4 80200cf4        0     1                 
80200d12 80200d12        0     1                 
80200d1c 80200d1c        0     1                 
80200d6e 80200d6e        0     1                 .LBB0_2
80200d6e 80200d6e        0     1                 
80200d7a 80200d7a        0     1                 
80200d7a 80200d7a        0     1                 
80200d8c 80200d8c        0     1                 .LBB0_3
80200d8c 80200d8c        0     1                 
80200d94 80200d94        0     1                 
80200d94 80200d94        0     1                 
80200da2 80200da2        0     1                 .LBB0_4
80200da2 80200da2        0     1                 
80200dac 80200dac        0     1                 .LBB0_5
80200dac 80200dac        0     1                 
80200db6 80200db6        0     1                 
80200db8 80200db8        0     1                 .LBB0_6
80200dc0 80200dc0        0     1                 
80200dc4 80200dc4        0     1                 
80200dc6 80200dc6        0     1                 
80200dca 80200dca        0     1                 
80200dd4 80200dd4        0     1                 
80200ddc 80200ddc        0     1                 .LBB0_10
80200ddc 80200ddc        0     1                 
80200de6 80200de6        0     1                 
80200de6 80200de6        0     1                 
80200de8 80200de8        0     1                 .LBB0_11
80200de8 80200de8        0     1                 
80200df2 80200df2        0     1                 
80200df2 80200df2        0     1                 
80200df4 80200df4        0     1                 .LBB0_12
80200df4 80200df4        0     1                 
80200dfe 80200dfe        0     1                 
80200e06 80200e06        0     1                 .LBB0_13
80200e06 80200e06        0     1                 
80200e16 80200e16        0     1                 
80200e16 80200e16        0     1                 
80200e1a 80200e1a        0     1                 
80200e26 80200e26        0     1                 
80200e2c 80200e2c        0     1                 .LBB0_15
80200e2c 80200e2c        0     1                 
80200e38 80200e38        0     1                 
80200e38 80200e38        0     1                 
80200e3a 80200e3a        0     1                 .LBB0_16
80200e3a 80200e3a        0     1                 
80200e5a 80200e5a        0     1                 
80200e64 80200e64        0     1                 
80200e6c 80200e6c        0     1                 .LBB0_17
80200e6c 80200e6c        0     1                 
80200e76 80200e76        0     1                 
80200e7e 80200e7e        0     1                 .LBB0_18
80200e7e 80200e7e        0     1                 
80200e86 80200e86        0     1                 
80200e8e 80200e8e        0     1                 .LBB0_19
80200e8e 80200e8e        0     1                 
80200e98 80200e98        0     1                 
80200ea0 80200ea0        0     1                 .LBB0_20
80200ea0 80200ea0        0     1                 
80200ea8 80200ea8        0     1                 
80200eb0 80200eb0        0     1                 .LBB0_21
80200eb0 80200eb0        0     1                 
80200eba 80200eba        0     1                 
80200eba 80200eba        0     1                 
80200ebc 80200ebc        0     1                 .LBB0_22
80200ebc 80200ebc        0     1                 
80200ec6 80200ec6        0     1                 
80200ec6 80200ec6        0     1                 
80200ec8 80200ec8        0     1                 .LBB0_23
80200ec8 80200ec8        0     1                 
80200ed2 80200ed2        0     1                 
80200ed2 80200ed2        0     1                 
80200ed4 80200ed4        0     1                 .LBB0_24
80200ed4 80200ed4        0     1                 
80200ede 80200ede        0     1                 
80200ede 80200ede        0     1                 
80200ee0 80200ee0        0     1                 .LBB0_25
80200ee0 80200ee0        0     1                 
80200eea 80200eea        0     1                 
80200eea 80200eea        0     1                 
80200eec 80200eec        0     1                 
80200eec 80200eec        0     1                 .LBB0_26
80200eec 80200eec        0     1                 
80200ef0 80200ef0        0     1                 
80200ef4 80200ef4        0     1                 
80200ef8 80200ef8        0     1                 
80200efc 80200efc        0     1                 
80200f00 80200f00        0     1                 
80200f04 80200f04        0     1                 
80200f08 80200f08        0     1                 
80200f0c 80200f0c        0     1                 
80200f0c 80200f0c        0     1                 
80200f18 80200f18        0     1                 
80200f18 80200f18        0     1                 
80200f1a 80200f1a        0     1                 
80200f1a 80200f1a        0     1                 .LBB0_27
80200f1a 80200f1a        0     1                 
80200f22 80200f22        0     1                 
80200f2a 80200f2a        0     1                 .LBB0_28
80200f2a 80200f2a        0     1                 
80200f32 80200f32        0     1                 
80200f36 80200f36        0     1                 .LBB0_29
80200f36 80200f36        0     1                 
80200f40 80200f40        0     1                 
80200f40 80200f40        0     1                 
80200f5a 80200f5a        0     1                 
80200f62 80200f62        0     1                 .LBB0_32
80200f62 80200f62        0     1                 
80200f6a 80200f6a        0     1                 
80200f72 80200f72        0     1                 
80200f74 80200f74        0     1                 
80200f78 80200f78        0     1                 
80200f96 80200f96        0     1                 
80200f98 80200f98        0     1                 
80200f9c 80200f9c        0     1                 
80200fac 80200fac        0     1                 
80200fae 80200fae        0     1                 
80200fb4 80200fb4        0     1                 
80200fb6 80200fb6        0     1                 
80200fb8 80200fb8        0     1                 
80200fd6 80200fd6        0     1                 
80200fd8 80200fd8        0     1                 
80200fd8 80200fd8        0     1                 
80200fd8 80200fd8        0     1                 
80200fd8 80200fd8        0     1                 
80200fd8 80200fd8        0     1                 
80200fd8 80200fd8       68     1                 handle_trap
80200fda 80200fda        0     1                 
80200fda 80200fda        0     1                 
80200fda 80200fda        0     1                 
80200fde 80200fde        0     1                 
80200fe2 80200fe2        0     1                 
80200fe2 80200fe2        0     1                 
80200fe6 80200fe6        0     1                 
80200fe6 80200fe6        0     1                 
80200fea 80200fea        0     1                 
80200fec 80200fec        0     1                 
80200fec 80200fec        0     1                 
80200ff0 80200ff0        0     1                 
80200ff8 80200ff8        0     1                 
80200ff8 80200ff8        0     1                 
80200ffc 80200ffc        0     1                 
80201000 80201000        0     1                 
80201008 80201008        0     1                 
8020101a 8020101a        0     1                 
8020101a 8020101a        0     1                 
8020103e 8020103e        0     1                 
80201040 80201040        0     1                 
80201040 80201040        0     1                 
80201040 80201040        0     1                 
80201040 80201040        0     1                 
80201040 80201040        0     1                 
80201040 80201040        0     1                 
80201040 80201040       9c     1                 switch_trap
802010dc 802010dc        0     1                 
802010dc 802010dc        0     1                 
802010dc 802010dc      37e     4         build/pcb_k.o:(.text)
802010dc 802010dc        0     1                 
802010dc 802010dc        0     1                 
802010dc 802010dc        0     1                 
802010dc 802010dc       3c     1                 switch_umode
802010de 802010de        0     1                 
802010e0 802010e0        0     1                 
802010e8 802010e8        0     1                 
802010f4 802010f4        0     1                 
80201116 80201116        0     1                 
80201118 80201118        0     1                 
80201118 80201118        0     1                 
80201118 80201118        0     1                 
80201118 80201118        0     1                 
80201118 80201118        0     1                 
80201118 80201118      30e     1                 spawn_proc
8020111a 8020111a        0     1                 
8020112e 8020112e        0     1                 
80201136 80201136        0     1                 
8020113a 8020113a        0     1                 
8020113c 8020113c        0     1                 
8020113e 8020113e        0     1                 
80201142 80201142        0     1                 
80201144 80201144        0     1                 
80201150 80201150        0     1                 
80201154 80201154        0     1                 
80201156 80201156        0     1                 
8020115a 8020115a        0     1                 
8020115e 8020115e        0     1                 
80201160 80201160        0     1                 
80201170 80201170        0     1                 
80201172 80201172        0     1                 
80201174 80201174        0     1                 
8020117a 8020117a        0     1                 
8020117c 8020117c        0     1                 
8020117e 8020117e        0     1                 
8020118e 8020118e        0     1                 
80201190 80201190        0     1                 
80201192 80201192        0     1                 
80201198 80201198        0     1                 
8020119a 8020119a        0     1                 
8020119c 8020119c        0     1                 
802011ac 802011ac        0     1                 
802011ae 802011ae        0     1                 
802011b0 802011b0        0     1                 
802011b6 802011b6        0     1                 
802011b8 802011b8        0     1                 
802011ba 802011ba        0     1                 
802011ca 802011ca        0     1                 
802011cc 802011cc        0     1                 
802011ce 802011ce        0     1                 
802011d4 802011d4        0     1                 
802011d6 802011d6        0     1                 
802011d8 802011d8        0     1                 
802011f6 802011f6        0     1                 
802011f8 802011f8        0     1                 
8020122a 8020122a        0     1                 
80201232 80201232        0     1                 
80201236 80201236        0     1                 
8020123a 8020123a        0     1                 
80201248 80201248        0     1                 
80201248 80201248        0     1                 
8020124a 8020124a        0     1                 
8020124e 8020124e        0     1                 
8020124e 8020124e        0     1                 
8020127e 8020127e        0     1                 
8020127e 8020127e        0     1                 
80201282 80201282        0     1                 
80201286 80201286        0     1                 
80201288 80201288        0     1                 
80201290 80201290        0     1                 
8020129a 8020129a        0     1                 
8020129e 8020129e        0     1                 
802012a8 802012a8        0     1                 
802012aa 802012aa        0     1                 
802012ae 802012ae        0     1                 
802012be 802012be        0     1                 
802012c0 802012c0        0     1                 
802012c2 802012c2        0     1                 
802012cc 802012cc        0     1                 
802012cc 802012cc        0     1                 
802012ce 802012ce        0     1                 
802012d2 802012d2        0     1                 
802012e2 802012e2        0     1                 
802012e6 802012e6        0     1                 
802012ea 802012ea        0     1                 
802012f8 802012f8        0     1                 
802012f8 802012f8        0     1                 
802012fe 802012fe        0     1                 
80201302 80201302        0     1                 
80201316 80201316        0     1                 
8020131a 8020131a        0     1                 
80201328 80201328        0     1                 
80201328 80201328        0     1                 
8020132a 8020132a        0     1                 
8020132e 8020132e        0     1                 
8020132e 8020132e        0     1                 
80201336 80201336        0     1                 
80201340 80201340        0     1                 
80201344 80201344        0     1                 
80201352 80201352        0     1                 
80201352 80201352        0     1                 
80201356 80201356        0     1                 
80201358 80201358        0     1                 
8020135a 8020135a        0     1                 
8020135e 8020135e        0     1                 
8020135e 8020135e        0     1                 
80201366 80201366        0     1                 
8020136a 8020136a        0     1                 
80201376 80201376        0     1                 
8020137a 8020137a        0     1                 
80201384 80201384        0     1                 
80201384 80201384        0     1                 
80201388 80201388        0     1                 
8020138c 8020138c        0     1                 
80201398 80201398        0     1                 
80201398 80201398        0     1                 
8020139a 8020139a        0     1                 
802013a2 802013a2        0     1                 
802013a6 802013a6        0     1                 
802013b0 802013b0        0     1                 
802013b0 802013b0        0     1                 
802013b4 802013b4        0     1                 
802013ba 802013ba        0     1                 
802013bc 802013bc        0     1                 
802013c0 802013c0        0     1                 
802013da 802013da        0     1                 
802013fe 802013fe        0     1                 
80201400 80201400        0     1                 
80201424 80201424        0     1                 
80201426 80201426        0     1                 
80201426 80201426        0     1                 
80201426 80201426        0     1                 
80201426 80201426        0     1                 
80201426 80201426        0     1                 
80201426 80201426        0     1                 
80201426 80201426       34     1                 free_proc
80201428 80201428        0     1                 
8020142a 8020142a        0     1                 
8020142c 8020142c        0     1                 
8020142e 8020142e        0     1                 
80201430 80201430        0     1                 
80201434 80201434        0     1                 
80201438 80201438        0     1                 
8020143c 8020143c        0     1                 
80201440 80201440        0     1                 
80201444 80201444        0     1                 
80201448 80201448        0     1                 
8020144c 8020144c        0     1                 
80201450 80201450        0     1                 
80201458 80201458        0     1                 
8020145a 8020145a        0     1                 
8020145a 8020145a        0     1                 
8020145c 8020145c      358     4         build/program_k.o:(.text)
8020145c 8020145c        0     1                 
8020145c 8020145c        0     1                 
8020145c 8020145c        0     1                 
8020145c 8020145c        0     1                 
8020145c 8020145c       46     1                 switch_proc
802014a2 802014a2        0     1                 
802014a2 802014a2        0     1                 
802014a2 802014a2        0     1                 
802014a2 802014a2        0     1                 
802014a2 802014a2        0     1                 
802014a2 802014a2        0     1                 
802014a2 802014a2       14     1                 Flush_TLB
802014a4 802014a4        0     1                 
802014a6 802014a6        0     1                 
802014aa 802014aa        0     1                 
802014ac 802014ac        0     1                 
802014b4 802014b4        0     1                 
802014b6 802014b6        0     1                 
802014b6 802014b6        0     1                 
802014b6 802014b6        0     1                 
802014b6 802014b6        0     1                 
802014b6 802014b6        0     1                 
802014b6 802014b6        0     1                 
802014b6 802014b6      2fe     1                 yield
802014be 802014be        0     1                 
802014c4 802014c4        0     1                 
802014c8 802014c8        0     1                 
802014ce 802014ce        0     1                 
802014d2 802014d2        0     1                 
802014d4 802014d4        0     1                 
802014d8 802014d8        0     1                 
802014dc 802014dc        0     1                 
802014de 802014de        0     1                 
802014e6 802014e6        0     1                 
802014e6 802014e6        0     1                 
802014f6 802014f6        0     1                 
802014f8 802014f8        0     1                 
802014fc 802014fc        0     1                 
8020150c 8020150c        0     1                 
80201510 80201510        0     1                 
8020151c 8020151c        0     1                 
8020152c 8020152c        0     1                 
8020152e 8020152e        0     1                 
80201532 80201532        0     1                 
80201544 80201544        0     1                 
80201548 80201548        0     1                 
8020154c 8020154c        0     1                 
8020155a 8020155a        0     1                 
8020155c 8020155c        0     1                 
80201560 80201560        0     1                 
80201572 80201572        0     1                 
80201576 80201576        0     1                 
8020157e 8020157e        0     1                 
80201582 80201582        0     1                 
80201592 80201592        0     1                 
80201594 80201594        0     1                 
80201598 80201598        0     1                 
802015aa 802015aa        0     1                 
802015ae 802015ae        0     1                 
802015b2 802015b2        0     1                 
802015c0 802015c0        0     1                 
802015c2 802015c2        0     1                 
802015c6 802015c6        0     1                 
802015d8 802015d8        0     1                 
802015dc 802015dc        0     1                 
802015e4 802015e4        0     1                 
802015e8 802015e8        0     1                 
802015f8 802015f8        0     1                 
802015fa 802015fa        0     1                 
802015fe 802015fe        0     1                 
80201610 80201610        0     1                 
80201614 80201614        0     1                 
80201618 80201618        0     1                 
80201626 80201626        0     1                 
80201628 80201628        0     1                 
8020162c 8020162c        0     1                 
8020163e 8020163e        0     1                 
80201642 80201642        0     1                 
8020164a 8020164a        0     1                 
8020164e 8020164e        0     1                 
8020165e 8020165e        0     1                 
80201660 80201660        0     1                 
80201664 80201664        0     1                 
80201676 80201676        0     1                 
8020167a 8020167a        0     1                 
8020167e 8020167e        0     1                 
8020168c 8020168c        0     1                 
8020168e 8020168e        0     1                 
80201692 80201692        0     1                 
802016a4 802016a4        0     1                 
802016a8 802016a8        0     1                 
802016b0 802016b0        0     1                 
802016b4 802016b4        0     1                 
802016c4 802016c4        0     1                 
802016c6 802016c6        0     1                 
802016ca 802016ca        0     1                 
802016dc 802016dc        0     1                 
802016e0 802016e0        0     1                 
802016e4 802016e4        0     1                 
802016f2 802016f2        0     1                 
802016f4 802016f4        0     1                 
802016f8 802016f8        0     1                 
8020170a 8020170a        0     1                 
8020170e 8020170e        0     1                 
8020171a 8020171a        0     1                 
8020172a 8020172a        0     1                 
8020172c 8020172c        0     1                 
80201730 80201730        0     1                 
80201742 80201742        0     1                 
80201746 80201746        0     1                 
80201746 80201746        0     1                 
80201758 80201758        0     1                 
8020175a 8020175a        0     1                 
8020175e 8020175e        0     1                 
80201762 80201762        0     1                 
80201766 80201766        0     1                 
8020176e 8020176e        0     1                 
80201770 80201770        0     1                 
80201772 80201772        0     1                 
80201774 80201774        0     1                 
80201776 80201776        0     1                 
8020177a 8020177a        0     1                 
8020177c 8020177c        0     1                 
80201780 80201780        0     1                 
80201782 80201782        0     1                 
8020178a 8020178a        0     1                 
8020178a 8020178a        0     1                 
80201792 80201792        0     1                 
8020179a 8020179a        0     1                 
8020179e 8020179e        0     1                 
802017a0 802017a0        0     1                 
802017a4 802017a4        0     1                 
802017ac 802017ac        0     1                 
802017b0 802017b0        0     1                 
802017b4 802017b4        0     1                 
802017b4 802017b4        0     1                 
802017b4 802017b4      2fe     4         build/app.o:(.text)
802017b4 802017b4        0     1                 
802017b4 802017b4        0     1                 
802017b4 802017b4        0     1                 
802017b4 802017b4      14c     1                 init_app
802017b6 802017b6        0     1                 
802017ba 802017ba        0     1                 
802017bc 802017bc        0     1                 
802017bc 802017bc        0     1                 
802017c2 802017c2        0     1                 
802017c4 802017c4        0     1                 
802017c6 802017c6        0     1                 
802017ca 802017ca        0     1                 
802017ce 802017ce        0     1                 
802017d0 802017d0        0     1                 
802017d4 802017d4        0     1                 
802017d8 802017d8        0     1                 
802017da 802017da        0     1                 
802017de 802017de        0     1                 
802017e2 802017e2        0     1                 
802017e4 802017e4        0     1                 
802017e8 802017e8        0     1                 
802017ec 802017ec        0     1                 
802017ee 802017ee        0     1                 
802017f2 802017f2        0     1                 
802017f4 802017f4        0     1                 
802017f8 802017f8        0     1                 
802017fc 802017fc        0     1                 
802017fe 802017fe        0     1                 
80201802 80201802        0     1                 
80201806 80201806        0     1                 
80201808 80201808        0     1                 
8020180c 8020180c        0     1                 
80201810 80201810        0     1                 
80201812 80201812        0     1                 
80201816 80201816        0     1                 
8020181a 8020181a        0     1                 
8020181c 8020181c        0     1                 
80201820 80201820        0     1                 
80201824 80201824        0     1                 
80201826 80201826        0     1                 
8020182a 8020182a        0     1                 
8020182a 8020182a        0     1                 
80201832 80201832        0     1                 
80201834 80201834        0     1                 
80201838 80201838        0     1                 
8020183a 8020183a        0     1                 
8020183c 8020183c        0     1                 
8020183e 8020183e        0     1                 
80201840 80201840        0     1                 
80201842 80201842        0     1                 
8020184a 8020184a        0     1                 
8020184c 8020184c        0     1                 
8020184e 8020184e        0     1                 
80201850 80201850        0     1                 
80201852 80201852        0     1                 
8020185a 8020185a        0     1                 
8020185c 8020185c        0     1                 
8020185e 8020185e        0     1                 
80201860 80201860        0     1                 
80201862 80201862        0     1                 
8020186a 8020186a        0     1                 
8020186c 8020186c        0     1                 
8020186e 8020186e        0     1                 
80201870 80201870        0     1                 
80201872 80201872        0     1                 
8020187a 8020187a        0     1                 
8020187e 8020187e        0     1                 
80201880 80201880        0     1                 
80201884 80201884        0     1                 
80201886 80201886        0     1                 
802018a2 802018a2        0     1                 
802018a4 802018a4        0     1                 
802018ca 802018ca        0     1                 
802018e0 802018e0        0     1                 
802018f6 802018f6        0     1                 
802018f6 802018f6        0     1                 
80201900 80201900        0     1                 
80201900 80201900        0     1                 
80201900 80201900        0     1                 
80201900 80201900        0     1                 
80201900 80201900        0     1                 
80201900 80201900       4c     1                 start_app
80201902 80201902        0     1                 
80201904 80201904        0     1                 
80201908 80201908        0     1                 
8020190c 8020190c        0     1                 
8020191c 8020191c        0     1                 
8020191e 8020191e        0     1                 
80201920 80201920        0     1                 
80201928 80201928        0     1                 
80201928 80201928        0     1                 
8020192a 8020192a        0     1                 
80201930 80201930        0     1                 
8020194a 8020194a        0     1                 
8020194c 8020194c        0     1                 
8020194c 8020194c        0     1                 
8020194c 8020194c        0     1                 
8020194c 8020194c        0     1                 
8020194c 8020194c        0     1                 
8020194c 8020194c      104     1                 get_app_id
8020194e 8020194e        0     1                 
80201954 80201954        0     1                 
80201956 80201956        0     1                 
80201956 80201956        0     1                 
8020196a 8020196a        0     1                 
8020196a 8020196a        0     1                 
8020196c 8020196c        0     1                 
80201970 80201970        0     1                 
8020197a 8020197a        0     1                 
8020197a 8020197a        0     1                 
8020197c 8020197c        0     1                 
80201988 80201988        0     1                 
80201992 80201992        0     1                 
80201992 80201992        0     1                 
80201994 80201994        0     1                 
80201998 80201998        0     1                 
802019a2 802019a2        0     1                 
802019a2 802019a2        0     1                 
802019a4 802019a4        0     1                 
802019b0 802019b0        0     1                 
802019ba 802019ba        0     1                 
802019ba 802019ba        0     1                 
802019bc 802019bc        0     1                 
802019c0 802019c0        0     1                 
802019ca 802019ca        0     1                 
802019ca 802019ca        0     1                 
802019cc 802019cc        0     1                 
802019d8 802019d8        0     1                 
802019e2 802019e2        0     1                 
802019e2 802019e2        0     1                 
802019e4 802019e4        0     1                 
802019e8 802019e8        0     1                 
802019f2 802019f2        0     1                 
802019f2 802019f2        0     1                 
802019f4 802019f4        0     1                 
80201a00 80201a00        0     1                 
80201a0a 80201a0a        0     1                 
80201a0a 80201a0a        0     1                 
80201a0c 80201a0c        0     1                 
80201a10 80201a10        0     1                 
80201a1a 80201a1a        0     1                 
80201a1e 80201a1e        0     1                 
80201a20 80201a20        0     1                 
80201a20 80201a20        0     1                 
80201a46 80201a46        0     1                 
80201a50 80201a50        0     1                 
80201a50 80201a50        0     1                 
80201a50 80201a50        0     1                 
80201a50 80201a50        0     1                 
80201a50 80201a50        0     1                 
80201a50 80201a50       62     1                 get_app_name
80201a52 80201a52        0     1                 
80201a54 80201a54        0     1                 
80201a58 80201a58        0     1                 
80201a5c 80201a5c        0     1                 
80201a78 80201a78        0     1                 
80201a7a 80201a7a        0     1                 
80201a88 80201a88        0     1                 
80201aac 80201aac        0     1                 
80201ab2 80201ab2        0     1                 
80201ab2 80201ab2        0     1                 
80201ab4 80201ab4      608     4         build/sockets.o:(.text)
80201ab4 80201ab4        0     1                 
80201ab4 80201ab4        0     1                 
80201ab4 80201ab4        0     1                 
80201ab4 80201ab4       4e     1                 read_rsocket
80201ab6 80201ab6        0     1                 
80201ab8 80201ab8        0     1                 
80201abc 80201abc        0     1                 
80201ac0 80201ac0        0     1                 
80201ada 80201ada        0     1                 
80201adc 80201adc        0     1                 
80201ae4 80201ae4        0     1                 
80201af8 80201af8        0     1                 
80201afc 80201afc        0     1                 
80201b02 80201b02        0     1                 
80201b02 80201b02        0     1                 
80201b02 80201b02        0     1                 
80201b02 80201b02        0     1                 
80201b02 80201b02        0     1                 
80201b02 80201b02       4c     1                 write_rsocket
80201b04 80201b04        0     1                 
80201b06 80201b06        0     1                 
80201b0a 80201b0a        0     1                 
80201b0e 80201b0e        0     1                 
80201b28 80201b28        0     1                 
80201b2a 80201b2a        0     1                 
80201b38 80201b38        0     1                 
80201b44 80201b44        0     1                 
80201b48 80201b48        0     1                 
80201b4e 80201b4e        0     1                 
80201b4e 80201b4e        0     1                 
80201b4e 80201b4e        0     1                 
80201b4e 80201b4e        0     1                 
80201b4e 80201b4e        0     1                 
80201b4e 80201b4e       7e     1                 read_socket
80201b50 80201b50        0     1                 
80201b52 80201b52        0     1                 
80201b56 80201b56        0     1                 
80201b5a 80201b5a        0     1                 
80201b76 80201b76        0     1                 
80201b78 80201b78        0     1                 
80201b7e 80201b7e        0     1                 
80201b82 80201b82        0     1                 
80201b9c 80201b9c        0     1                 
80201b9e 80201b9e        0     1                 
80201ba6 80201ba6        0     1                 
80201baa 80201baa        0     1                 
80201bac 80201bac        0     1                 
80201bc2 80201bc2        0     1                 
80201bc6 80201bc6        0     1                 
80201bcc 80201bcc        0     1                 
80201bcc 80201bcc        0     1                 
80201bcc 80201bcc        0     1                 
80201bcc 80201bcc        0     1                 
80201bcc 80201bcc        0     1                 
80201bcc 80201bcc       7c     1                 write_socket
80201bce 80201bce        0     1                 
80201bd0 80201bd0        0     1                 
80201bd4 80201bd4        0     1                 
80201bd8 80201bd8        0     1                 
80201bf2 80201bf2        0     1                 
80201bf4 80201bf4        0     1                 
80201bfa 80201bfa        0     1                 
80201bfe 80201bfe        0     1                 
80201c1a 80201c1a        0     1                 
80201c1c 80201c1c        0     1                 
80201c20 80201c20        0     1                 
80201c22 80201c22        0     1                 
80201c2e 80201c2e        0     1                 
80201c30 80201c30        0     1                 
80201c3e 80201c3e        0     1                 
80201c42 80201c42        0     1                 
80201c48 80201c48        0     1                 
80201c48 80201c48        0     1                 
80201c48 80201c48        0     1                 
80201c48 80201c48        0     1                 
80201c48 80201c48        0     1                 
80201c48 80201c48       60     1                 claim_rsocket
80201c4a 80201c4a        0     1                 
80201c4c 80201c4c        0     1                 
80201c50 80201c50        0     1                 
80201c54 80201c54        0     1                 
80201c70 80201c70        0     1                 
80201c72 80201c72        0     1                 
80201c86 80201c86        0     1                 
80201c88 80201c88        0     1                 
80201c8a 80201c8a        0     1                 
80201c92 80201c92        0     1                 
80201c98 80201c98        0     1                 
80201c9c 80201c9c        0     1                 
80201c9e 80201c9e        0     1                 
80201ca2 80201ca2        0     1                 
80201ca8 80201ca8        0     1                 
80201ca8 80201ca8        0     1                 
80201ca8 80201ca8        0     1                 
80201ca8 80201ca8        0     1                 
80201ca8 80201ca8        0     1                 
80201ca8 80201ca8       60     1                 claim_socket
80201caa 80201caa        0     1                 
80201cac 80201cac        0     1                 
80201cb0 80201cb0        0     1                 
80201cb4 80201cb4        0     1                 
80201cd0 80201cd0        0     1                 
80201cd2 80201cd2        0     1                 
80201ce6 80201ce6        0     1                 
80201ce8 80201ce8        0     1                 
80201cea 80201cea        0     1                 
80201cf2 80201cf2        0     1                 
80201cf8 80201cf8        0     1                 
80201cfc 80201cfc        0     1                 
80201cfe 80201cfe        0     1                 
80201d02 80201d02        0     1                 
80201d08 80201d08        0     1                 
80201d08 80201d08        0     1                 
80201d08 80201d08        0     1                 
80201d08 80201d08        0     1                 
80201d08 80201d08        0     1                 
80201d08 80201d08       42     1                 unclaim_rsocket
80201d0a 80201d0a        0     1                 
80201d0c 80201d0c        0     1                 
80201d10 80201d10        0     1                 
80201d14 80201d14        0     1                 
80201d30 80201d30        0     1                 
80201d32 80201d32        0     1                 
80201d40 80201d40        0     1                 
80201d44 80201d44        0     1                 
80201d4a 80201d4a        0     1                 
80201d4a 80201d4a        0     1                 
80201d4a 80201d4a        0     1                 
80201d4a 80201d4a        0     1                 
80201d4a 80201d4a        0     1                 
80201d4a 80201d4a       42     1                 unclaim_socket
80201d4c 80201d4c        0     1                 
80201d4e 80201d4e        0     1                 
80201d52 80201d52        0     1                 
80201d56 80201d56        0     1                 
80201d72 80201d72        0     1                 
80201d74 80201d74        0     1                 
80201d82 80201d82        0     1                 
80201d86 80201d86        0     1                 
80201d8c 80201d8c        0     1                 
80201d8c 80201d8c        0     1                 
80201d8c 80201d8c        0     1                 
80201d8c 80201d8c        0     1                 
80201d8c 80201d8c        0     1                 
80201d8c 80201d8c      13c     1                 find_free_rsocket
80201d8e 80201d8e        0     1                 
80201d8e 80201d8e        0     1                 
80201d90 80201d90        0     1                 
80201d98 80201d98        0     1                 
80201d9a 80201d9a        0     1                 
80201d9c 80201d9c        0     1                 
80201d9c 80201d9c        0     1                 
80201da0 80201da0        0     1                 
80201da8 80201da8        0     1                 
80201dae 80201dae        0     1                 
80201db2 80201db2        0     1                 
80201db8 80201db8        0     1                 
80201dbc 80201dbc        0     1                 
80201dc4 80201dc4        0     1                 
80201dca 80201dca        0     1                 
80201dce 80201dce        0     1                 
80201dd4 80201dd4        0     1                 
80201dd8 80201dd8        0     1                 
80201de0 80201de0        0     1                 
80201de6 80201de6        0     1                 
80201dea 80201dea        0     1                 
80201df0 80201df0        0     1                 
80201df4 80201df4        0     1                 
80201dfc 80201dfc        0     1                 
80201e02 80201e02        0     1                 
80201e06 80201e06        0     1                 
80201e0c 80201e0c        0     1                 
80201e10 80201e10        0     1                 
80201e14 80201e14        0     1                 
80201e1a 80201e1a        0     1                 
80201e1e 80201e1e        0     1                 
80201e1e 80201e1e        0     1                 
80201e3c 80201e3c        0     1                 
80201e3e 80201e3e        0     1                 
80201e3e 80201e3e        0     1                 
80201e40 80201e40        0     1                 
80201e48 80201e48        0     1                 
80201e4c 80201e4c        0     1                 
80201e4e 80201e4e        0     1                 
80201e52 80201e52        0     1                 
80201e54 80201e54        0     1                 
80201e5c 80201e5c        0     1                 
80201e60 80201e60        0     1                 
80201e62 80201e62        0     1                 
80201e66 80201e66        0     1                 
80201e68 80201e68        0     1                 
80201e70 80201e70        0     1                 
80201e74 80201e74        0     1                 
80201e76 80201e76        0     1                 
80201e7a 80201e7a        0     1                 
80201e7c 80201e7c        0     1                 
80201e84 80201e84        0     1                 
80201e88 80201e88        0     1                 
80201e8a 80201e8a        0     1                 
80201e8e 80201e8e        0     1                 
80201e90 80201e90        0     1                 
80201e94 80201e94        0     1                 
80201e9a 80201e9a        0     1                 
80201e9c 80201e9c        0     1                 
80201e9c 80201e9c        0     1                 
80201ea2 80201ea2        0     1                 
80201ea8 80201ea8        0     1                 
80201ec8 80201ec8        0     1                 
80201ec8 80201ec8        0     1                 
80201ec8 80201ec8        0     1                 
80201ec8 80201ec8        0     1                 
80201ec8 80201ec8        0     1                 
80201ec8 80201ec8      13c     1                 find_free_socket
80201eca 80201eca        0     1                 
80201eca 80201eca        0     1                 
80201ecc 80201ecc        0     1                 
80201ed4 80201ed4        0     1                 
80201ed6 80201ed6        0     1                 
80201ed8 80201ed8        0     1                 
80201ed8 80201ed8        0     1                 
80201edc 80201edc        0     1                 
80201ee4 80201ee4        0     1                 
80201eea 80201eea        0     1                 
80201eee 80201eee        0     1                 
80201ef4 80201ef4        0     1                 
80201ef8 80201ef8        0     1                 
80201f00 80201f00        0     1                 
80201f06 80201f06        0     1                 
80201f0a 80201f0a        0     1                 
80201f10 80201f10        0     1                 
80201f14 80201f14        0     1                 
80201f1c 80201f1c        0     1                 
80201f22 80201f22        0     1                 
80201f26 80201f26        0     1                 
80201f2c 80201f2c        0     1                 
80201f30 80201f30        0     1                 
80201f38 80201f38        0     1                 
80201f3e 80201f3e        0     1                 
80201f42 80201f42        0     1                 
80201f48 80201f48        0     1                 
80201f4c 80201f4c        0     1                 
80201f50 80201f50        0     1                 
80201f56 80201f56        0     1                 
80201f5a 80201f5a        0     1                 
80201f5a 80201f5a        0     1                 
80201f78 80201f78        0     1                 
80201f7a 80201f7a        0     1                 
80201f7a 80201f7a        0     1                 
80201f7c 80201f7c        0     1                 
80201f84 80201f84        0     1                 
80201f88 80201f88        0     1                 
80201f8a 80201f8a        0     1                 
80201f8e 80201f8e        0     1                 
80201f90 80201f90        0     1                 
80201f98 80201f98        0     1                 
80201f9c 80201f9c        0     1                 
80201f9e 80201f9e        0     1                 
80201fa2 80201fa2        0     1                 
80201fa4 80201fa4        0     1                 
80201fac 80201fac        0     1                 
80201fb0 80201fb0        0     1                 
80201fb2 80201fb2        0     1                 
80201fb6 80201fb6        0     1                 
80201fb8 80201fb8        0     1                 
80201fc0 80201fc0        0     1                 
80201fc4 80201fc4        0     1                 
80201fc6 80201fc6        0     1                 
80201fca 80201fca        0     1                 
80201fcc 80201fcc        0     1                 
80201fd0 80201fd0        0     1                 
80201fd6 80201fd6        0     1                 
80201fd8 80201fd8        0     1                 
80201fd8 80201fd8        0     1                 
80201fde 80201fde        0     1                 
80201fe4 80201fe4        0     1                 
80202004 80202004        0     1                 
80202004 80202004        0     1                 
80202004 80202004        0     1                 
80202004 80202004        0     1                 
80202004 80202004        0     1                 
80202004 80202004       5c     1                 info_rsocket
80202006 80202006        0     1                 
80202008 80202008        0     1                 
8020200c 8020200c        0     1                 
80202010 80202010        0     1                 
8020202c 8020202c        0     1                 
8020202e 8020202e        0     1                 
8020203c 8020203c        0     1                 
80202040 80202040        0     1                 
80202044 80202044        0     1                 
80202046 80202046        0     1                 
8020204a 8020204a        0     1                 
8020204c 8020204c        0     1                 
80202050 80202050        0     1                 
80202052 80202052        0     1                 
80202056 80202056        0     1                 
80202058 80202058        0     1                 
8020205a 8020205a        0     1                 
80202060 80202060        0     1                 
80202060 80202060        0     1                 
80202060 80202060        0     1                 
80202060 80202060        0     1                 
80202060 80202060        0     1                 
80202060 80202060       5c     1                 info_socket
80202062 80202062        0     1                 
80202064 80202064        0     1                 
80202068 80202068        0     1                 
8020206c 8020206c        0     1                 
80202088 80202088        0     1                 
8020208a 8020208a        0     1                 
80202098 80202098        0     1                 
8020209c 8020209c        0     1                 
802020a0 802020a0        0     1                 
802020a2 802020a2        0     1                 
802020a6 802020a6        0     1                 
802020a8 802020a8        0     1                 
802020ac 802020ac        0     1                 
802020ae 802020ae        0     1                 
802020b2 802020b2        0     1                 
802020b4 802020b4        0     1                 
802020b6 802020b6        0     1                 
802020bc 802020bc        0     1                 
802020bc 802020bc        0     1                 
802020bc 802020bc      106     4         build/malloc.o:(.text)
802020bc 802020bc        0     1                 
802020bc 802020bc        0     1                 
802020bc 802020bc        0     1                 
802020bc 802020bc        0     1                 
802020bc 802020bc       6e     1                 malloc
802020be 802020be        0     1                 
802020c2 802020c2        0     1                 
802020c6 802020c6        0     1                 
802020c6 802020c6        0     1                 
802020e0 802020e0        0     1                 
802020e6 802020e6        0     1                 
802020e8 802020e8        0     1                 
802020ee 802020ee        0     1                 
802020f0 802020f0        0     1                 
802020f4 802020f4        0     1                 
802020f6 802020f6        0     1                 
802020f8 802020f8        0     1                 
802020f8 802020f8        0     1                 
802020fc 802020fc        0     1                 
80202102 80202102        0     1                 
80202106 80202106        0     1                 
8020210e 8020210e        0     1                 
80202112 80202112        0     1                 
80202116 80202116        0     1                 
80202118 80202118        0     1                 
80202118 80202118        0     1                 
80202120 80202120        0     1                 
80202124 80202124        0     1                 
80202124 80202124        0     1                 
80202126 80202126        0     1                 
80202128 80202128        0     1                 
8020212a 8020212a        0     1                 
8020212a 8020212a        0     1                 
8020212a 8020212a        0     1                 
8020212a 8020212a        0     1                 
8020212a 8020212a        0     1                 
8020212a 8020212a       46     1                 init_malloc
8020212c 8020212c        0     1                 
8020212c 8020212c        0     1                 
8020212e 8020212e        0     1                 
8020213a 8020213a        0     1                 
8020213a 8020213a        0     1                 
8020214a 8020214a        0     1                 
80202154 80202154        0     1                 
80202154 80202154        0     1                 
80202168 80202168        0     1                 
80202170 80202170        0     1                 
80202170 80202170        0     1                 
80202170 80202170        0     1                 
80202170 80202170        0     1                 
80202170 80202170        0     1                 
80202170 80202170        0     1                 
80202170 80202170       52     1                 free
80202172 80202172        0     1                 
8020217a 8020217a        0     1                 
80202190 80202190        0     1                 
80202194 80202194        0     1                 
80202196 80202196        0     1                 
8020219a 8020219a        0     1                 
8020219c 8020219c        0     1                 
8020219e 8020219e        0     1                 
802021ae 802021ae        0     1                 
802021b2 802021b2        0     1                 
802021b4 802021b4        0     1                 
802021b8 802021b8        0     1                 
802021ba 802021ba        0     1                 
802021c2 802021c2        0     1                 
802021c2 802021c2        0     1                 
802021c4 802021c4      ab8     4 .rodata
802021c4 802021c4      9a4     1         <internal>:(.rodata)
80202b68 80202b68       58     4         build/print_k.o:(.rodata)
80202b68 80202b68        0     1                 .LJTI0_0
80202bc0 80202bc0       58     4         build/str.o:(.rodata)
80202bc0 80202bc0        0     1                 .LJTI2_0
80202c18 80202c18       64     4         build/trap_k.o:(.rodata)
80202c18 80202c18        0     1                 .LJTI0_0
80202c7c 80202c7c    27030     4 .data
80202c7c 80202c7c     9f10     1         bronx.o:(.data)
80202c7c 80202c7c        0     1                 _binary_bronx_bin_start
8020cb8c 8020cb8c        0     1                 _binary_bronx_bin_end
8020cb8c 8020cb8c     8240     1         init.o:(.data)
8020cb8c 8020cb8c        0     1                 _binary_init_bin_start
80214dcc 80214dcc        0     1                 _binary_init_bin_end
80214dcc 80214dcc     c580     1         snak.o:(.data)
80214dcc 80214dcc        0     1                 _binary_snak_bin_start
8022134c 8022134c        0     1                 _binary_snak_bin_end
8022134c 8022134c     8960     1         test.o:(.data)
8022134c 8022134c        0     1                 _binary_test_bin_start
80229cac 80229cac        0     1                 _binary_test_bin_end
80229cac 80229cac     8128     4 .bss
80229cac 80229cac        0     1         __bss = .
80229cac 80229cac        4     4         build/memory.o:(.sbss)
80229cac 80229cac        4     1                 nextfreepageframe
80229cb0 80229cb0        8     4         build/pcb_k.o:(.sbss)
80229cb0 80229cb0        4     1                 currproc
80229cb4 80229cb4        4     1                 idleproc
80229cb8 80229cb8     30f0     4         build/pcb_k.o:(.bss)
80229cb8 80229cb8     30f0     1                 proclist
8022cda8 8022cda8       a0     4         build/app.o:(.bss)
8022cda8 8022cda8       a0     1                 app_list
8022ce48 8022ce48     2878     4         build/sockets.o:(.bss)
8022ce48 8022ce48       28     1                 rsockets
8022ce70 8022ce70       28     1                 rsocket_info
8022ce98 8022ce98     2800     1                 sockets
8022f698 8022f698       28     1                 socket_info
8022f6c0 8022f6c0        4     4         build/malloc.o:(.sbss)
8022f6c0 8022f6c0        4     1                 mallocbuffer
8022f6c4 8022f6c4     2710     1         build/malloc.o:(.bss)
8022f6c4 8022f6c4     2710     1                 mallocmetabuffer
80231dd4 80231dd4        0     1         __bss_end = .
80231dd4 80231dd4        0     1 . = ALIGN ( 4 )
80231dd4 80231dd4    20000     1 . += 128 * 1024
80251dd4 80251dd4        0     1 __stack_top = .
80251dd4 80251dd4      22c     1 . = ALIGN ( 4096 )
80252000 80252000        0     1 __free_ram_start = .
80252000 80252000  2000000     1 . += 32 * 1024 * 1024
82252000 82252000        0     1 __free_ram_end = .
       0        0      ff0     1 .debug_abbrev
       0        0      115     1         build/main.o:(.debug_abbrev)
     115      115      104     1         build/print_k.o:(.debug_abbrev)
     219      219      165     1         build/SBI.o:(.debug_abbrev)
     37e      37e       b9     1         build/mem.o:(.debug_abbrev)
     437      437      12c     1         build/str.o:(.debug_abbrev)
     563      563      113     1         build/oa.o:(.debug_abbrev)
     676      676      16a     1         build/memory.o:(.debug_abbrev)
     7e0      7e0      1d3     1         build/trap_k.o:(.debug_abbrev)
     9b3      9b3      163     1         build/pcb_k.o:(.debug_abbrev)
     b16      b16      136     1         build/program_k.o:(.debug_abbrev)
     c4c      c4c      142     1         build/app.o:(.debug_abbrev)
     d8e      d8e      10d     1         build/sockets.o:(.debug_abbrev)
     e9b      e9b      155     1         build/malloc.o:(.debug_abbrev)
       0        0     1e18     1 .debug_info
       0        0      1f3     1         build/main.o:(.debug_info)
     1f3      1f3      1e5     1         build/print_k.o:(.debug_info)
     3d8      3d8      3e6     1         build/SBI.o:(.debug_info)
     7be      7be       d9     1         build/mem.o:(.debug_info)
     897      897      1f5     1         build/str.o:(.debug_info)
     a8c      a8c      184     1         build/oa.o:(.debug_info)
     c10      c10      279     1         build/memory.o:(.debug_info)
     e89      e89      4d2     1         build/trap_k.o:(.debug_info)
    135b     135b      29c     1         build/pcb_k.o:(.debug_info)
    15f7     15f7      195     1         build/program_k.o:(.debug_info)
    178c     178c      25a     1         build/app.o:(.debug_info)
    19e6     19e6      2c5     1         build/sockets.o:(.debug_info)
    1cab     1cab      16d     1         build/malloc.o:(.debug_info)
       0        0      18a     1 .debug_rnglists
       0        0       18     1         build/main.o:(.debug_rnglists)
       c        c        0     1                 
      18       18       57     1         build/print_k.o:(.debug_rnglists)
      24       24        0     1                 
      6f       6f       66     1         build/str.o:(.debug_rnglists)
      7b       7b        0     1                 
      d5       d5       1b     1         build/oa.o:(.debug_rnglists)
      e1       e1        0     1                 
      f0       f0       5b     1         build/pcb_k.o:(.debug_rnglists)
      fc       fc        0     1                 
     14b      14b       20     1         build/program_k.o:(.debug_rnglists)
     157      157        0     1                 
     16b      16b       1f     1         build/app.o:(.debug_rnglists)
     177      177        0     1                 
       0        0      814     1 .debug_str_offsets
       0        0       8c     1         build/main.o:(.debug_str_offsets)
       8        8        0     1                 
      8c       8c       68     1         build/print_k.o:(.debug_str_offsets)
      94       94        0     1                 
      f4       f4       94     1         build/SBI.o:(.debug_str_offsets)
      fc       fc        0     1                 
     188      188       58     1         build/mem.o:(.debug_str_offsets)
     190      190        0     1                 
     1e0      1e0       88     1         build/str.o:(.debug_str_offsets)
     1e8      1e8        0     1                 
     268      268       50     1         build/oa.o:(.debug_str_offsets)
     270      270        0     1                 
     2b8      2b8       a8     1         build/memory.o:(.debug_str_offsets)
     2c0      2c0        0     1                 
     360      360      1ac     1         build/trap_k.o:(.debug_str_offsets)
     368      368        0     1                 
     50c      50c       cc     1         build/pcb_k.o:(.debug_str_offsets)
     514      514        0     1                 
     5d8      5d8       8c     1         build/program_k.o:(.debug_str_offsets)
     5e0      5e0        0     1                 
     664      664       a0     1         build/app.o:(.debug_str_offsets)
     66c      66c        0     1                 
     704      704       9c     1         build/sockets.o:(.debug_str_offsets)
     70c      70c        0     1                 
     7a0      7a0       74     1         build/malloc.o:(.debug_str_offsets)
     7a8      7a8        0     1                 
       0        0      825     1 .debug_str
       0        0      825     1         <internal>:(.debug_str)
       0        0      3d8     1 .debug_addr
       0        0       74     1         build/main.o:(.debug_addr)
       8        8        0     1                 
      74       74       50     1         build/print_k.o:(.debug_addr)
      7c       7c        0     1                 
      c4       c4       38     1         build/SBI.o:(.debug_addr)
      cc       cc        0     1                 
      fc       fc       10     1         build/mem.o:(.debug_addr)
     104      104        0     1                 
     10c      10c       24     1         build/str.o:(.debug_addr)
     114      114        0     1                 
     130      130       20     1         build/oa.o:(.debug_addr)
     138      138        0     1                 
     150      150       5c     1         build/memory.o:(.debug_addr)
     158      158        0     1                 
     1ac      1ac       90     1         build/trap_k.o:(.debug_addr)
     1b4      1b4        0     1                 
     23c      23c       5c     1         build/pcb_k.o:(.debug_addr)
     244      244        0     1                 
     298      298       1c     1         build/program_k.o:(.debug_addr)
     2a0      2a0        0     1                 
     2b4      2b4       60     1         build/app.o:(.debug_addr)
     2bc      2bc        0     1                 
     314      314       90     1         build/sockets.o:(.debug_addr)
     31c      31c        0     1                 
     3a4      3a4       34     1         build/malloc.o:(.debug_addr)
     3ac      3ac        0     1                 
       0        0       42     1 .comment
       0        0       42     1         <internal>:(.comment)
       0        0       2b     1 .riscv.attributes
       0        0       2b     1         build/main.o:(.riscv.attributes)
       0        0      534     4 .debug_frame
       0        0       54     4         build/main.o:(.debug_frame)
       0        0        0     1                 
      54       54       44     4         build/print_k.o:(.debug_frame)
      54       54        0     1                 
      98       98       64     4         build/SBI.o:(.debug_frame)
      98       98        0     1                 
      fc       fc       34     4         build/mem.o:(.debug_frame)
      fc       fc        0     1                 
     130      130       64     4         build/str.o:(.debug_frame)
     130      130        0     1                 
     194      194       3c     4         build/oa.o:(.debug_frame)
     194      194        0     1                 
     1d0      1d0       70     4         build/memory.o:(.debug_frame)
     1d0      1d0        0     1                 
     240      240       54     4         build/trap_k.o:(.debug_frame)
     240      240        0     1                 
     294      294       64     4         build/pcb_k.o:(.debug_frame)
     294      294        0     1                 
     2f8      2f8       44     4         build/program_k.o:(.debug_frame)
     2f8      2f8        0     1                 
     33c      33c       78     4         build/app.o:(.debug_frame)
     33c      33c        0     1                 
     3b4      3b4      134     4         build/sockets.o:(.debug_frame)
     3b4      3b4        0     1                 
     4e8      4e8       4c     4         build/malloc.o:(.debug_frame)
     4e8      4e8        0     1                 
       0        0     2ad9     1 .debug_line
       0        0      1df     1         build/main.o:(.debug_line)
       0        0        0     1                 .Lline_table_start0
     1df      1df      2d0     1         build/print_k.o:(.debug_line)
     1df      1df        0     1                 .Lline_table_start0
     4af      4af      146     1         build/SBI.o:(.debug_line)
     4af      4af        0     1                 .Lline_table_start0
     5f5      5f5       f6     1         build/mem.o:(.debug_line)
     5f5      5f5        0     1                 .Lline_table_start0
     6eb      6eb      3f0     1         build/str.o:(.debug_line)
     6eb      6eb        0     1                 .Lline_table_start0
     adb      adb      25a     1         build/oa.o:(.debug_line)
     adb      adb        0     1                 .Lline_table_start0
     d35      d35      2e1     1         build/memory.o:(.debug_line)
     d35      d35        0     1                 .Lline_table_start0
    1016     1016      3d1     1         build/trap_k.o:(.debug_line)
    1016     1016        0     1                 .Lline_table_start0
    13e7     13e7      47f     1         build/pcb_k.o:(.debug_line)
    13e7     13e7        0     1                 .Lline_table_start0
    1866     1866      47b     1         build/program_k.o:(.debug_line)
    1866     1866        0     1                 .Lline_table_start0
    1ce1     1ce1      44c     1         build/app.o:(.debug_line)
    1ce1     1ce1        0     1                 .Lline_table_start0
    212d     212d      7a3     1         build/sockets.o:(.debug_line)
    212d     212d        0     1                 .Lline_table_start0
    28d0     28d0      209     1         build/malloc.o:(.debug_line)
    28d0     28d0        0     1                 .Lline_table_start0
       0        0      103     1 .debug_line_str
       0        0      103     1         <internal>:(.debug_line_str)
       0        0     11d5     1 .debug_loclists
       0        0      115     1         build/print_k.o:(.debug_loclists)
       c        c        0     1                 
     115      115      10c     1         build/SBI.o:(.debug_loclists)
     121      121        0     1                 
     221      221       66     1         build/mem.o:(.debug_loclists)
     22d      22d        0     1                 
     287      287      1a1     1         build/str.o:(.debug_loclists)
     293      293        0     1                 
     428      428      19a     1         build/oa.o:(.debug_loclists)
     434      434        0     1                 
     5c2      5c2      1b4     1         build/memory.o:(.debug_loclists)
     5ce      5ce        0     1                 
     776      776      238     1         build/trap_k.o:(.debug_loclists)
     782      782        0     1                 
     9ae      9ae      17f     1         build/pcb_k.o:(.debug_loclists)
     9ba      9ba        0     1                 
     b2d      b2d      170     1         build/program_k.o:(.debug_loclists)
     b39      b39        0     1                 
     c9d      c9d      193     1         build/app.o:(.debug_loclists)
     ca9      ca9        0     1                 
     e30      e30      32d     1         build/sockets.o:(.debug_loclists)
     e3c      e3c        0     1                 
    115d     115d       78     1         build/malloc.o:(.debug_loclists)
    1169     1169        0     1                 
       0        0     8a30     4 .symtab
       0        0     8a30     4         <internal>:(.symtab)
       0        0       dc     1 .shstrtab
       0        0       dc     1         <internal>:(.shstrtab)
       0        0      6c1     1 .strtab
       0        0      6c1     1         <internal>:(.strtab)
