     VMA      LMA     Size Align Out     In      Symbol
       0        0 80200000     1 . = 0x80200000
80200000        0        0     1 __kernel_base = .
80200000 80200000     2040     4 .text
80200000 80200000        e     2         build/main.o:(.text.boot)
80200000 80200000        0     1                 
80200000 80200000        0     1                 
80200000 80200000        0     1                 
80200000 80200000        0     1                 
80200000 80200000        e     1                 boot
8020000e 8020000e        0     1                 
8020000e 8020000e        0     1                 
80200010 80200010      212     4         build/main.o:(.text)
80200010 80200010        0     1                 
80200010 80200010        0     1                 
80200010 80200010        0     1                 
80200010 80200010      11e     1                 kernel_bootstrap
80200012 80200012        0     1                 
80200012 80200012        0     1                 
80200016 80200016        0     1                 
80200026 80200026        0     1                 
80200026 80200026        0     1                 
80200036 80200036        0     1                 
80200036 80200036        0     1                 
80200054 80200054        0     1                 
80200054 80200054        0     1                 
80200064 80200064        0     1                 
80200064 80200064        0     1                 
80200070 80200070        0     1                 
80200080 80200080        0     1                 
80200080 80200080        0     1                 
80200088 80200088        0     1                 
80200088 80200088        0     1                 
802000be 802000be        0     1                 
802000be 802000be        0     1                 
802000ce 802000ce        0     1                 
802000ce 802000ce        0     1                 
802000da 802000da        0     1                 
802000ea 802000ea        0     1                 
80200118 80200118        0     1                 
80200118 80200118        0     1                 
80200126 80200126        0     1                 
8020012e 8020012e        0     1                 
8020012e 8020012e        0     1                 
8020012e 8020012e        0     1                 
8020012e 8020012e        0     1                 
8020012e 8020012e        0     1                 
8020012e 8020012e       f4     1                 kernel_main
80200130 80200130        0     1                 
80200130 80200130        0     1                 
80200132 80200132        0     1                 
8020013a 8020013a        0     1                 
8020013a 8020013a        0     1                 
8020014a 8020014a        0     1                 
8020014a 8020014a        0     1                 
8020015c 8020015c        0     1                 
8020015c 8020015c        0     1                 
8020017c 8020017c        0     1                 
8020017c 8020017c        0     1                 
80200184 80200184        0     1                 
80200184 80200184        0     1                 
802001a4 802001a4        0     1                 
802001a4 802001a4        0     1                 
802001c4 802001c4        0     1                 
802001c4 802001c4        0     1                 
802001e4 802001e4        0     1                 
802001e4 802001e4        0     1                 
802001f4 802001f4        0     1                 
802001f4 802001f4        0     1                 
802001fc 802001fc        0     1                 
802001fc 802001fc        0     1                 
80200220 80200220        0     1                 
80200222 80200222        0     1                 
80200222 80200222        0     1                 
80200224 80200224      2ec     4         build/print_k.o:(.text)
80200224 80200224        0     1                 
80200224 80200224        0     1                 
80200224 80200224        0     1                 
80200224 80200224      2ec     1                 k_printf
80200226 80200226        0     1                 
80200240 80200240        0     1                 
8020025c 8020025c        0     1                 
8020027a 8020027a        0     1                 
8020029a 8020029a        0     1                 
8020029e 8020029e        0     1                 
802002a6 802002a6        0     1                 
802002ae 802002ae        0     1                 
802002ae 802002ae        0     1                 
802002b0 802002b0        0     1                 
802002b8 802002b8        0     1                 
802002bc 802002bc        0     1                 
802002c4 802002c4        0     1                 
802002ce 802002ce        0     1                 .LBB0_6
802002ce 802002ce        0     1                 
802002ce 802002ce        0     1                 
802002ee 802002ee        0     1                 
802002ee 802002ee        0     1                 
802002f2 802002f2        0     1                 .LBB0_9
802002f2 802002f2        0     1                 
802002fe 802002fe        0     1                 
802002fe 802002fe        0     1                 
80200304 80200304        0     1                 .LBB0_10
80200304 80200304        0     1                 
80200318 80200318        0     1                 .LBB0_12
80200318 80200318        0     1                 
80200324 80200324        0     1                 
80200324 80200324        0     1                 
80200330 80200330        0     1                 
80200330 80200330        0     1                 
8020034c 8020034c        0     1                 .LBB0_14
8020034c 8020034c        0     1                 
80200368 80200368        0     1                 
8020036a 8020036a        0     1                 
8020036e 8020036e        0     1                 .LBB0_16
8020036e 8020036e        0     1                 
80200386 80200386        0     1                 .LBB0_18
80200386 80200386        0     1                 
802003a2 802003a2        0     1                 
802003b0 802003b0        0     1                 
802003b4 802003b4        0     1                 
802003c0 802003c0        0     1                 
802003c0 802003c0        0     1                 
802003c4 802003c4        0     1                 
802003ce 802003ce        0     1                 
802003d2 802003d2        0     1                 
802003d4 802003d4        0     1                 
802003e0 802003e0        0     1                 
802003e0 802003e0        0     1                 
802003e4 802003e4        0     1                 
802003e8 802003e8        0     1                 
802003e8 802003e8        0     1                 
802003f6 802003f6        0     1                 
80200402 80200402        0     1                 
80200402 80200402        0     1                 
80200406 80200406        0     1                 
8020040a 8020040a        0     1                 
8020040e 8020040e        0     1                 
80200410 80200410        0     1                 
8020041c 8020041c        0     1                 
8020041c 8020041c        0     1                 
80200420 80200420        0     1                 
80200424 80200424        0     1                 
80200424 80200424        0     1                 
8020042e 8020042e        0     1                 
80200430 80200430        0     1                 
80200432 80200432        0     1                 
80200438 80200438        0     1                 
80200440 80200440        0     1                 
8020044c 8020044c        0     1                 
8020044c 8020044c        0     1                 
80200450 80200450        0     1                 
80200454 80200454        0     1                 
8020045c 8020045c        0     1                 
80200468 80200468        0     1                 
80200468 80200468        0     1                 
8020046c 8020046c        0     1                 
80200474 80200474        0     1                 
80200478 80200478        0     1                 
8020047a 8020047a        0     1                 
80200486 80200486        0     1                 
80200486 80200486        0     1                 
8020048a 8020048a        0     1                 
8020048e 8020048e        0     1                 
8020048e 8020048e        0     1                 
8020049a 8020049a        0     1                 
802004a6 802004a6        0     1                 
802004a6 802004a6        0     1                 
802004b2 802004b2        0     1                 
802004b2 802004b2        0     1                 
802004c0 802004c0        0     1                 
802004c0 802004c0        0     1                 
802004c4 802004c4        0     1                 
802004ca 802004ca        0     1                 
802004ce 802004ce        0     1                 
802004d0 802004d0        0     1                 
802004dc 802004dc        0     1                 
802004dc 802004dc        0     1                 
802004e0 802004e0        0     1                 
802004e4 802004e4        0     1                 
802004e4 802004e4        0     1                 
802004f2 802004f2        0     1                 
80200510 80200510        0     1                 
80200510 80200510        0     1                 
80200510 80200510       f0     4         build/SBI.o:(.text)
80200510 80200510        0     1                 
80200510 80200510        0     1                 
80200510 80200510        0     1                 
80200510 80200510        0     1                 
80200510 80200510        6     1                 sbi_call
80200514 80200514        0     1                 
80200516 80200516        0     1                 
80200516 80200516        0     1                 
80200516 80200516        0     1                 
80200516 80200516        0     1                 
80200516 80200516        0     1                 
80200516 80200516        0     1                 
80200516 80200516       14     1                 k_putchar
80200528 80200528        0     1                 
80200528 80200528        0     1                 
8020052a 8020052a        0     1                 
8020052a 8020052a        0     1                 
8020052a 8020052a        0     1                 
8020052a 8020052a        0     1                 
8020052a 8020052a        0     1                 
8020052a 8020052a       80     1                 k_readchar
8020052c 8020052c        0     1                 
8020052c 8020052c        0     1                 
8020052c 8020052c        0     1                 
8020052e 8020052e        0     1                 
8020052e 8020052e        0     1                 
80200542 80200542        0     1                 
80200542 80200542        0     1                 
80200546 80200546        0     1                 
80200548 80200548        0     1                 
8020054c 8020054c        0     1                 
8020054c 8020054c        0     1                 
8020055e 8020055e        0     1                 
8020055e 8020055e        0     1                 
80200566 80200566        0     1                 
80200566 80200566        0     1                 
80200578 80200578        0     1                 
80200578 80200578        0     1                 
8020059c 8020059c        0     1                 
8020059e 8020059e        0     1                 
8020059e 8020059e        0     1                 
802005a0 802005a0        0     1                 
802005aa 802005aa        0     1                 
802005aa 802005aa        0     1                 
802005aa 802005aa        0     1                 
802005aa 802005aa        0     1                 
802005aa 802005aa        0     1                 
802005aa 802005aa       56     1                 exit
802005ac 802005ac        0     1                 
802005ae 802005ae        0     1                 
802005b0 802005b0        0     1                 
802005c0 802005c0        0     1                 
802005c0 802005c0        0     1                 
802005c8 802005c8        0     1                 
802005c8 802005c8        0     1                 
802005da 802005da        0     1                 
802005da 802005da        0     1                 
802005fe 802005fe        0     1                 
80200600 80200600        0     1                 
80200600 80200600        0     1                 
80200600 80200600       28     4         build/mem.o:(.text)
80200600 80200600        0     1                 
80200600 80200600        0     1                 
80200600 80200600        0     1                 
80200600 80200600        0     1                 
80200600 80200600       14     1                 memset
80200602 80200602        0     1                 
80200604 80200604        0     1                 
80200606 80200606        0     1                 
8020060a 8020060a        0     1                 
8020060e 8020060e        0     1                 
80200610 80200610        0     1                 
80200612 80200612        0     1                 
80200614 80200614        0     1                 
80200614 80200614        0     1                 
80200614 80200614        0     1                 
80200614 80200614        0     1                 
80200614 80200614        0     1                 
80200614 80200614        0     1                 
80200614 80200614       14     1                 k_memcpy
80200616 80200616        0     1                 
8020061a 8020061a        0     1                 
8020061e 8020061e        0     1                 
80200620 80200620        0     1                 
80200622 80200622        0     1                 
80200624 80200624        0     1                 
80200626 80200626        0     1                 
80200626 80200626        0     1                 
80200628 80200628        0     1                 
80200628 80200628        0     1                 
80200628 80200628      29e     4         build/str.o:(.text)
80200628 80200628        0     1                 
80200628 80200628        0     1                 
80200628 80200628        0     1                 
80200628 80200628        0     1                 
80200628 80200628       28     1                 k_strncpy
8020062a 8020062a        0     1                 
8020062c 8020062c        0     1                 
80200634 80200634        0     1                 
80200636 80200636        0     1                 
8020063a 8020063a        0     1                 
8020063c 8020063c        0     1                 
80200640 80200640        0     1                 
80200644 80200644        0     1                 
80200648 80200648        0     1                 
8020064e 8020064e        0     1                 
80200650 80200650        0     1                 
80200650 80200650        0     1                 
80200650 80200650        0     1                 
80200650 80200650        0     1                 
80200650 80200650        0     1                 
80200650 80200650        0     1                 
80200650 80200650       2e     1                 k_strcmp
80200654 80200654        0     1                 
80200656 80200656        0     1                 
80200658 80200658        0     1                 
8020065c 8020065c        0     1                 
8020065e 8020065e        0     1                 
80200662 80200662        0     1                 
80200666 80200666        0     1                 
8020066a 8020066a        0     1                 
8020066c 8020066c        0     1                 
80200670 80200670        0     1                 
80200672 80200672        0     1                 
80200676 80200676        0     1                 
8020067a 8020067a        0     1                 
8020067c 8020067c        0     1                 
8020067e 8020067e        0     1                 
8020067e 8020067e        0     1                 
8020067e 8020067e        0     1                 
8020067e 8020067e        0     1                 
8020067e 8020067e        0     1                 
8020067e 8020067e      248     1                 k_sprintf
80200680 80200680        0     1                 
80200698 80200698        0     1                 
802006a8 802006a8        0     1                 
802006c6 802006c6        0     1                 
802006c8 802006c8        0     1                 
802006f2 802006f2        0     1                 
802006f4 802006f4        0     1                 
802006f8 802006f8        0     1                 
80200700 80200700        0     1                 
80200706 80200706        0     1                 
8020070a 8020070a        0     1                 
8020070e 8020070e        0     1                 
80200716 80200716        0     1                 
80200720 80200720        0     1                 .LBB2_7
80200720 80200720        0     1                 
80200734 80200734        0     1                 
80200738 80200738        0     1                 
8020073e 8020073e        0     1                 .LBB2_11
8020073e 8020073e        0     1                 
80200742 80200742        0     1                 
8020074c 8020074c        0     1                 
80200752 80200752        0     1                 .LBB2_12
80200752 80200752        0     1                 
80200766 80200766        0     1                 .LBB2_14
80200766 80200766        0     1                 
8020076e 8020076e        0     1                 
80200782 80200782        0     1                 .LBB2_16
80200782 80200782        0     1                 
80200794 80200794        0     1                 
80200796 80200796        0     1                 
8020079a 8020079a        0     1                 .LBB2_18
8020079a 8020079a        0     1                 
802007ae 802007ae        0     1                 .LBB2_20
802007ae 802007ae        0     1                 
802007c2 802007c2        0     1                 
802007c4 802007c4        0     1                 
802007c8 802007c8        0     1                 
802007d2 802007d2        0     1                 
802007de 802007de        0     1                 
802007de 802007de        0     1                 
802007e4 802007e4        0     1                 
802007e6 802007e6        0     1                 
802007e8 802007e8        0     1                 
802007ec 802007ec        0     1                 
802007f0 802007f0        0     1                 
802007f2 802007f2        0     1                 
802007f8 802007f8        0     1                 
802007f8 802007f8        0     1                 
802007fc 802007fc        0     1                 
80200808 80200808        0     1                 
80200808 80200808        0     1                 
8020080e 8020080e        0     1                 
80200812 80200812        0     1                 
80200814 80200814        0     1                 
80200818 80200818        0     1                 
8020081c 8020081c        0     1                 
8020081e 8020081e        0     1                 
80200824 80200824        0     1                 
80200824 80200824        0     1                 
80200828 80200828        0     1                 
8020082a 8020082a        0     1                 
8020082c 8020082c        0     1                 
80200832 80200832        0     1                 
80200838 80200838        0     1                 
8020083c 8020083c        0     1                 
80200840 80200840        0     1                 
80200842 80200842        0     1                 
80200848 80200848        0     1                 
8020084a 8020084a        0     1                 
80200856 80200856        0     1                 
80200856 80200856        0     1                 
8020085c 8020085c        0     1                 
80200860 80200860        0     1                 
80200862 80200862        0     1                 
80200866 80200866        0     1                 
8020086a 8020086a        0     1                 
8020086c 8020086c        0     1                 
80200872 80200872        0     1                 
80200872 80200872        0     1                 
80200874 80200874        0     1                 
8020087e 8020087e        0     1                 
8020088a 8020088a        0     1                 
8020088a 8020088a        0     1                 
80200890 80200890        0     1                 
80200894 80200894        0     1                 
80200896 80200896        0     1                 
8020089a 8020089a        0     1                 
8020089e 8020089e        0     1                 
802008a0 802008a0        0     1                 
802008a6 802008a6        0     1                 
802008a6 802008a6        0     1                 
802008aa 802008aa        0     1                 
802008c6 802008c6        0     1                 
802008c6 802008c6        0     1                 
802008c8 802008c8      176     4         build/oa.o:(.text)
802008c8 802008c8        0     1                 
802008c8 802008c8        0     1                 
802008c8 802008c8        0     1                 
802008c8 802008c8       7a     1                 utoa
802008ca 802008ca        0     1                 
802008ca 802008ca        0     1                 
802008cc 802008cc        0     1                 
802008d4 802008d4        0     1                 
802008d6 802008d6        0     1                 
802008da 802008da        0     1                 
802008e0 802008e0        0     1                 
802008e2 802008e2        0     1                 
802008e6 802008e6        0     1                 
802008e8 802008e8        0     1                 
802008f4 802008f4        0     1                 
80200902 80200902        0     1                 
80200902 80200902        0     1                 
80200914 80200914        0     1                 
8020091c 8020091c        0     1                 
80200920 80200920        0     1                 
80200926 80200926        0     1                 
8020092c 8020092c        0     1                 
8020092c 8020092c        0     1                 
80200930 80200930        0     1                 
80200936 80200936        0     1                 
8020093e 8020093e        0     1                 
80200942 80200942        0     1                 
80200942 80200942        0     1                 
80200942 80200942        0     1                 
80200942 80200942        0     1                 
80200942 80200942        0     1                 
80200942 80200942       fc     1                 itoa
80200944 80200944        0     1                 
80200946 80200946        0     1                 
80200952 80200952        0     1                 
80200956 80200956        0     1                 
8020095c 8020095c        0     1                 
80200960 80200960        0     1                 
80200968 80200968        0     1                 
80200972 80200972        0     1                 
80200978 80200978        0     1                 
80200980 80200980        0     1                 
80200984 80200984        0     1                 
80200988 80200988        0     1                 
8020098a 8020098a        0     1                 
8020098e 8020098e        0     1                 
80200992 80200992        0     1                 
80200996 80200996        0     1                 
80200996 80200996        0     1                 
802009a4 802009a4        0     1                 
802009a6 802009a6        0     1                 
802009ae 802009ae        0     1                 
802009b2 802009b2        0     1                 
802009b8 802009b8        0     1                 
802009bc 802009bc        0     1                 
802009bc 802009bc        0     1                 
802009c2 802009c2        0     1                 
802009c2 802009c2        0     1                 
802009c4 802009c4        0     1                 
802009cc 802009cc        0     1                 
802009ce 802009ce        0     1                 
802009d2 802009d2        0     1                 
802009d8 802009d8        0     1                 
802009da 802009da        0     1                 
802009de 802009de        0     1                 
802009e0 802009e0        0     1                 
802009ec 802009ec        0     1                 
802009fa 802009fa        0     1                 
802009fa 802009fa        0     1                 
80200a0c 80200a0c        0     1                 
80200a14 80200a14        0     1                 
80200a18 80200a18        0     1                 
80200a1e 80200a1e        0     1                 
80200a24 80200a24        0     1                 
80200a24 80200a24        0     1                 
80200a28 80200a28        0     1                 
80200a30 80200a30        0     1                 
80200a36 80200a36        0     1                 
80200a3a 80200a3a        0     1                 
80200a3e 80200a3e        0     1                 
80200a3e 80200a3e        0     1                 
80200a40 80200a40      280     4         build/memory.o:(.text)
80200a40 80200a40        0     1                 
80200a40 80200a40        0     1                 
80200a40 80200a40        0     1                 
80200a40 80200a40        0     1                 
80200a40 80200a40       12     1                 init_memory
80200a50 80200a50        0     1                 
80200a52 80200a52        0     1                 
80200a52 80200a52        0     1                 
80200a52 80200a52        0     1                 
80200a52 80200a52        0     1                 
80200a52 80200a52        0     1                 
80200a52 80200a52       60     1                 pageframalloc
80200a54 80200a54        0     1                 
80200a54 80200a54        0     1                 
80200a58 80200a58        0     1                 
80200a60 80200a60        0     1                 
80200a64 80200a64        0     1                 
80200a68 80200a68        0     1                 
80200a70 80200a70        0     1                 
80200a74 80200a74        0     1                 
80200a78 80200a78        0     1                 
80200a9a 80200a9a        0     1                 
80200a9c 80200a9c        0     1                 
80200aa8 80200aa8        0     1                 
80200aa8 80200aa8        0     1                 
80200ab2 80200ab2        0     1                 
80200ab2 80200ab2        0     1                 
80200ab2 80200ab2        0     1                 
80200ab2 80200ab2        0     1                 
80200ab2 80200ab2        0     1                 
80200ab2 80200ab2      18a     1                 add_ptbl_entry
80200ab4 80200ab4        0     1                 
80200ac2 80200ac2        0     1                 
80200acc 80200acc        0     1                 
80200ad4 80200ad4        0     1                 
80200ae4 80200ae4        0     1                 
80200ae4 80200ae4        0     1                 
80200af6 80200af6        0     1                 
80200af6 80200af6        0     1                 
80200b08 80200b08        0     1                 
80200b08 80200b08        0     1                 
80200b18 80200b18        0     1                 
80200b18 80200b18        0     1                 
80200b3c 80200b3c        0     1                 
80200b3e 80200b3e        0     1                 
80200b40 80200b40        0     1                 
80200b44 80200b44        0     1                 
80200b46 80200b46        0     1                 
80200b4a 80200b4a        0     1                 
80200b4e 80200b4e        0     1                 
80200b52 80200b52        0     1                 
80200b54 80200b54        0     1                 
80200b54 80200b54        0     1                 
80200b5c 80200b5c        0     1                 
80200b5e 80200b5e        0     1                 
80200b60 80200b60        0     1                 
80200b68 80200b68        0     1                 
80200b6c 80200b6c        0     1                 
80200b70 80200b70        0     1                 
80200b92 80200b92        0     1                 
80200b94 80200b94        0     1                 
80200ba2 80200ba2        0     1                 
80200ba2 80200ba2        0     1                 
80200ba6 80200ba6        0     1                 
80200baa 80200baa        0     1                 
80200bac 80200bac        0     1                 
80200bd0 80200bd0        0     1                 
80200bd2 80200bd2        0     1                 
80200bf6 80200bf6        0     1                 
80200bf8 80200bf8        0     1                 
80200c00 80200c00        0     1                 
80200c04 80200c04        0     1                 
80200c08 80200c08        0     1                 
80200c08 80200c08        0     1                 
80200c0c 80200c0c        0     1                 
80200c18 80200c18        0     1                 
80200c20 80200c20        0     1                 
80200c28 80200c28        0     1                 
80200c2a 80200c2a        0     1                 
80200c3c 80200c3c        0     1                 
80200c3c 80200c3c        0     1                 
80200c3c 80200c3c        0     1                 
80200c3c 80200c3c        0     1                 
80200c3c 80200c3c        0     1                 
80200c3c 80200c3c        0     1                 
80200c3c 80200c3c       84     1                 free_proc_pages
80200c3e 80200c3e        0     1                 
80200c58 80200c58        0     1                 
80200c58 80200c58        0     1                 
80200c5a 80200c5a        0     1                 
80200c5e 80200c5e        0     1                 
80200c5e 80200c5e        0     1                 
80200c6a 80200c6a        0     1                 
80200c6e 80200c6e        0     1                 
80200c70 80200c70        0     1                 
80200c76 80200c76        0     1                 
80200c7e 80200c7e        0     1                 
80200c7e 80200c7e        0     1                 
80200c82 80200c82        0     1                 
80200c84 80200c84        0     1                 
80200c84 80200c84        0     1                 
80200c86 80200c86        0     1                 
80200c8e 80200c8e        0     1                 
80200c92 80200c92        0     1                 
80200c9e 80200c9e        0     1                 
80200ca2 80200ca2        0     1                 
80200ca8 80200ca8        0     1                 
80200ca8 80200ca8        0     1                 
80200cb4 80200cb4        0     1                 
80200cb8 80200cb8        0     1                 
80200cbe 80200cbe        0     1                 
80200cbe 80200cbe        0     1                 
80200cc0 80200cc0        0     1                 
80200cc0 80200cc0        0     1                 
80200cc0 80200cc0      3d4     4         build/trap_k.o:(.text)
80200cc0 80200cc0        0     1                 
80200cc0 80200cc0        0     1                 
80200cc0 80200cc0        0     1                 
80200cc0 80200cc0      2d0     1                 handle_syscall
80200cc2 80200cc2        0     1                 
80200cc6 80200cc6        0     1                 
80200cc8 80200cc8        0     1                 
80200ce6 80200ce6        0     1                 
80200cf0 80200cf0        0     1                 
80200d42 80200d42        0     1                 .LBB0_2
80200d42 80200d42        0     1                 
80200d4e 80200d4e        0     1                 
80200d4e 80200d4e        0     1                 
80200d60 80200d60        0     1                 .LBB0_3
80200d60 80200d60        0     1                 
80200d68 80200d68        0     1                 
80200d68 80200d68        0     1                 
80200d76 80200d76        0     1                 .LBB0_4
80200d76 80200d76        0     1                 
80200d80 80200d80        0     1                 .LBB0_5
80200d80 80200d80        0     1                 
80200d8a 80200d8a        0     1                 
80200d8c 80200d8c        0     1                 .LBB0_6
80200d94 80200d94        0     1                 
80200d98 80200d98        0     1                 
80200d9a 80200d9a        0     1                 
80200d9e 80200d9e        0     1                 
80200da8 80200da8        0     1                 
80200db0 80200db0        0     1                 .LBB0_10
80200db0 80200db0        0     1                 
80200dba 80200dba        0     1                 
80200dba 80200dba        0     1                 
80200dbc 80200dbc        0     1                 .LBB0_11
80200dbc 80200dbc        0     1                 
80200dc6 80200dc6        0     1                 
80200dc6 80200dc6        0     1                 
80200dc8 80200dc8        0     1                 .LBB0_12
80200dc8 80200dc8        0     1                 
80200dd2 80200dd2        0     1                 
80200dda 80200dda        0     1                 .LBB0_13
80200dda 80200dda        0     1                 
80200dea 80200dea        0     1                 
80200dea 80200dea        0     1                 
80200dee 80200dee        0     1                 
80200dfa 80200dfa        0     1                 
80200e00 80200e00        0     1                 .LBB0_15
80200e00 80200e00        0     1                 
80200e0c 80200e0c        0     1                 
80200e0c 80200e0c        0     1                 
80200e0e 80200e0e        0     1                 .LBB0_16
80200e0e 80200e0e        0     1                 
80200e2e 80200e2e        0     1                 
80200e38 80200e38        0     1                 
80200e40 80200e40        0     1                 .LBB0_17
80200e40 80200e40        0     1                 
80200e4a 80200e4a        0     1                 
80200e52 80200e52        0     1                 .LBB0_18
80200e52 80200e52        0     1                 
80200e5a 80200e5a        0     1                 
80200e62 80200e62        0     1                 .LBB0_19
80200e62 80200e62        0     1                 
80200e6c 80200e6c        0     1                 
80200e74 80200e74        0     1                 .LBB0_20
80200e74 80200e74        0     1                 
80200e7c 80200e7c        0     1                 
80200e84 80200e84        0     1                 .LBB0_21
80200e84 80200e84        0     1                 
80200e8e 80200e8e        0     1                 
80200e8e 80200e8e        0     1                 
80200e90 80200e90        0     1                 .LBB0_22
80200e90 80200e90        0     1                 
80200e9a 80200e9a        0     1                 
80200e9a 80200e9a        0     1                 
80200e9c 80200e9c        0     1                 .LBB0_23
80200e9c 80200e9c        0     1                 
80200ea6 80200ea6        0     1                 
80200ea6 80200ea6        0     1                 
80200ea8 80200ea8        0     1                 .LBB0_24
80200ea8 80200ea8        0     1                 
80200eb2 80200eb2        0     1                 
80200eb2 80200eb2        0     1                 
80200eb4 80200eb4        0     1                 .LBB0_25
80200eb4 80200eb4        0     1                 
80200ebe 80200ebe        0     1                 
80200ebe 80200ebe        0     1                 
80200ec0 80200ec0        0     1                 
80200ec0 80200ec0        0     1                 .LBB0_26
80200ec0 80200ec0        0     1                 
80200ec4 80200ec4        0     1                 
80200ec8 80200ec8        0     1                 
80200ecc 80200ecc        0     1                 
80200ed0 80200ed0        0     1                 
80200ed4 80200ed4        0     1                 
80200ed8 80200ed8        0     1                 
80200edc 80200edc        0     1                 
80200ee0 80200ee0        0     1                 
80200ee0 80200ee0        0     1                 
80200eec 80200eec        0     1                 
80200eec 80200eec        0     1                 
80200eee 80200eee        0     1                 
80200eee 80200eee        0     1                 .LBB0_27
80200eee 80200eee        0     1                 
80200ef6 80200ef6        0     1                 
80200efe 80200efe        0     1                 .LBB0_28
80200efe 80200efe        0     1                 
80200f06 80200f06        0     1                 
80200f08 80200f08        0     1                 
80200f22 80200f22        0     1                 
80200f2a 80200f2a        0     1                 
80200f2c 80200f2c        0     1                 
80200f30 80200f30        0     1                 
80200f4e 80200f4e        0     1                 
80200f50 80200f50        0     1                 
80200f54 80200f54        0     1                 
80200f64 80200f64        0     1                 
80200f66 80200f66        0     1                 
80200f6c 80200f6c        0     1                 
80200f6e 80200f6e        0     1                 
80200f70 80200f70        0     1                 
80200f8e 80200f8e        0     1                 
80200f90 80200f90        0     1                 
80200f90 80200f90        0     1                 
80200f90 80200f90        0     1                 
80200f90 80200f90        0     1                 
80200f90 80200f90        0     1                 
80200f90 80200f90       68     1                 handle_trap
80200f92 80200f92        0     1                 
80200f92 80200f92        0     1                 
80200f92 80200f92        0     1                 
80200f96 80200f96        0     1                 
80200f9a 80200f9a        0     1                 
80200f9a 80200f9a        0     1                 
80200f9e 80200f9e        0     1                 
80200f9e 80200f9e        0     1                 
80200fa2 80200fa2        0     1                 
80200fa4 80200fa4        0     1                 
80200fa4 80200fa4        0     1                 
80200fa8 80200fa8        0     1                 
80200fb0 80200fb0        0     1                 
80200fb0 80200fb0        0     1                 
80200fb4 80200fb4        0     1                 
80200fb8 80200fb8        0     1                 
80200fc0 80200fc0        0     1                 
80200fd2 80200fd2        0     1                 
80200fd2 80200fd2        0     1                 
80200ff6 80200ff6        0     1                 
80200ff8 80200ff8        0     1                 
80200ff8 80200ff8        0     1                 
80200ff8 80200ff8        0     1                 
80200ff8 80200ff8        0     1                 
80200ff8 80200ff8        0     1                 
80200ff8 80200ff8        0     1                 
80200ff8 80200ff8       9c     1                 switch_trap
80201094 80201094        0     1                 
80201094 80201094        0     1                 
80201094 80201094      34c     4         build/pcb_k.o:(.text)
80201094 80201094        0     1                 
80201094 80201094        0     1                 
80201094 80201094        0     1                 
80201094 80201094       3c     1                 switch_umode
80201096 80201096        0     1                 
80201098 80201098        0     1                 
802010a0 802010a0        0     1                 
802010ac 802010ac        0     1                 
802010ce 802010ce        0     1                 
802010d0 802010d0        0     1                 
802010d0 802010d0        0     1                 
802010d0 802010d0        0     1                 
802010d0 802010d0        0     1                 
802010d0 802010d0        0     1                 
802010d0 802010d0      2dc     1                 spawn_proc
802010d2 802010d2        0     1                 
802010e6 802010e6        0     1                 
802010ee 802010ee        0     1                 
802010f2 802010f2        0     1                 
802010f4 802010f4        0     1                 
802010f6 802010f6        0     1                 
802010fa 802010fa        0     1                 
802010fc 802010fc        0     1                 
80201108 80201108        0     1                 
8020110c 8020110c        0     1                 
8020110e 8020110e        0     1                 
80201112 80201112        0     1                 
80201116 80201116        0     1                 
80201118 80201118        0     1                 
80201128 80201128        0     1                 
8020112a 8020112a        0     1                 
8020112c 8020112c        0     1                 
80201132 80201132        0     1                 
80201134 80201134        0     1                 
80201136 80201136        0     1                 
80201146 80201146        0     1                 
80201148 80201148        0     1                 
8020114a 8020114a        0     1                 
80201150 80201150        0     1                 
80201152 80201152        0     1                 
80201154 80201154        0     1                 
80201164 80201164        0     1                 
80201166 80201166        0     1                 
80201168 80201168        0     1                 
8020116e 8020116e        0     1                 
80201170 80201170        0     1                 
80201172 80201172        0     1                 
80201182 80201182        0     1                 
80201184 80201184        0     1                 
80201186 80201186        0     1                 
8020118c 8020118c        0     1                 
8020118e 8020118e        0     1                 
80201190 80201190        0     1                 
802011ae 802011ae        0     1                 
802011b0 802011b0        0     1                 
802011e2 802011e2        0     1                 
802011ea 802011ea        0     1                 
802011ee 802011ee        0     1                 
802011f2 802011f2        0     1                 
80201200 80201200        0     1                 
80201200 80201200        0     1                 
80201202 80201202        0     1                 
80201206 80201206        0     1                 
80201206 80201206        0     1                 
80201236 80201236        0     1                 
80201236 80201236        0     1                 
8020123a 8020123a        0     1                 
8020123e 8020123e        0     1                 
80201240 80201240        0     1                 
80201248 80201248        0     1                 
80201252 80201252        0     1                 
80201256 80201256        0     1                 
80201260 80201260        0     1                 
80201262 80201262        0     1                 
80201266 80201266        0     1                 
80201276 80201276        0     1                 
80201278 80201278        0     1                 
8020127a 8020127a        0     1                 
80201284 80201284        0     1                 
80201284 80201284        0     1                 
80201286 80201286        0     1                 
80201288 80201288        0     1                 
80201298 80201298        0     1                 
8020129c 8020129c        0     1                 
802012a0 802012a0        0     1                 
802012ae 802012ae        0     1                 
802012ae 802012ae        0     1                 
802012b4 802012b4        0     1                 
802012b8 802012b8        0     1                 
802012cc 802012cc        0     1                 
802012d0 802012d0        0     1                 
802012de 802012de        0     1                 
802012de 802012de        0     1                 
802012e0 802012e0        0     1                 
802012e4 802012e4        0     1                 
802012ec 802012ec        0     1                 
802012f0 802012f0        0     1                 
802012fc 802012fc        0     1                 
80201300 80201300        0     1                 
8020130a 8020130a        0     1                 
8020130a 8020130a        0     1                 
8020130e 8020130e        0     1                 
80201312 80201312        0     1                 
8020131e 8020131e        0     1                 
8020131e 8020131e        0     1                 
80201320 80201320        0     1                 
80201328 80201328        0     1                 
8020132c 8020132c        0     1                 
80201336 80201336        0     1                 
80201336 80201336        0     1                 
8020133a 8020133a        0     1                 
80201340 80201340        0     1                 
80201342 80201342        0     1                 
80201346 80201346        0     1                 
80201360 80201360        0     1                 
80201384 80201384        0     1                 
80201386 80201386        0     1                 
802013aa 802013aa        0     1                 
802013ac 802013ac        0     1                 
802013ac 802013ac        0     1                 
802013ac 802013ac        0     1                 
802013ac 802013ac        0     1                 
802013ac 802013ac        0     1                 
802013ac 802013ac        0     1                 
802013ac 802013ac       34     1                 free_proc
802013ae 802013ae        0     1                 
802013b0 802013b0        0     1                 
802013b2 802013b2        0     1                 
802013b4 802013b4        0     1                 
802013b6 802013b6        0     1                 
802013ba 802013ba        0     1                 
802013be 802013be        0     1                 
802013c2 802013c2        0     1                 
802013c6 802013c6        0     1                 
802013ca 802013ca        0     1                 
802013ce 802013ce        0     1                 
802013d2 802013d2        0     1                 
802013d6 802013d6        0     1                 
802013de 802013de        0     1                 
802013e0 802013e0        0     1                 
802013e0 802013e0        0     1                 
802013e0 802013e0      358     4         build/program_k.o:(.text)
802013e0 802013e0        0     1                 
802013e0 802013e0        0     1                 
802013e0 802013e0        0     1                 
802013e0 802013e0        0     1                 
802013e0 802013e0       46     1                 switch_proc
80201426 80201426        0     1                 
80201426 80201426        0     1                 
80201426 80201426        0     1                 
80201426 80201426        0     1                 
80201426 80201426        0     1                 
80201426 80201426        0     1                 
80201426 80201426       14     1                 Flush_TLB
80201428 80201428        0     1                 
8020142a 8020142a        0     1                 
8020142e 8020142e        0     1                 
80201430 80201430        0     1                 
80201438 80201438        0     1                 
8020143a 8020143a        0     1                 
8020143a 8020143a        0     1                 
8020143a 8020143a        0     1                 
8020143a 8020143a        0     1                 
8020143a 8020143a        0     1                 
8020143a 8020143a        0     1                 
8020143a 8020143a      2fe     1                 yield
80201442 80201442        0     1                 
80201448 80201448        0     1                 
8020144c 8020144c        0     1                 
80201452 80201452        0     1                 
80201456 80201456        0     1                 
80201458 80201458        0     1                 
8020145c 8020145c        0     1                 
80201460 80201460        0     1                 
80201462 80201462        0     1                 
8020146a 8020146a        0     1                 
8020146a 8020146a        0     1                 
8020147a 8020147a        0     1                 
8020147c 8020147c        0     1                 
80201480 80201480        0     1                 
80201490 80201490        0     1                 
80201494 80201494        0     1                 
802014a0 802014a0        0     1                 
802014b0 802014b0        0     1                 
802014b2 802014b2        0     1                 
802014b6 802014b6        0     1                 
802014c8 802014c8        0     1                 
802014cc 802014cc        0     1                 
802014d0 802014d0        0     1                 
802014de 802014de        0     1                 
802014e0 802014e0        0     1                 
802014e4 802014e4        0     1                 
802014f6 802014f6        0     1                 
802014fa 802014fa        0     1                 
80201502 80201502        0     1                 
80201506 80201506        0     1                 
80201516 80201516        0     1                 
80201518 80201518        0     1                 
8020151c 8020151c        0     1                 
8020152e 8020152e        0     1                 
80201532 80201532        0     1                 
80201536 80201536        0     1                 
80201544 80201544        0     1                 
80201546 80201546        0     1                 
8020154a 8020154a        0     1                 
8020155c 8020155c        0     1                 
80201560 80201560        0     1                 
80201568 80201568        0     1                 
8020156c 8020156c        0     1                 
8020157c 8020157c        0     1                 
8020157e 8020157e        0     1                 
80201582 80201582        0     1                 
80201594 80201594        0     1                 
80201598 80201598        0     1                 
8020159c 8020159c        0     1                 
802015aa 802015aa        0     1                 
802015ac 802015ac        0     1                 
802015b0 802015b0        0     1                 
802015c2 802015c2        0     1                 
802015c6 802015c6        0     1                 
802015ce 802015ce        0     1                 
802015d2 802015d2        0     1                 
802015e2 802015e2        0     1                 
802015e4 802015e4        0     1                 
802015e8 802015e8        0     1                 
802015fa 802015fa        0     1                 
802015fe 802015fe        0     1                 
80201602 80201602        0     1                 
80201610 80201610        0     1                 
80201612 80201612        0     1                 
80201616 80201616        0     1                 
80201628 80201628        0     1                 
8020162c 8020162c        0     1                 
80201634 80201634        0     1                 
80201638 80201638        0     1                 
80201648 80201648        0     1                 
8020164a 8020164a        0     1                 
8020164e 8020164e        0     1                 
80201660 80201660        0     1                 
80201664 80201664        0     1                 
80201668 80201668        0     1                 
80201676 80201676        0     1                 
80201678 80201678        0     1                 
8020167c 8020167c        0     1                 
8020168e 8020168e        0     1                 
80201692 80201692        0     1                 
8020169e 8020169e        0     1                 
802016ae 802016ae        0     1                 
802016b0 802016b0        0     1                 
802016b4 802016b4        0     1                 
802016c6 802016c6        0     1                 
802016ca 802016ca        0     1                 
802016ca 802016ca        0     1                 
802016dc 802016dc        0     1                 
802016de 802016de        0     1                 
802016e2 802016e2        0     1                 
802016e6 802016e6        0     1                 
802016ea 802016ea        0     1                 
802016f2 802016f2        0     1                 
802016f4 802016f4        0     1                 
802016f6 802016f6        0     1                 
802016f8 802016f8        0     1                 
802016fa 802016fa        0     1                 
802016fe 802016fe        0     1                 
80201700 80201700        0     1                 
80201704 80201704        0     1                 
80201706 80201706        0     1                 
8020170e 8020170e        0     1                 
8020170e 8020170e        0     1                 
80201716 80201716        0     1                 
8020171e 8020171e        0     1                 
80201722 80201722        0     1                 
80201724 80201724        0     1                 
80201728 80201728        0     1                 
80201730 80201730        0     1                 
80201734 80201734        0     1                 
80201738 80201738        0     1                 
80201738 80201738        0     1                 
80201738 80201738      2fe     4         build/app.o:(.text)
80201738 80201738        0     1                 
80201738 80201738        0     1                 
80201738 80201738        0     1                 
80201738 80201738      14c     1                 init_app
8020173a 8020173a        0     1                 
8020173e 8020173e        0     1                 
80201740 80201740        0     1                 
80201740 80201740        0     1                 
80201746 80201746        0     1                 
80201748 80201748        0     1                 
8020174a 8020174a        0     1                 
8020174e 8020174e        0     1                 
80201752 80201752        0     1                 
80201754 80201754        0     1                 
80201758 80201758        0     1                 
8020175c 8020175c        0     1                 
8020175e 8020175e        0     1                 
80201762 80201762        0     1                 
80201766 80201766        0     1                 
80201768 80201768        0     1                 
8020176c 8020176c        0     1                 
80201770 80201770        0     1                 
80201772 80201772        0     1                 
80201776 80201776        0     1                 
80201778 80201778        0     1                 
8020177c 8020177c        0     1                 
80201780 80201780        0     1                 
80201782 80201782        0     1                 
80201786 80201786        0     1                 
8020178a 8020178a        0     1                 
8020178c 8020178c        0     1                 
80201790 80201790        0     1                 
80201794 80201794        0     1                 
80201796 80201796        0     1                 
8020179a 8020179a        0     1                 
8020179e 8020179e        0     1                 
802017a0 802017a0        0     1                 
802017a4 802017a4        0     1                 
802017a8 802017a8        0     1                 
802017aa 802017aa        0     1                 
802017ae 802017ae        0     1                 
802017ae 802017ae        0     1                 
802017b6 802017b6        0     1                 
802017b8 802017b8        0     1                 
802017bc 802017bc        0     1                 
802017be 802017be        0     1                 
802017c0 802017c0        0     1                 
802017c2 802017c2        0     1                 
802017c4 802017c4        0     1                 
802017c6 802017c6        0     1                 
802017ce 802017ce        0     1                 
802017d0 802017d0        0     1                 
802017d2 802017d2        0     1                 
802017d4 802017d4        0     1                 
802017d6 802017d6        0     1                 
802017de 802017de        0     1                 
802017e0 802017e0        0     1                 
802017e2 802017e2        0     1                 
802017e4 802017e4        0     1                 
802017e6 802017e6        0     1                 
802017ee 802017ee        0     1                 
802017f0 802017f0        0     1                 
802017f2 802017f2        0     1                 
802017f4 802017f4        0     1                 
802017f6 802017f6        0     1                 
802017fe 802017fe        0     1                 
80201802 80201802        0     1                 
80201804 80201804        0     1                 
80201808 80201808        0     1                 
8020180a 8020180a        0     1                 
80201826 80201826        0     1                 
80201828 80201828        0     1                 
8020184e 8020184e        0     1                 
80201864 80201864        0     1                 
8020187a 8020187a        0     1                 
8020187a 8020187a        0     1                 
80201884 80201884        0     1                 
80201884 80201884        0     1                 
80201884 80201884        0     1                 
80201884 80201884        0     1                 
80201884 80201884        0     1                 
80201884 80201884       4c     1                 start_app
80201886 80201886        0     1                 
80201888 80201888        0     1                 
8020188c 8020188c        0     1                 
80201890 80201890        0     1                 
802018a0 802018a0        0     1                 
802018a2 802018a2        0     1                 
802018a4 802018a4        0     1                 
802018ac 802018ac        0     1                 
802018ac 802018ac        0     1                 
802018ae 802018ae        0     1                 
802018b4 802018b4        0     1                 
802018ce 802018ce        0     1                 
802018d0 802018d0        0     1                 
802018d0 802018d0        0     1                 
802018d0 802018d0        0     1                 
802018d0 802018d0        0     1                 
802018d0 802018d0        0     1                 
802018d0 802018d0      104     1                 get_app_id
802018d2 802018d2        0     1                 
802018d8 802018d8        0     1                 
802018da 802018da        0     1                 
802018da 802018da        0     1                 
802018ee 802018ee        0     1                 
802018ee 802018ee        0     1                 
802018f0 802018f0        0     1                 
802018f4 802018f4        0     1                 
802018fe 802018fe        0     1                 
802018fe 802018fe        0     1                 
80201900 80201900        0     1                 
8020190c 8020190c        0     1                 
80201916 80201916        0     1                 
80201916 80201916        0     1                 
80201918 80201918        0     1                 
8020191c 8020191c        0     1                 
80201926 80201926        0     1                 
80201926 80201926        0     1                 
80201928 80201928        0     1                 
80201934 80201934        0     1                 
8020193e 8020193e        0     1                 
8020193e 8020193e        0     1                 
80201940 80201940        0     1                 
80201944 80201944        0     1                 
8020194e 8020194e        0     1                 
8020194e 8020194e        0     1                 
80201950 80201950        0     1                 
8020195c 8020195c        0     1                 
80201966 80201966        0     1                 
80201966 80201966        0     1                 
80201968 80201968        0     1                 
8020196c 8020196c        0     1                 
80201976 80201976        0     1                 
80201976 80201976        0     1                 
80201978 80201978        0     1                 
80201984 80201984        0     1                 
8020198e 8020198e        0     1                 
8020198e 8020198e        0     1                 
80201990 80201990        0     1                 
80201994 80201994        0     1                 
8020199e 8020199e        0     1                 
802019a2 802019a2        0     1                 
802019a4 802019a4        0     1                 
802019a4 802019a4        0     1                 
802019ca 802019ca        0     1                 
802019d4 802019d4        0     1                 
802019d4 802019d4        0     1                 
802019d4 802019d4        0     1                 
802019d4 802019d4        0     1                 
802019d4 802019d4        0     1                 
802019d4 802019d4       62     1                 get_app_name
802019d6 802019d6        0     1                 
802019d8 802019d8        0     1                 
802019dc 802019dc        0     1                 
802019e0 802019e0        0     1                 
802019fc 802019fc        0     1                 
802019fe 802019fe        0     1                 
80201a0c 80201a0c        0     1                 
80201a30 80201a30        0     1                 
80201a36 80201a36        0     1                 
80201a36 80201a36        0     1                 
80201a38 80201a38      608     4         build/sockets.o:(.text)
80201a38 80201a38        0     1                 
80201a38 80201a38        0     1                 
80201a38 80201a38        0     1                 
80201a38 80201a38       4e     1                 read_rsocket
80201a3a 80201a3a        0     1                 
80201a3c 80201a3c        0     1                 
80201a40 80201a40        0     1                 
80201a44 80201a44        0     1                 
80201a5e 80201a5e        0     1                 
80201a60 80201a60        0     1                 
80201a68 80201a68        0     1                 
80201a7c 80201a7c        0     1                 
80201a80 80201a80        0     1                 
80201a86 80201a86        0     1                 
80201a86 80201a86        0     1                 
80201a86 80201a86        0     1                 
80201a86 80201a86        0     1                 
80201a86 80201a86        0     1                 
80201a86 80201a86       4c     1                 write_rsocket
80201a88 80201a88        0     1                 
80201a8a 80201a8a        0     1                 
80201a8e 80201a8e        0     1                 
80201a92 80201a92        0     1                 
80201aac 80201aac        0     1                 
80201aae 80201aae        0     1                 
80201abc 80201abc        0     1                 
80201ac8 80201ac8        0     1                 
80201acc 80201acc        0     1                 
80201ad2 80201ad2        0     1                 
80201ad2 80201ad2        0     1                 
80201ad2 80201ad2        0     1                 
80201ad2 80201ad2        0     1                 
80201ad2 80201ad2        0     1                 
80201ad2 80201ad2       7e     1                 read_socket
80201ad4 80201ad4        0     1                 
80201ad6 80201ad6        0     1                 
80201ada 80201ada        0     1                 
80201ade 80201ade        0     1                 
80201afa 80201afa        0     1                 
80201afc 80201afc        0     1                 
80201b02 80201b02        0     1                 
80201b06 80201b06        0     1                 
80201b20 80201b20        0     1                 
80201b22 80201b22        0     1                 
80201b2a 80201b2a        0     1                 
80201b2e 80201b2e        0     1                 
80201b30 80201b30        0     1                 
80201b46 80201b46        0     1                 
80201b4a 80201b4a        0     1                 
80201b50 80201b50        0     1                 
80201b50 80201b50        0     1                 
80201b50 80201b50        0     1                 
80201b50 80201b50        0     1                 
80201b50 80201b50        0     1                 
80201b50 80201b50       7c     1                 write_socket
80201b52 80201b52        0     1                 
80201b54 80201b54        0     1                 
80201b58 80201b58        0     1                 
80201b5c 80201b5c        0     1                 
80201b76 80201b76        0     1                 
80201b78 80201b78        0     1                 
80201b7e 80201b7e        0     1                 
80201b82 80201b82        0     1                 
80201b9e 80201b9e        0     1                 
80201ba0 80201ba0        0     1                 
80201ba4 80201ba4        0     1                 
80201ba6 80201ba6        0     1                 
80201bb2 80201bb2        0     1                 
80201bb4 80201bb4        0     1                 
80201bc2 80201bc2        0     1                 
80201bc6 80201bc6        0     1                 
80201bcc 80201bcc        0     1                 
80201bcc 80201bcc        0     1                 
80201bcc 80201bcc        0     1                 
80201bcc 80201bcc        0     1                 
80201bcc 80201bcc        0     1                 
80201bcc 80201bcc       60     1                 claim_rsocket
80201bce 80201bce        0     1                 
80201bd0 80201bd0        0     1                 
80201bd4 80201bd4        0     1                 
80201bd8 80201bd8        0     1                 
80201bf4 80201bf4        0     1                 
80201bf6 80201bf6        0     1                 
80201c0a 80201c0a        0     1                 
80201c0c 80201c0c        0     1                 
80201c0e 80201c0e        0     1                 
80201c16 80201c16        0     1                 
80201c1c 80201c1c        0     1                 
80201c20 80201c20        0     1                 
80201c22 80201c22        0     1                 
80201c26 80201c26        0     1                 
80201c2c 80201c2c        0     1                 
80201c2c 80201c2c        0     1                 
80201c2c 80201c2c        0     1                 
80201c2c 80201c2c        0     1                 
80201c2c 80201c2c        0     1                 
80201c2c 80201c2c       60     1                 claim_socket
80201c2e 80201c2e        0     1                 
80201c30 80201c30        0     1                 
80201c34 80201c34        0     1                 
80201c38 80201c38        0     1                 
80201c54 80201c54        0     1                 
80201c56 80201c56        0     1                 
80201c6a 80201c6a        0     1                 
80201c6c 80201c6c        0     1                 
80201c6e 80201c6e        0     1                 
80201c76 80201c76        0     1                 
80201c7c 80201c7c        0     1                 
80201c80 80201c80        0     1                 
80201c82 80201c82        0     1                 
80201c86 80201c86        0     1                 
80201c8c 80201c8c        0     1                 
80201c8c 80201c8c        0     1                 
80201c8c 80201c8c        0     1                 
80201c8c 80201c8c        0     1                 
80201c8c 80201c8c        0     1                 
80201c8c 80201c8c       42     1                 unclaim_rsocket
80201c8e 80201c8e        0     1                 
80201c90 80201c90        0     1                 
80201c94 80201c94        0     1                 
80201c98 80201c98        0     1                 
80201cb4 80201cb4        0     1                 
80201cb6 80201cb6        0     1                 
80201cc4 80201cc4        0     1                 
80201cc8 80201cc8        0     1                 
80201cce 80201cce        0     1                 
80201cce 80201cce        0     1                 
80201cce 80201cce        0     1                 
80201cce 80201cce        0     1                 
80201cce 80201cce        0     1                 
80201cce 80201cce       42     1                 unclaim_socket
80201cd0 80201cd0        0     1                 
80201cd2 80201cd2        0     1                 
80201cd6 80201cd6        0     1                 
80201cda 80201cda        0     1                 
80201cf6 80201cf6        0     1                 
80201cf8 80201cf8        0     1                 
80201d06 80201d06        0     1                 
80201d0a 80201d0a        0     1                 
80201d10 80201d10        0     1                 
80201d10 80201d10        0     1                 
80201d10 80201d10        0     1                 
80201d10 80201d10        0     1                 
80201d10 80201d10        0     1                 
80201d10 80201d10      13c     1                 find_free_rsocket
80201d12 80201d12        0     1                 
80201d12 80201d12        0     1                 
80201d14 80201d14        0     1                 
80201d1c 80201d1c        0     1                 
80201d1e 80201d1e        0     1                 
80201d20 80201d20        0     1                 
80201d20 80201d20        0     1                 
80201d24 80201d24        0     1                 
80201d2c 80201d2c        0     1                 
80201d32 80201d32        0     1                 
80201d36 80201d36        0     1                 
80201d3c 80201d3c        0     1                 
80201d40 80201d40        0     1                 
80201d48 80201d48        0     1                 
80201d4e 80201d4e        0     1                 
80201d52 80201d52        0     1                 
80201d58 80201d58        0     1                 
80201d5c 80201d5c        0     1                 
80201d64 80201d64        0     1                 
80201d6a 80201d6a        0     1                 
80201d6e 80201d6e        0     1                 
80201d74 80201d74        0     1                 
80201d78 80201d78        0     1                 
80201d80 80201d80        0     1                 
80201d86 80201d86        0     1                 
80201d8a 80201d8a        0     1                 
80201d90 80201d90        0     1                 
80201d94 80201d94        0     1                 
80201d98 80201d98        0     1                 
80201d9e 80201d9e        0     1                 
80201da2 80201da2        0     1                 
80201da2 80201da2        0     1                 
80201dc0 80201dc0        0     1                 
80201dc2 80201dc2        0     1                 
80201dc2 80201dc2        0     1                 
80201dc4 80201dc4        0     1                 
80201dcc 80201dcc        0     1                 
80201dd0 80201dd0        0     1                 
80201dd2 80201dd2        0     1                 
80201dd6 80201dd6        0     1                 
80201dd8 80201dd8        0     1                 
80201de0 80201de0        0     1                 
80201de4 80201de4        0     1                 
80201de6 80201de6        0     1                 
80201dea 80201dea        0     1                 
80201dec 80201dec        0     1                 
80201df4 80201df4        0     1                 
80201df8 80201df8        0     1                 
80201dfa 80201dfa        0     1                 
80201dfe 80201dfe        0     1                 
80201e00 80201e00        0     1                 
80201e08 80201e08        0     1                 
80201e0c 80201e0c        0     1                 
80201e0e 80201e0e        0     1                 
80201e12 80201e12        0     1                 
80201e14 80201e14        0     1                 
80201e18 80201e18        0     1                 
80201e1e 80201e1e        0     1                 
80201e20 80201e20        0     1                 
80201e20 80201e20        0     1                 
80201e26 80201e26        0     1                 
80201e2c 80201e2c        0     1                 
80201e4c 80201e4c        0     1                 
80201e4c 80201e4c        0     1                 
80201e4c 80201e4c        0     1                 
80201e4c 80201e4c        0     1                 
80201e4c 80201e4c        0     1                 
80201e4c 80201e4c      13c     1                 find_free_socket
80201e4e 80201e4e        0     1                 
80201e4e 80201e4e        0     1                 
80201e50 80201e50        0     1                 
80201e58 80201e58        0     1                 
80201e5a 80201e5a        0     1                 
80201e5c 80201e5c        0     1                 
80201e5c 80201e5c        0     1                 
80201e60 80201e60        0     1                 
80201e68 80201e68        0     1                 
80201e6e 80201e6e        0     1                 
80201e72 80201e72        0     1                 
80201e78 80201e78        0     1                 
80201e7c 80201e7c        0     1                 
80201e84 80201e84        0     1                 
80201e8a 80201e8a        0     1                 
80201e8e 80201e8e        0     1                 
80201e94 80201e94        0     1                 
80201e98 80201e98        0     1                 
80201ea0 80201ea0        0     1                 
80201ea6 80201ea6        0     1                 
80201eaa 80201eaa        0     1                 
80201eb0 80201eb0        0     1                 
80201eb4 80201eb4        0     1                 
80201ebc 80201ebc        0     1                 
80201ec2 80201ec2        0     1                 
80201ec6 80201ec6        0     1                 
80201ecc 80201ecc        0     1                 
80201ed0 80201ed0        0     1                 
80201ed4 80201ed4        0     1                 
80201eda 80201eda        0     1                 
80201ede 80201ede        0     1                 
80201ede 80201ede        0     1                 
80201efc 80201efc        0     1                 
80201efe 80201efe        0     1                 
80201efe 80201efe        0     1                 
80201f00 80201f00        0     1                 
80201f08 80201f08        0     1                 
80201f0c 80201f0c        0     1                 
80201f0e 80201f0e        0     1                 
80201f12 80201f12        0     1                 
80201f14 80201f14        0     1                 
80201f1c 80201f1c        0     1                 
80201f20 80201f20        0     1                 
80201f22 80201f22        0     1                 
80201f26 80201f26        0     1                 
80201f28 80201f28        0     1                 
80201f30 80201f30        0     1                 
80201f34 80201f34        0     1                 
80201f36 80201f36        0     1                 
80201f3a 80201f3a        0     1                 
80201f3c 80201f3c        0     1                 
80201f44 80201f44        0     1                 
80201f48 80201f48        0     1                 
80201f4a 80201f4a        0     1                 
80201f4e 80201f4e        0     1                 
80201f50 80201f50        0     1                 
80201f54 80201f54        0     1                 
80201f5a 80201f5a        0     1                 
80201f5c 80201f5c        0     1                 
80201f5c 80201f5c        0     1                 
80201f62 80201f62        0     1                 
80201f68 80201f68        0     1                 
80201f88 80201f88        0     1                 
80201f88 80201f88        0     1                 
80201f88 80201f88        0     1                 
80201f88 80201f88        0     1                 
80201f88 80201f88        0     1                 
80201f88 80201f88       5c     1                 info_rsocket
80201f8a 80201f8a        0     1                 
80201f8c 80201f8c        0     1                 
80201f90 80201f90        0     1                 
80201f94 80201f94        0     1                 
80201fb0 80201fb0        0     1                 
80201fb2 80201fb2        0     1                 
80201fc0 80201fc0        0     1                 
80201fc4 80201fc4        0     1                 
80201fc8 80201fc8        0     1                 
80201fca 80201fca        0     1                 
80201fce 80201fce        0     1                 
80201fd0 80201fd0        0     1                 
80201fd4 80201fd4        0     1                 
80201fd6 80201fd6        0     1                 
80201fda 80201fda        0     1                 
80201fdc 80201fdc        0     1                 
80201fde 80201fde        0     1                 
80201fe4 80201fe4        0     1                 
80201fe4 80201fe4        0     1                 
80201fe4 80201fe4        0     1                 
80201fe4 80201fe4        0     1                 
80201fe4 80201fe4        0     1                 
80201fe4 80201fe4       5c     1                 info_socket
80201fe6 80201fe6        0     1                 
80201fe8 80201fe8        0     1                 
80201fec 80201fec        0     1                 
80201ff0 80201ff0        0     1                 
8020200c 8020200c        0     1                 
8020200e 8020200e        0     1                 
8020201c 8020201c        0     1                 
80202020 80202020        0     1                 
80202024 80202024        0     1                 
80202026 80202026        0     1                 
8020202a 8020202a        0     1                 
8020202c 8020202c        0     1                 
80202030 80202030        0     1                 
80202032 80202032        0     1                 
80202036 80202036        0     1                 
80202038 80202038        0     1                 
8020203a 8020203a        0     1                 
80202040 80202040        0     1                 
80202040 80202040        0     1                 
80202040 80202040      a80     4 .rodata
80202040 80202040      973     1         <internal>:(.rodata)
802029b4 802029b4       58     4         build/print_k.o:(.rodata)
802029b4 802029b4        0     1                 .LJTI0_0
80202a0c 80202a0c       58     4         build/str.o:(.rodata)
80202a0c 80202a0c        0     1                 .LJTI2_0
80202a64 80202a64       5c     4         build/trap_k.o:(.rodata)
80202a64 80202a64        0     1                 .LJTI0_0
80202ac0 80202ac0    26f70     4 .data
80202ac0 80202ac0     9e30     1         bronx.o:(.data)
80202ac0 80202ac0        0     1                 _binary_bronx_bin_start
8020c8f0 8020c8f0        0     1                 _binary_bronx_bin_end
8020c8f0 8020c8f0     8240     1         init.o:(.data)
8020c8f0 8020c8f0        0     1                 _binary_init_bin_start
80214b30 80214b30        0     1                 _binary_init_bin_end
80214b30 80214b30     c5a0     1         snak.o:(.data)
80214b30 80214b30        0     1                 _binary_snak_bin_start
802210d0 802210d0        0     1                 _binary_snak_bin_end
802210d0 802210d0     8960     1         test.o:(.data)
802210d0 802210d0        0     1                 _binary_test_bin_start
80229a30 80229a30        0     1                 _binary_test_bin_end
80229a30 80229a30     5a14     4 .bss
80229a30 80229a30        0     1         __bss = .
80229a30 80229a30        4     4         build/memory.o:(.sbss)
80229a30 80229a30        4     1                 nextfreepageframe
80229a34 80229a34        8     4         build/pcb_k.o:(.sbss)
80229a34 80229a34        4     1                 currproc
80229a38 80229a38        4     1                 idleproc
80229a3c 80229a3c     30f0     4         build/pcb_k.o:(.bss)
80229a3c 80229a3c     30f0     1                 proclist
8022cb2c 8022cb2c       a0     4         build/app.o:(.bss)
8022cb2c 8022cb2c       a0     1                 app_list
8022cbcc 8022cbcc     2878     4         build/sockets.o:(.bss)
8022cbcc 8022cbcc       28     1                 rsockets
8022cbf4 8022cbf4       28     1                 rsocket_info
8022cc1c 8022cc1c     2800     1                 sockets
8022f41c 8022f41c       28     1                 socket_info
8022f444 8022f444        0     1         __bss_end = .
8022f444 8022f444        0     1 . = ALIGN ( 4 )
8022f444 8022f444    20000     1 . += 128 * 1024
8024f444 8024f444        0     1 __stack_top = .
8024f444 8024f444      bbc     1 . = ALIGN ( 4096 )
80250000 80250000        0     1 __free_ram_start = .
80250000 80250000  2000000     1 . += 32 * 1024 * 1024
82250000 82250000        0     1 __free_ram_end = .
       0        0      e9b     1 .debug_abbrev
       0        0      115     1         build/main.o:(.debug_abbrev)
     115      115      104     1         build/print_k.o:(.debug_abbrev)
     219      219      165     1         build/SBI.o:(.debug_abbrev)
     37e      37e       b9     1         build/mem.o:(.debug_abbrev)
     437      437      12c     1         build/str.o:(.debug_abbrev)
     563      563      113     1         build/oa.o:(.debug_abbrev)
     676      676      16a     1         build/memory.o:(.debug_abbrev)
     7e0      7e0      1d3     1         build/trap_k.o:(.debug_abbrev)
     9b3      9b3      163     1         build/pcb_k.o:(.debug_abbrev)
     b16      b16      136     1         build/program_k.o:(.debug_abbrev)
     c4c      c4c      142     1         build/app.o:(.debug_abbrev)
     d8e      d8e      10d     1         build/sockets.o:(.debug_abbrev)
       0        0     1c50     1 .debug_info
       0        0      1e3     1         build/main.o:(.debug_info)
     1e3      1e3      1e5     1         build/print_k.o:(.debug_info)
     3c8      3c8      3e6     1         build/SBI.o:(.debug_info)
     7ae      7ae       d9     1         build/mem.o:(.debug_info)
     887      887      1f5     1         build/str.o:(.debug_info)
     a7c      a7c      184     1         build/oa.o:(.debug_info)
     c00      c00      279     1         build/memory.o:(.debug_info)
     e79      e79      49d     1         build/trap_k.o:(.debug_info)
    1316     1316      286     1         build/pcb_k.o:(.debug_info)
    159c     159c      195     1         build/program_k.o:(.debug_info)
    1731     1731      25a     1         build/app.o:(.debug_info)
    198b     198b      2c5     1         build/sockets.o:(.debug_info)
       0        0      18a     1 .debug_rnglists
       0        0       18     1         build/main.o:(.debug_rnglists)
       c        c        0     1                 
      18       18       57     1         build/print_k.o:(.debug_rnglists)
      24       24        0     1                 
      6f       6f       66     1         build/str.o:(.debug_rnglists)
      7b       7b        0     1                 
      d5       d5       1b     1         build/oa.o:(.debug_rnglists)
      e1       e1        0     1                 
      f0       f0       5b     1         build/pcb_k.o:(.debug_rnglists)
      fc       fc        0     1                 
     14b      14b       20     1         build/program_k.o:(.debug_rnglists)
     157      157        0     1                 
     16b      16b       1f     1         build/app.o:(.debug_rnglists)
     177      177        0     1                 
       0        0      78c     1 .debug_str_offsets
       0        0       88     1         build/main.o:(.debug_str_offsets)
       8        8        0     1                 
      88       88       68     1         build/print_k.o:(.debug_str_offsets)
      90       90        0     1                 
      f0       f0       94     1         build/SBI.o:(.debug_str_offsets)
      f8       f8        0     1                 
     184      184       58     1         build/mem.o:(.debug_str_offsets)
     18c      18c        0     1                 
     1dc      1dc       88     1         build/str.o:(.debug_str_offsets)
     1e4      1e4        0     1                 
     264      264       50     1         build/oa.o:(.debug_str_offsets)
     26c      26c        0     1                 
     2b4      2b4       a8     1         build/memory.o:(.debug_str_offsets)
     2bc      2bc        0     1                 
     35c      35c      19c     1         build/trap_k.o:(.debug_str_offsets)
     364      364        0     1                 
     4f8      4f8       cc     1         build/pcb_k.o:(.debug_str_offsets)
     500      500        0     1                 
     5c4      5c4       8c     1         build/program_k.o:(.debug_str_offsets)
     5cc      5cc        0     1                 
     650      650       a0     1         build/app.o:(.debug_str_offsets)
     658      658        0     1                 
     6f0      6f0       9c     1         build/sockets.o:(.debug_str_offsets)
     6f8      6f8        0     1                 
       0        0      7be     1 .debug_str
       0        0      7be     1         <internal>:(.debug_str)
       0        0      38c     1 .debug_addr
       0        0       6c     1         build/main.o:(.debug_addr)
       8        8        0     1                 
      6c       6c       50     1         build/print_k.o:(.debug_addr)
      74       74        0     1                 
      bc       bc       38     1         build/SBI.o:(.debug_addr)
      c4       c4        0     1                 
      f4       f4       10     1         build/mem.o:(.debug_addr)
      fc       fc        0     1                 
     104      104       24     1         build/str.o:(.debug_addr)
     10c      10c        0     1                 
     128      128       20     1         build/oa.o:(.debug_addr)
     130      130        0     1                 
     148      148       5c     1         build/memory.o:(.debug_addr)
     150      150        0     1                 
     1a4      1a4       88     1         build/trap_k.o:(.debug_addr)
     1ac      1ac        0     1                 
     22c      22c       54     1         build/pcb_k.o:(.debug_addr)
     234      234        0     1                 
     280      280       1c     1         build/program_k.o:(.debug_addr)
     288      288        0     1                 
     29c      29c       60     1         build/app.o:(.debug_addr)
     2a4      2a4        0     1                 
     2fc      2fc       90     1         build/sockets.o:(.debug_addr)
     304      304        0     1                 
       0        0       42     1 .comment
       0        0       42     1         <internal>:(.comment)
       0        0       2b     1 .riscv.attributes
       0        0       2b     1         build/main.o:(.riscv.attributes)
       0        0      4e8     4 .debug_frame
       0        0       54     4         build/main.o:(.debug_frame)
       0        0        0     1                 
      54       54       44     4         build/print_k.o:(.debug_frame)
      54       54        0     1                 
      98       98       64     4         build/SBI.o:(.debug_frame)
      98       98        0     1                 
      fc       fc       34     4         build/mem.o:(.debug_frame)
      fc       fc        0     1                 
     130      130       64     4         build/str.o:(.debug_frame)
     130      130        0     1                 
     194      194       3c     4         build/oa.o:(.debug_frame)
     194      194        0     1                 
     1d0      1d0       70     4         build/memory.o:(.debug_frame)
     1d0      1d0        0     1                 
     240      240       54     4         build/trap_k.o:(.debug_frame)
     240      240        0     1                 
     294      294       64     4         build/pcb_k.o:(.debug_frame)
     294      294        0     1                 
     2f8      2f8       44     4         build/program_k.o:(.debug_frame)
     2f8      2f8        0     1                 
     33c      33c       78     4         build/app.o:(.debug_frame)
     33c      33c        0     1                 
     3b4      3b4      134     4         build/sockets.o:(.debug_frame)
     3b4      3b4        0     1                 
       0        0     2830     1 .debug_line
       0        0      1aa     1         build/main.o:(.debug_line)
       0        0        0     1                 .Lline_table_start0
     1aa      1aa      2d0     1         build/print_k.o:(.debug_line)
     1aa      1aa        0     1                 .Lline_table_start0
     47a      47a      146     1         build/SBI.o:(.debug_line)
     47a      47a        0     1                 .Lline_table_start0
     5c0      5c0       f6     1         build/mem.o:(.debug_line)
     5c0      5c0        0     1                 .Lline_table_start0
     6b6      6b6      3f0     1         build/str.o:(.debug_line)
     6b6      6b6        0     1                 .Lline_table_start0
     aa6      aa6      25a     1         build/oa.o:(.debug_line)
     aa6      aa6        0     1                 .Lline_table_start0
     d00      d00      2e1     1         build/memory.o:(.debug_line)
     d00      d00        0     1                 .Lline_table_start0
     fe1      fe1      3ac     1         build/trap_k.o:(.debug_line)
     fe1      fe1        0     1                 .Lline_table_start0
    138d     138d      439     1         build/pcb_k.o:(.debug_line)
    138d     138d        0     1                 .Lline_table_start0
    17c6     17c6      47b     1         build/program_k.o:(.debug_line)
    17c6     17c6        0     1                 .Lline_table_start0
    1c41     1c41      44c     1         build/app.o:(.debug_line)
    1c41     1c41        0     1                 .Lline_table_start0
    208d     208d      7a3     1         build/sockets.o:(.debug_line)
    208d     208d        0     1                 .Lline_table_start0
       0        0       f1     1 .debug_line_str
       0        0       f1     1         <internal>:(.debug_line_str)
       0        0     1143     1 .debug_loclists
       0        0      115     1         build/print_k.o:(.debug_loclists)
       c        c        0     1                 
     115      115      10c     1         build/SBI.o:(.debug_loclists)
     121      121        0     1                 
     221      221       66     1         build/mem.o:(.debug_loclists)
     22d      22d        0     1                 
     287      287      1a1     1         build/str.o:(.debug_loclists)
     293      293        0     1                 
     428      428      19a     1         build/oa.o:(.debug_loclists)
     434      434        0     1                 
     5c2      5c2      1b4     1         build/memory.o:(.debug_loclists)
     5ce      5ce        0     1                 
     776      776      22a     1         build/trap_k.o:(.debug_loclists)
     782      782        0     1                 
     9a0      9a0      173     1         build/pcb_k.o:(.debug_loclists)
     9ac      9ac        0     1                 
     b13      b13      170     1         build/program_k.o:(.debug_loclists)
     b1f      b1f        0     1                 
     c83      c83      193     1         build/app.o:(.debug_loclists)
     c8f      c8f        0     1                 
     e16      e16      32d     1         build/sockets.o:(.debug_loclists)
     e22      e22        0     1                 
       0        0     8200     4 .symtab
       0        0     8200     4         <internal>:(.symtab)
       0        0       dc     1 .shstrtab
       0        0       dc     1         <internal>:(.shstrtab)
       0        0      65c     1 .strtab
       0        0      65c     1         <internal>:(.strtab)
