     VMA      LMA     Size Align Out     In      Symbol
       0        0 80200000     1 . = 0x80200000
80200000        0        0     1 __kernel_base = .
80200000 80200000     12f2     4 .text
80200000 80200000        e     2         build/main.o:(.text.boot)
80200000 80200000        0     1                 
80200000 80200000        0     1                 
80200000 80200000        0     1                 
80200000 80200000        0     1                 
80200000 80200000        e     1                 boot
8020000e 8020000e        0     1                 
8020000e 8020000e        0     1                 
80200010 80200010      224     4         build/main.o:(.text)
80200010 80200010        0     1                 
80200010 80200010        0     1                 
80200010 80200010        0     1                 
80200010 80200010       d8     1                 kernel_bootstrap
80200012 80200012        0     1                 
80200012 80200012        0     1                 
80200014 80200014        0     1                 
80200024 80200024        0     1                 
80200024 80200024        0     1                 
80200034 80200034        0     1                 
80200034 80200034        0     1                 
80200052 80200052        0     1                 
80200052 80200052        0     1                 
80200062 80200062        0     1                 
80200062 80200062        0     1                 
8020006e 8020006e        0     1                 
8020007e 8020007e        0     1                 
8020007e 8020007e        0     1                 
80200086 80200086        0     1                 
80200086 80200086        0     1                 
802000a6 802000a6        0     1                 
802000a6 802000a6        0     1                 
802000b6 802000b6        0     1                 
802000b6 802000b6        0     1                 
802000c2 802000c2        0     1                 
802000c2 802000c2        0     1                 
802000ca 802000ca        0     1                 
802000ce 802000ce        0     1                 
802000d6 802000d6        0     1                 
802000da 802000da        0     1                 
802000e0 802000e0        0     1                 
802000e8 802000e8        0     1                 
802000e8 802000e8        0     1                 
802000e8 802000e8        0     1                 
802000e8 802000e8        0     1                 
802000e8 802000e8        0     1                 
802000e8 802000e8       82     1                 MNU_init
802000ea 802000ea        0     1                 
802000ea 802000ea        0     1                 
802000f0 802000f0        0     1                 
80200100 80200100        0     1                 
80200100 80200100        0     1                 
80200108 80200108        0     1                 
8020010a 8020010a        0     1                 
8020010e 8020010e        0     1                 
80200112 80200112        0     1                 
80200116 80200116        0     1                 
80200126 80200126        0     1                 
80200126 80200126        0     1                 
80200138 80200138        0     1                 
80200138 80200138        0     1                 
8020014a 8020014a        0     1                 
8020014a 8020014a        0     1                 
80200152 80200152        0     1                 
80200162 80200162        0     1                 
8020016a 8020016a        0     1                 
8020016a 8020016a        0     1                 
8020016a 8020016a        0     1                 
8020016a 8020016a        0     1                 
8020016a 8020016a        0     1                 
8020016a 8020016a        0     1                 
8020016a 8020016a       78     1                 init_app
8020016e 8020016e        0     1                 
80200170 80200170        0     1                 
80200174 80200174        0     1                 
80200178 80200178        0     1                 
8020017a 8020017a        0     1                 
8020017e 8020017e        0     1                 
80200182 80200182        0     1                 
80200184 80200184        0     1                 
80200188 80200188        0     1                 
8020018c 8020018c        0     1                 
8020018e 8020018e        0     1                 
80200192 80200192        0     1                 
80200196 80200196        0     1                 
80200198 80200198        0     1                 
8020019c 8020019c        0     1                 
802001a0 802001a0        0     1                 
802001a2 802001a2        0     1                 
802001a6 802001a6        0     1                 
802001aa 802001aa        0     1                 
802001ac 802001ac        0     1                 
802001b0 802001b0        0     1                 
802001b4 802001b4        0     1                 
802001b6 802001b6        0     1                 
802001ba 802001ba        0     1                 
802001be 802001be        0     1                 
802001c0 802001c0        0     1                 
802001c4 802001c4        0     1                 
802001c8 802001c8        0     1                 
802001ca 802001ca        0     1                 
802001ce 802001ce        0     1                 
802001d2 802001d2        0     1                 
802001d4 802001d4        0     1                 
802001d8 802001d8        0     1                 
802001d8 802001d8        0     1                 
802001dc 802001dc        0     1                 
802001de 802001de        0     1                 
802001e0 802001e0        0     1                 
802001e2 802001e2        0     1                 
802001e2 802001e2        0     1                 
802001e2 802001e2        0     1                 
802001e2 802001e2        0     1                 
802001e2 802001e2        0     1                 
802001e2 802001e2       52     1                 kernel_main
802001e4 802001e4        0     1                 
802001e4 802001e4        0     1                 
802001e6 802001e6        0     1                 
802001ee 802001ee        0     1                 
802001ee 802001ee        0     1                 
80200206 80200206        0     1                 
80200206 80200206        0     1                 
8020020e 8020020e        0     1                 
8020020e 8020020e        0     1                 
80200232 80200232        0     1                 
80200234 80200234        0     1                 
80200234 80200234        0     1                 
80200234 80200234      2ec     4         build/print_k.o:(.text)
80200234 80200234        0     1                 
80200234 80200234        0     1                 
80200234 80200234        0     1                 
80200234 80200234      2ec     1                 k_printf
80200236 80200236        0     1                 
80200250 80200250        0     1                 
8020026c 8020026c        0     1                 
8020028a 8020028a        0     1                 
802002aa 802002aa        0     1                 
802002ae 802002ae        0     1                 
802002b6 802002b6        0     1                 
802002be 802002be        0     1                 
802002be 802002be        0     1                 
802002c0 802002c0        0     1                 
802002c8 802002c8        0     1                 
802002cc 802002cc        0     1                 
802002d4 802002d4        0     1                 
802002de 802002de        0     1                 .LBB0_6
802002de 802002de        0     1                 
802002de 802002de        0     1                 
802002fe 802002fe        0     1                 
802002fe 802002fe        0     1                 
80200302 80200302        0     1                 .LBB0_9
80200302 80200302        0     1                 
8020030e 8020030e        0     1                 
8020030e 8020030e        0     1                 
80200314 80200314        0     1                 .LBB0_10
80200314 80200314        0     1                 
80200328 80200328        0     1                 .LBB0_12
80200328 80200328        0     1                 
80200334 80200334        0     1                 
80200334 80200334        0     1                 
80200340 80200340        0     1                 
80200340 80200340        0     1                 
8020035c 8020035c        0     1                 .LBB0_14
8020035c 8020035c        0     1                 
80200378 80200378        0     1                 
8020037a 8020037a        0     1                 
8020037e 8020037e        0     1                 .LBB0_16
8020037e 8020037e        0     1                 
80200396 80200396        0     1                 .LBB0_18
80200396 80200396        0     1                 
802003b2 802003b2        0     1                 
802003c0 802003c0        0     1                 
802003c4 802003c4        0     1                 
802003d0 802003d0        0     1                 
802003d0 802003d0        0     1                 
802003d4 802003d4        0     1                 
802003de 802003de        0     1                 
802003e2 802003e2        0     1                 
802003e4 802003e4        0     1                 
802003f0 802003f0        0     1                 
802003f0 802003f0        0     1                 
802003f4 802003f4        0     1                 
802003f8 802003f8        0     1                 
802003f8 802003f8        0     1                 
80200406 80200406        0     1                 
80200412 80200412        0     1                 
80200412 80200412        0     1                 
80200416 80200416        0     1                 
8020041a 8020041a        0     1                 
8020041e 8020041e        0     1                 
80200420 80200420        0     1                 
8020042c 8020042c        0     1                 
8020042c 8020042c        0     1                 
80200430 80200430        0     1                 
80200434 80200434        0     1                 
80200434 80200434        0     1                 
8020043e 8020043e        0     1                 
80200440 80200440        0     1                 
80200442 80200442        0     1                 
80200448 80200448        0     1                 
80200450 80200450        0     1                 
8020045c 8020045c        0     1                 
8020045c 8020045c        0     1                 
80200460 80200460        0     1                 
80200464 80200464        0     1                 
8020046c 8020046c        0     1                 
80200478 80200478        0     1                 
80200478 80200478        0     1                 
8020047c 8020047c        0     1                 
80200484 80200484        0     1                 
80200488 80200488        0     1                 
8020048a 8020048a        0     1                 
80200496 80200496        0     1                 
80200496 80200496        0     1                 
8020049a 8020049a        0     1                 
8020049e 8020049e        0     1                 
8020049e 8020049e        0     1                 
802004aa 802004aa        0     1                 
802004b6 802004b6        0     1                 
802004b6 802004b6        0     1                 
802004c2 802004c2        0     1                 
802004c2 802004c2        0     1                 
802004d0 802004d0        0     1                 
802004d0 802004d0        0     1                 
802004d4 802004d4        0     1                 
802004da 802004da        0     1                 
802004de 802004de        0     1                 
802004e0 802004e0        0     1                 
802004ec 802004ec        0     1                 
802004ec 802004ec        0     1                 
802004f0 802004f0        0     1                 
802004f4 802004f4        0     1                 
802004f4 802004f4        0     1                 
80200502 80200502        0     1                 
80200520 80200520        0     1                 
80200520 80200520        0     1                 
80200520 80200520       8e     4         build/SBI.o:(.text)
80200520 80200520        0     1                 
80200520 80200520        0     1                 
80200520 80200520        0     1                 
80200520 80200520       14     1                 sbi_call
80200524 80200524        0     1                 
80200528 80200528        0     1                 
8020052e 8020052e        0     1                 
80200534 80200534        0     1                 
80200534 80200534        0     1                 
80200534 80200534        0     1                 
80200534 80200534        0     1                 
80200534 80200534        0     1                 
80200534 80200534       1c     1                 k_putchar
80200536 80200536        0     1                 
80200536 80200536        0     1                 
80200548 80200548        0     1                 
8020054e 8020054e        0     1                 
8020054e 8020054e        0     1                 
80200550 80200550        0     1                 
80200550 80200550        0     1                 
80200550 80200550        0     1                 
80200550 80200550        0     1                 
80200550 80200550        0     1                 
80200550 80200550       5e     1                 k_readchar
80200552 80200552        0     1                 
80200552 80200552        0     1                 
80200554 80200554        0     1                 
8020055c 8020055c        0     1                 
80200560 80200560        0     1                 
80200562 80200562        0     1                 
80200566 80200566        0     1                 
80200576 80200576        0     1                 
80200576 80200576        0     1                 
8020057c 8020057c        0     1                 
802005a0 802005a0        0     1                 
802005a2 802005a2        0     1                 
802005a4 802005a4        0     1                 
802005ae 802005ae        0     1                 
802005ae 802005ae        0     1                 
802005b0 802005b0       28     4         build/mem.o:(.text)
802005b0 802005b0        0     1                 
802005b0 802005b0        0     1                 
802005b0 802005b0        0     1                 
802005b0 802005b0        0     1                 
802005b0 802005b0       14     1                 memset
802005b2 802005b2        0     1                 
802005b4 802005b4        0     1                 
802005b6 802005b6        0     1                 
802005ba 802005ba        0     1                 
802005be 802005be        0     1                 
802005c0 802005c0        0     1                 
802005c2 802005c2        0     1                 
802005c4 802005c4        0     1                 
802005c4 802005c4        0     1                 
802005c4 802005c4        0     1                 
802005c4 802005c4        0     1                 
802005c4 802005c4        0     1                 
802005c4 802005c4        0     1                 
802005c4 802005c4       14     1                 k_memcpy
802005c6 802005c6        0     1                 
802005ca 802005ca        0     1                 
802005ce 802005ce        0     1                 
802005d0 802005d0        0     1                 
802005d2 802005d2        0     1                 
802005d4 802005d4        0     1                 
802005d6 802005d6        0     1                 
802005d6 802005d6        0     1                 
802005d8 802005d8        0     1                 
802005d8 802005d8        0     1                 
802005d8 802005d8      29e     4         build/str.o:(.text)
802005d8 802005d8        0     1                 
802005d8 802005d8        0     1                 
802005d8 802005d8        0     1                 
802005d8 802005d8        0     1                 
802005d8 802005d8       28     1                 k_strncpy
802005da 802005da        0     1                 
802005dc 802005dc        0     1                 
802005e4 802005e4        0     1                 
802005e6 802005e6        0     1                 
802005ea 802005ea        0     1                 
802005ec 802005ec        0     1                 
802005f0 802005f0        0     1                 
802005f4 802005f4        0     1                 
802005f8 802005f8        0     1                 
802005fe 802005fe        0     1                 
80200600 80200600        0     1                 
80200600 80200600        0     1                 
80200600 80200600        0     1                 
80200600 80200600        0     1                 
80200600 80200600        0     1                 
80200600 80200600        0     1                 
80200600 80200600       2e     1                 k_strcmp
80200604 80200604        0     1                 
80200606 80200606        0     1                 
80200608 80200608        0     1                 
8020060c 8020060c        0     1                 
8020060e 8020060e        0     1                 
80200612 80200612        0     1                 
80200616 80200616        0     1                 
8020061a 8020061a        0     1                 
8020061c 8020061c        0     1                 
80200620 80200620        0     1                 
80200622 80200622        0     1                 
80200626 80200626        0     1                 
8020062a 8020062a        0     1                 
8020062c 8020062c        0     1                 
8020062e 8020062e        0     1                 
8020062e 8020062e        0     1                 
8020062e 8020062e        0     1                 
8020062e 8020062e        0     1                 
8020062e 8020062e        0     1                 
8020062e 8020062e      248     1                 k_sprintf
80200630 80200630        0     1                 
80200648 80200648        0     1                 
80200658 80200658        0     1                 
80200676 80200676        0     1                 
80200678 80200678        0     1                 
802006a2 802006a2        0     1                 
802006a4 802006a4        0     1                 
802006a8 802006a8        0     1                 
802006b0 802006b0        0     1                 
802006b6 802006b6        0     1                 
802006ba 802006ba        0     1                 
802006be 802006be        0     1                 
802006c6 802006c6        0     1                 
802006d0 802006d0        0     1                 .LBB2_7
802006d0 802006d0        0     1                 
802006e4 802006e4        0     1                 
802006e8 802006e8        0     1                 
802006ee 802006ee        0     1                 .LBB2_11
802006ee 802006ee        0     1                 
802006f2 802006f2        0     1                 
802006fc 802006fc        0     1                 
80200702 80200702        0     1                 .LBB2_12
80200702 80200702        0     1                 
80200716 80200716        0     1                 .LBB2_14
80200716 80200716        0     1                 
8020071e 8020071e        0     1                 
80200732 80200732        0     1                 .LBB2_16
80200732 80200732        0     1                 
80200744 80200744        0     1                 
80200746 80200746        0     1                 
8020074a 8020074a        0     1                 .LBB2_18
8020074a 8020074a        0     1                 
8020075e 8020075e        0     1                 .LBB2_20
8020075e 8020075e        0     1                 
80200772 80200772        0     1                 
80200774 80200774        0     1                 
80200778 80200778        0     1                 
80200782 80200782        0     1                 
8020078e 8020078e        0     1                 
8020078e 8020078e        0     1                 
80200794 80200794        0     1                 
80200796 80200796        0     1                 
80200798 80200798        0     1                 
8020079c 8020079c        0     1                 
802007a0 802007a0        0     1                 
802007a2 802007a2        0     1                 
802007a8 802007a8        0     1                 
802007a8 802007a8        0     1                 
802007ac 802007ac        0     1                 
802007b8 802007b8        0     1                 
802007b8 802007b8        0     1                 
802007be 802007be        0     1                 
802007c2 802007c2        0     1                 
802007c4 802007c4        0     1                 
802007c8 802007c8        0     1                 
802007cc 802007cc        0     1                 
802007ce 802007ce        0     1                 
802007d4 802007d4        0     1                 
802007d4 802007d4        0     1                 
802007d8 802007d8        0     1                 
802007da 802007da        0     1                 
802007dc 802007dc        0     1                 
802007e2 802007e2        0     1                 
802007e8 802007e8        0     1                 
802007ec 802007ec        0     1                 
802007f0 802007f0        0     1                 
802007f2 802007f2        0     1                 
802007f8 802007f8        0     1                 
802007fa 802007fa        0     1                 
80200806 80200806        0     1                 
80200806 80200806        0     1                 
8020080c 8020080c        0     1                 
80200810 80200810        0     1                 
80200812 80200812        0     1                 
80200816 80200816        0     1                 
8020081a 8020081a        0     1                 
8020081c 8020081c        0     1                 
80200822 80200822        0     1                 
80200822 80200822        0     1                 
80200824 80200824        0     1                 
8020082e 8020082e        0     1                 
8020083a 8020083a        0     1                 
8020083a 8020083a        0     1                 
80200840 80200840        0     1                 
80200844 80200844        0     1                 
80200846 80200846        0     1                 
8020084a 8020084a        0     1                 
8020084e 8020084e        0     1                 
80200850 80200850        0     1                 
80200856 80200856        0     1                 
80200856 80200856        0     1                 
8020085a 8020085a        0     1                 
80200876 80200876        0     1                 
80200876 80200876        0     1                 
80200878 80200878      176     4         build/oa.o:(.text)
80200878 80200878        0     1                 
80200878 80200878        0     1                 
80200878 80200878        0     1                 
80200878 80200878       7a     1                 utoa
8020087a 8020087a        0     1                 
8020087a 8020087a        0     1                 
8020087c 8020087c        0     1                 
80200884 80200884        0     1                 
80200886 80200886        0     1                 
8020088a 8020088a        0     1                 
80200890 80200890        0     1                 
80200892 80200892        0     1                 
80200896 80200896        0     1                 
80200898 80200898        0     1                 
802008a4 802008a4        0     1                 
802008b2 802008b2        0     1                 
802008b2 802008b2        0     1                 
802008c4 802008c4        0     1                 
802008cc 802008cc        0     1                 
802008d0 802008d0        0     1                 
802008d6 802008d6        0     1                 
802008dc 802008dc        0     1                 
802008dc 802008dc        0     1                 
802008e0 802008e0        0     1                 
802008e6 802008e6        0     1                 
802008ee 802008ee        0     1                 
802008f2 802008f2        0     1                 
802008f2 802008f2        0     1                 
802008f2 802008f2        0     1                 
802008f2 802008f2        0     1                 
802008f2 802008f2        0     1                 
802008f2 802008f2       fc     1                 itoa
802008f4 802008f4        0     1                 
802008f6 802008f6        0     1                 
80200902 80200902        0     1                 
80200906 80200906        0     1                 
8020090c 8020090c        0     1                 
80200910 80200910        0     1                 
80200918 80200918        0     1                 
80200922 80200922        0     1                 
80200928 80200928        0     1                 
80200930 80200930        0     1                 
80200934 80200934        0     1                 
80200938 80200938        0     1                 
8020093a 8020093a        0     1                 
8020093e 8020093e        0     1                 
80200942 80200942        0     1                 
80200946 80200946        0     1                 
80200946 80200946        0     1                 
80200954 80200954        0     1                 
80200956 80200956        0     1                 
8020095e 8020095e        0     1                 
80200962 80200962        0     1                 
80200968 80200968        0     1                 
8020096c 8020096c        0     1                 
8020096c 8020096c        0     1                 
80200972 80200972        0     1                 
80200972 80200972        0     1                 
80200974 80200974        0     1                 
8020097c 8020097c        0     1                 
8020097e 8020097e        0     1                 
80200982 80200982        0     1                 
80200988 80200988        0     1                 
8020098a 8020098a        0     1                 
8020098e 8020098e        0     1                 
80200990 80200990        0     1                 
8020099c 8020099c        0     1                 
802009aa 802009aa        0     1                 
802009aa 802009aa        0     1                 
802009bc 802009bc        0     1                 
802009c4 802009c4        0     1                 
802009c8 802009c8        0     1                 
802009ce 802009ce        0     1                 
802009d4 802009d4        0     1                 
802009d4 802009d4        0     1                 
802009d8 802009d8        0     1                 
802009e0 802009e0        0     1                 
802009e6 802009e6        0     1                 
802009ea 802009ea        0     1                 
802009ee 802009ee        0     1                 
802009ee 802009ee        0     1                 
802009f0 802009f0      1fa     4         build/memory.o:(.text)
802009f0 802009f0        0     1                 
802009f0 802009f0        0     1                 
802009f0 802009f0        0     1                 
802009f0 802009f0        0     1                 
802009f0 802009f0       12     1                 init_memory
80200a00 80200a00        0     1                 
80200a02 80200a02        0     1                 
80200a02 80200a02        0     1                 
80200a02 80200a02        0     1                 
80200a02 80200a02        0     1                 
80200a02 80200a02        0     1                 
80200a02 80200a02       60     1                 pageframalloc
80200a04 80200a04        0     1                 
80200a04 80200a04        0     1                 
80200a08 80200a08        0     1                 
80200a10 80200a10        0     1                 
80200a14 80200a14        0     1                 
80200a18 80200a18        0     1                 
80200a20 80200a20        0     1                 
80200a24 80200a24        0     1                 
80200a28 80200a28        0     1                 
80200a4a 80200a4a        0     1                 
80200a4c 80200a4c        0     1                 
80200a58 80200a58        0     1                 
80200a58 80200a58        0     1                 
80200a62 80200a62        0     1                 
80200a62 80200a62        0     1                 
80200a62 80200a62        0     1                 
80200a62 80200a62        0     1                 
80200a62 80200a62        0     1                 
80200a62 80200a62      188     1                 add_ptbl_entry
80200a64 80200a64        0     1                 
80200a72 80200a72        0     1                 
80200a7a 80200a7a        0     1                 
80200a82 80200a82        0     1                 
80200a92 80200a92        0     1                 
80200a92 80200a92        0     1                 
80200aa4 80200aa4        0     1                 
80200aa4 80200aa4        0     1                 
80200ab4 80200ab4        0     1                 
80200ab4 80200ab4        0     1                 
80200ac4 80200ac4        0     1                 
80200ac4 80200ac4        0     1                 
80200ae8 80200ae8        0     1                 
80200aea 80200aea        0     1                 
80200aee 80200aee        0     1                 
80200af2 80200af2        0     1                 
80200af4 80200af4        0     1                 
80200af8 80200af8        0     1                 
80200afc 80200afc        0     1                 
80200b00 80200b00        0     1                 
80200b02 80200b02        0     1                 
80200b02 80200b02        0     1                 
80200b0a 80200b0a        0     1                 
80200b0c 80200b0c        0     1                 
80200b0e 80200b0e        0     1                 
80200b16 80200b16        0     1                 
80200b1a 80200b1a        0     1                 
80200b1e 80200b1e        0     1                 
80200b40 80200b40        0     1                 
80200b42 80200b42        0     1                 
80200b50 80200b50        0     1                 
80200b50 80200b50        0     1                 
80200b54 80200b54        0     1                 
80200b58 80200b58        0     1                 
80200b5a 80200b5a        0     1                 
80200b7e 80200b7e        0     1                 
80200b80 80200b80        0     1                 
80200ba4 80200ba4        0     1                 
80200ba6 80200ba6        0     1                 
80200bae 80200bae        0     1                 
80200bb2 80200bb2        0     1                 
80200bb6 80200bb6        0     1                 
80200bb6 80200bb6        0     1                 
80200bba 80200bba        0     1                 
80200bc6 80200bc6        0     1                 
80200bce 80200bce        0     1                 
80200bd6 80200bd6        0     1                 
80200bd8 80200bd8        0     1                 
80200bea 80200bea        0     1                 
80200bea 80200bea        0     1                 
80200bec 80200bec      1c4     4         build/trap_k.o:(.text)
80200bec 80200bec        0     1                 
80200bec 80200bec        0     1                 
80200bec 80200bec        0     1                 
80200bec 80200bec       d4     1                 handle_syscall
80200bee 80200bee        0     1                 
80200bf2 80200bf2        0     1                 
80200bf4 80200bf4        0     1                 
80200c12 80200c12        0     1                 
80200c1c 80200c1c        0     1                 
80200c2c 80200c2c        0     1                 .LBB0_2
80200c2c 80200c2c        0     1                 
80200c30 80200c30        0     1                 
80200c38 80200c38        0     1                 
80200c38 80200c38        0     1                 
80200c4a 80200c4a        0     1                 
80200c5a 80200c5a        0     1                 
80200c5a 80200c5a        0     1                 
80200c5e 80200c5e        0     1                 
80200c6c 80200c6c        0     1                 .LBB0_4
80200c6c 80200c6c        0     1                 
80200c74 80200c74        0     1                 
80200c74 80200c74        0     1                 
80200c80 80200c80        0     1                 
80200c84 80200c84        0     1                 
80200c8c 80200c8c        0     1                 .LBB0_7
80200c8c 80200c8c        0     1                 
80200c98 80200c98        0     1                 .LBB0_8
80200c98 80200c98        0     1                 
80200ca2 80200ca2        0     1                 
80200ca6 80200ca6        0     1                 .LBB0_10
80200ca6 80200ca6        0     1                 
80200cae 80200cae        0     1                 
80200cb2 80200cb2        0     1                 
80200cb8 80200cb8        0     1                 
80200cc0 80200cc0        0     1                 
80200cc0 80200cc0        0     1                 
80200cc0 80200cc0        0     1                 
80200cc0 80200cc0        0     1                 
80200cc0 80200cc0        0     1                 
80200cc0 80200cc0       54     1                 handle_trap
80200cc2 80200cc2        0     1                 
80200cc2 80200cc2        0     1                 
80200cc2 80200cc2        0     1                 
80200cc6 80200cc6        0     1                 
80200cca 80200cca        0     1                 
80200cca 80200cca        0     1                 
80200cce 80200cce        0     1                 
80200cce 80200cce        0     1                 
80200cd2 80200cd2        0     1                 
80200cd4 80200cd4        0     1                 
80200cd4 80200cd4        0     1                 
80200cd8 80200cd8        0     1                 
80200ce0 80200ce0        0     1                 
80200ce0 80200ce0        0     1                 
80200ce2 80200ce2        0     1                 
80200cf4 80200cf4        0     1                 
80200cf4 80200cf4        0     1                 
80200d04 80200d04        0     1                 
80200d04 80200d04        0     1                 
80200d08 80200d08        0     1                 
80200d0c 80200d0c        0     1                 
80200d14 80200d14        0     1                 
80200d14 80200d14        0     1                 
80200d14 80200d14        0     1                 
80200d14 80200d14        0     1                 
80200d14 80200d14        0     1                 
80200d14 80200d14        0     1                 
80200d14 80200d14       9c     1                 switch_trap
80200db0 80200db0        0     1                 
80200db0 80200db0        0     1                 
80200db0 80200db0      262     4         build/pcb_k.o:(.text)
80200db0 80200db0        0     1                 
80200db0 80200db0        0     1                 
80200db0 80200db0        0     1                 
80200db0 80200db0       3c     1                 switch_umode
80200db2 80200db2        0     1                 
80200db4 80200db4        0     1                 
80200dbc 80200dbc        0     1                 
80200dc8 80200dc8        0     1                 
80200dea 80200dea        0     1                 
80200dec 80200dec        0     1                 
80200dec 80200dec        0     1                 
80200dec 80200dec        0     1                 
80200dec 80200dec        0     1                 
80200dec 80200dec        0     1                 
80200dec 80200dec      226     1                 spawn_proc
80200dee 80200dee        0     1                 
80200e02 80200e02        0     1                 
80200e0a 80200e0a        0     1                 
80200e0e 80200e0e        0     1                 
80200e10 80200e10        0     1                 
80200e12 80200e12        0     1                 
80200e16 80200e16        0     1                 
80200e18 80200e18        0     1                 
80200e24 80200e24        0     1                 
80200e28 80200e28        0     1                 
80200e2a 80200e2a        0     1                 
80200e2e 80200e2e        0     1                 
80200e32 80200e32        0     1                 
80200e34 80200e34        0     1                 
80200e52 80200e52        0     1                 
80200e54 80200e54        0     1                 
80200e66 80200e66        0     1                 
80200e6e 80200e6e        0     1                 
80200e72 80200e72        0     1                 
80200e76 80200e76        0     1                 
80200e84 80200e84        0     1                 
80200e84 80200e84        0     1                 
80200e86 80200e86        0     1                 
80200e8a 80200e8a        0     1                 
80200e8a 80200e8a        0     1                 
80200eba 80200eba        0     1                 
80200eba 80200eba        0     1                 
80200ebe 80200ebe        0     1                 
80200ec2 80200ec2        0     1                 
80200eda 80200eda        0     1                 
80200ede 80200ede        0     1                 
80200ee8 80200ee8        0     1                 
80200ee8 80200ee8        0     1                 
80200eec 80200eec        0     1                 
80200eee 80200eee        0     1                 
80200efe 80200efe        0     1                 
80200f02 80200f02        0     1                 
80200f06 80200f06        0     1                 
80200f14 80200f14        0     1                 
80200f14 80200f14        0     1                 
80200f1a 80200f1a        0     1                 
80200f1e 80200f1e        0     1                 
80200f32 80200f32        0     1                 
80200f36 80200f36        0     1                 
80200f44 80200f44        0     1                 
80200f44 80200f44        0     1                 
80200f46 80200f46        0     1                 
80200f4a 80200f4a        0     1                 
80200f52 80200f52        0     1                 
80200f56 80200f56        0     1                 
80200f62 80200f62        0     1                 
80200f66 80200f66        0     1                 
80200f70 80200f70        0     1                 
80200f70 80200f70        0     1                 
80200f74 80200f74        0     1                 
80200f78 80200f78        0     1                 
80200f84 80200f84        0     1                 
80200f84 80200f84        0     1                 
80200f86 80200f86        0     1                 
80200f8e 80200f8e        0     1                 
80200f92 80200f92        0     1                 
80200f9c 80200f9c        0     1                 
80200f9c 80200f9c        0     1                 
80200fa0 80200fa0        0     1                 
80200fa6 80200fa6        0     1                 
80200fa8 80200fa8        0     1                 
80200fac 80200fac        0     1                 
80200fc6 80200fc6        0     1                 
80200fea 80200fea        0     1                 
80200fec 80200fec        0     1                 
80201010 80201010        0     1                 
80201012 80201012        0     1                 
80201012 80201012        0     1                 
80201014 80201014      2de     4         build/program_k.o:(.text)
80201014 80201014        0     1                 
80201014 80201014        0     1                 
80201014 80201014        0     1                 
80201014 80201014        0     1                 
80201014 80201014       46     1                 switch_proc
8020105a 8020105a        0     1                 
8020105a 8020105a        0     1                 
8020105a 8020105a        0     1                 
8020105a 8020105a        0     1                 
8020105a 8020105a        0     1                 
8020105a 8020105a        0     1                 
8020105a 8020105a       14     1                 Flush_TLB
8020105c 8020105c        0     1                 
8020105e 8020105e        0     1                 
80201062 80201062        0     1                 
80201064 80201064        0     1                 
8020106c 8020106c        0     1                 
8020106e 8020106e        0     1                 
8020106e 8020106e        0     1                 
8020106e 8020106e        0     1                 
8020106e 8020106e        0     1                 
8020106e 8020106e        0     1                 
8020106e 8020106e      176     1                 k_sp
80201070 80201070        0     1                 
80201070 80201070        0     1                 
80201074 80201074        0     1                 
80201084 80201084        0     1                 
80201084 80201084        0     1                 
8020108c 8020108c        0     1                 
8020108c 8020108c        0     1                 
8020108e 8020108e        0     1                 
80201090 80201090        0     1                 
80201092 80201092        0     1                 
802010a4 802010a4        0     1                 
802010a4 802010a4        0     1                 
802010b8 802010b8        0     1                 
802010b8 802010b8        0     1                 
802010ba 802010ba        0     1                 
802010cc 802010cc        0     1                 
802010cc 802010cc        0     1                 
802010d4 802010d4        0     1                 
802010d8 802010d8        0     1                 
802010da 802010da        0     1                 
802010de 802010de        0     1                 
802010f0 802010f0        0     1                 
802010f0 802010f0        0     1                 
80201106 80201106        0     1                 
80201106 80201106        0     1                 
80201108 80201108        0     1                 
8020111a 8020111a        0     1                 
8020111a 8020111a        0     1                 
80201126 80201126        0     1                 
8020112a 8020112a        0     1                 
8020112c 8020112c        0     1                 
80201130 80201130        0     1                 
80201134 80201134        0     1                 
80201146 80201146        0     1                 
80201146 80201146        0     1                 
80201160 80201160        0     1                 
80201160 80201160        0     1                 
80201162 80201162        0     1                 
80201174 80201174        0     1                 
80201174 80201174        0     1                 
80201180 80201180        0     1                 
80201184 80201184        0     1                 
80201186 80201186        0     1                 
8020118a 8020118a        0     1                 
8020118e 8020118e        0     1                 
802011a0 802011a0        0     1                 
802011a0 802011a0        0     1                 
802011ba 802011ba        0     1                 
802011ba 802011ba        0     1                 
802011bc 802011bc        0     1                 
802011ce 802011ce        0     1                 
802011ce 802011ce        0     1                 
802011dc 802011dc        0     1                 
802011e4 802011e4        0     1                 
802011e4 802011e4        0     1                 
802011e4 802011e4        0     1                 
802011e4 802011e4        0     1                 
802011e4 802011e4        0     1                 
802011e4 802011e4        0     1                 
802011e4 802011e4      10e     1                 yield
802011ec 802011ec        0     1                 
802011f2 802011f2        0     1                 
802011f4 802011f4        0     1                 
802011f8 802011f8        0     1                 
802011fc 802011fc        0     1                 
802011fe 802011fe        0     1                 
80201200 80201200        0     1                 
80201202 80201202        0     1                 
80201206 80201206        0     1                 
80201206 80201206        0     1                 
8020120a 8020120a        0     1                 
8020120c 8020120c        0     1                 
80201210 80201210        0     1                 
80201220 80201220        0     1                 
80201224 80201224        0     1                 
80201228 80201228        0     1                 
8020122a 8020122a        0     1                 
8020122c 8020122c        0     1                 
80201230 80201230        0     1                 
80201242 80201242        0     1                 
80201246 80201246        0     1                 
8020124a 8020124a        0     1                 
8020124c 8020124c        0     1                 
8020124e 8020124e        0     1                 
80201252 80201252        0     1                 
80201264 80201264        0     1                 
80201268 80201268        0     1                 
8020126c 8020126c        0     1                 
8020126e 8020126e        0     1                 
80201270 80201270        0     1                 
80201274 80201274        0     1                 
80201286 80201286        0     1                 
8020128a 8020128a        0     1                 
8020128a 8020128a        0     1                 
8020129c 8020129c        0     1                 
8020129e 8020129e        0     1                 
802012a2 802012a2        0     1                 
802012a6 802012a6        0     1                 
802012aa 802012aa        0     1                 
802012b2 802012b2        0     1                 
802012b4 802012b4        0     1                 
802012b6 802012b6        0     1                 
802012b8 802012b8        0     1                 
802012ba 802012ba        0     1                 
802012be 802012be        0     1                 
802012c0 802012c0        0     1                 
802012c2 802012c2        0     1                 
802012c4 802012c4        0     1                 
802012cc 802012cc        0     1                 
802012cc 802012cc        0     1                 
802012d4 802012d4        0     1                 
802012dc 802012dc        0     1                 
802012e0 802012e0        0     1                 
802012e2 802012e2        0     1                 
802012e4 802012e4        0     1                 
802012ea 802012ea        0     1                 
802012ee 802012ee        0     1                 
802012f2 802012f2        0     1                 
802012f2 802012f2        0     1                 
802012f4 802012f4      5b8     4 .rodata
802012f4 802012f4      4f4     1         <internal>:(.rodata)
802017e8 802017e8       58     4         build/print_k.o:(.rodata)
802017e8 802017e8        0     1                 .LJTI0_0
80201840 80201840       58     4         build/str.o:(.rodata)
80201840 80201840        0     1                 .LJTI2_0
80201898 80201898       14     4         build/trap_k.o:(.rodata)
80201898 80201898        0     1                 .LJTI0_0
802018ac 802018ac     80e0     4 .data
802018ac 802018ac     80e0     1         besh.bin.o:(.data)
802018ac 802018ac        0     1                 _binary_besh_bin_start
8020998c 8020998c        0     1                 _binary_besh_bin_end
8020998c 8020998c     104c     4 .bss
8020998c 8020998c        0     1         __bss = .
8020998c 8020998c        4     4         build/memory.o:(.sbss)
8020998c 8020998c        4     1                 nextfreepageframe
80209990 80209990        8     4         build/pcb_k.o:(.sbss)
80209990 80209990        4     1                 currproc
80209994 80209994        4     1                 idleproc
80209998 80209998     1040     4         build/pcb_k.o:(.bss)
80209998 80209998     1040     1                 proclist
8020a9d8 8020a9d8        0     1         __bss_end = .
8020a9d8 8020a9d8        0     1 . = ALIGN ( 4 )
8020a9d8 8020a9d8    20000     1 . += 128 * 1024
8022a9d8 8022a9d8        0     1 __stack_top = .
8022a9d8 8022a9d8      628     1 . = ALIGN ( 4096 )
8022b000 8022b000        0     1 __free_ram_start = .
8022b000 8022b000  2000000     1 . += 32 * 1024 * 1024
8222b000 8222b000        0     1 __free_ram_end = .
       0        0      a0f     1 .debug_loclists
       0        0       ae     1         build/main.o:(.debug_loclists)
       c        c        0     1                 
      ae       ae      115     1         build/print_k.o:(.debug_loclists)
      ba       ba        0     1                 
     1c3      1c3       9f     1         build/SBI.o:(.debug_loclists)
     1cf      1cf        0     1                 
     262      262       66     1         build/mem.o:(.debug_loclists)
     26e      26e        0     1                 
     2c8      2c8      1a1     1         build/str.o:(.debug_loclists)
     2d4      2d4        0     1                 
     469      469      19a     1         build/oa.o:(.debug_loclists)
     475      475        0     1                 
     603      603      137     1         build/memory.o:(.debug_loclists)
     60f      60f        0     1                 
     73a      73a       8a     1         build/trap_k.o:(.debug_loclists)
     746      746        0     1                 
     7c4      7c4      120     1         build/pcb_k.o:(.debug_loclists)
     7d0      7d0        0     1                 
     8e4      8e4      12b     1         build/program_k.o:(.debug_loclists)
     8f0      8f0        0     1                 
       0        0      c57     1 .debug_abbrev
       0        0      188     1         build/main.o:(.debug_abbrev)
     188      188      104     1         build/print_k.o:(.debug_abbrev)
     28c      28c      15a     1         build/SBI.o:(.debug_abbrev)
     3e6      3e6       b9     1         build/mem.o:(.debug_abbrev)
     49f      49f      12c     1         build/str.o:(.debug_abbrev)
     5cb      5cb      113     1         build/oa.o:(.debug_abbrev)
     6de      6de      14c     1         build/memory.o:(.debug_abbrev)
     82a      82a      174     1         build/trap_k.o:(.debug_abbrev)
     99e      99e      156     1         build/pcb_k.o:(.debug_abbrev)
     af4      af4      163     1         build/program_k.o:(.debug_abbrev)
       0        0     1412     1 .debug_info
       0        0      252     1         build/main.o:(.debug_info)
     252      252      1e5     1         build/print_k.o:(.debug_info)
     437      437      242     1         build/SBI.o:(.debug_info)
     679      679       d9     1         build/mem.o:(.debug_info)
     752      752      1f5     1         build/str.o:(.debug_info)
     947      947      184     1         build/oa.o:(.debug_info)
     acb      acb      1dd     1         build/memory.o:(.debug_info)
     ca8      ca8      2f3     1         build/trap_k.o:(.debug_info)
     f9b      f9b      262     1         build/pcb_k.o:(.debug_info)
    11fd     11fd      215     1         build/program_k.o:(.debug_info)
       0        0      16b     1 .debug_rnglists
       0        0       18     1         build/main.o:(.debug_rnglists)
       c        c        0     1                 
      18       18       57     1         build/print_k.o:(.debug_rnglists)
      24       24        0     1                 
      6f       6f       66     1         build/str.o:(.debug_rnglists)
      7b       7b        0     1                 
      d5       d5       1b     1         build/oa.o:(.debug_rnglists)
      e1       e1        0     1                 
      f0       f0       5b     1         build/pcb_k.o:(.debug_rnglists)
      fc       fc        0     1                 
     14b      14b       20     1         build/program_k.o:(.debug_rnglists)
     157      157        0     1                 
       0        0      600     1 .debug_str_offsets
       0        0       b0     1         build/main.o:(.debug_str_offsets)
       8        8        0     1                 
      b0       b0       68     1         build/print_k.o:(.debug_str_offsets)
      b8       b8        0     1                 
     118      118       8c     1         build/SBI.o:(.debug_str_offsets)
     120      120        0     1                 
     1a4      1a4       58     1         build/mem.o:(.debug_str_offsets)
     1ac      1ac        0     1                 
     1fc      1fc       88     1         build/str.o:(.debug_str_offsets)
     204      204        0     1                 
     284      284       50     1         build/oa.o:(.debug_str_offsets)
     28c      28c        0     1                 
     2d4      2d4       88     1         build/memory.o:(.debug_str_offsets)
     2dc      2dc        0     1                 
     35c      35c      14c     1         build/trap_k.o:(.debug_str_offsets)
     364      364        0     1                 
     4a8      4a8       c4     1         build/pcb_k.o:(.debug_str_offsets)
     4b0      4b0        0     1                 
     56c      56c       94     1         build/program_k.o:(.debug_str_offsets)
     574      574        0     1                 
       0        0      5e2     1 .debug_str
       0        0      5e2     1         <internal>:(.debug_str)
       0        0      258     1 .debug_addr
       0        0       68     1         build/main.o:(.debug_addr)
       8        8        0     1                 
      68       68       50     1         build/print_k.o:(.debug_addr)
      70       70        0     1                 
      b8       b8       20     1         build/SBI.o:(.debug_addr)
      c0       c0        0     1                 
      d8       d8       10     1         build/mem.o:(.debug_addr)
      e0       e0        0     1                 
      e8       e8       24     1         build/str.o:(.debug_addr)
      f0       f0        0     1                 
     10c      10c       20     1         build/oa.o:(.debug_addr)
     114      114        0     1                 
     12c      12c       48     1         build/memory.o:(.debug_addr)
     134      134        0     1                 
     174      174       3c     1         build/trap_k.o:(.debug_addr)
     17c      17c        0     1                 
     1b0      1b0       4c     1         build/pcb_k.o:(.debug_addr)
     1b8      1b8        0     1                 
     1fc      1fc       5c     1         build/program_k.o:(.debug_addr)
     204      204        0     1                 
       0        0       42     1 .comment
       0        0       42     1         <internal>:(.comment)
       0        0       2b     1 .riscv.attributes
       0        0       2b     1         build/main.o:(.riscv.attributes)
       0        0      348     4 .debug_frame
       0        0       80     4         build/main.o:(.debug_frame)
       0        0        0     1                 
      80       80       44     4         build/print_k.o:(.debug_frame)
      80       80        0     1                 
      c4       c4       4c     4         build/SBI.o:(.debug_frame)
      c4       c4        0     1                 
     110      110       34     4         build/mem.o:(.debug_frame)
     110      110        0     1                 
     144      144       64     4         build/str.o:(.debug_frame)
     144      144        0     1                 
     1a8      1a8       3c     4         build/oa.o:(.debug_frame)
     1a8      1a8        0     1                 
     1e4      1e4       60     4         build/memory.o:(.debug_frame)
     1e4      1e4        0     1                 
     244      244       54     4         build/trap_k.o:(.debug_frame)
     244      244        0     1                 
     298      298       54     4         build/pcb_k.o:(.debug_frame)
     298      298        0     1                 
     2ec      2ec       5c     4         build/program_k.o:(.debug_frame)
     2ec      2ec        0     1                 
       0        0     192c     1 .debug_line
       0        0      327     1         build/main.o:(.debug_line)
       0        0        0     1                 .Lline_table_start0
     327      327      2d0     1         build/print_k.o:(.debug_line)
     327      327        0     1                 .Lline_table_start0
     5f7      5f7      11a     1         build/SBI.o:(.debug_line)
     5f7      5f7        0     1                 .Lline_table_start0
     711      711       f6     1         build/mem.o:(.debug_line)
     711      711        0     1                 .Lline_table_start0
     807      807      3f0     1         build/str.o:(.debug_line)
     807      807        0     1                 .Lline_table_start0
     bf7      bf7      25a     1         build/oa.o:(.debug_line)
     bf7      bf7        0     1                 .Lline_table_start0
     e51      e51      224     1         build/memory.o:(.debug_line)
     e51      e51        0     1                 .Lline_table_start0
    1075     1075      1fb     1         build/trap_k.o:(.debug_line)
    1075     1075        0     1                 .Lline_table_start0
    1270     1270      2cb     1         build/pcb_k.o:(.debug_line)
    1270     1270        0     1                 .Lline_table_start0
    153b     153b      3f1     1         build/program_k.o:(.debug_line)
    153b     153b        0     1                 .Lline_table_start0
       0        0       c2     1 .debug_line_str
       0        0       c2     1         <internal>:(.debug_line_str)
       0        0     5410     4 .symtab
       0        0     5410     4         <internal>:(.symtab)
       0        0       dc     1 .shstrtab
       0        0       dc     1         <internal>:(.shstrtab)
       0        0      3aa     1 .strtab
       0        0      3aa     1         <internal>:(.strtab)
