     VMA      LMA     Size Align Out     In      Symbol
       0        0 80200000     1 . = 0x80200000
80200000        0        0     1 __kernel_base = .
80200000 80200000     1e7c     4 .text
80200000 80200000        e     2         build/main.o:(.text.boot)
80200000 80200000        0     1                 
80200000 80200000        0     1                 
80200000 80200000        0     1                 
80200000 80200000        0     1                 
80200000 80200000        e     1                 boot
8020000e 8020000e        0     1                 
8020000e 8020000e        0     1                 
80200010 80200010      15a     4         build/main.o:(.text)
80200010 80200010        0     1                 
80200010 80200010        0     1                 
80200010 80200010        0     1                 
80200010 80200010       d8     1                 kernel_bootstrap
80200012 80200012        0     1                 
80200012 80200012        0     1                 
80200014 80200014        0     1                 
80200024 80200024        0     1                 
80200024 80200024        0     1                 
80200034 80200034        0     1                 
80200034 80200034        0     1                 
80200052 80200052        0     1                 
80200052 80200052        0     1                 
80200062 80200062        0     1                 
80200062 80200062        0     1                 
8020006e 8020006e        0     1                 
8020007e 8020007e        0     1                 
8020007e 8020007e        0     1                 
80200086 80200086        0     1                 
80200086 80200086        0     1                 
802000a6 802000a6        0     1                 
802000a6 802000a6        0     1                 
802000b6 802000b6        0     1                 
802000b6 802000b6        0     1                 
802000c2 802000c2        0     1                 
802000c2 802000c2        0     1                 
802000ca 802000ca        0     1                 
802000ce 802000ce        0     1                 
802000d6 802000d6        0     1                 
802000da 802000da        0     1                 
802000e0 802000e0        0     1                 
802000e8 802000e8        0     1                 
802000e8 802000e8        0     1                 
802000e8 802000e8        0     1                 
802000e8 802000e8        0     1                 
802000e8 802000e8        0     1                 
802000e8 802000e8       82     1                 kernel_main
802000ea 802000ea        0     1                 
802000ea 802000ea        0     1                 
802000ec 802000ec        0     1                 
802000f4 802000f4        0     1                 
802000f4 802000f4        0     1                 
80200114 80200114        0     1                 
80200114 80200114        0     1                 
8020011c 8020011c        0     1                 
8020011c 8020011c        0     1                 
8020013c 8020013c        0     1                 
8020013c 8020013c        0     1                 
80200144 80200144        0     1                 
80200144 80200144        0     1                 
80200168 80200168        0     1                 
8020016a 8020016a        0     1                 
8020016a 8020016a        0     1                 
8020016c 8020016c      2ec     4         build/print_k.o:(.text)
8020016c 8020016c        0     1                 
8020016c 8020016c        0     1                 
8020016c 8020016c        0     1                 
8020016c 8020016c      2ec     1                 k_printf
8020016e 8020016e        0     1                 
80200188 80200188        0     1                 
802001a4 802001a4        0     1                 
802001c2 802001c2        0     1                 
802001e2 802001e2        0     1                 
802001e6 802001e6        0     1                 
802001ee 802001ee        0     1                 
802001f6 802001f6        0     1                 
802001f6 802001f6        0     1                 
802001f8 802001f8        0     1                 
80200200 80200200        0     1                 
80200204 80200204        0     1                 
8020020c 8020020c        0     1                 
80200216 80200216        0     1                 .LBB0_6
80200216 80200216        0     1                 
80200216 80200216        0     1                 
80200236 80200236        0     1                 
80200236 80200236        0     1                 
8020023a 8020023a        0     1                 .LBB0_9
8020023a 8020023a        0     1                 
80200246 80200246        0     1                 
80200246 80200246        0     1                 
8020024c 8020024c        0     1                 .LBB0_10
8020024c 8020024c        0     1                 
80200260 80200260        0     1                 .LBB0_12
80200260 80200260        0     1                 
8020026c 8020026c        0     1                 
8020026c 8020026c        0     1                 
80200278 80200278        0     1                 
80200278 80200278        0     1                 
80200294 80200294        0     1                 .LBB0_14
80200294 80200294        0     1                 
802002b0 802002b0        0     1                 
802002b2 802002b2        0     1                 
802002b6 802002b6        0     1                 .LBB0_16
802002b6 802002b6        0     1                 
802002ce 802002ce        0     1                 .LBB0_18
802002ce 802002ce        0     1                 
802002ea 802002ea        0     1                 
802002f8 802002f8        0     1                 
802002fc 802002fc        0     1                 
80200308 80200308        0     1                 
80200308 80200308        0     1                 
8020030c 8020030c        0     1                 
80200316 80200316        0     1                 
8020031a 8020031a        0     1                 
8020031c 8020031c        0     1                 
80200328 80200328        0     1                 
80200328 80200328        0     1                 
8020032c 8020032c        0     1                 
80200330 80200330        0     1                 
80200330 80200330        0     1                 
8020033e 8020033e        0     1                 
8020034a 8020034a        0     1                 
8020034a 8020034a        0     1                 
8020034e 8020034e        0     1                 
80200352 80200352        0     1                 
80200356 80200356        0     1                 
80200358 80200358        0     1                 
80200364 80200364        0     1                 
80200364 80200364        0     1                 
80200368 80200368        0     1                 
8020036c 8020036c        0     1                 
8020036c 8020036c        0     1                 
80200376 80200376        0     1                 
80200378 80200378        0     1                 
8020037a 8020037a        0     1                 
80200380 80200380        0     1                 
80200388 80200388        0     1                 
80200394 80200394        0     1                 
80200394 80200394        0     1                 
80200398 80200398        0     1                 
8020039c 8020039c        0     1                 
802003a4 802003a4        0     1                 
802003b0 802003b0        0     1                 
802003b0 802003b0        0     1                 
802003b4 802003b4        0     1                 
802003bc 802003bc        0     1                 
802003c0 802003c0        0     1                 
802003c2 802003c2        0     1                 
802003ce 802003ce        0     1                 
802003ce 802003ce        0     1                 
802003d2 802003d2        0     1                 
802003d6 802003d6        0     1                 
802003d6 802003d6        0     1                 
802003e2 802003e2        0     1                 
802003ee 802003ee        0     1                 
802003ee 802003ee        0     1                 
802003fa 802003fa        0     1                 
802003fa 802003fa        0     1                 
80200408 80200408        0     1                 
80200408 80200408        0     1                 
8020040c 8020040c        0     1                 
80200412 80200412        0     1                 
80200416 80200416        0     1                 
80200418 80200418        0     1                 
80200424 80200424        0     1                 
80200424 80200424        0     1                 
80200428 80200428        0     1                 
8020042c 8020042c        0     1                 
8020042c 8020042c        0     1                 
8020043a 8020043a        0     1                 
80200458 80200458        0     1                 
80200458 80200458        0     1                 
80200458 80200458       8e     4         build/SBI.o:(.text)
80200458 80200458        0     1                 
80200458 80200458        0     1                 
80200458 80200458        0     1                 
80200458 80200458       14     1                 sbi_call
8020045c 8020045c        0     1                 
80200460 80200460        0     1                 
80200466 80200466        0     1                 
8020046c 8020046c        0     1                 
8020046c 8020046c        0     1                 
8020046c 8020046c        0     1                 
8020046c 8020046c        0     1                 
8020046c 8020046c        0     1                 
8020046c 8020046c       1c     1                 k_putchar
8020046e 8020046e        0     1                 
8020046e 8020046e        0     1                 
80200480 80200480        0     1                 
80200486 80200486        0     1                 
80200486 80200486        0     1                 
80200488 80200488        0     1                 
80200488 80200488        0     1                 
80200488 80200488        0     1                 
80200488 80200488        0     1                 
80200488 80200488        0     1                 
80200488 80200488       5e     1                 k_readchar
8020048a 8020048a        0     1                 
8020048a 8020048a        0     1                 
8020048c 8020048c        0     1                 
80200494 80200494        0     1                 
80200498 80200498        0     1                 
8020049a 8020049a        0     1                 
8020049e 8020049e        0     1                 
802004ae 802004ae        0     1                 
802004ae 802004ae        0     1                 
802004b4 802004b4        0     1                 
802004d8 802004d8        0     1                 
802004da 802004da        0     1                 
802004dc 802004dc        0     1                 
802004e6 802004e6        0     1                 
802004e6 802004e6        0     1                 
802004e8 802004e8       28     4         build/mem.o:(.text)
802004e8 802004e8        0     1                 
802004e8 802004e8        0     1                 
802004e8 802004e8        0     1                 
802004e8 802004e8        0     1                 
802004e8 802004e8       14     1                 memset
802004ea 802004ea        0     1                 
802004ec 802004ec        0     1                 
802004ee 802004ee        0     1                 
802004f2 802004f2        0     1                 
802004f6 802004f6        0     1                 
802004f8 802004f8        0     1                 
802004fa 802004fa        0     1                 
802004fc 802004fc        0     1                 
802004fc 802004fc        0     1                 
802004fc 802004fc        0     1                 
802004fc 802004fc        0     1                 
802004fc 802004fc        0     1                 
802004fc 802004fc        0     1                 
802004fc 802004fc       14     1                 k_memcpy
802004fe 802004fe        0     1                 
80200502 80200502        0     1                 
80200506 80200506        0     1                 
80200508 80200508        0     1                 
8020050a 8020050a        0     1                 
8020050c 8020050c        0     1                 
8020050e 8020050e        0     1                 
8020050e 8020050e        0     1                 
80200510 80200510        0     1                 
80200510 80200510        0     1                 
80200510 80200510      29e     4         build/str.o:(.text)
80200510 80200510        0     1                 
80200510 80200510        0     1                 
80200510 80200510        0     1                 
80200510 80200510        0     1                 
80200510 80200510       28     1                 k_strncpy
80200512 80200512        0     1                 
80200514 80200514        0     1                 
8020051c 8020051c        0     1                 
8020051e 8020051e        0     1                 
80200522 80200522        0     1                 
80200524 80200524        0     1                 
80200528 80200528        0     1                 
8020052c 8020052c        0     1                 
80200530 80200530        0     1                 
80200536 80200536        0     1                 
80200538 80200538        0     1                 
80200538 80200538        0     1                 
80200538 80200538        0     1                 
80200538 80200538        0     1                 
80200538 80200538        0     1                 
80200538 80200538        0     1                 
80200538 80200538       2e     1                 k_strcmp
8020053c 8020053c        0     1                 
8020053e 8020053e        0     1                 
80200540 80200540        0     1                 
80200544 80200544        0     1                 
80200546 80200546        0     1                 
8020054a 8020054a        0     1                 
8020054e 8020054e        0     1                 
80200552 80200552        0     1                 
80200554 80200554        0     1                 
80200558 80200558        0     1                 
8020055a 8020055a        0     1                 
8020055e 8020055e        0     1                 
80200562 80200562        0     1                 
80200564 80200564        0     1                 
80200566 80200566        0     1                 
80200566 80200566        0     1                 
80200566 80200566        0     1                 
80200566 80200566        0     1                 
80200566 80200566        0     1                 
80200566 80200566      248     1                 k_sprintf
80200568 80200568        0     1                 
80200580 80200580        0     1                 
80200590 80200590        0     1                 
802005ae 802005ae        0     1                 
802005b0 802005b0        0     1                 
802005da 802005da        0     1                 
802005dc 802005dc        0     1                 
802005e0 802005e0        0     1                 
802005e8 802005e8        0     1                 
802005ee 802005ee        0     1                 
802005f2 802005f2        0     1                 
802005f6 802005f6        0     1                 
802005fe 802005fe        0     1                 
80200608 80200608        0     1                 .LBB2_7
80200608 80200608        0     1                 
8020061c 8020061c        0     1                 
80200620 80200620        0     1                 
80200626 80200626        0     1                 .LBB2_11
80200626 80200626        0     1                 
8020062a 8020062a        0     1                 
80200634 80200634        0     1                 
8020063a 8020063a        0     1                 .LBB2_12
8020063a 8020063a        0     1                 
8020064e 8020064e        0     1                 .LBB2_14
8020064e 8020064e        0     1                 
80200656 80200656        0     1                 
8020066a 8020066a        0     1                 .LBB2_16
8020066a 8020066a        0     1                 
8020067c 8020067c        0     1                 
8020067e 8020067e        0     1                 
80200682 80200682        0     1                 .LBB2_18
80200682 80200682        0     1                 
80200696 80200696        0     1                 .LBB2_20
80200696 80200696        0     1                 
802006aa 802006aa        0     1                 
802006ac 802006ac        0     1                 
802006b0 802006b0        0     1                 
802006ba 802006ba        0     1                 
802006c6 802006c6        0     1                 
802006c6 802006c6        0     1                 
802006cc 802006cc        0     1                 
802006ce 802006ce        0     1                 
802006d0 802006d0        0     1                 
802006d4 802006d4        0     1                 
802006d8 802006d8        0     1                 
802006da 802006da        0     1                 
802006e0 802006e0        0     1                 
802006e0 802006e0        0     1                 
802006e4 802006e4        0     1                 
802006f0 802006f0        0     1                 
802006f0 802006f0        0     1                 
802006f6 802006f6        0     1                 
802006fa 802006fa        0     1                 
802006fc 802006fc        0     1                 
80200700 80200700        0     1                 
80200704 80200704        0     1                 
80200706 80200706        0     1                 
8020070c 8020070c        0     1                 
8020070c 8020070c        0     1                 
80200710 80200710        0     1                 
80200712 80200712        0     1                 
80200714 80200714        0     1                 
8020071a 8020071a        0     1                 
80200720 80200720        0     1                 
80200724 80200724        0     1                 
80200728 80200728        0     1                 
8020072a 8020072a        0     1                 
80200730 80200730        0     1                 
80200732 80200732        0     1                 
8020073e 8020073e        0     1                 
8020073e 8020073e        0     1                 
80200744 80200744        0     1                 
80200748 80200748        0     1                 
8020074a 8020074a        0     1                 
8020074e 8020074e        0     1                 
80200752 80200752        0     1                 
80200754 80200754        0     1                 
8020075a 8020075a        0     1                 
8020075a 8020075a        0     1                 
8020075c 8020075c        0     1                 
80200766 80200766        0     1                 
80200772 80200772        0     1                 
80200772 80200772        0     1                 
80200778 80200778        0     1                 
8020077c 8020077c        0     1                 
8020077e 8020077e        0     1                 
80200782 80200782        0     1                 
80200786 80200786        0     1                 
80200788 80200788        0     1                 
8020078e 8020078e        0     1                 
8020078e 8020078e        0     1                 
80200792 80200792        0     1                 
802007ae 802007ae        0     1                 
802007ae 802007ae        0     1                 
802007b0 802007b0      176     4         build/oa.o:(.text)
802007b0 802007b0        0     1                 
802007b0 802007b0        0     1                 
802007b0 802007b0        0     1                 
802007b0 802007b0       7a     1                 utoa
802007b2 802007b2        0     1                 
802007b2 802007b2        0     1                 
802007b4 802007b4        0     1                 
802007bc 802007bc        0     1                 
802007be 802007be        0     1                 
802007c2 802007c2        0     1                 
802007c8 802007c8        0     1                 
802007ca 802007ca        0     1                 
802007ce 802007ce        0     1                 
802007d0 802007d0        0     1                 
802007dc 802007dc        0     1                 
802007ea 802007ea        0     1                 
802007ea 802007ea        0     1                 
802007fc 802007fc        0     1                 
80200804 80200804        0     1                 
80200808 80200808        0     1                 
8020080e 8020080e        0     1                 
80200814 80200814        0     1                 
80200814 80200814        0     1                 
80200818 80200818        0     1                 
8020081e 8020081e        0     1                 
80200826 80200826        0     1                 
8020082a 8020082a        0     1                 
8020082a 8020082a        0     1                 
8020082a 8020082a        0     1                 
8020082a 8020082a        0     1                 
8020082a 8020082a        0     1                 
8020082a 8020082a       fc     1                 itoa
8020082c 8020082c        0     1                 
8020082e 8020082e        0     1                 
8020083a 8020083a        0     1                 
8020083e 8020083e        0     1                 
80200844 80200844        0     1                 
80200848 80200848        0     1                 
80200850 80200850        0     1                 
8020085a 8020085a        0     1                 
80200860 80200860        0     1                 
80200868 80200868        0     1                 
8020086c 8020086c        0     1                 
80200870 80200870        0     1                 
80200872 80200872        0     1                 
80200876 80200876        0     1                 
8020087a 8020087a        0     1                 
8020087e 8020087e        0     1                 
8020087e 8020087e        0     1                 
8020088c 8020088c        0     1                 
8020088e 8020088e        0     1                 
80200896 80200896        0     1                 
8020089a 8020089a        0     1                 
802008a0 802008a0        0     1                 
802008a4 802008a4        0     1                 
802008a4 802008a4        0     1                 
802008aa 802008aa        0     1                 
802008aa 802008aa        0     1                 
802008ac 802008ac        0     1                 
802008b4 802008b4        0     1                 
802008b6 802008b6        0     1                 
802008ba 802008ba        0     1                 
802008c0 802008c0        0     1                 
802008c2 802008c2        0     1                 
802008c6 802008c6        0     1                 
802008c8 802008c8        0     1                 
802008d4 802008d4        0     1                 
802008e2 802008e2        0     1                 
802008e2 802008e2        0     1                 
802008f4 802008f4        0     1                 
802008fc 802008fc        0     1                 
80200900 80200900        0     1                 
80200906 80200906        0     1                 
8020090c 8020090c        0     1                 
8020090c 8020090c        0     1                 
80200910 80200910        0     1                 
80200918 80200918        0     1                 
8020091e 8020091e        0     1                 
80200922 80200922        0     1                 
80200926 80200926        0     1                 
80200926 80200926        0     1                 
80200928 80200928      400     4         build/memory.o:(.text)
80200928 80200928        0     1                 
80200928 80200928        0     1                 
80200928 80200928        0     1                 
80200928 80200928        0     1                 
80200928 80200928       1a     1                 init_memory
80200938 80200938        0     1                 
80200940 80200940        0     1                 
80200942 80200942        0     1                 
80200942 80200942        0     1                 
80200942 80200942        0     1                 
80200942 80200942        0     1                 
80200942 80200942        0     1                 
80200942 80200942       ec     1                 pageframalloc
80200944 80200944        0     1                 
80200944 80200944        0     1                 
8020094a 8020094a        0     1                 
8020094c 8020094c        0     1                 
80200954 80200954        0     1                 
80200960 80200960        0     1                 
80200964 80200964        0     1                 
80200964 80200964        0     1                 
80200966 80200966        0     1                 
8020096a 8020096a        0     1                 
8020096e 8020096e        0     1                 
8020096e 8020096e        0     1                 
80200974 80200974        0     1                 
80200978 80200978        0     1                 
8020097c 8020097c        0     1                 
80200982 80200982        0     1                 
8020098c 8020098c        0     1                 
8020098e 8020098e        0     1                 
80200992 80200992        0     1                 
80200994 80200994        0     1                 
80200998 80200998        0     1                 
8020099a 8020099a        0     1                 
8020099e 8020099e        0     1                 
802009a6 802009a6        0     1                 
802009a8 802009a8        0     1                 
802009b0 802009b0        0     1                 
802009b4 802009b4        0     1                 
802009b6 802009b6        0     1                 
802009ba 802009ba        0     1                 
802009bc 802009bc        0     1                 
802009c4 802009c4        0     1                 
802009c8 802009c8        0     1                 
802009cc 802009cc        0     1                 
802009d4 802009d4        0     1                 
802009d8 802009d8        0     1                 
802009dc 802009dc        0     1                 
80200a00 80200a00        0     1                 
80200a02 80200a02        0     1                 
80200a06 80200a06        0     1                 
80200a12 80200a12        0     1                 
80200a16 80200a16        0     1                 
80200a22 80200a22        0     1                 
80200a22 80200a22        0     1                 
80200a2e 80200a2e        0     1                 
80200a2e 80200a2e        0     1                 
80200a2e 80200a2e        0     1                 
80200a2e 80200a2e        0     1                 
80200a2e 80200a2e        0     1                 
80200a2e 80200a2e       56     1                 pageframfree
80200a30 80200a30        0     1                 
80200a32 80200a32        0     1                 
80200a34 80200a34        0     1                 
80200a3c 80200a3c        0     1                 
80200a40 80200a40        0     1                 
80200a46 80200a46        0     1                 
80200a48 80200a48        0     1                 
80200a64 80200a64        0     1                 
80200a66 80200a66        0     1                 
80200a66 80200a66        0     1                 
80200a70 80200a70        0     1                 
80200a72 80200a72        0     1                 
80200a74 80200a74        0     1                 
80200a78 80200a78        0     1                 
80200a78 80200a78        0     1                 
80200a7c 80200a7c        0     1                 
80200a7e 80200a7e        0     1                 
80200a7e 80200a7e        0     1                 
80200a84 80200a84        0     1                 
80200a84 80200a84        0     1                 
80200a84 80200a84        0     1                 
80200a84 80200a84        0     1                 
80200a84 80200a84        0     1                 
80200a84 80200a84      1a0     1                 add_ptbl_entry
80200a86 80200a86        0     1                 
80200a94 80200a94        0     1                 
80200a9c 80200a9c        0     1                 
80200aa4 80200aa4        0     1                 
80200ab4 80200ab4        0     1                 
80200ab4 80200ab4        0     1                 
80200ac6 80200ac6        0     1                 
80200ac6 80200ac6        0     1                 
80200ad6 80200ad6        0     1                 
80200ad6 80200ad6        0     1                 
80200ae6 80200ae6        0     1                 
80200ae6 80200ae6        0     1                 
80200b0a 80200b0a        0     1                 
80200b0c 80200b0c        0     1                 
80200b10 80200b10        0     1                 
80200b14 80200b14        0     1                 
80200b16 80200b16        0     1                 
80200b1a 80200b1a        0     1                 
80200b1e 80200b1e        0     1                 
80200b22 80200b22        0     1                 
80200b24 80200b24        0     1                 
80200b2c 80200b2c        0     1                 
80200b2c 80200b2c        0     1                 
80200b30 80200b30        0     1                 
80200b30 80200b30        0     1                 
80200b34 80200b34        0     1                 
80200b3a 80200b3a        0     1                 
80200b3a 80200b3a        0     1                 
80200b42 80200b42        0     1                 
80200b44 80200b44        0     1                 
80200b46 80200b46        0     1                 
80200b4e 80200b4e        0     1                 
80200b52 80200b52        0     1                 
80200b56 80200b56        0     1                 
80200b7a 80200b7a        0     1                 
80200b7c 80200b7c        0     1                 
80200b8a 80200b8a        0     1                 
80200b8e 80200b8e        0     1                 
80200b8e 80200b8e        0     1                 
80200b92 80200b92        0     1                 
80200b94 80200b94        0     1                 
80200bb8 80200bb8        0     1                 
80200bba 80200bba        0     1                 
80200bde 80200bde        0     1                 
80200be0 80200be0        0     1                 
80200be8 80200be8        0     1                 
80200bec 80200bec        0     1                 
80200bf0 80200bf0        0     1                 
80200bf0 80200bf0        0     1                 
80200bf4 80200bf4        0     1                 
80200c00 80200c00        0     1                 
80200c08 80200c08        0     1                 
80200c10 80200c10        0     1                 
80200c12 80200c12        0     1                 
80200c24 80200c24        0     1                 
80200c24 80200c24        0     1                 
80200c24 80200c24        0     1                 
80200c24 80200c24        0     1                 
80200c24 80200c24        0     1                 
80200c24 80200c24      104     1                 free_proc_pages
80200c26 80200c26        0     1                 
80200c26 80200c26        0     1                 
80200c28 80200c28        0     1                 
80200c2a 80200c2a        0     1                 
80200c4e 80200c4e        0     1                 
80200c4e 80200c4e        0     1                 
80200c50 80200c50        0     1                 
80200c54 80200c54        0     1                 
80200c54 80200c54        0     1                 
80200c5c 80200c5c        0     1                 
80200c60 80200c60        0     1                 
80200c62 80200c62        0     1                 
80200c68 80200c68        0     1                 
80200c70 80200c70        0     1                 
80200c70 80200c70        0     1                 
80200c74 80200c74        0     1                 
80200c76 80200c76        0     1                 
80200c76 80200c76        0     1                 
80200c78 80200c78        0     1                 
80200c80 80200c80        0     1                 
80200c84 80200c84        0     1                 
80200c90 80200c90        0     1                 
80200c9a 80200c9a        0     1                 
80200c9a 80200c9a        0     1                 
80200c9e 80200c9e        0     1                 
80200ca0 80200ca0        0     1                 
80200ca4 80200ca4        0     1                 
80200ca6 80200ca6        0     1                 
80200ca6 80200ca6        0     1                 
80200cb2 80200cb2        0     1                 
80200cbc 80200cbc        0     1                 
80200cbc 80200cbc        0     1                 
80200cc0 80200cc0        0     1                 
80200cc4 80200cc4        0     1                 
80200cc8 80200cc8        0     1                 
80200cca 80200cca        0     1                 
80200cca 80200cca        0     1                 
80200ce6 80200ce6        0     1                 
80200cea 80200cea        0     1                 
80200cea 80200cea        0     1                 
80200cf0 80200cf0        0     1                 
80200cf2 80200cf2        0     1                 
80200d10 80200d10        0     1                 
80200d12 80200d12        0     1                 
80200d12 80200d12        0     1                 
80200d1a 80200d1a        0     1                 
80200d1e 80200d1e        0     1                 
80200d22 80200d22        0     1                 
80200d22 80200d22        0     1                 
80200d28 80200d28        0     1                 
80200d28 80200d28        0     1                 
80200d28 80200d28      3c0     4         build/trap_k.o:(.text)
80200d28 80200d28        0     1                 
80200d28 80200d28        0     1                 
80200d28 80200d28        0     1                 
80200d28 80200d28      2d0     1                 handle_syscall
80200d2a 80200d2a        0     1                 
80200d2e 80200d2e        0     1                 
80200d30 80200d30        0     1                 
80200d4e 80200d4e        0     1                 
80200d58 80200d58        0     1                 
80200daa 80200daa        0     1                 .LBB0_2
80200daa 80200daa        0     1                 
80200db6 80200db6        0     1                 
80200db6 80200db6        0     1                 
80200dc8 80200dc8        0     1                 .LBB0_3
80200dc8 80200dc8        0     1                 
80200dd0 80200dd0        0     1                 
80200dd0 80200dd0        0     1                 
80200dde 80200dde        0     1                 .LBB0_4
80200dde 80200dde        0     1                 
80200de8 80200de8        0     1                 
80200dea 80200dea        0     1                 .LBB0_5
80200dea 80200dea        0     1                 
80200df4 80200df4        0     1                 
80200df8 80200df8        0     1                 .LBB0_7
80200e00 80200e00        0     1                 
80200e04 80200e04        0     1                 
80200e06 80200e06        0     1                 
80200e0a 80200e0a        0     1                 
80200e12 80200e12        0     1                 
80200e12 80200e12        0     1                 
80200e16 80200e16        0     1                 
80200e1a 80200e1a        0     1                 
80200e20 80200e20        0     1                 
80200e28 80200e28        0     1                 .LBB0_11
80200e28 80200e28        0     1                 
80200e32 80200e32        0     1                 
80200e32 80200e32        0     1                 
80200e34 80200e34        0     1                 .LBB0_12
80200e34 80200e34        0     1                 
80200e3e 80200e3e        0     1                 
80200e3e 80200e3e        0     1                 
80200e40 80200e40        0     1                 .LBB0_13
80200e40 80200e40        0     1                 
80200e4a 80200e4a        0     1                 
80200e52 80200e52        0     1                 .LBB0_14
80200e52 80200e52        0     1                 
80200e62 80200e62        0     1                 
80200e62 80200e62        0     1                 
80200e66 80200e66        0     1                 
80200e72 80200e72        0     1                 
80200e78 80200e78        0     1                 .LBB0_16
80200e78 80200e78        0     1                 
80200e84 80200e84        0     1                 
80200e84 80200e84        0     1                 
80200e86 80200e86        0     1                 .LBB0_17
80200e86 80200e86        0     1                 
80200ea6 80200ea6        0     1                 
80200eb0 80200eb0        0     1                 
80200eb8 80200eb8        0     1                 .LBB0_18
80200eb8 80200eb8        0     1                 
80200ec2 80200ec2        0     1                 
80200eca 80200eca        0     1                 .LBB0_19
80200eca 80200eca        0     1                 
80200ed2 80200ed2        0     1                 
80200eda 80200eda        0     1                 .LBB0_20
80200eda 80200eda        0     1                 
80200ee4 80200ee4        0     1                 
80200eec 80200eec        0     1                 .LBB0_21
80200eec 80200eec        0     1                 
80200ef4 80200ef4        0     1                 
80200efc 80200efc        0     1                 .LBB0_22
80200efc 80200efc        0     1                 
80200f06 80200f06        0     1                 
80200f06 80200f06        0     1                 
80200f08 80200f08        0     1                 .LBB0_23
80200f08 80200f08        0     1                 
80200f12 80200f12        0     1                 
80200f12 80200f12        0     1                 
80200f14 80200f14        0     1                 .LBB0_24
80200f14 80200f14        0     1                 
80200f1e 80200f1e        0     1                 
80200f1e 80200f1e        0     1                 
80200f20 80200f20        0     1                 .LBB0_25
80200f20 80200f20        0     1                 
80200f2a 80200f2a        0     1                 
80200f2a 80200f2a        0     1                 
80200f2c 80200f2c        0     1                 .LBB0_26
80200f2c 80200f2c        0     1                 
80200f36 80200f36        0     1                 
80200f36 80200f36        0     1                 
80200f38 80200f38        0     1                 
80200f38 80200f38        0     1                 .LBB0_27
80200f38 80200f38        0     1                 
80200f3c 80200f3c        0     1                 
80200f40 80200f40        0     1                 
80200f44 80200f44        0     1                 
80200f48 80200f48        0     1                 
80200f4c 80200f4c        0     1                 
80200f50 80200f50        0     1                 
80200f54 80200f54        0     1                 
80200f58 80200f58        0     1                 
80200f58 80200f58        0     1                 
80200f64 80200f64        0     1                 
80200f64 80200f64        0     1                 
80200f7e 80200f7e        0     1                 
80200f86 80200f86        0     1                 
80200f8a 80200f8a        0     1                 
80200f8e 80200f8e        0     1                 
80200fac 80200fac        0     1                 
80200fae 80200fae        0     1                 
80200fb2 80200fb2        0     1                 
80200fc0 80200fc0        0     1                 
80200fc2 80200fc2        0     1                 
80200fc4 80200fc4        0     1                 
80200fcc 80200fcc        0     1                 
80200fd4 80200fd4        0     1                 
80200fd6 80200fd6        0     1                 
80200fd8 80200fd8        0     1                 
80200ff6 80200ff6        0     1                 
80200ff8 80200ff8        0     1                 
80200ff8 80200ff8        0     1                 
80200ff8 80200ff8        0     1                 
80200ff8 80200ff8        0     1                 
80200ff8 80200ff8        0     1                 
80200ff8 80200ff8       54     1                 handle_trap
80200ffa 80200ffa        0     1                 
80200ffa 80200ffa        0     1                 
80200ffa 80200ffa        0     1                 
80200ffe 80200ffe        0     1                 
80201002 80201002        0     1                 
80201002 80201002        0     1                 
80201006 80201006        0     1                 
80201006 80201006        0     1                 
8020100a 8020100a        0     1                 
8020100c 8020100c        0     1                 
8020100c 8020100c        0     1                 
80201010 80201010        0     1                 
80201018 80201018        0     1                 
80201018 80201018        0     1                 
8020101a 8020101a        0     1                 
8020102c 8020102c        0     1                 
8020102c 8020102c        0     1                 
8020103c 8020103c        0     1                 
8020103c 8020103c        0     1                 
80201040 80201040        0     1                 
80201044 80201044        0     1                 
8020104c 8020104c        0     1                 
8020104c 8020104c        0     1                 
8020104c 8020104c        0     1                 
8020104c 8020104c        0     1                 
8020104c 8020104c        0     1                 
8020104c 8020104c        0     1                 
8020104c 8020104c       9c     1                 switch_trap
802010e8 802010e8        0     1                 
802010e8 802010e8        0     1                 
802010e8 802010e8      2b4     4         build/pcb_k.o:(.text)
802010e8 802010e8        0     1                 
802010e8 802010e8        0     1                 
802010e8 802010e8        0     1                 
802010e8 802010e8       3c     1                 switch_umode
802010ea 802010ea        0     1                 
802010ec 802010ec        0     1                 
802010f4 802010f4        0     1                 
80201100 80201100        0     1                 
80201122 80201122        0     1                 
80201124 80201124        0     1                 
80201124 80201124        0     1                 
80201124 80201124        0     1                 
80201124 80201124        0     1                 
80201124 80201124        0     1                 
80201124 80201124      22a     1                 spawn_proc
80201126 80201126        0     1                 
8020113a 8020113a        0     1                 
80201152 80201152        0     1                 
80201154 80201154        0     1                 
80201156 80201156        0     1                 
8020115c 8020115c        0     1                 
80201160 80201160        0     1                 
80201180 80201180        0     1                 
80201182 80201182        0     1                 
8020118a 8020118a        0     1                 
8020118e 8020118e        0     1                 
80201196 80201196        0     1                 
802011a8 802011a8        0     1                 
802011a8 802011a8        0     1                 
802011aa 802011aa        0     1                 
802011ae 802011ae        0     1                 
802011ae 802011ae        0     1                 
802011de 802011de        0     1                 
802011de 802011de        0     1                 
802011e2 802011e2        0     1                 
802011e6 802011e6        0     1                 
802011e8 802011e8        0     1                 
802011f2 802011f2        0     1                 
802011fa 802011fa        0     1                 
802011fe 802011fe        0     1                 
80201208 80201208        0     1                 
8020120a 8020120a        0     1                 
80201212 80201212        0     1                 
8020121a 8020121a        0     1                 
8020121e 8020121e        0     1                 
80201228 80201228        0     1                 
80201228 80201228        0     1                 
8020122c 8020122c        0     1                 
8020122e 8020122e        0     1                 
8020122e 8020122e        0     1                 
80201242 80201242        0     1                 
80201250 80201250        0     1                 
80201250 80201250        0     1                 
80201256 80201256        0     1                 
8020125a 8020125a        0     1                 
8020126e 8020126e        0     1                 
80201272 80201272        0     1                 
80201280 80201280        0     1                 
80201280 80201280        0     1                 
80201282 80201282        0     1                 
80201286 80201286        0     1                 
80201286 80201286        0     1                 
8020128e 8020128e        0     1                 
80201292 80201292        0     1                 
8020129e 8020129e        0     1                 
802012a2 802012a2        0     1                 
802012ac 802012ac        0     1                 
802012ac 802012ac        0     1                 
802012b0 802012b0        0     1                 
802012b4 802012b4        0     1                 
802012c0 802012c0        0     1                 
802012c0 802012c0        0     1                 
802012c2 802012c2        0     1                 
802012ca 802012ca        0     1                 
802012ce 802012ce        0     1                 
802012d8 802012d8        0     1                 
802012d8 802012d8        0     1                 
802012dc 802012dc        0     1                 
802012e2 802012e2        0     1                 
802012e4 802012e4        0     1                 
802012e8 802012e8        0     1                 
80201302 80201302        0     1                 
80201326 80201326        0     1                 
80201328 80201328        0     1                 
8020134c 8020134c        0     1                 
8020134e 8020134e        0     1                 
8020134e 8020134e        0     1                 
8020134e 8020134e        0     1                 
8020134e 8020134e        0     1                 
8020134e 8020134e        0     1                 
8020134e 8020134e       4e     1                 free_proc
80201350 80201350        0     1                 
80201350 80201350        0     1                 
80201354 80201354        0     1                 
80201356 80201356        0     1                 
80201358 80201358        0     1                 
8020135a 8020135a        0     1                 
8020135c 8020135c        0     1                 
8020135e 8020135e        0     1                 
80201360 80201360        0     1                 
80201368 80201368        0     1                 
80201368 80201368        0     1                 
8020136c 8020136c        0     1                 
80201370 80201370        0     1                 
80201374 80201374        0     1                 
80201378 80201378        0     1                 
8020137c 8020137c        0     1                 
80201380 80201380        0     1                 
80201384 80201384        0     1                 
8020138c 8020138c        0     1                 
80201394 80201394        0     1                 
8020139c 8020139c        0     1                 
8020139c 8020139c        0     1                 
8020139c 8020139c      1fc     4         build/program_k.o:(.text)
8020139c 8020139c        0     1                 
8020139c 8020139c        0     1                 
8020139c 8020139c        0     1                 
8020139c 8020139c        0     1                 
8020139c 8020139c       46     1                 switch_proc
802013e2 802013e2        0     1                 
802013e2 802013e2        0     1                 
802013e2 802013e2        0     1                 
802013e2 802013e2        0     1                 
802013e2 802013e2        0     1                 
802013e2 802013e2        0     1                 
802013e2 802013e2       14     1                 Flush_TLB
802013e4 802013e4        0     1                 
802013e6 802013e6        0     1                 
802013ea 802013ea        0     1                 
802013ec 802013ec        0     1                 
802013f4 802013f4        0     1                 
802013f6 802013f6        0     1                 
802013f6 802013f6        0     1                 
802013f6 802013f6        0     1                 
802013f6 802013f6        0     1                 
802013f6 802013f6        0     1                 
802013f6 802013f6       a0     1                 k_sp
802013f8 802013f8        0     1                 
802013f8 802013f8        0     1                 
80201406 80201406        0     1                 
80201416 80201416        0     1                 
80201416 80201416        0     1                 
8020143e 8020143e        0     1                 
8020143e 8020143e        0     1                 
80201440 80201440        0     1                 
8020144c 8020144c        0     1                 
8020144c 8020144c        0     1                 
8020145a 8020145a        0     1                 
8020145a 8020145a        0     1                 
8020145c 8020145c        0     1                 
80201460 80201460        0     1                 
80201464 80201464        0     1                 
80201466 80201466        0     1                 
80201468 80201468        0     1                 
80201474 80201474        0     1                 
80201474 80201474        0     1                 
80201476 80201476        0     1                 
80201476 80201476        0     1                 
8020148e 8020148e        0     1                 
80201496 80201496        0     1                 
80201496 80201496        0     1                 
80201496 80201496        0     1                 
80201496 80201496        0     1                 
80201496 80201496        0     1                 
80201496 80201496        0     1                 
80201496 80201496      102     1                 yield
8020149e 8020149e        0     1                 
802014a2 802014a2        0     1                 
802014a6 802014a6        0     1                 
802014ac 802014ac        0     1                 
802014b0 802014b0        0     1                 
802014b2 802014b2        0     1                 
802014b6 802014b6        0     1                 
802014ba 802014ba        0     1                 
802014be 802014be        0     1                 
802014c2 802014c2        0     1                 
802014c2 802014c2        0     1                 
802014f0 802014f0        0     1                 
802014fe 802014fe        0     1                 
80201500 80201500        0     1                 
80201500 80201500        0     1                 
8020150e 8020150e        0     1                 
80201510 80201510        0     1                 
80201516 80201516        0     1                 
80201518 80201518        0     1                 
8020151c 8020151c        0     1                 
8020151c 8020151c        0     1                 
80201524 80201524        0     1                 
80201538 80201538        0     1                 
8020153c 8020153c        0     1                 
80201540 80201540        0     1                 
80201548 80201548        0     1                 
8020154c 8020154c        0     1                 
8020154e 8020154e        0     1                 
80201552 80201552        0     1                 
80201556 80201556        0     1                 
8020155a 8020155a        0     1                 
80201562 80201562        0     1                 
80201564 80201564        0     1                 
80201566 80201566        0     1                 
80201568 80201568        0     1                 
8020156a 8020156a        0     1                 
8020156e 8020156e        0     1                 
80201570 80201570        0     1                 
80201574 80201574        0     1                 
80201576 80201576        0     1                 
8020157e 8020157e        0     1                 
8020157e 8020157e        0     1                 
80201586 80201586        0     1                 
80201588 80201588        0     1                 
8020158a 8020158a        0     1                 
80201592 80201592        0     1                 
80201596 80201596        0     1                 
80201598 80201598        0     1                 
80201598 80201598        0     1                 
80201598 80201598      2dc     4         build/app.o:(.text)
80201598 80201598        0     1                 
80201598 80201598        0     1                 
80201598 80201598        0     1                 
80201598 80201598      110     1                 init_app
8020159a 8020159a        0     1                 
8020159c 8020159c        0     1                 
8020159e 8020159e        0     1                 
8020159e 8020159e        0     1                 
802015a2 802015a2        0     1                 
802015a6 802015a6        0     1                 
802015aa 802015aa        0     1                 
802015ae 802015ae        0     1                 
802015b2 802015b2        0     1                 
802015b6 802015b6        0     1                 
802015ba 802015ba        0     1                 
802015be 802015be        0     1                 
802015c2 802015c2        0     1                 
802015c4 802015c4        0     1                 
802015c8 802015c8        0     1                 
802015cc 802015cc        0     1                 
802015d0 802015d0        0     1                 
802015d4 802015d4        0     1                 
802015da 802015da        0     1                 
802015da 802015da        0     1                 
802015e2 802015e2        0     1                 
802015e4 802015e4        0     1                 
802015e6 802015e6        0     1                 
802015e8 802015e8        0     1                 
802015ea 802015ea        0     1                 
802015f2 802015f2        0     1                 
802015f4 802015f4        0     1                 
802015f6 802015f6        0     1                 
802015f8 802015f8        0     1                 
802015fa 802015fa        0     1                 
80201602 80201602        0     1                 
80201604 80201604        0     1                 
80201606 80201606        0     1                 
80201608 80201608        0     1                 
8020160a 8020160a        0     1                 
80201612 80201612        0     1                 
80201614 80201614        0     1                 
80201616 80201616        0     1                 
80201618 80201618        0     1                 
8020161a 8020161a        0     1                 
80201622 80201622        0     1                 
80201626 80201626        0     1                 
80201628 80201628        0     1                 
8020162c 8020162c        0     1                 
8020162e 8020162e        0     1                 
80201648 80201648        0     1                 
8020164a 8020164a        0     1                 
80201678 80201678        0     1                 
802016a2 802016a2        0     1                 
802016a8 802016a8        0     1                 
802016a8 802016a8        0     1                 
802016a8 802016a8        0     1                 
802016a8 802016a8        0     1                 
802016a8 802016a8        0     1                 
802016a8 802016a8       4c     1                 start_app
802016aa 802016aa        0     1                 
802016ac 802016ac        0     1                 
802016b0 802016b0        0     1                 
802016b4 802016b4        0     1                 
802016c4 802016c4        0     1                 
802016c6 802016c6        0     1                 
802016c8 802016c8        0     1                 
802016d0 802016d0        0     1                 
802016d0 802016d0        0     1                 
802016d2 802016d2        0     1                 
802016d8 802016d8        0     1                 
802016f2 802016f2        0     1                 
802016f4 802016f4        0     1                 
802016f4 802016f4        0     1                 
802016f4 802016f4        0     1                 
802016f4 802016f4        0     1                 
802016f4 802016f4        0     1                 
802016f4 802016f4      11e     1                 get_app_id
802016f6 802016f6        0     1                 
802016fc 802016fc        0     1                 
802016fe 802016fe        0     1                 
802016fe 802016fe        0     1                 
80201712 80201712        0     1                 
80201712 80201712        0     1                 
80201714 80201714        0     1                 
80201718 80201718        0     1                 
80201722 80201722        0     1                 
80201722 80201722        0     1                 
80201724 80201724        0     1                 
80201730 80201730        0     1                 
8020173a 8020173a        0     1                 
8020173a 8020173a        0     1                 
8020173c 8020173c        0     1                 
80201740 80201740        0     1                 
8020174a 8020174a        0     1                 
8020174a 8020174a        0     1                 
8020174c 8020174c        0     1                 
80201758 80201758        0     1                 
80201762 80201762        0     1                 
80201762 80201762        0     1                 
80201764 80201764        0     1                 
80201768 80201768        0     1                 
80201772 80201772        0     1                 
80201772 80201772        0     1                 
80201774 80201774        0     1                 
80201780 80201780        0     1                 
8020178a 8020178a        0     1                 
8020178a 8020178a        0     1                 
8020178c 8020178c        0     1                 
80201790 80201790        0     1                 
8020179a 8020179a        0     1                 
8020179a 8020179a        0     1                 
8020179c 8020179c        0     1                 
802017a8 802017a8        0     1                 
802017b2 802017b2        0     1                 
802017b2 802017b2        0     1                 
802017b4 802017b4        0     1                 
802017b8 802017b8        0     1                 
802017c2 802017c2        0     1                 
802017c2 802017c2        0     1                 
802017c4 802017c4        0     1                 
802017c4 802017c4        0     1                 
802017e0 802017e0        0     1                 
802017e2 802017e2        0     1                 
80201808 80201808        0     1                 
80201812 80201812        0     1                 
80201812 80201812        0     1                 
80201812 80201812        0     1                 
80201812 80201812        0     1                 
80201812 80201812        0     1                 
80201812 80201812       62     1                 get_app_name
80201814 80201814        0     1                 
80201816 80201816        0     1                 
8020181a 8020181a        0     1                 
8020181e 8020181e        0     1                 
8020183a 8020183a        0     1                 
8020183c 8020183c        0     1                 
8020184a 8020184a        0     1                 
8020186e 8020186e        0     1                 
80201874 80201874        0     1                 
80201874 80201874        0     1                 
80201874 80201874      608     4         build/sockets.o:(.text)
80201874 80201874        0     1                 
80201874 80201874        0     1                 
80201874 80201874        0     1                 
80201874 80201874       4e     1                 read_rsocket
80201876 80201876        0     1                 
80201878 80201878        0     1                 
8020187c 8020187c        0     1                 
80201880 80201880        0     1                 
8020189a 8020189a        0     1                 
8020189c 8020189c        0     1                 
802018a4 802018a4        0     1                 
802018b8 802018b8        0     1                 
802018bc 802018bc        0     1                 
802018c2 802018c2        0     1                 
802018c2 802018c2        0     1                 
802018c2 802018c2        0     1                 
802018c2 802018c2        0     1                 
802018c2 802018c2        0     1                 
802018c2 802018c2       4c     1                 write_rsocket
802018c4 802018c4        0     1                 
802018c6 802018c6        0     1                 
802018ca 802018ca        0     1                 
802018ce 802018ce        0     1                 
802018e8 802018e8        0     1                 
802018ea 802018ea        0     1                 
802018f8 802018f8        0     1                 
80201904 80201904        0     1                 
80201908 80201908        0     1                 
8020190e 8020190e        0     1                 
8020190e 8020190e        0     1                 
8020190e 8020190e        0     1                 
8020190e 8020190e        0     1                 
8020190e 8020190e        0     1                 
8020190e 8020190e       7e     1                 read_socket
80201910 80201910        0     1                 
80201912 80201912        0     1                 
80201916 80201916        0     1                 
8020191a 8020191a        0     1                 
80201936 80201936        0     1                 
80201938 80201938        0     1                 
8020193e 8020193e        0     1                 
80201942 80201942        0     1                 
8020195c 8020195c        0     1                 
8020195e 8020195e        0     1                 
80201966 80201966        0     1                 
8020196a 8020196a        0     1                 
8020196c 8020196c        0     1                 
80201982 80201982        0     1                 
80201986 80201986        0     1                 
8020198c 8020198c        0     1                 
8020198c 8020198c        0     1                 
8020198c 8020198c        0     1                 
8020198c 8020198c        0     1                 
8020198c 8020198c        0     1                 
8020198c 8020198c       7c     1                 write_socket
8020198e 8020198e        0     1                 
80201990 80201990        0     1                 
80201994 80201994        0     1                 
80201998 80201998        0     1                 
802019b2 802019b2        0     1                 
802019b4 802019b4        0     1                 
802019ba 802019ba        0     1                 
802019be 802019be        0     1                 
802019da 802019da        0     1                 
802019dc 802019dc        0     1                 
802019e0 802019e0        0     1                 
802019e2 802019e2        0     1                 
802019ee 802019ee        0     1                 
802019f0 802019f0        0     1                 
802019fe 802019fe        0     1                 
80201a02 80201a02        0     1                 
80201a08 80201a08        0     1                 
80201a08 80201a08        0     1                 
80201a08 80201a08        0     1                 
80201a08 80201a08        0     1                 
80201a08 80201a08        0     1                 
80201a08 80201a08       60     1                 claim_rsocket
80201a0a 80201a0a        0     1                 
80201a0c 80201a0c        0     1                 
80201a10 80201a10        0     1                 
80201a14 80201a14        0     1                 
80201a30 80201a30        0     1                 
80201a32 80201a32        0     1                 
80201a46 80201a46        0     1                 
80201a48 80201a48        0     1                 
80201a4a 80201a4a        0     1                 
80201a52 80201a52        0     1                 
80201a58 80201a58        0     1                 
80201a5c 80201a5c        0     1                 
80201a5e 80201a5e        0     1                 
80201a62 80201a62        0     1                 
80201a68 80201a68        0     1                 
80201a68 80201a68        0     1                 
80201a68 80201a68        0     1                 
80201a68 80201a68        0     1                 
80201a68 80201a68        0     1                 
80201a68 80201a68       60     1                 claim_socket
80201a6a 80201a6a        0     1                 
80201a6c 80201a6c        0     1                 
80201a70 80201a70        0     1                 
80201a74 80201a74        0     1                 
80201a90 80201a90        0     1                 
80201a92 80201a92        0     1                 
80201aa6 80201aa6        0     1                 
80201aa8 80201aa8        0     1                 
80201aaa 80201aaa        0     1                 
80201ab2 80201ab2        0     1                 
80201ab8 80201ab8        0     1                 
80201abc 80201abc        0     1                 
80201abe 80201abe        0     1                 
80201ac2 80201ac2        0     1                 
80201ac8 80201ac8        0     1                 
80201ac8 80201ac8        0     1                 
80201ac8 80201ac8        0     1                 
80201ac8 80201ac8        0     1                 
80201ac8 80201ac8        0     1                 
80201ac8 80201ac8       42     1                 unclaim_rsocket
80201aca 80201aca        0     1                 
80201acc 80201acc        0     1                 
80201ad0 80201ad0        0     1                 
80201ad4 80201ad4        0     1                 
80201af0 80201af0        0     1                 
80201af2 80201af2        0     1                 
80201b00 80201b00        0     1                 
80201b04 80201b04        0     1                 
80201b0a 80201b0a        0     1                 
80201b0a 80201b0a        0     1                 
80201b0a 80201b0a        0     1                 
80201b0a 80201b0a        0     1                 
80201b0a 80201b0a        0     1                 
80201b0a 80201b0a       42     1                 unclaim_socket
80201b0c 80201b0c        0     1                 
80201b0e 80201b0e        0     1                 
80201b12 80201b12        0     1                 
80201b16 80201b16        0     1                 
80201b32 80201b32        0     1                 
80201b34 80201b34        0     1                 
80201b42 80201b42        0     1                 
80201b46 80201b46        0     1                 
80201b4c 80201b4c        0     1                 
80201b4c 80201b4c        0     1                 
80201b4c 80201b4c        0     1                 
80201b4c 80201b4c        0     1                 
80201b4c 80201b4c        0     1                 
80201b4c 80201b4c      13c     1                 find_free_rsocket
80201b4e 80201b4e        0     1                 
80201b4e 80201b4e        0     1                 
80201b50 80201b50        0     1                 
80201b58 80201b58        0     1                 
80201b5a 80201b5a        0     1                 
80201b5c 80201b5c        0     1                 
80201b5c 80201b5c        0     1                 
80201b60 80201b60        0     1                 
80201b68 80201b68        0     1                 
80201b6e 80201b6e        0     1                 
80201b72 80201b72        0     1                 
80201b78 80201b78        0     1                 
80201b7c 80201b7c        0     1                 
80201b84 80201b84        0     1                 
80201b8a 80201b8a        0     1                 
80201b8e 80201b8e        0     1                 
80201b94 80201b94        0     1                 
80201b98 80201b98        0     1                 
80201ba0 80201ba0        0     1                 
80201ba6 80201ba6        0     1                 
80201baa 80201baa        0     1                 
80201bb0 80201bb0        0     1                 
80201bb4 80201bb4        0     1                 
80201bbc 80201bbc        0     1                 
80201bc2 80201bc2        0     1                 
80201bc6 80201bc6        0     1                 
80201bcc 80201bcc        0     1                 
80201bd0 80201bd0        0     1                 
80201bd4 80201bd4        0     1                 
80201bda 80201bda        0     1                 
80201bde 80201bde        0     1                 
80201bde 80201bde        0     1                 
80201bfc 80201bfc        0     1                 
80201bfe 80201bfe        0     1                 
80201bfe 80201bfe        0     1                 
80201c00 80201c00        0     1                 
80201c08 80201c08        0     1                 
80201c0c 80201c0c        0     1                 
80201c0e 80201c0e        0     1                 
80201c12 80201c12        0     1                 
80201c14 80201c14        0     1                 
80201c1c 80201c1c        0     1                 
80201c20 80201c20        0     1                 
80201c22 80201c22        0     1                 
80201c26 80201c26        0     1                 
80201c28 80201c28        0     1                 
80201c30 80201c30        0     1                 
80201c34 80201c34        0     1                 
80201c36 80201c36        0     1                 
80201c3a 80201c3a        0     1                 
80201c3c 80201c3c        0     1                 
80201c44 80201c44        0     1                 
80201c48 80201c48        0     1                 
80201c4a 80201c4a        0     1                 
80201c4e 80201c4e        0     1                 
80201c50 80201c50        0     1                 
80201c54 80201c54        0     1                 
80201c5a 80201c5a        0     1                 
80201c5c 80201c5c        0     1                 
80201c5c 80201c5c        0     1                 
80201c62 80201c62        0     1                 
80201c68 80201c68        0     1                 
80201c88 80201c88        0     1                 
80201c88 80201c88        0     1                 
80201c88 80201c88        0     1                 
80201c88 80201c88        0     1                 
80201c88 80201c88        0     1                 
80201c88 80201c88      13c     1                 find_free_socket
80201c8a 80201c8a        0     1                 
80201c8a 80201c8a        0     1                 
80201c8c 80201c8c        0     1                 
80201c94 80201c94        0     1                 
80201c96 80201c96        0     1                 
80201c98 80201c98        0     1                 
80201c98 80201c98        0     1                 
80201c9c 80201c9c        0     1                 
80201ca4 80201ca4        0     1                 
80201caa 80201caa        0     1                 
80201cae 80201cae        0     1                 
80201cb4 80201cb4        0     1                 
80201cb8 80201cb8        0     1                 
80201cc0 80201cc0        0     1                 
80201cc6 80201cc6        0     1                 
80201cca 80201cca        0     1                 
80201cd0 80201cd0        0     1                 
80201cd4 80201cd4        0     1                 
80201cdc 80201cdc        0     1                 
80201ce2 80201ce2        0     1                 
80201ce6 80201ce6        0     1                 
80201cec 80201cec        0     1                 
80201cf0 80201cf0        0     1                 
80201cf8 80201cf8        0     1                 
80201cfe 80201cfe        0     1                 
80201d02 80201d02        0     1                 
80201d08 80201d08        0     1                 
80201d0c 80201d0c        0     1                 
80201d10 80201d10        0     1                 
80201d16 80201d16        0     1                 
80201d1a 80201d1a        0     1                 
80201d1a 80201d1a        0     1                 
80201d38 80201d38        0     1                 
80201d3a 80201d3a        0     1                 
80201d3a 80201d3a        0     1                 
80201d3c 80201d3c        0     1                 
80201d44 80201d44        0     1                 
80201d48 80201d48        0     1                 
80201d4a 80201d4a        0     1                 
80201d4e 80201d4e        0     1                 
80201d50 80201d50        0     1                 
80201d58 80201d58        0     1                 
80201d5c 80201d5c        0     1                 
80201d5e 80201d5e        0     1                 
80201d62 80201d62        0     1                 
80201d64 80201d64        0     1                 
80201d6c 80201d6c        0     1                 
80201d70 80201d70        0     1                 
80201d72 80201d72        0     1                 
80201d76 80201d76        0     1                 
80201d78 80201d78        0     1                 
80201d80 80201d80        0     1                 
80201d84 80201d84        0     1                 
80201d86 80201d86        0     1                 
80201d8a 80201d8a        0     1                 
80201d8c 80201d8c        0     1                 
80201d90 80201d90        0     1                 
80201d96 80201d96        0     1                 
80201d98 80201d98        0     1                 
80201d98 80201d98        0     1                 
80201d9e 80201d9e        0     1                 
80201da4 80201da4        0     1                 
80201dc4 80201dc4        0     1                 
80201dc4 80201dc4        0     1                 
80201dc4 80201dc4        0     1                 
80201dc4 80201dc4        0     1                 
80201dc4 80201dc4        0     1                 
80201dc4 80201dc4       5c     1                 info_rsocket
80201dc6 80201dc6        0     1                 
80201dc8 80201dc8        0     1                 
80201dcc 80201dcc        0     1                 
80201dd0 80201dd0        0     1                 
80201dec 80201dec        0     1                 
80201dee 80201dee        0     1                 
80201dfc 80201dfc        0     1                 
80201e00 80201e00        0     1                 
80201e04 80201e04        0     1                 
80201e06 80201e06        0     1                 
80201e0a 80201e0a        0     1                 
80201e0c 80201e0c        0     1                 
80201e10 80201e10        0     1                 
80201e12 80201e12        0     1                 
80201e16 80201e16        0     1                 
80201e18 80201e18        0     1                 
80201e1a 80201e1a        0     1                 
80201e20 80201e20        0     1                 
80201e20 80201e20        0     1                 
80201e20 80201e20        0     1                 
80201e20 80201e20        0     1                 
80201e20 80201e20        0     1                 
80201e20 80201e20       5c     1                 info_socket
80201e22 80201e22        0     1                 
80201e24 80201e24        0     1                 
80201e28 80201e28        0     1                 
80201e2c 80201e2c        0     1                 
80201e48 80201e48        0     1                 
80201e4a 80201e4a        0     1                 
80201e58 80201e58        0     1                 
80201e5c 80201e5c        0     1                 
80201e60 80201e60        0     1                 
80201e62 80201e62        0     1                 
80201e66 80201e66        0     1                 
80201e68 80201e68        0     1                 
80201e6c 80201e6c        0     1                 
80201e6e 80201e6e        0     1                 
80201e72 80201e72        0     1                 
80201e74 80201e74        0     1                 
80201e76 80201e76        0     1                 
80201e7c 80201e7c        0     1                 
80201e7c 80201e7c        0     1                 
80201e7c 80201e7c      a94     4 .rodata
80201e7c 80201e7c      990     1         <internal>:(.rodata)
8020280c 8020280c       58     4         build/print_k.o:(.rodata)
8020280c 8020280c        0     1                 .LJTI0_0
80202864 80202864       58     4         build/str.o:(.rodata)
80202864 80202864        0     1                 .LJTI2_0
802028bc 802028bc       54     4         build/trap_k.o:(.rodata)
802028bc 802028bc        0     1                 .LJTI0_0
80202910 80202910    10ea0     4 .data
80202910 80202910     8d00     1         bronx.o:(.data)
80202910 80202910        0     1                 _binary_bronx_bin_start
8020b610 8020b610        0     1                 _binary_bronx_bin_end
8020b610 8020b610     81a0     1         init.o:(.data)
8020b610 8020b610        0     1                 _binary_init_bin_start
802137b0 802137b0        0     1                 _binary_init_bin_end
802137b0 802137b0     cc48     4 .bss
802137b0 802137b0        0     1         __bss = .
802137b0 802137b0        8     4         build/memory.o:(.sbss)
802137b0 802137b0        4     1                 nextfreepageframe
802137b4 802137b4        4     1                 free_list_head
802137b8 802137b8        8     4         build/pcb_k.o:(.sbss)
802137b8 802137b8        4     1                 currproc
802137bc 802137bc        4     1                 idleproc
802137c0 802137c0     a320     4         build/pcb_k.o:(.bss)
802137c0 802137c0     a320     1                 proclist
8021dae0 8021dae0       a0     4         build/app.o:(.bss)
8021dae0 8021dae0       a0     1                 app_list
8021db80 8021db80     2878     4         build/sockets.o:(.bss)
8021db80 8021db80       28     1                 rsockets
8021dba8 8021dba8       28     1                 rsocket_info
8021dbd0 8021dbd0     2800     1                 sockets
802203d0 802203d0       28     1                 socket_info
802203f8 802203f8        0     1         __bss_end = .
802203f8 802203f8        0     1 . = ALIGN ( 4 )
802203f8 802203f8    20000     1 . += 128 * 1024
802403f8 802403f8        0     1 __stack_top = .
802403f8 802403f8      c08     1 . = ALIGN ( 4096 )
80241000 80241000        0     1 __free_ram_start = .
80241000 80241000  2000000     1 . += 32 * 1024 * 1024
82241000 82241000        0     1 __free_ram_end = .
       0        0      f20     1 .debug_abbrev
       0        0      115     1         build/main.o:(.debug_abbrev)
     115      115      104     1         build/print_k.o:(.debug_abbrev)
     219      219      15a     1         build/SBI.o:(.debug_abbrev)
     373      373       b9     1         build/mem.o:(.debug_abbrev)
     42c      42c      12c     1         build/str.o:(.debug_abbrev)
     558      558      113     1         build/oa.o:(.debug_abbrev)
     66b      66b      1b9     1         build/memory.o:(.debug_abbrev)
     824      824      1e7     1         build/trap_k.o:(.debug_abbrev)
     a0b      a0b      163     1         build/pcb_k.o:(.debug_abbrev)
     b6e      b6e      172     1         build/program_k.o:(.debug_abbrev)
     ce0      ce0      133     1         build/app.o:(.debug_abbrev)
     e13      e13      10d     1         build/sockets.o:(.debug_abbrev)
       0        0     1d48     1 .debug_info
       0        0      1bf     1         build/main.o:(.debug_info)
     1bf      1bf      1e5     1         build/print_k.o:(.debug_info)
     3a4      3a4      242     1         build/SBI.o:(.debug_info)
     5e6      5e6       d9     1         build/mem.o:(.debug_info)
     6bf      6bf      1f5     1         build/str.o:(.debug_info)
     8b4      8b4      184     1         build/oa.o:(.debug_info)
     a38      a38      457     1         build/memory.o:(.debug_info)
     e8f      e8f      512     1         build/trap_k.o:(.debug_info)
    13a1     13a1      29a     1         build/pcb_k.o:(.debug_info)
    163b     163b      1e8     1         build/program_k.o:(.debug_info)
    1823     1823      260     1         build/app.o:(.debug_info)
    1a83     1a83      2c5     1         build/sockets.o:(.debug_info)
       0        0      1a8     1 .debug_rnglists
       0        0       18     1         build/main.o:(.debug_rnglists)
       c        c        0     1                 
      18       18       57     1         build/print_k.o:(.debug_rnglists)
      24       24        0     1                 
      6f       6f       66     1         build/str.o:(.debug_rnglists)
      7b       7b        0     1                 
      d5       d5       1b     1         build/oa.o:(.debug_rnglists)
      e1       e1        0     1                 
      f0       f0       33     1         build/memory.o:(.debug_rnglists)
      fc       fc        0     1                 
     123      123       4b     1         build/pcb_k.o:(.debug_rnglists)
     12f      12f        0     1                 
     16e      16e       20     1         build/program_k.o:(.debug_rnglists)
     17a      17a        0     1                 
     18e      18e       1a     1         build/app.o:(.debug_rnglists)
     19a      19a        0     1                 
       0        0      7fc     1 .debug_str_offsets
       0        0       88     1         build/main.o:(.debug_str_offsets)
       8        8        0     1                 
      88       88       68     1         build/print_k.o:(.debug_str_offsets)
      90       90        0     1                 
      f0       f0       8c     1         build/SBI.o:(.debug_str_offsets)
      f8       f8        0     1                 
     17c      17c       58     1         build/mem.o:(.debug_str_offsets)
     184      184        0     1                 
     1d4      1d4       88     1         build/str.o:(.debug_str_offsets)
     1dc      1dc        0     1                 
     25c      25c       50     1         build/oa.o:(.debug_str_offsets)
     264      264        0     1                 
     2ac      2ac       e0     1         build/memory.o:(.debug_str_offsets)
     2b4      2b4        0     1                 
     38c      38c      1c4     1         build/trap_k.o:(.debug_str_offsets)
     394      394        0     1                 
     550      550       d0     1         build/pcb_k.o:(.debug_str_offsets)
     558      558        0     1                 
     620      620       98     1         build/program_k.o:(.debug_str_offsets)
     628      628        0     1                 
     6b8      6b8       a8     1         build/app.o:(.debug_str_offsets)
     6c0      6c0        0     1                 
     760      760       9c     1         build/sockets.o:(.debug_str_offsets)
     768      768        0     1                 
       0        0      863     1 .debug_str
       0        0      863     1         <internal>:(.debug_str)
       0        0      3b4     1 .debug_addr
       0        0       54     1         build/main.o:(.debug_addr)
       8        8        0     1                 
      54       54       50     1         build/print_k.o:(.debug_addr)
      5c       5c        0     1                 
      a4       a4       20     1         build/SBI.o:(.debug_addr)
      ac       ac        0     1                 
      c4       c4       10     1         build/mem.o:(.debug_addr)
      cc       cc        0     1                 
      d4       d4       24     1         build/str.o:(.debug_addr)
      dc       dc        0     1                 
      f8       f8       20     1         build/oa.o:(.debug_addr)
     100      100        0     1                 
     118      118       88     1         build/memory.o:(.debug_addr)
     120      120        0     1                 
     1a0      1a0       8c     1         build/trap_k.o:(.debug_addr)
     1a8      1a8        0     1                 
     22c      22c       5c     1         build/pcb_k.o:(.debug_addr)
     234      234        0     1                 
     288      288       3c     1         build/program_k.o:(.debug_addr)
     290      290        0     1                 
     2c4      2c4       60     1         build/app.o:(.debug_addr)
     2cc      2cc        0     1                 
     324      324       90     1         build/sockets.o:(.debug_addr)
     32c      32c        0     1                 
       0        0       42     1 .comment
       0        0       42     1         <internal>:(.comment)
       0        0       2b     1 .riscv.attributes
       0        0       2b     1         build/main.o:(.riscv.attributes)
       0        0      520     4 .debug_frame
       0        0       54     4         build/main.o:(.debug_frame)
       0        0        0     1                 
      54       54       44     4         build/print_k.o:(.debug_frame)
      54       54        0     1                 
      98       98       4c     4         build/SBI.o:(.debug_frame)
      98       98        0     1                 
      e4       e4       34     4         build/mem.o:(.debug_frame)
      e4       e4        0     1                 
     118      118       64     4         build/str.o:(.debug_frame)
     118      118        0     1                 
     17c      17c       3c     4         build/oa.o:(.debug_frame)
     17c      17c        0     1                 
     1b8      1b8       94     4         build/memory.o:(.debug_frame)
     1b8      1b8        0     1                 
     24c      24c       54     4         build/trap_k.o:(.debug_frame)
     24c      24c        0     1                 
     2a0      2a0       6c     4         build/pcb_k.o:(.debug_frame)
     2a0      2a0        0     1                 
     30c      30c       68     4         build/program_k.o:(.debug_frame)
     30c      30c        0     1                 
     374      374       78     4         build/app.o:(.debug_frame)
     374      374        0     1                 
     3ec      3ec      134     4         build/sockets.o:(.debug_frame)
     3ec      3ec        0     1                 
       0        0     26d7     1 .debug_line
       0        0      1a7     1         build/main.o:(.debug_line)
       0        0        0     1                 .Lline_table_start0
     1a7      1a7      2d0     1         build/print_k.o:(.debug_line)
     1a7      1a7        0     1                 .Lline_table_start0
     477      477      11a     1         build/SBI.o:(.debug_line)
     477      477        0     1                 .Lline_table_start0
     591      591       f6     1         build/mem.o:(.debug_line)
     591      591        0     1                 .Lline_table_start0
     687      687      3f0     1         build/str.o:(.debug_line)
     687      687        0     1                 .Lline_table_start0
     a77      a77      25a     1         build/oa.o:(.debug_line)
     a77      a77        0     1                 .Lline_table_start0
     cd1      cd1      4fa     1         build/memory.o:(.debug_line)
     cd1      cd1        0     1                 .Lline_table_start0
    11cb     11cb      3be     1         build/trap_k.o:(.debug_line)
    11cb     11cb        0     1                 .Lline_table_start0
    1589     1589      348     1         build/pcb_k.o:(.debug_line)
    1589     1589        0     1                 .Lline_table_start0
    18d1     18d1      2cd     1         build/program_k.o:(.debug_line)
    18d1     18d1        0     1                 .Lline_table_start0
    1b9e     1b9e      396     1         build/app.o:(.debug_line)
    1b9e     1b9e        0     1                 .Lline_table_start0
    1f34     1f34      7a3     1         build/sockets.o:(.debug_line)
    1f34     1f34        0     1                 .Lline_table_start0
       0        0       e8     1 .debug_line_str
       0        0       e8     1         <internal>:(.debug_line_str)
       0        0     1537     1 .debug_loclists
       0        0      115     1         build/print_k.o:(.debug_loclists)
       c        c        0     1                 
     115      115       9f     1         build/SBI.o:(.debug_loclists)
     121      121        0     1                 
     1b4      1b4       66     1         build/mem.o:(.debug_loclists)
     1c0      1c0        0     1                 
     21a      21a      1a1     1         build/str.o:(.debug_loclists)
     226      226        0     1                 
     3bb      3bb      19a     1         build/oa.o:(.debug_loclists)
     3c7      3c7        0     1                 
     555      555      367     1         build/memory.o:(.debug_loclists)
     561      561        0     1                 
     8bc      8bc      215     1         build/trap_k.o:(.debug_loclists)
     8c8      8c8        0     1                 
     ad1      ad1      1ff     1         build/pcb_k.o:(.debug_loclists)
     add      add        0     1                 
     cd0      cd0       ee     1         build/program_k.o:(.debug_loclists)
     cdc      cdc        0     1                 
     dbe      dbe      44c     1         build/app.o:(.debug_loclists)
     dca      dca        0     1                 
    120a     120a      32d     1         build/sockets.o:(.debug_loclists)
    1216     1216        0     1                 
       0        0     81a0     4 .symtab
       0        0     81a0     4         <internal>:(.symtab)
       0        0       dc     1 .shstrtab
       0        0       dc     1         <internal>:(.shstrtab)
       0        0      5e2     1 .strtab
       0        0      5e2     1         <internal>:(.strtab)
