     VMA      LMA     Size Align Out     In      Symbol
       0        0 80200000     1 . = 0x80200000
80200000        0        0     1 __kernel_base = .
80200000 80200000     1406     4 .text
80200000 80200000        e     2         build/main.o:(.text.boot)
80200000 80200000        0     1                 
80200000 80200000        0     1                 
80200000 80200000        0     1                 
80200000 80200000        0     1                 
80200000 80200000        e     1                 boot
8020000e 8020000e        0     1                 
8020000e 8020000e        0     1                 
80200010 80200010      336     4         build/main.o:(.text)
80200010 80200010        0     1                 
80200010 80200010        0     1                 
80200010 80200010        0     1                 
80200010 80200010       d8     1                 kernel_bootstrap
80200012 80200012        0     1                 
80200012 80200012        0     1                 
80200014 80200014        0     1                 
80200024 80200024        0     1                 
80200024 80200024        0     1                 
80200034 80200034        0     1                 
80200034 80200034        0     1                 
80200052 80200052        0     1                 
80200052 80200052        0     1                 
80200062 80200062        0     1                 
80200062 80200062        0     1                 
8020006e 8020006e        0     1                 
8020007e 8020007e        0     1                 
8020007e 8020007e        0     1                 
80200086 80200086        0     1                 
80200086 80200086        0     1                 
802000a6 802000a6        0     1                 
802000a6 802000a6        0     1                 
802000b6 802000b6        0     1                 
802000b6 802000b6        0     1                 
802000c2 802000c2        0     1                 
802000c2 802000c2        0     1                 
802000ca 802000ca        0     1                 
802000ce 802000ce        0     1                 
802000d6 802000d6        0     1                 
802000da 802000da        0     1                 
802000e0 802000e0        0     1                 
802000e8 802000e8        0     1                 
802000e8 802000e8        0     1                 
802000e8 802000e8        0     1                 
802000e8 802000e8        0     1                 
802000e8 802000e8        0     1                 
802000e8 802000e8       82     1                 MNU_init
802000ea 802000ea        0     1                 
802000ea 802000ea        0     1                 
802000f0 802000f0        0     1                 
80200100 80200100        0     1                 
80200100 80200100        0     1                 
80200108 80200108        0     1                 
8020010a 8020010a        0     1                 
8020010e 8020010e        0     1                 
80200112 80200112        0     1                 
80200116 80200116        0     1                 
80200126 80200126        0     1                 
80200126 80200126        0     1                 
80200138 80200138        0     1                 
80200138 80200138        0     1                 
8020014a 8020014a        0     1                 
8020014a 8020014a        0     1                 
80200152 80200152        0     1                 
80200162 80200162        0     1                 
8020016a 8020016a        0     1                 
8020016a 8020016a        0     1                 
8020016a 8020016a        0     1                 
8020016a 8020016a        0     1                 
8020016a 8020016a        0     1                 
8020016a 8020016a      14e     1                 init_app
8020016c 8020016c        0     1                 
80200172 80200172        0     1                 
80200174 80200174        0     1                 
80200174 80200174        0     1                 
80200178 80200178        0     1                 
8020017a 8020017a        0     1                 
8020017e 8020017e        0     1                 
80200180 80200180        0     1                 
80200184 80200184        0     1                 
80200188 80200188        0     1                 
8020018c 8020018c        0     1                 
80200190 80200190        0     1                 
80200194 80200194        0     1                 
80200198 80200198        0     1                 
8020019c 8020019c        0     1                 
802001a0 802001a0        0     1                 
802001a4 802001a4        0     1                 
802001a8 802001a8        0     1                 
802001ac 802001ac        0     1                 
802001b0 802001b0        0     1                 
802001b4 802001b4        0     1                 
802001b8 802001b8        0     1                 
802001bc 802001bc        0     1                 
802001c0 802001c0        0     1                 
802001c6 802001c6        0     1                 
802001c6 802001c6        0     1                 
802001ce 802001ce        0     1                 
802001d0 802001d0        0     1                 
802001d2 802001d2        0     1                 
802001d4 802001d4        0     1                 
802001d6 802001d6        0     1                 
802001de 802001de        0     1                 
802001e0 802001e0        0     1                 
802001e2 802001e2        0     1                 
802001e4 802001e4        0     1                 
802001e6 802001e6        0     1                 
802001ee 802001ee        0     1                 
802001f0 802001f0        0     1                 
802001f2 802001f2        0     1                 
802001f4 802001f4        0     1                 
802001f6 802001f6        0     1                 
802001fe 802001fe        0     1                 
80200202 80200202        0     1                 
80200204 80200204        0     1                 
80200208 80200208        0     1                 
8020020a 8020020a        0     1                 
80200212 80200212        0     1                 
80200216 80200216        0     1                 
80200218 80200218        0     1                 
8020021c 8020021c        0     1                 
8020021e 8020021e        0     1                 
8020023a 8020023a        0     1                 
8020023c 8020023c        0     1                 
80200274 80200274        0     1                 
802002ae 802002ae        0     1                 
802002b8 802002b8        0     1                 
802002b8 802002b8        0     1                 
802002b8 802002b8        0     1                 
802002b8 802002b8        0     1                 
802002b8 802002b8        0     1                 
802002b8 802002b8       8e     1                 kernel_main
802002ba 802002ba        0     1                 
802002ba 802002ba        0     1                 
802002c2 802002c2        0     1                 
802002ca 802002ca        0     1                 
802002ca 802002ca        0     1                 
802002f0 802002f0        0     1                 
802002f0 802002f0        0     1                 
802002fe 802002fe        0     1                 
802002fe 802002fe        0     1                 
8020030c 8020030c        0     1                 
8020030c 8020030c        0     1                 
80200318 80200318        0     1                 
80200318 80200318        0     1                 
80200320 80200320        0     1                 
80200320 80200320        0     1                 
80200344 80200344        0     1                 
80200346 80200346        0     1                 
80200346 80200346        0     1                 
80200348 80200348      2ec     4         build/print_k.o:(.text)
80200348 80200348        0     1                 
80200348 80200348        0     1                 
80200348 80200348        0     1                 
80200348 80200348      2ec     1                 k_printf
8020034a 8020034a        0     1                 
80200364 80200364        0     1                 
80200380 80200380        0     1                 
8020039e 8020039e        0     1                 
802003be 802003be        0     1                 
802003c2 802003c2        0     1                 
802003ca 802003ca        0     1                 
802003d2 802003d2        0     1                 
802003d2 802003d2        0     1                 
802003d4 802003d4        0     1                 
802003dc 802003dc        0     1                 
802003e0 802003e0        0     1                 
802003e8 802003e8        0     1                 
802003f2 802003f2        0     1                 .LBB0_6
802003f2 802003f2        0     1                 
802003f2 802003f2        0     1                 
80200412 80200412        0     1                 
80200412 80200412        0     1                 
80200416 80200416        0     1                 .LBB0_9
80200416 80200416        0     1                 
80200422 80200422        0     1                 
80200422 80200422        0     1                 
80200428 80200428        0     1                 .LBB0_10
80200428 80200428        0     1                 
8020043c 8020043c        0     1                 .LBB0_12
8020043c 8020043c        0     1                 
80200448 80200448        0     1                 
80200448 80200448        0     1                 
80200454 80200454        0     1                 
80200454 80200454        0     1                 
80200470 80200470        0     1                 .LBB0_14
80200470 80200470        0     1                 
8020048c 8020048c        0     1                 
8020048e 8020048e        0     1                 
80200492 80200492        0     1                 .LBB0_16
80200492 80200492        0     1                 
802004aa 802004aa        0     1                 .LBB0_18
802004aa 802004aa        0     1                 
802004c6 802004c6        0     1                 
802004d4 802004d4        0     1                 
802004d8 802004d8        0     1                 
802004e4 802004e4        0     1                 
802004e4 802004e4        0     1                 
802004e8 802004e8        0     1                 
802004f2 802004f2        0     1                 
802004f6 802004f6        0     1                 
802004f8 802004f8        0     1                 
80200504 80200504        0     1                 
80200504 80200504        0     1                 
80200508 80200508        0     1                 
8020050c 8020050c        0     1                 
8020050c 8020050c        0     1                 
8020051a 8020051a        0     1                 
80200526 80200526        0     1                 
80200526 80200526        0     1                 
8020052a 8020052a        0     1                 
8020052e 8020052e        0     1                 
80200532 80200532        0     1                 
80200534 80200534        0     1                 
80200540 80200540        0     1                 
80200540 80200540        0     1                 
80200544 80200544        0     1                 
80200548 80200548        0     1                 
80200548 80200548        0     1                 
80200552 80200552        0     1                 
80200554 80200554        0     1                 
80200556 80200556        0     1                 
8020055c 8020055c        0     1                 
80200564 80200564        0     1                 
80200570 80200570        0     1                 
80200570 80200570        0     1                 
80200574 80200574        0     1                 
80200578 80200578        0     1                 
80200580 80200580        0     1                 
8020058c 8020058c        0     1                 
8020058c 8020058c        0     1                 
80200590 80200590        0     1                 
80200598 80200598        0     1                 
8020059c 8020059c        0     1                 
8020059e 8020059e        0     1                 
802005aa 802005aa        0     1                 
802005aa 802005aa        0     1                 
802005ae 802005ae        0     1                 
802005b2 802005b2        0     1                 
802005b2 802005b2        0     1                 
802005be 802005be        0     1                 
802005ca 802005ca        0     1                 
802005ca 802005ca        0     1                 
802005d6 802005d6        0     1                 
802005d6 802005d6        0     1                 
802005e4 802005e4        0     1                 
802005e4 802005e4        0     1                 
802005e8 802005e8        0     1                 
802005ee 802005ee        0     1                 
802005f2 802005f2        0     1                 
802005f4 802005f4        0     1                 
80200600 80200600        0     1                 
80200600 80200600        0     1                 
80200604 80200604        0     1                 
80200608 80200608        0     1                 
80200608 80200608        0     1                 
80200616 80200616        0     1                 
80200634 80200634        0     1                 
80200634 80200634        0     1                 
80200634 80200634       8e     4         build/SBI.o:(.text)
80200634 80200634        0     1                 
80200634 80200634        0     1                 
80200634 80200634        0     1                 
80200634 80200634       14     1                 sbi_call
80200638 80200638        0     1                 
8020063c 8020063c        0     1                 
80200642 80200642        0     1                 
80200648 80200648        0     1                 
80200648 80200648        0     1                 
80200648 80200648        0     1                 
80200648 80200648        0     1                 
80200648 80200648        0     1                 
80200648 80200648       1c     1                 k_putchar
8020064a 8020064a        0     1                 
8020064a 8020064a        0     1                 
8020065c 8020065c        0     1                 
80200662 80200662        0     1                 
80200662 80200662        0     1                 
80200664 80200664        0     1                 
80200664 80200664        0     1                 
80200664 80200664        0     1                 
80200664 80200664        0     1                 
80200664 80200664        0     1                 
80200664 80200664       5e     1                 k_readchar
80200666 80200666        0     1                 
80200666 80200666        0     1                 
80200668 80200668        0     1                 
80200670 80200670        0     1                 
80200674 80200674        0     1                 
80200676 80200676        0     1                 
8020067a 8020067a        0     1                 
8020068a 8020068a        0     1                 
8020068a 8020068a        0     1                 
80200690 80200690        0     1                 
802006b4 802006b4        0     1                 
802006b6 802006b6        0     1                 
802006b8 802006b8        0     1                 
802006c2 802006c2        0     1                 
802006c2 802006c2        0     1                 
802006c4 802006c4       28     4         build/mem.o:(.text)
802006c4 802006c4        0     1                 
802006c4 802006c4        0     1                 
802006c4 802006c4        0     1                 
802006c4 802006c4        0     1                 
802006c4 802006c4       14     1                 memset
802006c6 802006c6        0     1                 
802006c8 802006c8        0     1                 
802006ca 802006ca        0     1                 
802006ce 802006ce        0     1                 
802006d2 802006d2        0     1                 
802006d4 802006d4        0     1                 
802006d6 802006d6        0     1                 
802006d8 802006d8        0     1                 
802006d8 802006d8        0     1                 
802006d8 802006d8        0     1                 
802006d8 802006d8        0     1                 
802006d8 802006d8        0     1                 
802006d8 802006d8        0     1                 
802006d8 802006d8       14     1                 k_memcpy
802006da 802006da        0     1                 
802006de 802006de        0     1                 
802006e2 802006e2        0     1                 
802006e4 802006e4        0     1                 
802006e6 802006e6        0     1                 
802006e8 802006e8        0     1                 
802006ea 802006ea        0     1                 
802006ea 802006ea        0     1                 
802006ec 802006ec        0     1                 
802006ec 802006ec        0     1                 
802006ec 802006ec      29e     4         build/str.o:(.text)
802006ec 802006ec        0     1                 
802006ec 802006ec        0     1                 
802006ec 802006ec        0     1                 
802006ec 802006ec        0     1                 
802006ec 802006ec       28     1                 k_strncpy
802006ee 802006ee        0     1                 
802006f0 802006f0        0     1                 
802006f8 802006f8        0     1                 
802006fa 802006fa        0     1                 
802006fe 802006fe        0     1                 
80200700 80200700        0     1                 
80200704 80200704        0     1                 
80200708 80200708        0     1                 
8020070c 8020070c        0     1                 
80200712 80200712        0     1                 
80200714 80200714        0     1                 
80200714 80200714        0     1                 
80200714 80200714        0     1                 
80200714 80200714        0     1                 
80200714 80200714        0     1                 
80200714 80200714        0     1                 
80200714 80200714       2e     1                 k_strcmp
80200718 80200718        0     1                 
8020071a 8020071a        0     1                 
8020071c 8020071c        0     1                 
80200720 80200720        0     1                 
80200722 80200722        0     1                 
80200726 80200726        0     1                 
8020072a 8020072a        0     1                 
8020072e 8020072e        0     1                 
80200730 80200730        0     1                 
80200734 80200734        0     1                 
80200736 80200736        0     1                 
8020073a 8020073a        0     1                 
8020073e 8020073e        0     1                 
80200740 80200740        0     1                 
80200742 80200742        0     1                 
80200742 80200742        0     1                 
80200742 80200742        0     1                 
80200742 80200742        0     1                 
80200742 80200742        0     1                 
80200742 80200742      248     1                 k_sprintf
80200744 80200744        0     1                 
8020075c 8020075c        0     1                 
8020076c 8020076c        0     1                 
8020078a 8020078a        0     1                 
8020078c 8020078c        0     1                 
802007b6 802007b6        0     1                 
802007b8 802007b8        0     1                 
802007bc 802007bc        0     1                 
802007c4 802007c4        0     1                 
802007ca 802007ca        0     1                 
802007ce 802007ce        0     1                 
802007d2 802007d2        0     1                 
802007da 802007da        0     1                 
802007e4 802007e4        0     1                 .LBB2_7
802007e4 802007e4        0     1                 
802007f8 802007f8        0     1                 
802007fc 802007fc        0     1                 
80200802 80200802        0     1                 .LBB2_11
80200802 80200802        0     1                 
80200806 80200806        0     1                 
80200810 80200810        0     1                 
80200816 80200816        0     1                 .LBB2_12
80200816 80200816        0     1                 
8020082a 8020082a        0     1                 .LBB2_14
8020082a 8020082a        0     1                 
80200832 80200832        0     1                 
80200846 80200846        0     1                 .LBB2_16
80200846 80200846        0     1                 
80200858 80200858        0     1                 
8020085a 8020085a        0     1                 
8020085e 8020085e        0     1                 .LBB2_18
8020085e 8020085e        0     1                 
80200872 80200872        0     1                 .LBB2_20
80200872 80200872        0     1                 
80200886 80200886        0     1                 
80200888 80200888        0     1                 
8020088c 8020088c        0     1                 
80200896 80200896        0     1                 
802008a2 802008a2        0     1                 
802008a2 802008a2        0     1                 
802008a8 802008a8        0     1                 
802008aa 802008aa        0     1                 
802008ac 802008ac        0     1                 
802008b0 802008b0        0     1                 
802008b4 802008b4        0     1                 
802008b6 802008b6        0     1                 
802008bc 802008bc        0     1                 
802008bc 802008bc        0     1                 
802008c0 802008c0        0     1                 
802008cc 802008cc        0     1                 
802008cc 802008cc        0     1                 
802008d2 802008d2        0     1                 
802008d6 802008d6        0     1                 
802008d8 802008d8        0     1                 
802008dc 802008dc        0     1                 
802008e0 802008e0        0     1                 
802008e2 802008e2        0     1                 
802008e8 802008e8        0     1                 
802008e8 802008e8        0     1                 
802008ec 802008ec        0     1                 
802008ee 802008ee        0     1                 
802008f0 802008f0        0     1                 
802008f6 802008f6        0     1                 
802008fc 802008fc        0     1                 
80200900 80200900        0     1                 
80200904 80200904        0     1                 
80200906 80200906        0     1                 
8020090c 8020090c        0     1                 
8020090e 8020090e        0     1                 
8020091a 8020091a        0     1                 
8020091a 8020091a        0     1                 
80200920 80200920        0     1                 
80200924 80200924        0     1                 
80200926 80200926        0     1                 
8020092a 8020092a        0     1                 
8020092e 8020092e        0     1                 
80200930 80200930        0     1                 
80200936 80200936        0     1                 
80200936 80200936        0     1                 
80200938 80200938        0     1                 
80200942 80200942        0     1                 
8020094e 8020094e        0     1                 
8020094e 8020094e        0     1                 
80200954 80200954        0     1                 
80200958 80200958        0     1                 
8020095a 8020095a        0     1                 
8020095e 8020095e        0     1                 
80200962 80200962        0     1                 
80200964 80200964        0     1                 
8020096a 8020096a        0     1                 
8020096a 8020096a        0     1                 
8020096e 8020096e        0     1                 
8020098a 8020098a        0     1                 
8020098a 8020098a        0     1                 
8020098c 8020098c      176     4         build/oa.o:(.text)
8020098c 8020098c        0     1                 
8020098c 8020098c        0     1                 
8020098c 8020098c        0     1                 
8020098c 8020098c       7a     1                 utoa
8020098e 8020098e        0     1                 
8020098e 8020098e        0     1                 
80200990 80200990        0     1                 
80200998 80200998        0     1                 
8020099a 8020099a        0     1                 
8020099e 8020099e        0     1                 
802009a4 802009a4        0     1                 
802009a6 802009a6        0     1                 
802009aa 802009aa        0     1                 
802009ac 802009ac        0     1                 
802009b8 802009b8        0     1                 
802009c6 802009c6        0     1                 
802009c6 802009c6        0     1                 
802009d8 802009d8        0     1                 
802009e0 802009e0        0     1                 
802009e4 802009e4        0     1                 
802009ea 802009ea        0     1                 
802009f0 802009f0        0     1                 
802009f0 802009f0        0     1                 
802009f4 802009f4        0     1                 
802009fa 802009fa        0     1                 
80200a02 80200a02        0     1                 
80200a06 80200a06        0     1                 
80200a06 80200a06        0     1                 
80200a06 80200a06        0     1                 
80200a06 80200a06        0     1                 
80200a06 80200a06        0     1                 
80200a06 80200a06       fc     1                 itoa
80200a08 80200a08        0     1                 
80200a0a 80200a0a        0     1                 
80200a16 80200a16        0     1                 
80200a1a 80200a1a        0     1                 
80200a20 80200a20        0     1                 
80200a24 80200a24        0     1                 
80200a2c 80200a2c        0     1                 
80200a36 80200a36        0     1                 
80200a3c 80200a3c        0     1                 
80200a44 80200a44        0     1                 
80200a48 80200a48        0     1                 
80200a4c 80200a4c        0     1                 
80200a4e 80200a4e        0     1                 
80200a52 80200a52        0     1                 
80200a56 80200a56        0     1                 
80200a5a 80200a5a        0     1                 
80200a5a 80200a5a        0     1                 
80200a68 80200a68        0     1                 
80200a6a 80200a6a        0     1                 
80200a72 80200a72        0     1                 
80200a76 80200a76        0     1                 
80200a7c 80200a7c        0     1                 
80200a80 80200a80        0     1                 
80200a80 80200a80        0     1                 
80200a86 80200a86        0     1                 
80200a86 80200a86        0     1                 
80200a88 80200a88        0     1                 
80200a90 80200a90        0     1                 
80200a92 80200a92        0     1                 
80200a96 80200a96        0     1                 
80200a9c 80200a9c        0     1                 
80200a9e 80200a9e        0     1                 
80200aa2 80200aa2        0     1                 
80200aa4 80200aa4        0     1                 
80200ab0 80200ab0        0     1                 
80200abe 80200abe        0     1                 
80200abe 80200abe        0     1                 
80200ad0 80200ad0        0     1                 
80200ad8 80200ad8        0     1                 
80200adc 80200adc        0     1                 
80200ae2 80200ae2        0     1                 
80200ae8 80200ae8        0     1                 
80200ae8 80200ae8        0     1                 
80200aec 80200aec        0     1                 
80200af4 80200af4        0     1                 
80200afa 80200afa        0     1                 
80200afe 80200afe        0     1                 
80200b02 80200b02        0     1                 
80200b02 80200b02        0     1                 
80200b04 80200b04      1fa     4         build/memory.o:(.text)
80200b04 80200b04        0     1                 
80200b04 80200b04        0     1                 
80200b04 80200b04        0     1                 
80200b04 80200b04        0     1                 
80200b04 80200b04       12     1                 init_memory
80200b14 80200b14        0     1                 
80200b16 80200b16        0     1                 
80200b16 80200b16        0     1                 
80200b16 80200b16        0     1                 
80200b16 80200b16        0     1                 
80200b16 80200b16        0     1                 
80200b16 80200b16       60     1                 pageframalloc
80200b18 80200b18        0     1                 
80200b18 80200b18        0     1                 
80200b1c 80200b1c        0     1                 
80200b24 80200b24        0     1                 
80200b28 80200b28        0     1                 
80200b2c 80200b2c        0     1                 
80200b34 80200b34        0     1                 
80200b38 80200b38        0     1                 
80200b3c 80200b3c        0     1                 
80200b5e 80200b5e        0     1                 
80200b60 80200b60        0     1                 
80200b6c 80200b6c        0     1                 
80200b6c 80200b6c        0     1                 
80200b76 80200b76        0     1                 
80200b76 80200b76        0     1                 
80200b76 80200b76        0     1                 
80200b76 80200b76        0     1                 
80200b76 80200b76        0     1                 
80200b76 80200b76      188     1                 add_ptbl_entry
80200b78 80200b78        0     1                 
80200b86 80200b86        0     1                 
80200b8e 80200b8e        0     1                 
80200b96 80200b96        0     1                 
80200ba6 80200ba6        0     1                 
80200ba6 80200ba6        0     1                 
80200bb8 80200bb8        0     1                 
80200bb8 80200bb8        0     1                 
80200bc8 80200bc8        0     1                 
80200bc8 80200bc8        0     1                 
80200bd8 80200bd8        0     1                 
80200bd8 80200bd8        0     1                 
80200bfc 80200bfc        0     1                 
80200bfe 80200bfe        0     1                 
80200c02 80200c02        0     1                 
80200c06 80200c06        0     1                 
80200c08 80200c08        0     1                 
80200c0c 80200c0c        0     1                 
80200c10 80200c10        0     1                 
80200c14 80200c14        0     1                 
80200c16 80200c16        0     1                 
80200c16 80200c16        0     1                 
80200c1e 80200c1e        0     1                 
80200c20 80200c20        0     1                 
80200c22 80200c22        0     1                 
80200c2a 80200c2a        0     1                 
80200c2e 80200c2e        0     1                 
80200c32 80200c32        0     1                 
80200c54 80200c54        0     1                 
80200c56 80200c56        0     1                 
80200c64 80200c64        0     1                 
80200c64 80200c64        0     1                 
80200c68 80200c68        0     1                 
80200c6c 80200c6c        0     1                 
80200c6e 80200c6e        0     1                 
80200c92 80200c92        0     1                 
80200c94 80200c94        0     1                 
80200cb8 80200cb8        0     1                 
80200cba 80200cba        0     1                 
80200cc2 80200cc2        0     1                 
80200cc6 80200cc6        0     1                 
80200cca 80200cca        0     1                 
80200cca 80200cca        0     1                 
80200cce 80200cce        0     1                 
80200cda 80200cda        0     1                 
80200ce2 80200ce2        0     1                 
80200cea 80200cea        0     1                 
80200cec 80200cec        0     1                 
80200cfe 80200cfe        0     1                 
80200cfe 80200cfe        0     1                 
80200d00 80200d00      1c4     4         build/trap_k.o:(.text)
80200d00 80200d00        0     1                 
80200d00 80200d00        0     1                 
80200d00 80200d00        0     1                 
80200d00 80200d00       d4     1                 handle_syscall
80200d02 80200d02        0     1                 
80200d06 80200d06        0     1                 
80200d08 80200d08        0     1                 
80200d26 80200d26        0     1                 
80200d30 80200d30        0     1                 
80200d40 80200d40        0     1                 .LBB0_2
80200d40 80200d40        0     1                 
80200d44 80200d44        0     1                 
80200d4c 80200d4c        0     1                 
80200d4c 80200d4c        0     1                 
80200d5e 80200d5e        0     1                 
80200d6e 80200d6e        0     1                 
80200d6e 80200d6e        0     1                 
80200d72 80200d72        0     1                 
80200d80 80200d80        0     1                 .LBB0_4
80200d80 80200d80        0     1                 
80200d88 80200d88        0     1                 
80200d88 80200d88        0     1                 
80200d94 80200d94        0     1                 
80200d98 80200d98        0     1                 
80200da0 80200da0        0     1                 .LBB0_7
80200da0 80200da0        0     1                 
80200dac 80200dac        0     1                 .LBB0_8
80200dac 80200dac        0     1                 
80200db6 80200db6        0     1                 
80200dba 80200dba        0     1                 .LBB0_10
80200dba 80200dba        0     1                 
80200dc2 80200dc2        0     1                 
80200dc6 80200dc6        0     1                 
80200dcc 80200dcc        0     1                 
80200dd4 80200dd4        0     1                 
80200dd4 80200dd4        0     1                 
80200dd4 80200dd4        0     1                 
80200dd4 80200dd4        0     1                 
80200dd4 80200dd4        0     1                 
80200dd4 80200dd4       54     1                 handle_trap
80200dd6 80200dd6        0     1                 
80200dd6 80200dd6        0     1                 
80200dd6 80200dd6        0     1                 
80200dda 80200dda        0     1                 
80200dde 80200dde        0     1                 
80200dde 80200dde        0     1                 
80200de2 80200de2        0     1                 
80200de2 80200de2        0     1                 
80200de6 80200de6        0     1                 
80200de8 80200de8        0     1                 
80200de8 80200de8        0     1                 
80200dec 80200dec        0     1                 
80200df4 80200df4        0     1                 
80200df4 80200df4        0     1                 
80200df6 80200df6        0     1                 
80200e08 80200e08        0     1                 
80200e08 80200e08        0     1                 
80200e18 80200e18        0     1                 
80200e18 80200e18        0     1                 
80200e1c 80200e1c        0     1                 
80200e20 80200e20        0     1                 
80200e28 80200e28        0     1                 
80200e28 80200e28        0     1                 
80200e28 80200e28        0     1                 
80200e28 80200e28        0     1                 
80200e28 80200e28        0     1                 
80200e28 80200e28        0     1                 
80200e28 80200e28       9c     1                 switch_trap
80200ec4 80200ec4        0     1                 
80200ec4 80200ec4        0     1                 
80200ec4 80200ec4      262     4         build/pcb_k.o:(.text)
80200ec4 80200ec4        0     1                 
80200ec4 80200ec4        0     1                 
80200ec4 80200ec4        0     1                 
80200ec4 80200ec4       3c     1                 switch_umode
80200ec6 80200ec6        0     1                 
80200ec8 80200ec8        0     1                 
80200ed0 80200ed0        0     1                 
80200edc 80200edc        0     1                 
80200efe 80200efe        0     1                 
80200f00 80200f00        0     1                 
80200f00 80200f00        0     1                 
80200f00 80200f00        0     1                 
80200f00 80200f00        0     1                 
80200f00 80200f00        0     1                 
80200f00 80200f00      226     1                 spawn_proc
80200f02 80200f02        0     1                 
80200f16 80200f16        0     1                 
80200f1e 80200f1e        0     1                 
80200f22 80200f22        0     1                 
80200f24 80200f24        0     1                 
80200f26 80200f26        0     1                 
80200f2a 80200f2a        0     1                 
80200f2c 80200f2c        0     1                 
80200f38 80200f38        0     1                 
80200f3c 80200f3c        0     1                 
80200f3e 80200f3e        0     1                 
80200f42 80200f42        0     1                 
80200f46 80200f46        0     1                 
80200f48 80200f48        0     1                 
80200f66 80200f66        0     1                 
80200f68 80200f68        0     1                 
80200f7a 80200f7a        0     1                 
80200f82 80200f82        0     1                 
80200f86 80200f86        0     1                 
80200f8a 80200f8a        0     1                 
80200f98 80200f98        0     1                 
80200f98 80200f98        0     1                 
80200f9a 80200f9a        0     1                 
80200f9e 80200f9e        0     1                 
80200f9e 80200f9e        0     1                 
80200fce 80200fce        0     1                 
80200fce 80200fce        0     1                 
80200fd2 80200fd2        0     1                 
80200fd6 80200fd6        0     1                 
80200fee 80200fee        0     1                 
80200ff2 80200ff2        0     1                 
80200ffc 80200ffc        0     1                 
80200ffc 80200ffc        0     1                 
80201000 80201000        0     1                 
80201002 80201002        0     1                 
80201012 80201012        0     1                 
80201016 80201016        0     1                 
8020101a 8020101a        0     1                 
80201028 80201028        0     1                 
80201028 80201028        0     1                 
8020102e 8020102e        0     1                 
80201032 80201032        0     1                 
80201046 80201046        0     1                 
8020104a 8020104a        0     1                 
80201058 80201058        0     1                 
80201058 80201058        0     1                 
8020105a 8020105a        0     1                 
8020105e 8020105e        0     1                 
80201066 80201066        0     1                 
8020106a 8020106a        0     1                 
80201076 80201076        0     1                 
8020107a 8020107a        0     1                 
80201084 80201084        0     1                 
80201084 80201084        0     1                 
80201088 80201088        0     1                 
8020108c 8020108c        0     1                 
80201098 80201098        0     1                 
80201098 80201098        0     1                 
8020109a 8020109a        0     1                 
802010a2 802010a2        0     1                 
802010a6 802010a6        0     1                 
802010b0 802010b0        0     1                 
802010b0 802010b0        0     1                 
802010b4 802010b4        0     1                 
802010ba 802010ba        0     1                 
802010bc 802010bc        0     1                 
802010c0 802010c0        0     1                 
802010da 802010da        0     1                 
802010fe 802010fe        0     1                 
80201100 80201100        0     1                 
80201124 80201124        0     1                 
80201126 80201126        0     1                 
80201126 80201126        0     1                 
80201128 80201128      2de     4         build/program_k.o:(.text)
80201128 80201128        0     1                 
80201128 80201128        0     1                 
80201128 80201128        0     1                 
80201128 80201128        0     1                 
80201128 80201128       46     1                 switch_proc
8020116e 8020116e        0     1                 
8020116e 8020116e        0     1                 
8020116e 8020116e        0     1                 
8020116e 8020116e        0     1                 
8020116e 8020116e        0     1                 
8020116e 8020116e        0     1                 
8020116e 8020116e       14     1                 Flush_TLB
80201170 80201170        0     1                 
80201172 80201172        0     1                 
80201176 80201176        0     1                 
80201178 80201178        0     1                 
80201180 80201180        0     1                 
80201182 80201182        0     1                 
80201182 80201182        0     1                 
80201182 80201182        0     1                 
80201182 80201182        0     1                 
80201182 80201182        0     1                 
80201182 80201182      176     1                 k_sp
80201184 80201184        0     1                 
80201184 80201184        0     1                 
80201188 80201188        0     1                 
80201198 80201198        0     1                 
80201198 80201198        0     1                 
802011a0 802011a0        0     1                 
802011a0 802011a0        0     1                 
802011a2 802011a2        0     1                 
802011a4 802011a4        0     1                 
802011a6 802011a6        0     1                 
802011b8 802011b8        0     1                 
802011b8 802011b8        0     1                 
802011cc 802011cc        0     1                 
802011cc 802011cc        0     1                 
802011ce 802011ce        0     1                 
802011e0 802011e0        0     1                 
802011e0 802011e0        0     1                 
802011e8 802011e8        0     1                 
802011ec 802011ec        0     1                 
802011ee 802011ee        0     1                 
802011f2 802011f2        0     1                 
80201204 80201204        0     1                 
80201204 80201204        0     1                 
8020121a 8020121a        0     1                 
8020121a 8020121a        0     1                 
8020121c 8020121c        0     1                 
8020122e 8020122e        0     1                 
8020122e 8020122e        0     1                 
8020123a 8020123a        0     1                 
8020123e 8020123e        0     1                 
80201240 80201240        0     1                 
80201244 80201244        0     1                 
80201248 80201248        0     1                 
8020125a 8020125a        0     1                 
8020125a 8020125a        0     1                 
80201274 80201274        0     1                 
80201274 80201274        0     1                 
80201276 80201276        0     1                 
80201288 80201288        0     1                 
80201288 80201288        0     1                 
80201294 80201294        0     1                 
80201298 80201298        0     1                 
8020129a 8020129a        0     1                 
8020129e 8020129e        0     1                 
802012a2 802012a2        0     1                 
802012b4 802012b4        0     1                 
802012b4 802012b4        0     1                 
802012ce 802012ce        0     1                 
802012ce 802012ce        0     1                 
802012d0 802012d0        0     1                 
802012e2 802012e2        0     1                 
802012e2 802012e2        0     1                 
802012f0 802012f0        0     1                 
802012f8 802012f8        0     1                 
802012f8 802012f8        0     1                 
802012f8 802012f8        0     1                 
802012f8 802012f8        0     1                 
802012f8 802012f8        0     1                 
802012f8 802012f8        0     1                 
802012f8 802012f8      10e     1                 yield
80201300 80201300        0     1                 
80201306 80201306        0     1                 
80201308 80201308        0     1                 
8020130c 8020130c        0     1                 
80201310 80201310        0     1                 
80201312 80201312        0     1                 
80201314 80201314        0     1                 
80201316 80201316        0     1                 
8020131a 8020131a        0     1                 
8020131a 8020131a        0     1                 
8020131e 8020131e        0     1                 
80201320 80201320        0     1                 
80201324 80201324        0     1                 
80201334 80201334        0     1                 
80201338 80201338        0     1                 
8020133c 8020133c        0     1                 
8020133e 8020133e        0     1                 
80201340 80201340        0     1                 
80201344 80201344        0     1                 
80201356 80201356        0     1                 
8020135a 8020135a        0     1                 
8020135e 8020135e        0     1                 
80201360 80201360        0     1                 
80201362 80201362        0     1                 
80201366 80201366        0     1                 
80201378 80201378        0     1                 
8020137c 8020137c        0     1                 
80201380 80201380        0     1                 
80201382 80201382        0     1                 
80201384 80201384        0     1                 
80201388 80201388        0     1                 
8020139a 8020139a        0     1                 
8020139e 8020139e        0     1                 
8020139e 8020139e        0     1                 
802013b0 802013b0        0     1                 
802013b2 802013b2        0     1                 
802013b6 802013b6        0     1                 
802013ba 802013ba        0     1                 
802013be 802013be        0     1                 
802013c6 802013c6        0     1                 
802013c8 802013c8        0     1                 
802013ca 802013ca        0     1                 
802013cc 802013cc        0     1                 
802013ce 802013ce        0     1                 
802013d2 802013d2        0     1                 
802013d4 802013d4        0     1                 
802013d6 802013d6        0     1                 
802013d8 802013d8        0     1                 
802013e0 802013e0        0     1                 
802013e0 802013e0        0     1                 
802013e8 802013e8        0     1                 
802013f0 802013f0        0     1                 
802013f4 802013f4        0     1                 
802013f6 802013f6        0     1                 
802013f8 802013f8        0     1                 
802013fe 802013fe        0     1                 
80201402 80201402        0     1                 
80201406 80201406        0     1                 
80201406 80201406        0     1                 
80201408 80201408      5f4     4 .rodata
80201408 80201408      530     1         <internal>:(.rodata)
80201938 80201938       58     4         build/print_k.o:(.rodata)
80201938 80201938        0     1                 .LJTI0_0
80201990 80201990       58     4         build/str.o:(.rodata)
80201990 80201990        0     1                 .LJTI2_0
802019e8 802019e8       14     4         build/trap_k.o:(.rodata)
802019e8 802019e8        0     1                 .LJTI0_0
802019fc 802019fc     80e0     4 .data
802019fc 802019fc     80e0     1         besh.bin.o:(.data)
802019fc 802019fc        0     1                 _binary_besh_bin_start
80209adc 80209adc        0     1                 _binary_besh_bin_end
80209adc 80209adc     1114     4 .bss
80209adc 80209adc        0     1         __bss = .
80209adc 80209adc       c8     4         build/main.o:(.bss)
80209adc 80209adc       c8     1                 app_list
80209ba4 80209ba4        4     4         build/memory.o:(.sbss)
80209ba4 80209ba4        4     1                 nextfreepageframe
80209ba8 80209ba8        8     4         build/pcb_k.o:(.sbss)
80209ba8 80209ba8        4     1                 currproc
80209bac 80209bac        4     1                 idleproc
80209bb0 80209bb0     1040     4         build/pcb_k.o:(.bss)
80209bb0 80209bb0     1040     1                 proclist
8020abf0 8020abf0        0     1         __bss_end = .
8020abf0 8020abf0        0     1 . = ALIGN ( 4 )
8020abf0 8020abf0    20000     1 . += 128 * 1024
8022abf0 8022abf0        0     1 __stack_top = .
8022abf0 8022abf0      410     1 . = ALIGN ( 4096 )
8022b000 8022b000        0     1 __free_ram_start = .
8022b000 8022b000  2000000     1 . += 32 * 1024 * 1024
8222b000 8222b000        0     1 __free_ram_end = .
       0        0      ef8     1 .debug_loclists
       0        0      597     1         build/main.o:(.debug_loclists)
       c        c        0     1                 
     597      597      115     1         build/print_k.o:(.debug_loclists)
     5a3      5a3        0     1                 
     6ac      6ac       9f     1         build/SBI.o:(.debug_loclists)
     6b8      6b8        0     1                 
     74b      74b       66     1         build/mem.o:(.debug_loclists)
     757      757        0     1                 
     7b1      7b1      1a1     1         build/str.o:(.debug_loclists)
     7bd      7bd        0     1                 
     952      952      19a     1         build/oa.o:(.debug_loclists)
     95e      95e        0     1                 
     aec      aec      137     1         build/memory.o:(.debug_loclists)
     af8      af8        0     1                 
     c23      c23       8a     1         build/trap_k.o:(.debug_loclists)
     c2f      c2f        0     1                 
     cad      cad      120     1         build/pcb_k.o:(.debug_loclists)
     cb9      cb9        0     1                 
     dcd      dcd      12b     1         build/program_k.o:(.debug_loclists)
     dd9      dd9        0     1                 
       0        0      c3a     1 .debug_abbrev
       0        0      16b     1         build/main.o:(.debug_abbrev)
     16b      16b      104     1         build/print_k.o:(.debug_abbrev)
     26f      26f      15a     1         build/SBI.o:(.debug_abbrev)
     3c9      3c9       b9     1         build/mem.o:(.debug_abbrev)
     482      482      12c     1         build/str.o:(.debug_abbrev)
     5ae      5ae      113     1         build/oa.o:(.debug_abbrev)
     6c1      6c1      14c     1         build/memory.o:(.debug_abbrev)
     80d      80d      174     1         build/trap_k.o:(.debug_abbrev)
     981      981      156     1         build/pcb_k.o:(.debug_abbrev)
     ad7      ad7      163     1         build/program_k.o:(.debug_abbrev)
       0        0     1448     1 .debug_info
       0        0      288     1         build/main.o:(.debug_info)
     288      288      1e5     1         build/print_k.o:(.debug_info)
     46d      46d      242     1         build/SBI.o:(.debug_info)
     6af      6af       d9     1         build/mem.o:(.debug_info)
     788      788      1f5     1         build/str.o:(.debug_info)
     97d      97d      184     1         build/oa.o:(.debug_info)
     b01      b01      1dd     1         build/memory.o:(.debug_info)
     cde      cde      2f3     1         build/trap_k.o:(.debug_info)
     fd1      fd1      262     1         build/pcb_k.o:(.debug_info)
    1233     1233      215     1         build/program_k.o:(.debug_info)
       0        0      17c     1 .debug_rnglists
       0        0       29     1         build/main.o:(.debug_rnglists)
       c        c        0     1                 
      29       29       57     1         build/print_k.o:(.debug_rnglists)
      35       35        0     1                 
      80       80       66     1         build/str.o:(.debug_rnglists)
      8c       8c        0     1                 
      e6       e6       1b     1         build/oa.o:(.debug_rnglists)
      f2       f2        0     1                 
     101      101       5b     1         build/pcb_k.o:(.debug_rnglists)
     10d      10d        0     1                 
     15c      15c       20     1         build/program_k.o:(.debug_rnglists)
     168      168        0     1                 
       0        0      604     1 .debug_str_offsets
       0        0       b4     1         build/main.o:(.debug_str_offsets)
       8        8        0     1                 
      b4       b4       68     1         build/print_k.o:(.debug_str_offsets)
      bc       bc        0     1                 
     11c      11c       8c     1         build/SBI.o:(.debug_str_offsets)
     124      124        0     1                 
     1a8      1a8       58     1         build/mem.o:(.debug_str_offsets)
     1b0      1b0        0     1                 
     200      200       88     1         build/str.o:(.debug_str_offsets)
     208      208        0     1                 
     288      288       50     1         build/oa.o:(.debug_str_offsets)
     290      290        0     1                 
     2d8      2d8       88     1         build/memory.o:(.debug_str_offsets)
     2e0      2e0        0     1                 
     360      360      14c     1         build/trap_k.o:(.debug_str_offsets)
     368      368        0     1                 
     4ac      4ac       c4     1         build/pcb_k.o:(.debug_str_offsets)
     4b4      4b4        0     1                 
     570      570       94     1         build/program_k.o:(.debug_str_offsets)
     578      578        0     1                 
       0        0      5eb     1 .debug_str
       0        0      5eb     1         <internal>:(.debug_str)
       0        0      270     1 .debug_addr
       0        0       80     1         build/main.o:(.debug_addr)
       8        8        0     1                 
      80       80       50     1         build/print_k.o:(.debug_addr)
      88       88        0     1                 
      d0       d0       20     1         build/SBI.o:(.debug_addr)
      d8       d8        0     1                 
      f0       f0       10     1         build/mem.o:(.debug_addr)
      f8       f8        0     1                 
     100      100       24     1         build/str.o:(.debug_addr)
     108      108        0     1                 
     124      124       20     1         build/oa.o:(.debug_addr)
     12c      12c        0     1                 
     144      144       48     1         build/memory.o:(.debug_addr)
     14c      14c        0     1                 
     18c      18c       3c     1         build/trap_k.o:(.debug_addr)
     194      194        0     1                 
     1c8      1c8       4c     1         build/pcb_k.o:(.debug_addr)
     1d0      1d0        0     1                 
     214      214       5c     1         build/program_k.o:(.debug_addr)
     21c      21c        0     1                 
       0        0       42     1 .comment
       0        0       42     1         <internal>:(.comment)
       0        0       2b     1 .riscv.attributes
       0        0       2b     1         build/main.o:(.riscv.attributes)
       0        0      358     4 .debug_frame
       0        0       90     4         build/main.o:(.debug_frame)
       0        0        0     1                 
      90       90       44     4         build/print_k.o:(.debug_frame)
      90       90        0     1                 
      d4       d4       4c     4         build/SBI.o:(.debug_frame)
      d4       d4        0     1                 
     120      120       34     4         build/mem.o:(.debug_frame)
     120      120        0     1                 
     154      154       64     4         build/str.o:(.debug_frame)
     154      154        0     1                 
     1b8      1b8       3c     4         build/oa.o:(.debug_frame)
     1b8      1b8        0     1                 
     1f4      1f4       60     4         build/memory.o:(.debug_frame)
     1f4      1f4        0     1                 
     254      254       54     4         build/trap_k.o:(.debug_frame)
     254      254        0     1                 
     2a8      2a8       54     4         build/pcb_k.o:(.debug_frame)
     2a8      2a8        0     1                 
     2fc      2fc       5c     4         build/program_k.o:(.debug_frame)
     2fc      2fc        0     1                 
       0        0     1996     1 .debug_line
       0        0      391     1         build/main.o:(.debug_line)
       0        0        0     1                 .Lline_table_start0
     391      391      2d0     1         build/print_k.o:(.debug_line)
     391      391        0     1                 .Lline_table_start0
     661      661      11a     1         build/SBI.o:(.debug_line)
     661      661        0     1                 .Lline_table_start0
     77b      77b       f6     1         build/mem.o:(.debug_line)
     77b      77b        0     1                 .Lline_table_start0
     871      871      3f0     1         build/str.o:(.debug_line)
     871      871        0     1                 .Lline_table_start0
     c61      c61      25a     1         build/oa.o:(.debug_line)
     c61      c61        0     1                 .Lline_table_start0
     ebb      ebb      224     1         build/memory.o:(.debug_line)
     ebb      ebb        0     1                 .Lline_table_start0
    10df     10df      1fb     1         build/trap_k.o:(.debug_line)
    10df     10df        0     1                 .Lline_table_start0
    12da     12da      2cb     1         build/pcb_k.o:(.debug_line)
    12da     12da        0     1                 .Lline_table_start0
    15a5     15a5      3f1     1         build/program_k.o:(.debug_line)
    15a5     15a5        0     1                 .Lline_table_start0
       0        0       c2     1 .debug_line_str
       0        0       c2     1         <internal>:(.debug_line_str)
       0        0     55a0     4 .symtab
       0        0     55a0     4         <internal>:(.symtab)
       0        0       dc     1 .shstrtab
       0        0       dc     1         <internal>:(.shstrtab)
       0        0      3b3     1 .strtab
       0        0      3b3     1         <internal>:(.strtab)
