     VMA      LMA     Size Align Out     In      Symbol
       0        0 80200000     1 . = 0x80200000
80200000        0        0     1 __kernel_base = .
80200000 80200000     1cc4     4 .text
80200000 80200000        e     2         build/main.o:(.text.boot)
80200000 80200000        0     1                 
80200000 80200000        0     1                 
80200000 80200000        0     1                 
80200000 80200000        0     1                 
80200000 80200000        e     1                 boot
8020000e 8020000e        0     1                 
8020000e 8020000e        0     1                 
80200010 80200010      13a     4         build/main.o:(.text)
80200010 80200010        0     1                 
80200010 80200010        0     1                 
80200010 80200010        0     1                 
80200010 80200010       d8     1                 kernel_bootstrap
80200012 80200012        0     1                 
80200012 80200012        0     1                 
80200014 80200014        0     1                 
80200024 80200024        0     1                 
80200024 80200024        0     1                 
80200034 80200034        0     1                 
80200034 80200034        0     1                 
80200052 80200052        0     1                 
80200052 80200052        0     1                 
80200062 80200062        0     1                 
80200062 80200062        0     1                 
8020006e 8020006e        0     1                 
8020007e 8020007e        0     1                 
8020007e 8020007e        0     1                 
80200086 80200086        0     1                 
80200086 80200086        0     1                 
802000a6 802000a6        0     1                 
802000a6 802000a6        0     1                 
802000b6 802000b6        0     1                 
802000b6 802000b6        0     1                 
802000c2 802000c2        0     1                 
802000c2 802000c2        0     1                 
802000ca 802000ca        0     1                 
802000ce 802000ce        0     1                 
802000d6 802000d6        0     1                 
802000da 802000da        0     1                 
802000e0 802000e0        0     1                 
802000e8 802000e8        0     1                 
802000e8 802000e8        0     1                 
802000e8 802000e8        0     1                 
802000e8 802000e8        0     1                 
802000e8 802000e8        0     1                 
802000e8 802000e8       62     1                 kernel_main
802000ea 802000ea        0     1                 
802000ea 802000ea        0     1                 
802000ec 802000ec        0     1                 
802000f4 802000f4        0     1                 
802000f4 802000f4        0     1                 
80200114 80200114        0     1                 
80200114 80200114        0     1                 
8020011c 8020011c        0     1                 
8020011c 8020011c        0     1                 
80200124 80200124        0     1                 
80200124 80200124        0     1                 
80200148 80200148        0     1                 
8020014a 8020014a        0     1                 
8020014a 8020014a        0     1                 
8020014c 8020014c      2ec     4         build/print_k.o:(.text)
8020014c 8020014c        0     1                 
8020014c 8020014c        0     1                 
8020014c 8020014c        0     1                 
8020014c 8020014c      2ec     1                 k_printf
8020014e 8020014e        0     1                 
80200168 80200168        0     1                 
80200184 80200184        0     1                 
802001a2 802001a2        0     1                 
802001c2 802001c2        0     1                 
802001c6 802001c6        0     1                 
802001ce 802001ce        0     1                 
802001d6 802001d6        0     1                 
802001d6 802001d6        0     1                 
802001d8 802001d8        0     1                 
802001e0 802001e0        0     1                 
802001e4 802001e4        0     1                 
802001ec 802001ec        0     1                 
802001f6 802001f6        0     1                 .LBB0_6
802001f6 802001f6        0     1                 
802001f6 802001f6        0     1                 
80200216 80200216        0     1                 
80200216 80200216        0     1                 
8020021a 8020021a        0     1                 .LBB0_9
8020021a 8020021a        0     1                 
80200226 80200226        0     1                 
80200226 80200226        0     1                 
8020022c 8020022c        0     1                 .LBB0_10
8020022c 8020022c        0     1                 
80200240 80200240        0     1                 .LBB0_12
80200240 80200240        0     1                 
8020024c 8020024c        0     1                 
8020024c 8020024c        0     1                 
80200258 80200258        0     1                 
80200258 80200258        0     1                 
80200274 80200274        0     1                 .LBB0_14
80200274 80200274        0     1                 
80200290 80200290        0     1                 
80200292 80200292        0     1                 
80200296 80200296        0     1                 .LBB0_16
80200296 80200296        0     1                 
802002ae 802002ae        0     1                 .LBB0_18
802002ae 802002ae        0     1                 
802002ca 802002ca        0     1                 
802002d8 802002d8        0     1                 
802002dc 802002dc        0     1                 
802002e8 802002e8        0     1                 
802002e8 802002e8        0     1                 
802002ec 802002ec        0     1                 
802002f6 802002f6        0     1                 
802002fa 802002fa        0     1                 
802002fc 802002fc        0     1                 
80200308 80200308        0     1                 
80200308 80200308        0     1                 
8020030c 8020030c        0     1                 
80200310 80200310        0     1                 
80200310 80200310        0     1                 
8020031e 8020031e        0     1                 
8020032a 8020032a        0     1                 
8020032a 8020032a        0     1                 
8020032e 8020032e        0     1                 
80200332 80200332        0     1                 
80200336 80200336        0     1                 
80200338 80200338        0     1                 
80200344 80200344        0     1                 
80200344 80200344        0     1                 
80200348 80200348        0     1                 
8020034c 8020034c        0     1                 
8020034c 8020034c        0     1                 
80200356 80200356        0     1                 
80200358 80200358        0     1                 
8020035a 8020035a        0     1                 
80200360 80200360        0     1                 
80200368 80200368        0     1                 
80200374 80200374        0     1                 
80200374 80200374        0     1                 
80200378 80200378        0     1                 
8020037c 8020037c        0     1                 
80200384 80200384        0     1                 
80200390 80200390        0     1                 
80200390 80200390        0     1                 
80200394 80200394        0     1                 
8020039c 8020039c        0     1                 
802003a0 802003a0        0     1                 
802003a2 802003a2        0     1                 
802003ae 802003ae        0     1                 
802003ae 802003ae        0     1                 
802003b2 802003b2        0     1                 
802003b6 802003b6        0     1                 
802003b6 802003b6        0     1                 
802003c2 802003c2        0     1                 
802003ce 802003ce        0     1                 
802003ce 802003ce        0     1                 
802003da 802003da        0     1                 
802003da 802003da        0     1                 
802003e8 802003e8        0     1                 
802003e8 802003e8        0     1                 
802003ec 802003ec        0     1                 
802003f2 802003f2        0     1                 
802003f6 802003f6        0     1                 
802003f8 802003f8        0     1                 
80200404 80200404        0     1                 
80200404 80200404        0     1                 
80200408 80200408        0     1                 
8020040c 8020040c        0     1                 
8020040c 8020040c        0     1                 
8020041a 8020041a        0     1                 
80200438 80200438        0     1                 
80200438 80200438        0     1                 
80200438 80200438       8e     4         build/SBI.o:(.text)
80200438 80200438        0     1                 
80200438 80200438        0     1                 
80200438 80200438        0     1                 
80200438 80200438       14     1                 sbi_call
8020043c 8020043c        0     1                 
80200440 80200440        0     1                 
80200446 80200446        0     1                 
8020044c 8020044c        0     1                 
8020044c 8020044c        0     1                 
8020044c 8020044c        0     1                 
8020044c 8020044c        0     1                 
8020044c 8020044c        0     1                 
8020044c 8020044c       1c     1                 k_putchar
8020044e 8020044e        0     1                 
8020044e 8020044e        0     1                 
80200460 80200460        0     1                 
80200466 80200466        0     1                 
80200466 80200466        0     1                 
80200468 80200468        0     1                 
80200468 80200468        0     1                 
80200468 80200468        0     1                 
80200468 80200468        0     1                 
80200468 80200468        0     1                 
80200468 80200468       5e     1                 k_readchar
8020046a 8020046a        0     1                 
8020046a 8020046a        0     1                 
8020046c 8020046c        0     1                 
80200474 80200474        0     1                 
80200478 80200478        0     1                 
8020047a 8020047a        0     1                 
8020047e 8020047e        0     1                 
8020048e 8020048e        0     1                 
8020048e 8020048e        0     1                 
80200494 80200494        0     1                 
802004b8 802004b8        0     1                 
802004ba 802004ba        0     1                 
802004bc 802004bc        0     1                 
802004c6 802004c6        0     1                 
802004c6 802004c6        0     1                 
802004c8 802004c8       28     4         build/mem.o:(.text)
802004c8 802004c8        0     1                 
802004c8 802004c8        0     1                 
802004c8 802004c8        0     1                 
802004c8 802004c8        0     1                 
802004c8 802004c8       14     1                 memset
802004ca 802004ca        0     1                 
802004cc 802004cc        0     1                 
802004ce 802004ce        0     1                 
802004d2 802004d2        0     1                 
802004d6 802004d6        0     1                 
802004d8 802004d8        0     1                 
802004da 802004da        0     1                 
802004dc 802004dc        0     1                 
802004dc 802004dc        0     1                 
802004dc 802004dc        0     1                 
802004dc 802004dc        0     1                 
802004dc 802004dc        0     1                 
802004dc 802004dc        0     1                 
802004dc 802004dc       14     1                 k_memcpy
802004de 802004de        0     1                 
802004e2 802004e2        0     1                 
802004e6 802004e6        0     1                 
802004e8 802004e8        0     1                 
802004ea 802004ea        0     1                 
802004ec 802004ec        0     1                 
802004ee 802004ee        0     1                 
802004ee 802004ee        0     1                 
802004f0 802004f0        0     1                 
802004f0 802004f0        0     1                 
802004f0 802004f0      29e     4         build/str.o:(.text)
802004f0 802004f0        0     1                 
802004f0 802004f0        0     1                 
802004f0 802004f0        0     1                 
802004f0 802004f0        0     1                 
802004f0 802004f0       28     1                 k_strncpy
802004f2 802004f2        0     1                 
802004f4 802004f4        0     1                 
802004fc 802004fc        0     1                 
802004fe 802004fe        0     1                 
80200502 80200502        0     1                 
80200504 80200504        0     1                 
80200508 80200508        0     1                 
8020050c 8020050c        0     1                 
80200510 80200510        0     1                 
80200516 80200516        0     1                 
80200518 80200518        0     1                 
80200518 80200518        0     1                 
80200518 80200518        0     1                 
80200518 80200518        0     1                 
80200518 80200518        0     1                 
80200518 80200518        0     1                 
80200518 80200518       2e     1                 k_strcmp
8020051c 8020051c        0     1                 
8020051e 8020051e        0     1                 
80200520 80200520        0     1                 
80200524 80200524        0     1                 
80200526 80200526        0     1                 
8020052a 8020052a        0     1                 
8020052e 8020052e        0     1                 
80200532 80200532        0     1                 
80200534 80200534        0     1                 
80200538 80200538        0     1                 
8020053a 8020053a        0     1                 
8020053e 8020053e        0     1                 
80200542 80200542        0     1                 
80200544 80200544        0     1                 
80200546 80200546        0     1                 
80200546 80200546        0     1                 
80200546 80200546        0     1                 
80200546 80200546        0     1                 
80200546 80200546        0     1                 
80200546 80200546      248     1                 k_sprintf
80200548 80200548        0     1                 
80200560 80200560        0     1                 
80200570 80200570        0     1                 
8020058e 8020058e        0     1                 
80200590 80200590        0     1                 
802005ba 802005ba        0     1                 
802005bc 802005bc        0     1                 
802005c0 802005c0        0     1                 
802005c8 802005c8        0     1                 
802005ce 802005ce        0     1                 
802005d2 802005d2        0     1                 
802005d6 802005d6        0     1                 
802005de 802005de        0     1                 
802005e8 802005e8        0     1                 .LBB2_7
802005e8 802005e8        0     1                 
802005fc 802005fc        0     1                 
80200600 80200600        0     1                 
80200606 80200606        0     1                 .LBB2_11
80200606 80200606        0     1                 
8020060a 8020060a        0     1                 
80200614 80200614        0     1                 
8020061a 8020061a        0     1                 .LBB2_12
8020061a 8020061a        0     1                 
8020062e 8020062e        0     1                 .LBB2_14
8020062e 8020062e        0     1                 
80200636 80200636        0     1                 
8020064a 8020064a        0     1                 .LBB2_16
8020064a 8020064a        0     1                 
8020065c 8020065c        0     1                 
8020065e 8020065e        0     1                 
80200662 80200662        0     1                 .LBB2_18
80200662 80200662        0     1                 
80200676 80200676        0     1                 .LBB2_20
80200676 80200676        0     1                 
8020068a 8020068a        0     1                 
8020068c 8020068c        0     1                 
80200690 80200690        0     1                 
8020069a 8020069a        0     1                 
802006a6 802006a6        0     1                 
802006a6 802006a6        0     1                 
802006ac 802006ac        0     1                 
802006ae 802006ae        0     1                 
802006b0 802006b0        0     1                 
802006b4 802006b4        0     1                 
802006b8 802006b8        0     1                 
802006ba 802006ba        0     1                 
802006c0 802006c0        0     1                 
802006c0 802006c0        0     1                 
802006c4 802006c4        0     1                 
802006d0 802006d0        0     1                 
802006d0 802006d0        0     1                 
802006d6 802006d6        0     1                 
802006da 802006da        0     1                 
802006dc 802006dc        0     1                 
802006e0 802006e0        0     1                 
802006e4 802006e4        0     1                 
802006e6 802006e6        0     1                 
802006ec 802006ec        0     1                 
802006ec 802006ec        0     1                 
802006f0 802006f0        0     1                 
802006f2 802006f2        0     1                 
802006f4 802006f4        0     1                 
802006fa 802006fa        0     1                 
80200700 80200700        0     1                 
80200704 80200704        0     1                 
80200708 80200708        0     1                 
8020070a 8020070a        0     1                 
80200710 80200710        0     1                 
80200712 80200712        0     1                 
8020071e 8020071e        0     1                 
8020071e 8020071e        0     1                 
80200724 80200724        0     1                 
80200728 80200728        0     1                 
8020072a 8020072a        0     1                 
8020072e 8020072e        0     1                 
80200732 80200732        0     1                 
80200734 80200734        0     1                 
8020073a 8020073a        0     1                 
8020073a 8020073a        0     1                 
8020073c 8020073c        0     1                 
80200746 80200746        0     1                 
80200752 80200752        0     1                 
80200752 80200752        0     1                 
80200758 80200758        0     1                 
8020075c 8020075c        0     1                 
8020075e 8020075e        0     1                 
80200762 80200762        0     1                 
80200766 80200766        0     1                 
80200768 80200768        0     1                 
8020076e 8020076e        0     1                 
8020076e 8020076e        0     1                 
80200772 80200772        0     1                 
8020078e 8020078e        0     1                 
8020078e 8020078e        0     1                 
80200790 80200790      176     4         build/oa.o:(.text)
80200790 80200790        0     1                 
80200790 80200790        0     1                 
80200790 80200790        0     1                 
80200790 80200790       7a     1                 utoa
80200792 80200792        0     1                 
80200792 80200792        0     1                 
80200794 80200794        0     1                 
8020079c 8020079c        0     1                 
8020079e 8020079e        0     1                 
802007a2 802007a2        0     1                 
802007a8 802007a8        0     1                 
802007aa 802007aa        0     1                 
802007ae 802007ae        0     1                 
802007b0 802007b0        0     1                 
802007bc 802007bc        0     1                 
802007ca 802007ca        0     1                 
802007ca 802007ca        0     1                 
802007dc 802007dc        0     1                 
802007e4 802007e4        0     1                 
802007e8 802007e8        0     1                 
802007ee 802007ee        0     1                 
802007f4 802007f4        0     1                 
802007f4 802007f4        0     1                 
802007f8 802007f8        0     1                 
802007fe 802007fe        0     1                 
80200806 80200806        0     1                 
8020080a 8020080a        0     1                 
8020080a 8020080a        0     1                 
8020080a 8020080a        0     1                 
8020080a 8020080a        0     1                 
8020080a 8020080a        0     1                 
8020080a 8020080a       fc     1                 itoa
8020080c 8020080c        0     1                 
8020080e 8020080e        0     1                 
8020081a 8020081a        0     1                 
8020081e 8020081e        0     1                 
80200824 80200824        0     1                 
80200828 80200828        0     1                 
80200830 80200830        0     1                 
8020083a 8020083a        0     1                 
80200840 80200840        0     1                 
80200848 80200848        0     1                 
8020084c 8020084c        0     1                 
80200850 80200850        0     1                 
80200852 80200852        0     1                 
80200856 80200856        0     1                 
8020085a 8020085a        0     1                 
8020085e 8020085e        0     1                 
8020085e 8020085e        0     1                 
8020086c 8020086c        0     1                 
8020086e 8020086e        0     1                 
80200876 80200876        0     1                 
8020087a 8020087a        0     1                 
80200880 80200880        0     1                 
80200884 80200884        0     1                 
80200884 80200884        0     1                 
8020088a 8020088a        0     1                 
8020088a 8020088a        0     1                 
8020088c 8020088c        0     1                 
80200894 80200894        0     1                 
80200896 80200896        0     1                 
8020089a 8020089a        0     1                 
802008a0 802008a0        0     1                 
802008a2 802008a2        0     1                 
802008a6 802008a6        0     1                 
802008a8 802008a8        0     1                 
802008b4 802008b4        0     1                 
802008c2 802008c2        0     1                 
802008c2 802008c2        0     1                 
802008d4 802008d4        0     1                 
802008dc 802008dc        0     1                 
802008e0 802008e0        0     1                 
802008e6 802008e6        0     1                 
802008ec 802008ec        0     1                 
802008ec 802008ec        0     1                 
802008f0 802008f0        0     1                 
802008f8 802008f8        0     1                 
802008fe 802008fe        0     1                 
80200902 80200902        0     1                 
80200906 80200906        0     1                 
80200906 80200906        0     1                 
80200908 80200908      400     4         build/memory.o:(.text)
80200908 80200908        0     1                 
80200908 80200908        0     1                 
80200908 80200908        0     1                 
80200908 80200908        0     1                 
80200908 80200908       1a     1                 init_memory
80200918 80200918        0     1                 
80200920 80200920        0     1                 
80200922 80200922        0     1                 
80200922 80200922        0     1                 
80200922 80200922        0     1                 
80200922 80200922        0     1                 
80200922 80200922        0     1                 
80200922 80200922       ec     1                 pageframalloc
80200924 80200924        0     1                 
80200924 80200924        0     1                 
8020092a 8020092a        0     1                 
8020092c 8020092c        0     1                 
80200934 80200934        0     1                 
80200940 80200940        0     1                 
80200944 80200944        0     1                 
80200944 80200944        0     1                 
80200946 80200946        0     1                 
8020094a 8020094a        0     1                 
8020094e 8020094e        0     1                 
8020094e 8020094e        0     1                 
80200954 80200954        0     1                 
80200958 80200958        0     1                 
8020095c 8020095c        0     1                 
80200962 80200962        0     1                 
8020096c 8020096c        0     1                 
8020096e 8020096e        0     1                 
80200972 80200972        0     1                 
80200974 80200974        0     1                 
80200978 80200978        0     1                 
8020097a 8020097a        0     1                 
8020097e 8020097e        0     1                 
80200986 80200986        0     1                 
80200988 80200988        0     1                 
80200990 80200990        0     1                 
80200994 80200994        0     1                 
80200996 80200996        0     1                 
8020099a 8020099a        0     1                 
8020099c 8020099c        0     1                 
802009a4 802009a4        0     1                 
802009a8 802009a8        0     1                 
802009ac 802009ac        0     1                 
802009b4 802009b4        0     1                 
802009b8 802009b8        0     1                 
802009bc 802009bc        0     1                 
802009e0 802009e0        0     1                 
802009e2 802009e2        0     1                 
802009e6 802009e6        0     1                 
802009f2 802009f2        0     1                 
802009f6 802009f6        0     1                 
80200a02 80200a02        0     1                 
80200a02 80200a02        0     1                 
80200a0e 80200a0e        0     1                 
80200a0e 80200a0e        0     1                 
80200a0e 80200a0e        0     1                 
80200a0e 80200a0e        0     1                 
80200a0e 80200a0e        0     1                 
80200a0e 80200a0e       56     1                 pageframfree
80200a10 80200a10        0     1                 
80200a12 80200a12        0     1                 
80200a14 80200a14        0     1                 
80200a1c 80200a1c        0     1                 
80200a20 80200a20        0     1                 
80200a26 80200a26        0     1                 
80200a28 80200a28        0     1                 
80200a44 80200a44        0     1                 
80200a46 80200a46        0     1                 
80200a46 80200a46        0     1                 
80200a50 80200a50        0     1                 
80200a52 80200a52        0     1                 
80200a54 80200a54        0     1                 
80200a58 80200a58        0     1                 
80200a58 80200a58        0     1                 
80200a5c 80200a5c        0     1                 
80200a5e 80200a5e        0     1                 
80200a5e 80200a5e        0     1                 
80200a64 80200a64        0     1                 
80200a64 80200a64        0     1                 
80200a64 80200a64        0     1                 
80200a64 80200a64        0     1                 
80200a64 80200a64        0     1                 
80200a64 80200a64      1a0     1                 add_ptbl_entry
80200a66 80200a66        0     1                 
80200a74 80200a74        0     1                 
80200a7c 80200a7c        0     1                 
80200a84 80200a84        0     1                 
80200a94 80200a94        0     1                 
80200a94 80200a94        0     1                 
80200aa6 80200aa6        0     1                 
80200aa6 80200aa6        0     1                 
80200ab6 80200ab6        0     1                 
80200ab6 80200ab6        0     1                 
80200ac6 80200ac6        0     1                 
80200ac6 80200ac6        0     1                 
80200aea 80200aea        0     1                 
80200aec 80200aec        0     1                 
80200af0 80200af0        0     1                 
80200af4 80200af4        0     1                 
80200af6 80200af6        0     1                 
80200afa 80200afa        0     1                 
80200afe 80200afe        0     1                 
80200b02 80200b02        0     1                 
80200b04 80200b04        0     1                 
80200b0c 80200b0c        0     1                 
80200b0c 80200b0c        0     1                 
80200b10 80200b10        0     1                 
80200b10 80200b10        0     1                 
80200b14 80200b14        0     1                 
80200b1a 80200b1a        0     1                 
80200b1a 80200b1a        0     1                 
80200b22 80200b22        0     1                 
80200b24 80200b24        0     1                 
80200b26 80200b26        0     1                 
80200b2e 80200b2e        0     1                 
80200b32 80200b32        0     1                 
80200b36 80200b36        0     1                 
80200b5a 80200b5a        0     1                 
80200b5c 80200b5c        0     1                 
80200b6a 80200b6a        0     1                 
80200b6e 80200b6e        0     1                 
80200b6e 80200b6e        0     1                 
80200b72 80200b72        0     1                 
80200b74 80200b74        0     1                 
80200b98 80200b98        0     1                 
80200b9a 80200b9a        0     1                 
80200bbe 80200bbe        0     1                 
80200bc0 80200bc0        0     1                 
80200bc8 80200bc8        0     1                 
80200bcc 80200bcc        0     1                 
80200bd0 80200bd0        0     1                 
80200bd0 80200bd0        0     1                 
80200bd4 80200bd4        0     1                 
80200be0 80200be0        0     1                 
80200be8 80200be8        0     1                 
80200bf0 80200bf0        0     1                 
80200bf2 80200bf2        0     1                 
80200c04 80200c04        0     1                 
80200c04 80200c04        0     1                 
80200c04 80200c04        0     1                 
80200c04 80200c04        0     1                 
80200c04 80200c04        0     1                 
80200c04 80200c04      104     1                 free_proc_pages
80200c06 80200c06        0     1                 
80200c06 80200c06        0     1                 
80200c08 80200c08        0     1                 
80200c0a 80200c0a        0     1                 
80200c2e 80200c2e        0     1                 
80200c2e 80200c2e        0     1                 
80200c30 80200c30        0     1                 
80200c34 80200c34        0     1                 
80200c34 80200c34        0     1                 
80200c3c 80200c3c        0     1                 
80200c40 80200c40        0     1                 
80200c42 80200c42        0     1                 
80200c48 80200c48        0     1                 
80200c50 80200c50        0     1                 
80200c50 80200c50        0     1                 
80200c54 80200c54        0     1                 
80200c56 80200c56        0     1                 
80200c56 80200c56        0     1                 
80200c58 80200c58        0     1                 
80200c60 80200c60        0     1                 
80200c64 80200c64        0     1                 
80200c70 80200c70        0     1                 
80200c7a 80200c7a        0     1                 
80200c7a 80200c7a        0     1                 
80200c7e 80200c7e        0     1                 
80200c80 80200c80        0     1                 
80200c84 80200c84        0     1                 
80200c86 80200c86        0     1                 
80200c86 80200c86        0     1                 
80200c92 80200c92        0     1                 
80200c9c 80200c9c        0     1                 
80200c9c 80200c9c        0     1                 
80200ca0 80200ca0        0     1                 
80200ca4 80200ca4        0     1                 
80200ca8 80200ca8        0     1                 
80200caa 80200caa        0     1                 
80200caa 80200caa        0     1                 
80200cc6 80200cc6        0     1                 
80200cca 80200cca        0     1                 
80200cca 80200cca        0     1                 
80200cd0 80200cd0        0     1                 
80200cd2 80200cd2        0     1                 
80200cf0 80200cf0        0     1                 
80200cf2 80200cf2        0     1                 
80200cf2 80200cf2        0     1                 
80200cfa 80200cfa        0     1                 
80200cfe 80200cfe        0     1                 
80200d02 80200d02        0     1                 
80200d02 80200d02        0     1                 
80200d08 80200d08        0     1                 
80200d08 80200d08        0     1                 
80200d08 80200d08      378     4         build/trap_k.o:(.text)
80200d08 80200d08        0     1                 
80200d08 80200d08        0     1                 
80200d08 80200d08        0     1                 
80200d08 80200d08      288     1                 handle_syscall
80200d0a 80200d0a        0     1                 
80200d0e 80200d0e        0     1                 
80200d10 80200d10        0     1                 
80200d2e 80200d2e        0     1                 
80200d38 80200d38        0     1                 
80200d8a 80200d8a        0     1                 .LBB0_2
80200d94 80200d94        0     1                 
80200d96 80200d96        0     1                 .LBB0_3
80200da0 80200da0        0     1                 
80200da2 80200da2        0     1                 .LBB0_4
80200da2 80200da2        0     1                 
80200dae 80200dae        0     1                 
80200dae 80200dae        0     1                 
80200dc0 80200dc0        0     1                 .LBB0_5
80200dc0 80200dc0        0     1                 
80200dc8 80200dc8        0     1                 
80200dc8 80200dc8        0     1                 
80200dd6 80200dd6        0     1                 .LBB0_6
80200dd6 80200dd6        0     1                 
80200dde 80200dde        0     1                 
80200de6 80200de6        0     1                 
80200de6 80200de6        0     1                 
80200dee 80200dee        0     1                 .LBB0_7
80200dee 80200dee        0     1                 
80200df8 80200df8        0     1                 
80200dfc 80200dfc        0     1                 .LBB0_9
80200e04 80200e04        0     1                 
80200e08 80200e08        0     1                 
80200e0a 80200e0a        0     1                 
80200e0e 80200e0e        0     1                 
80200e16 80200e16        0     1                 
80200e16 80200e16        0     1                 
80200e1a 80200e1a        0     1                 
80200e1e 80200e1e        0     1                 
80200e24 80200e24        0     1                 
80200e2c 80200e2c        0     1                 .LBB0_13
80200e2c 80200e2c        0     1                 
80200e36 80200e36        0     1                 
80200e36 80200e36        0     1                 
80200e38 80200e38        0     1                 .LBB0_14
80200e38 80200e38        0     1                 
80200e42 80200e42        0     1                 
80200e42 80200e42        0     1                 
80200e44 80200e44        0     1                 .LBB0_15
80200e44 80200e44        0     1                 
80200e4e 80200e4e        0     1                 
80200e56 80200e56        0     1                 .LBB0_16
80200e56 80200e56        0     1                 
80200e66 80200e66        0     1                 
80200e66 80200e66        0     1                 
80200e6a 80200e6a        0     1                 
80200e76 80200e76        0     1                 
80200e7c 80200e7c        0     1                 .LBB0_18
80200e7c 80200e7c        0     1                 
80200e88 80200e88        0     1                 
80200e88 80200e88        0     1                 
80200ea2 80200ea2        0     1                 
80200eaa 80200eaa        0     1                 .LBB0_21
80200eaa 80200eaa        0     1                 
80200eca 80200eca        0     1                 
80200ed4 80200ed4        0     1                 
80200edc 80200edc        0     1                 .LBB0_22
80200edc 80200edc        0     1                 
80200ee6 80200ee6        0     1                 
80200eee 80200eee        0     1                 .LBB0_23
80200eee 80200eee        0     1                 
80200ef6 80200ef6        0     1                 
80200efe 80200efe        0     1                 .LBB0_24
80200efe 80200efe        0     1                 
80200f08 80200f08        0     1                 
80200f10 80200f10        0     1                 .LBB0_25
80200f10 80200f10        0     1                 
80200f18 80200f18        0     1                 
80200f20 80200f20        0     1                 
80200f22 80200f22        0     1                 
80200f26 80200f26        0     1                 
80200f44 80200f44        0     1                 
80200f46 80200f46        0     1                 
80200f4a 80200f4a        0     1                 
80200f58 80200f58        0     1                 
80200f5a 80200f5a        0     1                 
80200f5c 80200f5c        0     1                 
80200f64 80200f64        0     1                 
80200f6c 80200f6c        0     1                 
80200f6e 80200f6e        0     1                 
80200f70 80200f70        0     1                 
80200f8e 80200f8e        0     1                 
80200f90 80200f90        0     1                 
80200f90 80200f90        0     1                 
80200f90 80200f90        0     1                 
80200f90 80200f90        0     1                 
80200f90 80200f90        0     1                 
80200f90 80200f90       54     1                 handle_trap
80200f92 80200f92        0     1                 
80200f92 80200f92        0     1                 
80200f92 80200f92        0     1                 
80200f96 80200f96        0     1                 
80200f9a 80200f9a        0     1                 
80200f9a 80200f9a        0     1                 
80200f9e 80200f9e        0     1                 
80200f9e 80200f9e        0     1                 
80200fa2 80200fa2        0     1                 
80200fa4 80200fa4        0     1                 
80200fa4 80200fa4        0     1                 
80200fa8 80200fa8        0     1                 
80200fb0 80200fb0        0     1                 
80200fb0 80200fb0        0     1                 
80200fb2 80200fb2        0     1                 
80200fc4 80200fc4        0     1                 
80200fc4 80200fc4        0     1                 
80200fd4 80200fd4        0     1                 
80200fd4 80200fd4        0     1                 
80200fd8 80200fd8        0     1                 
80200fdc 80200fdc        0     1                 
80200fe4 80200fe4        0     1                 
80200fe4 80200fe4        0     1                 
80200fe4 80200fe4        0     1                 
80200fe4 80200fe4        0     1                 
80200fe4 80200fe4        0     1                 
80200fe4 80200fe4        0     1                 
80200fe4 80200fe4       9c     1                 switch_trap
80201080 80201080        0     1                 
80201080 80201080        0     1                 
80201080 80201080      2ce     4         build/pcb_k.o:(.text)
80201080 80201080        0     1                 
80201080 80201080        0     1                 
80201080 80201080        0     1                 
80201080 80201080       3c     1                 switch_umode
80201082 80201082        0     1                 
80201084 80201084        0     1                 
8020108c 8020108c        0     1                 
80201098 80201098        0     1                 
802010ba 802010ba        0     1                 
802010bc 802010bc        0     1                 
802010bc 802010bc        0     1                 
802010bc 802010bc        0     1                 
802010bc 802010bc        0     1                 
802010bc 802010bc        0     1                 
802010bc 802010bc      244     1                 spawn_proc
802010be 802010be        0     1                 
802010d2 802010d2        0     1                 
802010da 802010da        0     1                 
802010de 802010de        0     1                 
802010e0 802010e0        0     1                 
802010e2 802010e2        0     1                 
802010e6 802010e6        0     1                 
802010e8 802010e8        0     1                 
802010f4 802010f4        0     1                 
802010f8 802010f8        0     1                 
802010fa 802010fa        0     1                 
802010fe 802010fe        0     1                 
80201102 80201102        0     1                 
80201104 80201104        0     1                 
80201122 80201122        0     1                 
80201124 80201124        0     1                 
80201136 80201136        0     1                 
8020113e 8020113e        0     1                 
80201142 80201142        0     1                 
80201146 80201146        0     1                 
80201154 80201154        0     1                 
80201154 80201154        0     1                 
80201156 80201156        0     1                 
8020115a 8020115a        0     1                 
8020115a 8020115a        0     1                 
8020118a 8020118a        0     1                 
8020118a 8020118a        0     1                 
8020118e 8020118e        0     1                 
80201192 80201192        0     1                 
80201194 80201194        0     1                 
8020119c 8020119c        0     1                 
802011a6 802011a6        0     1                 
802011aa 802011aa        0     1                 
802011b4 802011b4        0     1                 
802011b6 802011b6        0     1                 
802011ba 802011ba        0     1                 
802011ca 802011ca        0     1                 
802011cc 802011cc        0     1                 
802011ce 802011ce        0     1                 
802011d8 802011d8        0     1                 
802011d8 802011d8        0     1                 
802011da 802011da        0     1                 
802011dc 802011dc        0     1                 
802011ec 802011ec        0     1                 
802011f0 802011f0        0     1                 
802011f4 802011f4        0     1                 
80201202 80201202        0     1                 
80201202 80201202        0     1                 
80201208 80201208        0     1                 
8020120c 8020120c        0     1                 
80201220 80201220        0     1                 
80201224 80201224        0     1                 
80201232 80201232        0     1                 
80201232 80201232        0     1                 
80201234 80201234        0     1                 
80201238 80201238        0     1                 
80201240 80201240        0     1                 
80201244 80201244        0     1                 
80201250 80201250        0     1                 
80201254 80201254        0     1                 
8020125e 8020125e        0     1                 
8020125e 8020125e        0     1                 
80201262 80201262        0     1                 
80201266 80201266        0     1                 
80201272 80201272        0     1                 
80201272 80201272        0     1                 
80201274 80201274        0     1                 
8020127c 8020127c        0     1                 
80201280 80201280        0     1                 
8020128a 8020128a        0     1                 
8020128a 8020128a        0     1                 
8020128e 8020128e        0     1                 
80201294 80201294        0     1                 
80201296 80201296        0     1                 
8020129a 8020129a        0     1                 
802012b4 802012b4        0     1                 
802012d8 802012d8        0     1                 
802012da 802012da        0     1                 
802012fe 802012fe        0     1                 
80201300 80201300        0     1                 
80201300 80201300        0     1                 
80201300 80201300        0     1                 
80201300 80201300        0     1                 
80201300 80201300        0     1                 
80201300 80201300       4e     1                 free_proc
80201302 80201302        0     1                 
80201302 80201302        0     1                 
80201306 80201306        0     1                 
80201308 80201308        0     1                 
8020130a 8020130a        0     1                 
8020130c 8020130c        0     1                 
8020130e 8020130e        0     1                 
80201310 80201310        0     1                 
80201312 80201312        0     1                 
8020131a 8020131a        0     1                 
8020131a 8020131a        0     1                 
8020131e 8020131e        0     1                 
80201322 80201322        0     1                 
80201326 80201326        0     1                 
8020132a 8020132a        0     1                 
8020132e 8020132e        0     1                 
80201332 80201332        0     1                 
80201336 80201336        0     1                 
8020133e 8020133e        0     1                 
80201346 80201346        0     1                 
8020134e 8020134e        0     1                 
8020134e 8020134e        0     1                 
80201350 80201350      2de     4         build/program_k.o:(.text)
80201350 80201350        0     1                 
80201350 80201350        0     1                 
80201350 80201350        0     1                 
80201350 80201350        0     1                 
80201350 80201350       46     1                 switch_proc
80201396 80201396        0     1                 
80201396 80201396        0     1                 
80201396 80201396        0     1                 
80201396 80201396        0     1                 
80201396 80201396        0     1                 
80201396 80201396        0     1                 
80201396 80201396       14     1                 Flush_TLB
80201398 80201398        0     1                 
8020139a 8020139a        0     1                 
8020139e 8020139e        0     1                 
802013a0 802013a0        0     1                 
802013a8 802013a8        0     1                 
802013aa 802013aa        0     1                 
802013aa 802013aa        0     1                 
802013aa 802013aa        0     1                 
802013aa 802013aa        0     1                 
802013aa 802013aa        0     1                 
802013aa 802013aa      176     1                 k_sp
802013ac 802013ac        0     1                 
802013ac 802013ac        0     1                 
802013b0 802013b0        0     1                 
802013c0 802013c0        0     1                 
802013c0 802013c0        0     1                 
802013c8 802013c8        0     1                 
802013c8 802013c8        0     1                 
802013ca 802013ca        0     1                 
802013cc 802013cc        0     1                 
802013ce 802013ce        0     1                 
802013e0 802013e0        0     1                 
802013e0 802013e0        0     1                 
802013f4 802013f4        0     1                 
802013f4 802013f4        0     1                 
802013f6 802013f6        0     1                 
80201408 80201408        0     1                 
80201408 80201408        0     1                 
80201410 80201410        0     1                 
80201414 80201414        0     1                 
80201416 80201416        0     1                 
8020141a 8020141a        0     1                 
8020142c 8020142c        0     1                 
8020142c 8020142c        0     1                 
80201442 80201442        0     1                 
80201442 80201442        0     1                 
80201444 80201444        0     1                 
80201456 80201456        0     1                 
80201456 80201456        0     1                 
80201462 80201462        0     1                 
80201466 80201466        0     1                 
80201468 80201468        0     1                 
8020146c 8020146c        0     1                 
80201470 80201470        0     1                 
80201482 80201482        0     1                 
80201482 80201482        0     1                 
8020149c 8020149c        0     1                 
8020149c 8020149c        0     1                 
8020149e 8020149e        0     1                 
802014b0 802014b0        0     1                 
802014b0 802014b0        0     1                 
802014bc 802014bc        0     1                 
802014c0 802014c0        0     1                 
802014c2 802014c2        0     1                 
802014c6 802014c6        0     1                 
802014ca 802014ca        0     1                 
802014dc 802014dc        0     1                 
802014dc 802014dc        0     1                 
802014f6 802014f6        0     1                 
802014f6 802014f6        0     1                 
802014f8 802014f8        0     1                 
8020150a 8020150a        0     1                 
8020150a 8020150a        0     1                 
80201518 80201518        0     1                 
80201520 80201520        0     1                 
80201520 80201520        0     1                 
80201520 80201520        0     1                 
80201520 80201520        0     1                 
80201520 80201520        0     1                 
80201520 80201520        0     1                 
80201520 80201520      10e     1                 yield
80201528 80201528        0     1                 
8020152e 8020152e        0     1                 
80201530 80201530        0     1                 
80201534 80201534        0     1                 
80201538 80201538        0     1                 
8020153a 8020153a        0     1                 
8020153c 8020153c        0     1                 
8020153e 8020153e        0     1                 
80201542 80201542        0     1                 
80201542 80201542        0     1                 
80201546 80201546        0     1                 
80201548 80201548        0     1                 
8020154c 8020154c        0     1                 
8020155c 8020155c        0     1                 
80201560 80201560        0     1                 
80201564 80201564        0     1                 
80201566 80201566        0     1                 
80201568 80201568        0     1                 
8020156c 8020156c        0     1                 
8020157e 8020157e        0     1                 
80201582 80201582        0     1                 
80201586 80201586        0     1                 
80201588 80201588        0     1                 
8020158a 8020158a        0     1                 
8020158e 8020158e        0     1                 
802015a0 802015a0        0     1                 
802015a4 802015a4        0     1                 
802015a8 802015a8        0     1                 
802015aa 802015aa        0     1                 
802015ac 802015ac        0     1                 
802015b0 802015b0        0     1                 
802015c2 802015c2        0     1                 
802015c6 802015c6        0     1                 
802015c6 802015c6        0     1                 
802015d8 802015d8        0     1                 
802015da 802015da        0     1                 
802015de 802015de        0     1                 
802015e2 802015e2        0     1                 
802015e6 802015e6        0     1                 
802015ee 802015ee        0     1                 
802015f0 802015f0        0     1                 
802015f2 802015f2        0     1                 
802015f4 802015f4        0     1                 
802015f6 802015f6        0     1                 
802015fa 802015fa        0     1                 
802015fc 802015fc        0     1                 
802015fe 802015fe        0     1                 
80201600 80201600        0     1                 
80201608 80201608        0     1                 
80201608 80201608        0     1                 
80201610 80201610        0     1                 
80201618 80201618        0     1                 
8020161c 8020161c        0     1                 
8020161e 8020161e        0     1                 
80201620 80201620        0     1                 
80201626 80201626        0     1                 
8020162a 8020162a        0     1                 
8020162e 8020162e        0     1                 
8020162e 8020162e        0     1                 
80201630 80201630      19a     4         build/app.o:(.text)
80201630 80201630        0     1                 
80201630 80201630        0     1                 
80201630 80201630        0     1                 
80201630 80201630      14c     1                 init_app
80201632 80201632        0     1                 
80201638 80201638        0     1                 
8020163a 8020163a        0     1                 
8020163a 8020163a        0     1                 
8020163e 8020163e        0     1                 
80201640 80201640        0     1                 
80201644 80201644        0     1                 
80201646 80201646        0     1                 
8020164a 8020164a        0     1                 
8020164e 8020164e        0     1                 
80201652 80201652        0     1                 
80201656 80201656        0     1                 
8020165a 8020165a        0     1                 
8020165e 8020165e        0     1                 
80201662 80201662        0     1                 
80201666 80201666        0     1                 
8020166a 8020166a        0     1                 
8020166e 8020166e        0     1                 
80201672 80201672        0     1                 
80201676 80201676        0     1                 
8020167a 8020167a        0     1                 
8020167e 8020167e        0     1                 
80201682 80201682        0     1                 
80201686 80201686        0     1                 
8020168c 8020168c        0     1                 
8020168c 8020168c        0     1                 
80201694 80201694        0     1                 
80201696 80201696        0     1                 
80201698 80201698        0     1                 
8020169a 8020169a        0     1                 
8020169c 8020169c        0     1                 
802016a4 802016a4        0     1                 
802016a6 802016a6        0     1                 
802016a8 802016a8        0     1                 
802016aa 802016aa        0     1                 
802016ac 802016ac        0     1                 
802016b4 802016b4        0     1                 
802016b6 802016b6        0     1                 
802016b8 802016b8        0     1                 
802016ba 802016ba        0     1                 
802016bc 802016bc        0     1                 
802016c4 802016c4        0     1                 
802016c8 802016c8        0     1                 
802016ca 802016ca        0     1                 
802016ce 802016ce        0     1                 
802016d0 802016d0        0     1                 
802016d8 802016d8        0     1                 
802016dc 802016dc        0     1                 
802016de 802016de        0     1                 
802016e2 802016e2        0     1                 
802016e4 802016e4        0     1                 
802016fe 802016fe        0     1                 
80201700 80201700        0     1                 
80201738 80201738        0     1                 
80201772 80201772        0     1                 
8020177c 8020177c        0     1                 
8020177c 8020177c        0     1                 
8020177c 8020177c        0     1                 
8020177c 8020177c        0     1                 
8020177c 8020177c        0     1                 
8020177c 8020177c       4e     1                 start_app
8020177e 8020177e        0     1                 
80201780 80201780        0     1                 
80201784 80201784        0     1                 
80201788 80201788        0     1                 
8020178a 8020178a        0     1                 
8020179a 8020179a        0     1                 
8020179c 8020179c        0     1                 
8020179e 8020179e        0     1                 
802017a6 802017a6        0     1                 
802017a6 802017a6        0     1                 
802017a8 802017a8        0     1                 
802017ae 802017ae        0     1                 
802017c8 802017c8        0     1                 
802017ca 802017ca        0     1                 
802017ca 802017ca        0     1                 
802017cc 802017cc      4f8     4         build/sockets.o:(.text)
802017cc 802017cc        0     1                 
802017cc 802017cc        0     1                 
802017cc 802017cc        0     1                 
802017cc 802017cc       4e     1                 read_rsocket
802017ce 802017ce        0     1                 
802017d0 802017d0        0     1                 
802017d4 802017d4        0     1                 
802017d8 802017d8        0     1                 
802017f2 802017f2        0     1                 
802017f4 802017f4        0     1                 
802017fc 802017fc        0     1                 
80201810 80201810        0     1                 
80201814 80201814        0     1                 
8020181a 8020181a        0     1                 
8020181a 8020181a        0     1                 
8020181a 8020181a        0     1                 
8020181a 8020181a        0     1                 
8020181a 8020181a        0     1                 
8020181a 8020181a       4c     1                 write_rsocket
8020181c 8020181c        0     1                 
8020181e 8020181e        0     1                 
80201822 80201822        0     1                 
80201826 80201826        0     1                 
80201840 80201840        0     1                 
80201842 80201842        0     1                 
80201850 80201850        0     1                 
8020185c 8020185c        0     1                 
80201860 80201860        0     1                 
80201866 80201866        0     1                 
80201866 80201866        0     1                 
80201866 80201866        0     1                 
80201866 80201866        0     1                 
80201866 80201866        0     1                 
80201866 80201866       7e     1                 read_socket
80201868 80201868        0     1                 
8020186a 8020186a        0     1                 
8020186e 8020186e        0     1                 
80201872 80201872        0     1                 
8020188e 8020188e        0     1                 
80201890 80201890        0     1                 
80201896 80201896        0     1                 
8020189a 8020189a        0     1                 
802018b4 802018b4        0     1                 
802018b6 802018b6        0     1                 
802018be 802018be        0     1                 
802018c2 802018c2        0     1                 
802018c4 802018c4        0     1                 
802018da 802018da        0     1                 
802018de 802018de        0     1                 
802018e4 802018e4        0     1                 
802018e4 802018e4        0     1                 
802018e4 802018e4        0     1                 
802018e4 802018e4        0     1                 
802018e4 802018e4        0     1                 
802018e4 802018e4       7c     1                 write_socket
802018e6 802018e6        0     1                 
802018e8 802018e8        0     1                 
802018ec 802018ec        0     1                 
802018f0 802018f0        0     1                 
8020190a 8020190a        0     1                 
8020190c 8020190c        0     1                 
80201912 80201912        0     1                 
80201916 80201916        0     1                 
80201932 80201932        0     1                 
80201934 80201934        0     1                 
80201938 80201938        0     1                 
8020193a 8020193a        0     1                 
80201946 80201946        0     1                 
80201948 80201948        0     1                 
80201956 80201956        0     1                 
8020195a 8020195a        0     1                 
80201960 80201960        0     1                 
80201960 80201960        0     1                 
80201960 80201960        0     1                 
80201960 80201960        0     1                 
80201960 80201960        0     1                 
80201960 80201960       60     1                 claim_rsocket
80201962 80201962        0     1                 
80201964 80201964        0     1                 
80201968 80201968        0     1                 
8020196c 8020196c        0     1                 
80201988 80201988        0     1                 
8020198a 8020198a        0     1                 
8020199e 8020199e        0     1                 
802019a0 802019a0        0     1                 
802019a2 802019a2        0     1                 
802019aa 802019aa        0     1                 
802019b0 802019b0        0     1                 
802019b4 802019b4        0     1                 
802019b6 802019b6        0     1                 
802019ba 802019ba        0     1                 
802019c0 802019c0        0     1                 
802019c0 802019c0        0     1                 
802019c0 802019c0        0     1                 
802019c0 802019c0        0     1                 
802019c0 802019c0        0     1                 
802019c0 802019c0       60     1                 claim_socket
802019c2 802019c2        0     1                 
802019c4 802019c4        0     1                 
802019c8 802019c8        0     1                 
802019cc 802019cc        0     1                 
802019e8 802019e8        0     1                 
802019ea 802019ea        0     1                 
802019fe 802019fe        0     1                 
80201a00 80201a00        0     1                 
80201a02 80201a02        0     1                 
80201a0a 80201a0a        0     1                 
80201a10 80201a10        0     1                 
80201a14 80201a14        0     1                 
80201a16 80201a16        0     1                 
80201a1a 80201a1a        0     1                 
80201a20 80201a20        0     1                 
80201a20 80201a20        0     1                 
80201a20 80201a20        0     1                 
80201a20 80201a20        0     1                 
80201a20 80201a20        0     1                 
80201a20 80201a20       42     1                 unclaim_rsocket
80201a22 80201a22        0     1                 
80201a24 80201a24        0     1                 
80201a28 80201a28        0     1                 
80201a2c 80201a2c        0     1                 
80201a48 80201a48        0     1                 
80201a4a 80201a4a        0     1                 
80201a58 80201a58        0     1                 
80201a5c 80201a5c        0     1                 
80201a62 80201a62        0     1                 
80201a62 80201a62        0     1                 
80201a62 80201a62        0     1                 
80201a62 80201a62        0     1                 
80201a62 80201a62        0     1                 
80201a62 80201a62       42     1                 unclaim_socket
80201a64 80201a64        0     1                 
80201a66 80201a66        0     1                 
80201a6a 80201a6a        0     1                 
80201a6e 80201a6e        0     1                 
80201a8a 80201a8a        0     1                 
80201a8c 80201a8c        0     1                 
80201a9a 80201a9a        0     1                 
80201a9e 80201a9e        0     1                 
80201aa4 80201aa4        0     1                 
80201aa4 80201aa4        0     1                 
80201aa4 80201aa4        0     1                 
80201aa4 80201aa4        0     1                 
80201aa4 80201aa4        0     1                 
80201aa4 80201aa4       b4     1                 find_free_rsocket
80201aa6 80201aa6        0     1                 
80201aa6 80201aa6        0     1                 
80201aa6 80201aa6        0     1                 
80201aa8 80201aa8        0     1                 
80201aa8 80201aa8        0     1                 
80201ab0 80201ab0        0     1                 
80201ab2 80201ab2        0     1                 
80201ab6 80201ab6        0     1                 
80201aba 80201aba        0     1                 
80201abc 80201abc        0     1                 
80201ac4 80201ac4        0     1                 
80201ac8 80201ac8        0     1                 
80201aca 80201aca        0     1                 
80201ace 80201ace        0     1                 
80201ad0 80201ad0        0     1                 
80201ad8 80201ad8        0     1                 
80201adc 80201adc        0     1                 
80201ade 80201ade        0     1                 
80201ae2 80201ae2        0     1                 
80201ae4 80201ae4        0     1                 
80201aec 80201aec        0     1                 
80201af0 80201af0        0     1                 
80201af2 80201af2        0     1                 
80201af6 80201af6        0     1                 
80201af8 80201af8        0     1                 
80201b00 80201b00        0     1                 
80201b04 80201b04        0     1                 
80201b06 80201b06        0     1                 
80201b0a 80201b0a        0     1                 
80201b0c 80201b0c        0     1                 
80201b0c 80201b0c        0     1                 
80201b2a 80201b2a        0     1                 
80201b2c 80201b2c        0     1                 
80201b52 80201b52        0     1                 
80201b58 80201b58        0     1                 
80201b58 80201b58        0     1                 
80201b58 80201b58        0     1                 
80201b58 80201b58        0     1                 
80201b58 80201b58        0     1                 
80201b58 80201b58       b4     1                 find_free_socket
80201b5a 80201b5a        0     1                 
80201b5a 80201b5a        0     1                 
80201b5a 80201b5a        0     1                 
80201b5c 80201b5c        0     1                 
80201b5c 80201b5c        0     1                 
80201b64 80201b64        0     1                 
80201b66 80201b66        0     1                 
80201b6a 80201b6a        0     1                 
80201b6e 80201b6e        0     1                 
80201b70 80201b70        0     1                 
80201b78 80201b78        0     1                 
80201b7c 80201b7c        0     1                 
80201b7e 80201b7e        0     1                 
80201b82 80201b82        0     1                 
80201b84 80201b84        0     1                 
80201b8c 80201b8c        0     1                 
80201b90 80201b90        0     1                 
80201b92 80201b92        0     1                 
80201b96 80201b96        0     1                 
80201b98 80201b98        0     1                 
80201ba0 80201ba0        0     1                 
80201ba4 80201ba4        0     1                 
80201ba6 80201ba6        0     1                 
80201baa 80201baa        0     1                 
80201bac 80201bac        0     1                 
80201bb4 80201bb4        0     1                 
80201bb8 80201bb8        0     1                 
80201bba 80201bba        0     1                 
80201bbe 80201bbe        0     1                 
80201bc0 80201bc0        0     1                 
80201bc0 80201bc0        0     1                 
80201bde 80201bde        0     1                 
80201be0 80201be0        0     1                 
80201c06 80201c06        0     1                 
80201c0c 80201c0c        0     1                 
80201c0c 80201c0c        0     1                 
80201c0c 80201c0c        0     1                 
80201c0c 80201c0c        0     1                 
80201c0c 80201c0c        0     1                 
80201c0c 80201c0c       5c     1                 info_rsocket
80201c0e 80201c0e        0     1                 
80201c10 80201c10        0     1                 
80201c14 80201c14        0     1                 
80201c18 80201c18        0     1                 
80201c34 80201c34        0     1                 
80201c36 80201c36        0     1                 
80201c44 80201c44        0     1                 
80201c48 80201c48        0     1                 
80201c4c 80201c4c        0     1                 
80201c4e 80201c4e        0     1                 
80201c52 80201c52        0     1                 
80201c54 80201c54        0     1                 
80201c58 80201c58        0     1                 
80201c5a 80201c5a        0     1                 
80201c5e 80201c5e        0     1                 
80201c60 80201c60        0     1                 
80201c62 80201c62        0     1                 
80201c68 80201c68        0     1                 
80201c68 80201c68        0     1                 
80201c68 80201c68        0     1                 
80201c68 80201c68        0     1                 
80201c68 80201c68        0     1                 
80201c68 80201c68       5c     1                 info_socket
80201c6a 80201c6a        0     1                 
80201c6c 80201c6c        0     1                 
80201c70 80201c70        0     1                 
80201c74 80201c74        0     1                 
80201c90 80201c90        0     1                 
80201c92 80201c92        0     1                 
80201ca0 80201ca0        0     1                 
80201ca4 80201ca4        0     1                 
80201ca8 80201ca8        0     1                 
80201caa 80201caa        0     1                 
80201cae 80201cae        0     1                 
80201cb0 80201cb0        0     1                 
80201cb4 80201cb4        0     1                 
80201cb6 80201cb6        0     1                 
80201cba 80201cba        0     1                 
80201cbc 80201cbc        0     1                 
80201cbe 80201cbe        0     1                 
80201cc4 80201cc4        0     1                 
80201cc4 80201cc4        0     1                 
80201cc4 80201cc4      a18     4 .rodata
80201cc4 80201cc4      91c     1         <internal>:(.rodata)
802025e0 802025e0       58     4         build/print_k.o:(.rodata)
802025e0 802025e0        0     1                 .LJTI0_0
80202638 80202638       58     4         build/str.o:(.rodata)
80202638 80202638        0     1                 .LJTI2_0
80202690 80202690       4c     4         build/trap_k.o:(.rodata)
80202690 80202690        0     1                 .LJTI0_0
802026dc 802026dc     8850     4 .data
802026dc 802026dc     8850     1         besh.bin.o:(.data)
802026dc 802026dc        0     1                 _binary_besh_bin_start
8020af2c 8020af2c        0     1                 _binary_besh_bin_end
8020af2c 8020af2c     39a0     4 .bss
8020af2c 8020af2c        0     1         __bss = .
8020af2c 8020af2c        8     4         build/memory.o:(.sbss)
8020af2c 8020af2c        4     1                 nextfreepageframe
8020af30 8020af30        4     1                 free_list_head
8020af34 8020af34        8     4         build/pcb_k.o:(.sbss)
8020af34 8020af34        4     1                 currproc
8020af38 8020af38        4     1                 idleproc
8020af3c 8020af3c     1050     4         build/pcb_k.o:(.bss)
8020af3c 8020af3c     1050     1                 proclist
8020bf8c 8020bf8c       c8     4         build/app.o:(.bss)
8020bf8c 8020bf8c       c8     1                 app_list
8020c054 8020c054     2878     4         build/sockets.o:(.bss)
8020c054 8020c054       28     1                 rsockets
8020c07c 8020c07c       28     1                 rsocket_info
8020c0a4 8020c0a4     2800     1                 sockets
8020e8a4 8020e8a4       28     1                 socket_info
8020e8cc 8020e8cc        0     1         __bss_end = .
8020e8cc 8020e8cc        0     1 . = ALIGN ( 4 )
8020e8cc 8020e8cc    20000     1 . += 128 * 1024
8022e8cc 8022e8cc        0     1 __stack_top = .
8022e8cc 8022e8cc      734     1 . = ALIGN ( 4096 )
8022f000 8022f000        0     1 __free_ram_start = .
8022f000 8022f000  2000000     1 . += 32 * 1024 * 1024
8222f000 8222f000        0     1 __free_ram_end = .
       0        0      ed7     1 .debug_abbrev
       0        0      115     1         build/main.o:(.debug_abbrev)
     115      115      104     1         build/print_k.o:(.debug_abbrev)
     219      219      15a     1         build/SBI.o:(.debug_abbrev)
     373      373       b9     1         build/mem.o:(.debug_abbrev)
     42c      42c      12c     1         build/str.o:(.debug_abbrev)
     558      558      113     1         build/oa.o:(.debug_abbrev)
     66b      66b      1b9     1         build/memory.o:(.debug_abbrev)
     824      824      1ad     1         build/trap_k.o:(.debug_abbrev)
     9d1      9d1      163     1         build/pcb_k.o:(.debug_abbrev)
     b34      b34      163     1         build/program_k.o:(.debug_abbrev)
     c97      c97      133     1         build/app.o:(.debug_abbrev)
     dca      dca      10d     1         build/sockets.o:(.debug_abbrev)
       0        0     1c06     1 .debug_info
       0        0      1b9     1         build/main.o:(.debug_info)
     1b9      1b9      1e5     1         build/print_k.o:(.debug_info)
     39e      39e      242     1         build/SBI.o:(.debug_info)
     5e0      5e0       d9     1         build/mem.o:(.debug_info)
     6b9      6b9      1f5     1         build/str.o:(.debug_info)
     8ae      8ae      184     1         build/oa.o:(.debug_info)
     a32      a32      457     1         build/memory.o:(.debug_info)
     e89      e89      47b     1         build/trap_k.o:(.debug_info)
    1304     1304      296     1         build/pcb_k.o:(.debug_info)
    159a     159a      21e     1         build/program_k.o:(.debug_info)
    17b8     17b8      1bb     1         build/app.o:(.debug_info)
    1973     1973      293     1         build/sockets.o:(.debug_info)
       0        0      1b8     1 .debug_rnglists
       0        0       18     1         build/main.o:(.debug_rnglists)
       c        c        0     1                 
      18       18       57     1         build/print_k.o:(.debug_rnglists)
      24       24        0     1                 
      6f       6f       66     1         build/str.o:(.debug_rnglists)
      7b       7b        0     1                 
      d5       d5       1b     1         build/oa.o:(.debug_rnglists)
      e1       e1        0     1                 
      f0       f0       33     1         build/memory.o:(.debug_rnglists)
      fc       fc        0     1                 
     123      123       5b     1         build/pcb_k.o:(.debug_rnglists)
     12f      12f        0     1                 
     17e      17e       20     1         build/program_k.o:(.debug_rnglists)
     18a      18a        0     1                 
     19e      19e       1a     1         build/app.o:(.debug_rnglists)
     1aa      1aa        0     1                 
       0        0      7c4     1 .debug_str_offsets
       0        0       88     1         build/main.o:(.debug_str_offsets)
       8        8        0     1                 
      88       88       68     1         build/print_k.o:(.debug_str_offsets)
      90       90        0     1                 
      f0       f0       8c     1         build/SBI.o:(.debug_str_offsets)
      f8       f8        0     1                 
     17c      17c       58     1         build/mem.o:(.debug_str_offsets)
     184      184        0     1                 
     1d4      1d4       88     1         build/str.o:(.debug_str_offsets)
     1dc      1dc        0     1                 
     25c      25c       50     1         build/oa.o:(.debug_str_offsets)
     264      264        0     1                 
     2ac      2ac       e0     1         build/memory.o:(.debug_str_offsets)
     2b4      2b4        0     1                 
     38c      38c      1a8     1         build/trap_k.o:(.debug_str_offsets)
     394      394        0     1                 
     534      534       d0     1         build/pcb_k.o:(.debug_str_offsets)
     53c      53c        0     1                 
     604      604       98     1         build/program_k.o:(.debug_str_offsets)
     60c      60c        0     1                 
     69c      69c       90     1         build/app.o:(.debug_str_offsets)
     6a4      6a4        0     1                 
     72c      72c       98     1         build/sockets.o:(.debug_str_offsets)
     734      734        0     1                 
       0        0      7fe     1 .debug_str
       0        0      7fe     1         <internal>:(.debug_str)
       0        0      378     1 .debug_addr
       0        0       50     1         build/main.o:(.debug_addr)
       8        8        0     1                 
      50       50       50     1         build/print_k.o:(.debug_addr)
      58       58        0     1                 
      a0       a0       20     1         build/SBI.o:(.debug_addr)
      a8       a8        0     1                 
      c0       c0       10     1         build/mem.o:(.debug_addr)
      c8       c8        0     1                 
      d0       d0       24     1         build/str.o:(.debug_addr)
      d8       d8        0     1                 
      f4       f4       20     1         build/oa.o:(.debug_addr)
      fc       fc        0     1                 
     114      114       88     1         build/memory.o:(.debug_addr)
     11c      11c        0     1                 
     19c      19c       7c     1         build/trap_k.o:(.debug_addr)
     1a4      1a4        0     1                 
     218      218       58     1         build/pcb_k.o:(.debug_addr)
     220      220        0     1                 
     270      270       5c     1         build/program_k.o:(.debug_addr)
     278      278        0     1                 
     2cc      2cc       24     1         build/app.o:(.debug_addr)
     2d4      2d4        0     1                 
     2f0      2f0       88     1         build/sockets.o:(.debug_addr)
     2f8      2f8        0     1                 
       0        0       42     1 .comment
       0        0       42     1         <internal>:(.comment)
       0        0       2b     1 .riscv.attributes
       0        0       2b     1         build/main.o:(.riscv.attributes)
       0        0      4e4     4 .debug_frame
       0        0       54     4         build/main.o:(.debug_frame)
       0        0        0     1                 
      54       54       44     4         build/print_k.o:(.debug_frame)
      54       54        0     1                 
      98       98       4c     4         build/SBI.o:(.debug_frame)
      98       98        0     1                 
      e4       e4       34     4         build/mem.o:(.debug_frame)
      e4       e4        0     1                 
     118      118       64     4         build/str.o:(.debug_frame)
     118      118        0     1                 
     17c      17c       3c     4         build/oa.o:(.debug_frame)
     17c      17c        0     1                 
     1b8      1b8       94     4         build/memory.o:(.debug_frame)
     1b8      1b8        0     1                 
     24c      24c       54     4         build/trap_k.o:(.debug_frame)
     24c      24c        0     1                 
     2a0      2a0       6c     4         build/pcb_k.o:(.debug_frame)
     2a0      2a0        0     1                 
     30c      30c       5c     4         build/program_k.o:(.debug_frame)
     30c      30c        0     1                 
     368      368       48     4         build/app.o:(.debug_frame)
     368      368        0     1                 
     3b0      3b0      134     4         build/sockets.o:(.debug_frame)
     3b0      3b0        0     1                 
       0        0     24f0     1 .debug_line
       0        0      1a1     1         build/main.o:(.debug_line)
       0        0        0     1                 .Lline_table_start0
     1a1      1a1      2d0     1         build/print_k.o:(.debug_line)
     1a1      1a1        0     1                 .Lline_table_start0
     471      471      11a     1         build/SBI.o:(.debug_line)
     471      471        0     1                 .Lline_table_start0
     58b      58b       f6     1         build/mem.o:(.debug_line)
     58b      58b        0     1                 .Lline_table_start0
     681      681      3f0     1         build/str.o:(.debug_line)
     681      681        0     1                 .Lline_table_start0
     a71      a71      25a     1         build/oa.o:(.debug_line)
     a71      a71        0     1                 .Lline_table_start0
     ccb      ccb      4fa     1         build/memory.o:(.debug_line)
     ccb      ccb        0     1                 .Lline_table_start0
    11c5     11c5      31d     1         build/trap_k.o:(.debug_line)
    11c5     11c5        0     1                 .Lline_table_start0
    14e2     14e2      399     1         build/pcb_k.o:(.debug_line)
    14e2     14e2        0     1                 .Lline_table_start0
    187b     187b      3f1     1         build/program_k.o:(.debug_line)
    187b     187b        0     1                 .Lline_table_start0
    1c6c     1c6c      289     1         build/app.o:(.debug_line)
    1c6c     1c6c        0     1                 .Lline_table_start0
    1ef5     1ef5      5fb     1         build/sockets.o:(.debug_line)
    1ef5     1ef5        0     1                 .Lline_table_start0
       0        0       e2     1 .debug_line_str
       0        0       e2     1         <internal>:(.debug_line_str)
       0        0     1430     1 .debug_loclists
       0        0      115     1         build/print_k.o:(.debug_loclists)
       c        c        0     1                 
     115      115       9f     1         build/SBI.o:(.debug_loclists)
     121      121        0     1                 
     1b4      1b4       66     1         build/mem.o:(.debug_loclists)
     1c0      1c0        0     1                 
     21a      21a      1a1     1         build/str.o:(.debug_loclists)
     226      226        0     1                 
     3bb      3bb      19a     1         build/oa.o:(.debug_loclists)
     3c7      3c7        0     1                 
     555      555      367     1         build/memory.o:(.debug_loclists)
     561      561        0     1                 
     8bc      8bc      1f2     1         build/trap_k.o:(.debug_loclists)
     8c8      8c8        0     1                 
     aae      aae      133     1         build/pcb_k.o:(.debug_loclists)
     aba      aba        0     1                 
     be1      be1      12b     1         build/program_k.o:(.debug_loclists)
     bed      bed        0     1                 
     d0c      d0c      4d5     1         build/app.o:(.debug_loclists)
     d18      d18        0     1                 
    11e1     11e1      24f     1         build/sockets.o:(.debug_loclists)
    11ed     11ed        0     1                 
       0        0     7a90     4 .symtab
       0        0     7a90     4         <internal>:(.symtab)
       0        0       dc     1 .shstrtab
       0        0       dc     1         <internal>:(.shstrtab)
       0        0      55f     1 .strtab
       0        0      55f     1         <internal>:(.strtab)
