     VMA      LMA     Size Align Out     In      Symbol
       0        0 80200000     1 . = 0x80200000
80200000        0        0     1 __kernel_base = .
80200000 80200000     14ee     4 .text
80200000 80200000        e     2         build/main.o:(.text.boot)
80200000 80200000        0     1                 
80200000 80200000        0     1                 
80200000 80200000        0     1                 
80200000 80200000        0     1                 
80200000 80200000        e     1                 boot
8020000e 8020000e        0     1                 
8020000e 8020000e        0     1                 
80200010 80200010      41e     4         build/main.o:(.text)
80200010 80200010        0     1                 
80200010 80200010        0     1                 
80200010 80200010        0     1                 
80200010 80200010       d8     1                 kernel_bootstrap
80200012 80200012        0     1                 
80200012 80200012        0     1                 
80200014 80200014        0     1                 
80200024 80200024        0     1                 
80200024 80200024        0     1                 
80200034 80200034        0     1                 
80200034 80200034        0     1                 
80200052 80200052        0     1                 
80200052 80200052        0     1                 
80200062 80200062        0     1                 
80200062 80200062        0     1                 
8020006e 8020006e        0     1                 
8020007e 8020007e        0     1                 
8020007e 8020007e        0     1                 
80200086 80200086        0     1                 
80200086 80200086        0     1                 
802000a6 802000a6        0     1                 
802000a6 802000a6        0     1                 
802000b6 802000b6        0     1                 
802000b6 802000b6        0     1                 
802000c2 802000c2        0     1                 
802000c2 802000c2        0     1                 
802000ca 802000ca        0     1                 
802000ce 802000ce        0     1                 
802000d6 802000d6        0     1                 
802000da 802000da        0     1                 
802000e0 802000e0        0     1                 
802000e8 802000e8        0     1                 
802000e8 802000e8        0     1                 
802000e8 802000e8        0     1                 
802000e8 802000e8        0     1                 
802000e8 802000e8        0     1                 
802000e8 802000e8       82     1                 MNU_init
802000ea 802000ea        0     1                 
802000ea 802000ea        0     1                 
802000f0 802000f0        0     1                 
80200100 80200100        0     1                 
80200100 80200100        0     1                 
80200108 80200108        0     1                 
8020010a 8020010a        0     1                 
8020010e 8020010e        0     1                 
80200112 80200112        0     1                 
80200116 80200116        0     1                 
80200126 80200126        0     1                 
80200126 80200126        0     1                 
80200138 80200138        0     1                 
80200138 80200138        0     1                 
8020014a 8020014a        0     1                 
8020014a 8020014a        0     1                 
80200152 80200152        0     1                 
80200162 80200162        0     1                 
8020016a 8020016a        0     1                 
8020016a 8020016a        0     1                 
8020016a 8020016a        0     1                 
8020016a 8020016a        0     1                 
8020016a 8020016a        0     1                 
8020016a 8020016a      14e     1                 init_app
8020016c 8020016c        0     1                 
80200172 80200172        0     1                 
80200174 80200174        0     1                 
80200174 80200174        0     1                 
80200178 80200178        0     1                 
8020017a 8020017a        0     1                 
8020017e 8020017e        0     1                 
80200180 80200180        0     1                 
80200184 80200184        0     1                 
80200188 80200188        0     1                 
8020018c 8020018c        0     1                 
80200190 80200190        0     1                 
80200194 80200194        0     1                 
80200198 80200198        0     1                 
8020019c 8020019c        0     1                 
802001a0 802001a0        0     1                 
802001a4 802001a4        0     1                 
802001a8 802001a8        0     1                 
802001ac 802001ac        0     1                 
802001b0 802001b0        0     1                 
802001b4 802001b4        0     1                 
802001b8 802001b8        0     1                 
802001bc 802001bc        0     1                 
802001c0 802001c0        0     1                 
802001c6 802001c6        0     1                 
802001c6 802001c6        0     1                 
802001ce 802001ce        0     1                 
802001d0 802001d0        0     1                 
802001d2 802001d2        0     1                 
802001d4 802001d4        0     1                 
802001d6 802001d6        0     1                 
802001de 802001de        0     1                 
802001e0 802001e0        0     1                 
802001e2 802001e2        0     1                 
802001e4 802001e4        0     1                 
802001e6 802001e6        0     1                 
802001ee 802001ee        0     1                 
802001f0 802001f0        0     1                 
802001f2 802001f2        0     1                 
802001f4 802001f4        0     1                 
802001f6 802001f6        0     1                 
802001fe 802001fe        0     1                 
80200202 80200202        0     1                 
80200204 80200204        0     1                 
80200208 80200208        0     1                 
8020020a 8020020a        0     1                 
80200212 80200212        0     1                 
80200216 80200216        0     1                 
80200218 80200218        0     1                 
8020021c 8020021c        0     1                 
8020021e 8020021e        0     1                 
8020023a 8020023a        0     1                 
8020023c 8020023c        0     1                 
80200274 80200274        0     1                 
802002ae 802002ae        0     1                 
802002b8 802002b8        0     1                 
802002b8 802002b8        0     1                 
802002b8 802002b8        0     1                 
802002b8 802002b8        0     1                 
802002b8 802002b8        0     1                 
802002b8 802002b8       4c     1                 start_app
802002ba 802002ba        0     1                 
802002bc 802002bc        0     1                 
802002c0 802002c0        0     1                 
802002c4 802002c4        0     1                 
802002c6 802002c6        0     1                 
802002d6 802002d6        0     1                 
802002d8 802002d8        0     1                 
802002da 802002da        0     1                 
802002de 802002de        0     1                 
802002e6 802002e6        0     1                 
80200302 80200302        0     1                 
80200304 80200304        0     1                 
80200304 80200304        0     1                 
80200304 80200304        0     1                 
80200304 80200304        0     1                 
80200304 80200304        0     1                 
80200304 80200304      12a     1                 kernel_main
80200306 80200306        0     1                 
80200306 80200306        0     1                 
8020030e 8020030e        0     1                 
80200316 80200316        0     1                 
80200316 80200316        0     1                 
8020033c 8020033c        0     1                 
8020033c 8020033c        0     1                 
8020034a 8020034a        0     1                 
8020034a 8020034a        0     1                 
80200358 80200358        0     1                 
80200358 80200358        0     1                 
8020035a 8020035a        0     1                 
8020035c 8020035c        0     1                 
80200360 80200360        0     1                 
80200362 80200362        0     1                 
80200372 80200372        0     1                 
80200374 80200374        0     1                 
80200376 80200376        0     1                 
8020037e 8020037e        0     1                 
8020037e 8020037e        0     1                 
8020039e 8020039e        0     1                 
8020039e 8020039e        0     1                 
802003a0 802003a0        0     1                 
802003a2 802003a2        0     1                 
802003a6 802003a6        0     1                 
802003a8 802003a8        0     1                 
802003b8 802003b8        0     1                 
802003ba 802003ba        0     1                 
802003bc 802003bc        0     1                 
802003c4 802003c4        0     1                 
802003c4 802003c4        0     1                 
802003cc 802003cc        0     1                 
802003cc 802003cc        0     1                 
802003f0 802003f0        0     1                 
802003f2 802003f2        0     1                 
8020040e 8020040e        0     1                 
80200410 80200410        0     1                 
8020042c 8020042c        0     1                 
8020042e 8020042e        0     1                 
8020042e 8020042e        0     1                 
80200430 80200430      2ec     4         build/print_k.o:(.text)
80200430 80200430        0     1                 
80200430 80200430        0     1                 
80200430 80200430        0     1                 
80200430 80200430      2ec     1                 k_printf
80200432 80200432        0     1                 
8020044c 8020044c        0     1                 
80200468 80200468        0     1                 
80200486 80200486        0     1                 
802004a6 802004a6        0     1                 
802004aa 802004aa        0     1                 
802004b2 802004b2        0     1                 
802004ba 802004ba        0     1                 
802004ba 802004ba        0     1                 
802004bc 802004bc        0     1                 
802004c4 802004c4        0     1                 
802004c8 802004c8        0     1                 
802004d0 802004d0        0     1                 
802004da 802004da        0     1                 .LBB0_6
802004da 802004da        0     1                 
802004da 802004da        0     1                 
802004fa 802004fa        0     1                 
802004fa 802004fa        0     1                 
802004fe 802004fe        0     1                 .LBB0_9
802004fe 802004fe        0     1                 
8020050a 8020050a        0     1                 
8020050a 8020050a        0     1                 
80200510 80200510        0     1                 .LBB0_10
80200510 80200510        0     1                 
80200524 80200524        0     1                 .LBB0_12
80200524 80200524        0     1                 
80200530 80200530        0     1                 
80200530 80200530        0     1                 
8020053c 8020053c        0     1                 
8020053c 8020053c        0     1                 
80200558 80200558        0     1                 .LBB0_14
80200558 80200558        0     1                 
80200574 80200574        0     1                 
80200576 80200576        0     1                 
8020057a 8020057a        0     1                 .LBB0_16
8020057a 8020057a        0     1                 
80200592 80200592        0     1                 .LBB0_18
80200592 80200592        0     1                 
802005ae 802005ae        0     1                 
802005bc 802005bc        0     1                 
802005c0 802005c0        0     1                 
802005cc 802005cc        0     1                 
802005cc 802005cc        0     1                 
802005d0 802005d0        0     1                 
802005da 802005da        0     1                 
802005de 802005de        0     1                 
802005e0 802005e0        0     1                 
802005ec 802005ec        0     1                 
802005ec 802005ec        0     1                 
802005f0 802005f0        0     1                 
802005f4 802005f4        0     1                 
802005f4 802005f4        0     1                 
80200602 80200602        0     1                 
8020060e 8020060e        0     1                 
8020060e 8020060e        0     1                 
80200612 80200612        0     1                 
80200616 80200616        0     1                 
8020061a 8020061a        0     1                 
8020061c 8020061c        0     1                 
80200628 80200628        0     1                 
80200628 80200628        0     1                 
8020062c 8020062c        0     1                 
80200630 80200630        0     1                 
80200630 80200630        0     1                 
8020063a 8020063a        0     1                 
8020063c 8020063c        0     1                 
8020063e 8020063e        0     1                 
80200644 80200644        0     1                 
8020064c 8020064c        0     1                 
80200658 80200658        0     1                 
80200658 80200658        0     1                 
8020065c 8020065c        0     1                 
80200660 80200660        0     1                 
80200668 80200668        0     1                 
80200674 80200674        0     1                 
80200674 80200674        0     1                 
80200678 80200678        0     1                 
80200680 80200680        0     1                 
80200684 80200684        0     1                 
80200686 80200686        0     1                 
80200692 80200692        0     1                 
80200692 80200692        0     1                 
80200696 80200696        0     1                 
8020069a 8020069a        0     1                 
8020069a 8020069a        0     1                 
802006a6 802006a6        0     1                 
802006b2 802006b2        0     1                 
802006b2 802006b2        0     1                 
802006be 802006be        0     1                 
802006be 802006be        0     1                 
802006cc 802006cc        0     1                 
802006cc 802006cc        0     1                 
802006d0 802006d0        0     1                 
802006d6 802006d6        0     1                 
802006da 802006da        0     1                 
802006dc 802006dc        0     1                 
802006e8 802006e8        0     1                 
802006e8 802006e8        0     1                 
802006ec 802006ec        0     1                 
802006f0 802006f0        0     1                 
802006f0 802006f0        0     1                 
802006fe 802006fe        0     1                 
8020071c 8020071c        0     1                 
8020071c 8020071c        0     1                 
8020071c 8020071c       8e     4         build/SBI.o:(.text)
8020071c 8020071c        0     1                 
8020071c 8020071c        0     1                 
8020071c 8020071c        0     1                 
8020071c 8020071c       14     1                 sbi_call
80200720 80200720        0     1                 
80200724 80200724        0     1                 
8020072a 8020072a        0     1                 
80200730 80200730        0     1                 
80200730 80200730        0     1                 
80200730 80200730        0     1                 
80200730 80200730        0     1                 
80200730 80200730        0     1                 
80200730 80200730       1c     1                 k_putchar
80200732 80200732        0     1                 
80200732 80200732        0     1                 
80200744 80200744        0     1                 
8020074a 8020074a        0     1                 
8020074a 8020074a        0     1                 
8020074c 8020074c        0     1                 
8020074c 8020074c        0     1                 
8020074c 8020074c        0     1                 
8020074c 8020074c        0     1                 
8020074c 8020074c        0     1                 
8020074c 8020074c       5e     1                 k_readchar
8020074e 8020074e        0     1                 
8020074e 8020074e        0     1                 
80200750 80200750        0     1                 
80200758 80200758        0     1                 
8020075c 8020075c        0     1                 
8020075e 8020075e        0     1                 
80200762 80200762        0     1                 
80200772 80200772        0     1                 
80200772 80200772        0     1                 
80200778 80200778        0     1                 
8020079c 8020079c        0     1                 
8020079e 8020079e        0     1                 
802007a0 802007a0        0     1                 
802007aa 802007aa        0     1                 
802007aa 802007aa        0     1                 
802007ac 802007ac       28     4         build/mem.o:(.text)
802007ac 802007ac        0     1                 
802007ac 802007ac        0     1                 
802007ac 802007ac        0     1                 
802007ac 802007ac        0     1                 
802007ac 802007ac       14     1                 memset
802007ae 802007ae        0     1                 
802007b0 802007b0        0     1                 
802007b2 802007b2        0     1                 
802007b6 802007b6        0     1                 
802007ba 802007ba        0     1                 
802007bc 802007bc        0     1                 
802007be 802007be        0     1                 
802007c0 802007c0        0     1                 
802007c0 802007c0        0     1                 
802007c0 802007c0        0     1                 
802007c0 802007c0        0     1                 
802007c0 802007c0        0     1                 
802007c0 802007c0        0     1                 
802007c0 802007c0       14     1                 k_memcpy
802007c2 802007c2        0     1                 
802007c6 802007c6        0     1                 
802007ca 802007ca        0     1                 
802007cc 802007cc        0     1                 
802007ce 802007ce        0     1                 
802007d0 802007d0        0     1                 
802007d2 802007d2        0     1                 
802007d2 802007d2        0     1                 
802007d4 802007d4        0     1                 
802007d4 802007d4        0     1                 
802007d4 802007d4      29e     4         build/str.o:(.text)
802007d4 802007d4        0     1                 
802007d4 802007d4        0     1                 
802007d4 802007d4        0     1                 
802007d4 802007d4        0     1                 
802007d4 802007d4       28     1                 k_strncpy
802007d6 802007d6        0     1                 
802007d8 802007d8        0     1                 
802007e0 802007e0        0     1                 
802007e2 802007e2        0     1                 
802007e6 802007e6        0     1                 
802007e8 802007e8        0     1                 
802007ec 802007ec        0     1                 
802007f0 802007f0        0     1                 
802007f4 802007f4        0     1                 
802007fa 802007fa        0     1                 
802007fc 802007fc        0     1                 
802007fc 802007fc        0     1                 
802007fc 802007fc        0     1                 
802007fc 802007fc        0     1                 
802007fc 802007fc        0     1                 
802007fc 802007fc        0     1                 
802007fc 802007fc       2e     1                 k_strcmp
80200800 80200800        0     1                 
80200802 80200802        0     1                 
80200804 80200804        0     1                 
80200808 80200808        0     1                 
8020080a 8020080a        0     1                 
8020080e 8020080e        0     1                 
80200812 80200812        0     1                 
80200816 80200816        0     1                 
80200818 80200818        0     1                 
8020081c 8020081c        0     1                 
8020081e 8020081e        0     1                 
80200822 80200822        0     1                 
80200826 80200826        0     1                 
80200828 80200828        0     1                 
8020082a 8020082a        0     1                 
8020082a 8020082a        0     1                 
8020082a 8020082a        0     1                 
8020082a 8020082a        0     1                 
8020082a 8020082a        0     1                 
8020082a 8020082a      248     1                 k_sprintf
8020082c 8020082c        0     1                 
80200844 80200844        0     1                 
80200854 80200854        0     1                 
80200872 80200872        0     1                 
80200874 80200874        0     1                 
8020089e 8020089e        0     1                 
802008a0 802008a0        0     1                 
802008a4 802008a4        0     1                 
802008ac 802008ac        0     1                 
802008b2 802008b2        0     1                 
802008b6 802008b6        0     1                 
802008ba 802008ba        0     1                 
802008c2 802008c2        0     1                 
802008cc 802008cc        0     1                 .LBB2_7
802008cc 802008cc        0     1                 
802008e0 802008e0        0     1                 
802008e4 802008e4        0     1                 
802008ea 802008ea        0     1                 .LBB2_11
802008ea 802008ea        0     1                 
802008ee 802008ee        0     1                 
802008f8 802008f8        0     1                 
802008fe 802008fe        0     1                 .LBB2_12
802008fe 802008fe        0     1                 
80200912 80200912        0     1                 .LBB2_14
80200912 80200912        0     1                 
8020091a 8020091a        0     1                 
8020092e 8020092e        0     1                 .LBB2_16
8020092e 8020092e        0     1                 
80200940 80200940        0     1                 
80200942 80200942        0     1                 
80200946 80200946        0     1                 .LBB2_18
80200946 80200946        0     1                 
8020095a 8020095a        0     1                 .LBB2_20
8020095a 8020095a        0     1                 
8020096e 8020096e        0     1                 
80200970 80200970        0     1                 
80200974 80200974        0     1                 
8020097e 8020097e        0     1                 
8020098a 8020098a        0     1                 
8020098a 8020098a        0     1                 
80200990 80200990        0     1                 
80200992 80200992        0     1                 
80200994 80200994        0     1                 
80200998 80200998        0     1                 
8020099c 8020099c        0     1                 
8020099e 8020099e        0     1                 
802009a4 802009a4        0     1                 
802009a4 802009a4        0     1                 
802009a8 802009a8        0     1                 
802009b4 802009b4        0     1                 
802009b4 802009b4        0     1                 
802009ba 802009ba        0     1                 
802009be 802009be        0     1                 
802009c0 802009c0        0     1                 
802009c4 802009c4        0     1                 
802009c8 802009c8        0     1                 
802009ca 802009ca        0     1                 
802009d0 802009d0        0     1                 
802009d0 802009d0        0     1                 
802009d4 802009d4        0     1                 
802009d6 802009d6        0     1                 
802009d8 802009d8        0     1                 
802009de 802009de        0     1                 
802009e4 802009e4        0     1                 
802009e8 802009e8        0     1                 
802009ec 802009ec        0     1                 
802009ee 802009ee        0     1                 
802009f4 802009f4        0     1                 
802009f6 802009f6        0     1                 
80200a02 80200a02        0     1                 
80200a02 80200a02        0     1                 
80200a08 80200a08        0     1                 
80200a0c 80200a0c        0     1                 
80200a0e 80200a0e        0     1                 
80200a12 80200a12        0     1                 
80200a16 80200a16        0     1                 
80200a18 80200a18        0     1                 
80200a1e 80200a1e        0     1                 
80200a1e 80200a1e        0     1                 
80200a20 80200a20        0     1                 
80200a2a 80200a2a        0     1                 
80200a36 80200a36        0     1                 
80200a36 80200a36        0     1                 
80200a3c 80200a3c        0     1                 
80200a40 80200a40        0     1                 
80200a42 80200a42        0     1                 
80200a46 80200a46        0     1                 
80200a4a 80200a4a        0     1                 
80200a4c 80200a4c        0     1                 
80200a52 80200a52        0     1                 
80200a52 80200a52        0     1                 
80200a56 80200a56        0     1                 
80200a72 80200a72        0     1                 
80200a72 80200a72        0     1                 
80200a74 80200a74      176     4         build/oa.o:(.text)
80200a74 80200a74        0     1                 
80200a74 80200a74        0     1                 
80200a74 80200a74        0     1                 
80200a74 80200a74       7a     1                 utoa
80200a76 80200a76        0     1                 
80200a76 80200a76        0     1                 
80200a78 80200a78        0     1                 
80200a80 80200a80        0     1                 
80200a82 80200a82        0     1                 
80200a86 80200a86        0     1                 
80200a8c 80200a8c        0     1                 
80200a8e 80200a8e        0     1                 
80200a92 80200a92        0     1                 
80200a94 80200a94        0     1                 
80200aa0 80200aa0        0     1                 
80200aae 80200aae        0     1                 
80200aae 80200aae        0     1                 
80200ac0 80200ac0        0     1                 
80200ac8 80200ac8        0     1                 
80200acc 80200acc        0     1                 
80200ad2 80200ad2        0     1                 
80200ad8 80200ad8        0     1                 
80200ad8 80200ad8        0     1                 
80200adc 80200adc        0     1                 
80200ae2 80200ae2        0     1                 
80200aea 80200aea        0     1                 
80200aee 80200aee        0     1                 
80200aee 80200aee        0     1                 
80200aee 80200aee        0     1                 
80200aee 80200aee        0     1                 
80200aee 80200aee        0     1                 
80200aee 80200aee       fc     1                 itoa
80200af0 80200af0        0     1                 
80200af2 80200af2        0     1                 
80200afe 80200afe        0     1                 
80200b02 80200b02        0     1                 
80200b08 80200b08        0     1                 
80200b0c 80200b0c        0     1                 
80200b14 80200b14        0     1                 
80200b1e 80200b1e        0     1                 
80200b24 80200b24        0     1                 
80200b2c 80200b2c        0     1                 
80200b30 80200b30        0     1                 
80200b34 80200b34        0     1                 
80200b36 80200b36        0     1                 
80200b3a 80200b3a        0     1                 
80200b3e 80200b3e        0     1                 
80200b42 80200b42        0     1                 
80200b42 80200b42        0     1                 
80200b50 80200b50        0     1                 
80200b52 80200b52        0     1                 
80200b5a 80200b5a        0     1                 
80200b5e 80200b5e        0     1                 
80200b64 80200b64        0     1                 
80200b68 80200b68        0     1                 
80200b68 80200b68        0     1                 
80200b6e 80200b6e        0     1                 
80200b6e 80200b6e        0     1                 
80200b70 80200b70        0     1                 
80200b78 80200b78        0     1                 
80200b7a 80200b7a        0     1                 
80200b7e 80200b7e        0     1                 
80200b84 80200b84        0     1                 
80200b86 80200b86        0     1                 
80200b8a 80200b8a        0     1                 
80200b8c 80200b8c        0     1                 
80200b98 80200b98        0     1                 
80200ba6 80200ba6        0     1                 
80200ba6 80200ba6        0     1                 
80200bb8 80200bb8        0     1                 
80200bc0 80200bc0        0     1                 
80200bc4 80200bc4        0     1                 
80200bca 80200bca        0     1                 
80200bd0 80200bd0        0     1                 
80200bd0 80200bd0        0     1                 
80200bd4 80200bd4        0     1                 
80200bdc 80200bdc        0     1                 
80200be2 80200be2        0     1                 
80200be6 80200be6        0     1                 
80200bea 80200bea        0     1                 
80200bea 80200bea        0     1                 
80200bec 80200bec      1fa     4         build/memory.o:(.text)
80200bec 80200bec        0     1                 
80200bec 80200bec        0     1                 
80200bec 80200bec        0     1                 
80200bec 80200bec        0     1                 
80200bec 80200bec       12     1                 init_memory
80200bfc 80200bfc        0     1                 
80200bfe 80200bfe        0     1                 
80200bfe 80200bfe        0     1                 
80200bfe 80200bfe        0     1                 
80200bfe 80200bfe        0     1                 
80200bfe 80200bfe        0     1                 
80200bfe 80200bfe       60     1                 pageframalloc
80200c00 80200c00        0     1                 
80200c00 80200c00        0     1                 
80200c04 80200c04        0     1                 
80200c0c 80200c0c        0     1                 
80200c10 80200c10        0     1                 
80200c14 80200c14        0     1                 
80200c1c 80200c1c        0     1                 
80200c20 80200c20        0     1                 
80200c24 80200c24        0     1                 
80200c46 80200c46        0     1                 
80200c48 80200c48        0     1                 
80200c54 80200c54        0     1                 
80200c54 80200c54        0     1                 
80200c5e 80200c5e        0     1                 
80200c5e 80200c5e        0     1                 
80200c5e 80200c5e        0     1                 
80200c5e 80200c5e        0     1                 
80200c5e 80200c5e        0     1                 
80200c5e 80200c5e      188     1                 add_ptbl_entry
80200c60 80200c60        0     1                 
80200c6e 80200c6e        0     1                 
80200c76 80200c76        0     1                 
80200c7e 80200c7e        0     1                 
80200c8e 80200c8e        0     1                 
80200c8e 80200c8e        0     1                 
80200ca0 80200ca0        0     1                 
80200ca0 80200ca0        0     1                 
80200cb0 80200cb0        0     1                 
80200cb0 80200cb0        0     1                 
80200cc0 80200cc0        0     1                 
80200cc0 80200cc0        0     1                 
80200ce4 80200ce4        0     1                 
80200ce6 80200ce6        0     1                 
80200cea 80200cea        0     1                 
80200cee 80200cee        0     1                 
80200cf0 80200cf0        0     1                 
80200cf4 80200cf4        0     1                 
80200cf8 80200cf8        0     1                 
80200cfc 80200cfc        0     1                 
80200cfe 80200cfe        0     1                 
80200cfe 80200cfe        0     1                 
80200d06 80200d06        0     1                 
80200d08 80200d08        0     1                 
80200d0a 80200d0a        0     1                 
80200d12 80200d12        0     1                 
80200d16 80200d16        0     1                 
80200d1a 80200d1a        0     1                 
80200d3c 80200d3c        0     1                 
80200d3e 80200d3e        0     1                 
80200d4c 80200d4c        0     1                 
80200d4c 80200d4c        0     1                 
80200d50 80200d50        0     1                 
80200d54 80200d54        0     1                 
80200d56 80200d56        0     1                 
80200d7a 80200d7a        0     1                 
80200d7c 80200d7c        0     1                 
80200da0 80200da0        0     1                 
80200da2 80200da2        0     1                 
80200daa 80200daa        0     1                 
80200dae 80200dae        0     1                 
80200db2 80200db2        0     1                 
80200db2 80200db2        0     1                 
80200db6 80200db6        0     1                 
80200dc2 80200dc2        0     1                 
80200dca 80200dca        0     1                 
80200dd2 80200dd2        0     1                 
80200dd4 80200dd4        0     1                 
80200de6 80200de6        0     1                 
80200de6 80200de6        0     1                 
80200de8 80200de8      1c4     4         build/trap_k.o:(.text)
80200de8 80200de8        0     1                 
80200de8 80200de8        0     1                 
80200de8 80200de8        0     1                 
80200de8 80200de8       d4     1                 handle_syscall
80200dea 80200dea        0     1                 
80200dee 80200dee        0     1                 
80200df0 80200df0        0     1                 
80200e0e 80200e0e        0     1                 
80200e18 80200e18        0     1                 
80200e28 80200e28        0     1                 .LBB0_2
80200e28 80200e28        0     1                 
80200e2c 80200e2c        0     1                 
80200e34 80200e34        0     1                 
80200e34 80200e34        0     1                 
80200e46 80200e46        0     1                 
80200e56 80200e56        0     1                 
80200e56 80200e56        0     1                 
80200e5a 80200e5a        0     1                 
80200e68 80200e68        0     1                 .LBB0_4
80200e68 80200e68        0     1                 
80200e70 80200e70        0     1                 
80200e70 80200e70        0     1                 
80200e7c 80200e7c        0     1                 
80200e80 80200e80        0     1                 
80200e88 80200e88        0     1                 .LBB0_7
80200e88 80200e88        0     1                 
80200e94 80200e94        0     1                 .LBB0_8
80200e94 80200e94        0     1                 
80200e9e 80200e9e        0     1                 
80200ea2 80200ea2        0     1                 .LBB0_10
80200ea2 80200ea2        0     1                 
80200eaa 80200eaa        0     1                 
80200eae 80200eae        0     1                 
80200eb4 80200eb4        0     1                 
80200ebc 80200ebc        0     1                 
80200ebc 80200ebc        0     1                 
80200ebc 80200ebc        0     1                 
80200ebc 80200ebc        0     1                 
80200ebc 80200ebc        0     1                 
80200ebc 80200ebc       54     1                 handle_trap
80200ebe 80200ebe        0     1                 
80200ebe 80200ebe        0     1                 
80200ebe 80200ebe        0     1                 
80200ec2 80200ec2        0     1                 
80200ec6 80200ec6        0     1                 
80200ec6 80200ec6        0     1                 
80200eca 80200eca        0     1                 
80200eca 80200eca        0     1                 
80200ece 80200ece        0     1                 
80200ed0 80200ed0        0     1                 
80200ed0 80200ed0        0     1                 
80200ed4 80200ed4        0     1                 
80200edc 80200edc        0     1                 
80200edc 80200edc        0     1                 
80200ede 80200ede        0     1                 
80200ef0 80200ef0        0     1                 
80200ef0 80200ef0        0     1                 
80200f00 80200f00        0     1                 
80200f00 80200f00        0     1                 
80200f04 80200f04        0     1                 
80200f08 80200f08        0     1                 
80200f10 80200f10        0     1                 
80200f10 80200f10        0     1                 
80200f10 80200f10        0     1                 
80200f10 80200f10        0     1                 
80200f10 80200f10        0     1                 
80200f10 80200f10        0     1                 
80200f10 80200f10       9c     1                 switch_trap
80200fac 80200fac        0     1                 
80200fac 80200fac        0     1                 
80200fac 80200fac      262     4         build/pcb_k.o:(.text)
80200fac 80200fac        0     1                 
80200fac 80200fac        0     1                 
80200fac 80200fac        0     1                 
80200fac 80200fac       3c     1                 switch_umode
80200fae 80200fae        0     1                 
80200fb0 80200fb0        0     1                 
80200fb8 80200fb8        0     1                 
80200fc4 80200fc4        0     1                 
80200fe6 80200fe6        0     1                 
80200fe8 80200fe8        0     1                 
80200fe8 80200fe8        0     1                 
80200fe8 80200fe8        0     1                 
80200fe8 80200fe8        0     1                 
80200fe8 80200fe8        0     1                 
80200fe8 80200fe8      226     1                 spawn_proc
80200fea 80200fea        0     1                 
80200ffe 80200ffe        0     1                 
80201006 80201006        0     1                 
8020100a 8020100a        0     1                 
8020100c 8020100c        0     1                 
8020100e 8020100e        0     1                 
80201012 80201012        0     1                 
80201014 80201014        0     1                 
80201020 80201020        0     1                 
80201024 80201024        0     1                 
80201026 80201026        0     1                 
8020102a 8020102a        0     1                 
8020102e 8020102e        0     1                 
80201030 80201030        0     1                 
8020104e 8020104e        0     1                 
80201050 80201050        0     1                 
80201062 80201062        0     1                 
8020106a 8020106a        0     1                 
8020106e 8020106e        0     1                 
80201072 80201072        0     1                 
80201080 80201080        0     1                 
80201080 80201080        0     1                 
80201082 80201082        0     1                 
80201086 80201086        0     1                 
80201086 80201086        0     1                 
802010b6 802010b6        0     1                 
802010b6 802010b6        0     1                 
802010ba 802010ba        0     1                 
802010be 802010be        0     1                 
802010d6 802010d6        0     1                 
802010da 802010da        0     1                 
802010e4 802010e4        0     1                 
802010e4 802010e4        0     1                 
802010e8 802010e8        0     1                 
802010ea 802010ea        0     1                 
802010fa 802010fa        0     1                 
802010fe 802010fe        0     1                 
80201102 80201102        0     1                 
80201110 80201110        0     1                 
80201110 80201110        0     1                 
80201116 80201116        0     1                 
8020111a 8020111a        0     1                 
8020112e 8020112e        0     1                 
80201132 80201132        0     1                 
80201140 80201140        0     1                 
80201140 80201140        0     1                 
80201142 80201142        0     1                 
80201146 80201146        0     1                 
8020114e 8020114e        0     1                 
80201152 80201152        0     1                 
8020115e 8020115e        0     1                 
80201162 80201162        0     1                 
8020116c 8020116c        0     1                 
8020116c 8020116c        0     1                 
80201170 80201170        0     1                 
80201174 80201174        0     1                 
80201180 80201180        0     1                 
80201180 80201180        0     1                 
80201182 80201182        0     1                 
8020118a 8020118a        0     1                 
8020118e 8020118e        0     1                 
80201198 80201198        0     1                 
80201198 80201198        0     1                 
8020119c 8020119c        0     1                 
802011a2 802011a2        0     1                 
802011a4 802011a4        0     1                 
802011a8 802011a8        0     1                 
802011c2 802011c2        0     1                 
802011e6 802011e6        0     1                 
802011e8 802011e8        0     1                 
8020120c 8020120c        0     1                 
8020120e 8020120e        0     1                 
8020120e 8020120e        0     1                 
80201210 80201210      2de     4         build/program_k.o:(.text)
80201210 80201210        0     1                 
80201210 80201210        0     1                 
80201210 80201210        0     1                 
80201210 80201210        0     1                 
80201210 80201210       46     1                 switch_proc
80201256 80201256        0     1                 
80201256 80201256        0     1                 
80201256 80201256        0     1                 
80201256 80201256        0     1                 
80201256 80201256        0     1                 
80201256 80201256        0     1                 
80201256 80201256       14     1                 Flush_TLB
80201258 80201258        0     1                 
8020125a 8020125a        0     1                 
8020125e 8020125e        0     1                 
80201260 80201260        0     1                 
80201268 80201268        0     1                 
8020126a 8020126a        0     1                 
8020126a 8020126a        0     1                 
8020126a 8020126a        0     1                 
8020126a 8020126a        0     1                 
8020126a 8020126a        0     1                 
8020126a 8020126a      176     1                 k_sp
8020126c 8020126c        0     1                 
8020126c 8020126c        0     1                 
80201270 80201270        0     1                 
80201280 80201280        0     1                 
80201280 80201280        0     1                 
80201288 80201288        0     1                 
80201288 80201288        0     1                 
8020128a 8020128a        0     1                 
8020128c 8020128c        0     1                 
8020128e 8020128e        0     1                 
802012a0 802012a0        0     1                 
802012a0 802012a0        0     1                 
802012b4 802012b4        0     1                 
802012b4 802012b4        0     1                 
802012b6 802012b6        0     1                 
802012c8 802012c8        0     1                 
802012c8 802012c8        0     1                 
802012d0 802012d0        0     1                 
802012d4 802012d4        0     1                 
802012d6 802012d6        0     1                 
802012da 802012da        0     1                 
802012ec 802012ec        0     1                 
802012ec 802012ec        0     1                 
80201302 80201302        0     1                 
80201302 80201302        0     1                 
80201304 80201304        0     1                 
80201316 80201316        0     1                 
80201316 80201316        0     1                 
80201322 80201322        0     1                 
80201326 80201326        0     1                 
80201328 80201328        0     1                 
8020132c 8020132c        0     1                 
80201330 80201330        0     1                 
80201342 80201342        0     1                 
80201342 80201342        0     1                 
8020135c 8020135c        0     1                 
8020135c 8020135c        0     1                 
8020135e 8020135e        0     1                 
80201370 80201370        0     1                 
80201370 80201370        0     1                 
8020137c 8020137c        0     1                 
80201380 80201380        0     1                 
80201382 80201382        0     1                 
80201386 80201386        0     1                 
8020138a 8020138a        0     1                 
8020139c 8020139c        0     1                 
8020139c 8020139c        0     1                 
802013b6 802013b6        0     1                 
802013b6 802013b6        0     1                 
802013b8 802013b8        0     1                 
802013ca 802013ca        0     1                 
802013ca 802013ca        0     1                 
802013d8 802013d8        0     1                 
802013e0 802013e0        0     1                 
802013e0 802013e0        0     1                 
802013e0 802013e0        0     1                 
802013e0 802013e0        0     1                 
802013e0 802013e0        0     1                 
802013e0 802013e0        0     1                 
802013e0 802013e0      10e     1                 yield
802013e8 802013e8        0     1                 
802013ee 802013ee        0     1                 
802013f0 802013f0        0     1                 
802013f4 802013f4        0     1                 
802013f8 802013f8        0     1                 
802013fa 802013fa        0     1                 
802013fc 802013fc        0     1                 
802013fe 802013fe        0     1                 
80201402 80201402        0     1                 
80201402 80201402        0     1                 
80201406 80201406        0     1                 
80201408 80201408        0     1                 
8020140c 8020140c        0     1                 
8020141c 8020141c        0     1                 
80201420 80201420        0     1                 
80201424 80201424        0     1                 
80201426 80201426        0     1                 
80201428 80201428        0     1                 
8020142c 8020142c        0     1                 
8020143e 8020143e        0     1                 
80201442 80201442        0     1                 
80201446 80201446        0     1                 
80201448 80201448        0     1                 
8020144a 8020144a        0     1                 
8020144e 8020144e        0     1                 
80201460 80201460        0     1                 
80201464 80201464        0     1                 
80201468 80201468        0     1                 
8020146a 8020146a        0     1                 
8020146c 8020146c        0     1                 
80201470 80201470        0     1                 
80201482 80201482        0     1                 
80201486 80201486        0     1                 
80201486 80201486        0     1                 
80201498 80201498        0     1                 
8020149a 8020149a        0     1                 
8020149e 8020149e        0     1                 
802014a2 802014a2        0     1                 
802014a6 802014a6        0     1                 
802014ae 802014ae        0     1                 
802014b0 802014b0        0     1                 
802014b2 802014b2        0     1                 
802014b4 802014b4        0     1                 
802014b6 802014b6        0     1                 
802014ba 802014ba        0     1                 
802014bc 802014bc        0     1                 
802014be 802014be        0     1                 
802014c0 802014c0        0     1                 
802014c8 802014c8        0     1                 
802014c8 802014c8        0     1                 
802014d0 802014d0        0     1                 
802014d8 802014d8        0     1                 
802014dc 802014dc        0     1                 
802014de 802014de        0     1                 
802014e0 802014e0        0     1                 
802014e6 802014e6        0     1                 
802014ea 802014ea        0     1                 
802014ee 802014ee        0     1                 
802014ee 802014ee        0     1                 
802014f0 802014f0      634     4 .rodata
802014f0 802014f0      56d     1         <internal>:(.rodata)
80201a60 80201a60       58     4         build/print_k.o:(.rodata)
80201a60 80201a60        0     1                 .LJTI0_0
80201ab8 80201ab8       58     4         build/str.o:(.rodata)
80201ab8 80201ab8        0     1                 .LJTI2_0
80201b10 80201b10       14     4         build/trap_k.o:(.rodata)
80201b10 80201b10        0     1                 .LJTI0_0
80201b24 80201b24     80e0     4 .data
80201b24 80201b24     80e0     1         besh.bin.o:(.data)
80201b24 80201b24        0     1                 _binary_besh_bin_start
80209c04 80209c04        0     1                 _binary_besh_bin_end
80209c04 80209c04     1114     4 .bss
80209c04 80209c04        0     1         __bss = .
80209c04 80209c04       c8     4         build/main.o:(.bss)
80209c04 80209c04       c8     1                 app_list
80209ccc 80209ccc        4     4         build/memory.o:(.sbss)
80209ccc 80209ccc        4     1                 nextfreepageframe
80209cd0 80209cd0        8     4         build/pcb_k.o:(.sbss)
80209cd0 80209cd0        4     1                 currproc
80209cd4 80209cd4        4     1                 idleproc
80209cd8 80209cd8     1040     4         build/pcb_k.o:(.bss)
80209cd8 80209cd8     1040     1                 proclist
8020ad18 8020ad18        0     1         __bss_end = .
8020ad18 8020ad18        0     1 . = ALIGN ( 4 )
8020ad18 8020ad18    20000     1 . += 128 * 1024
8022ad18 8022ad18        0     1 __stack_top = .
8022ad18 8022ad18      2e8     1 . = ALIGN ( 4096 )
8022b000 8022b000        0     1 __free_ram_start = .
8022b000 8022b000  2000000     1 . += 32 * 1024 * 1024
8222b000 8222b000        0     1 __free_ram_end = .
       0        0      eca     1 .debug_loclists
       0        0      569     1         build/main.o:(.debug_loclists)
       c        c        0     1                 
     569      569      115     1         build/print_k.o:(.debug_loclists)
     575      575        0     1                 
     67e      67e       9f     1         build/SBI.o:(.debug_loclists)
     68a      68a        0     1                 
     71d      71d       66     1         build/mem.o:(.debug_loclists)
     729      729        0     1                 
     783      783      1a1     1         build/str.o:(.debug_loclists)
     78f      78f        0     1                 
     924      924      19a     1         build/oa.o:(.debug_loclists)
     930      930        0     1                 
     abe      abe      137     1         build/memory.o:(.debug_loclists)
     aca      aca        0     1                 
     bf5      bf5       8a     1         build/trap_k.o:(.debug_loclists)
     c01      c01        0     1                 
     c7f      c7f      120     1         build/pcb_k.o:(.debug_loclists)
     c8b      c8b        0     1                 
     d9f      d9f      12b     1         build/program_k.o:(.debug_loclists)
     dab      dab        0     1                 
       0        0      c99     1 .debug_abbrev
       0        0      1ca     1         build/main.o:(.debug_abbrev)
     1ca      1ca      104     1         build/print_k.o:(.debug_abbrev)
     2ce      2ce      15a     1         build/SBI.o:(.debug_abbrev)
     428      428       b9     1         build/mem.o:(.debug_abbrev)
     4e1      4e1      12c     1         build/str.o:(.debug_abbrev)
     60d      60d      113     1         build/oa.o:(.debug_abbrev)
     720      720      14c     1         build/memory.o:(.debug_abbrev)
     86c      86c      174     1         build/trap_k.o:(.debug_abbrev)
     9e0      9e0      156     1         build/pcb_k.o:(.debug_abbrev)
     b36      b36      163     1         build/program_k.o:(.debug_abbrev)
       0        0     14b0     1 .debug_info
       0        0      2f0     1         build/main.o:(.debug_info)
     2f0      2f0      1e5     1         build/print_k.o:(.debug_info)
     4d5      4d5      242     1         build/SBI.o:(.debug_info)
     717      717       d9     1         build/mem.o:(.debug_info)
     7f0      7f0      1f5     1         build/str.o:(.debug_info)
     9e5      9e5      184     1         build/oa.o:(.debug_info)
     b69      b69      1dd     1         build/memory.o:(.debug_info)
     d46      d46      2f3     1         build/trap_k.o:(.debug_info)
    1039     1039      262     1         build/pcb_k.o:(.debug_info)
    129b     129b      215     1         build/program_k.o:(.debug_info)
       0        0      19e     1 .debug_rnglists
       0        0       4b     1         build/main.o:(.debug_rnglists)
       c        c        0     1                 
      4b       4b       57     1         build/print_k.o:(.debug_rnglists)
      57       57        0     1                 
      a2       a2       66     1         build/str.o:(.debug_rnglists)
      ae       ae        0     1                 
     108      108       1b     1         build/oa.o:(.debug_rnglists)
     114      114        0     1                 
     123      123       5b     1         build/pcb_k.o:(.debug_rnglists)
     12f      12f        0     1                 
     17e      17e       20     1         build/program_k.o:(.debug_rnglists)
     18a      18a        0     1                 
       0        0      60c     1 .debug_str_offsets
       0        0       bc     1         build/main.o:(.debug_str_offsets)
       8        8        0     1                 
      bc       bc       68     1         build/print_k.o:(.debug_str_offsets)
      c4       c4        0     1                 
     124      124       8c     1         build/SBI.o:(.debug_str_offsets)
     12c      12c        0     1                 
     1b0      1b0       58     1         build/mem.o:(.debug_str_offsets)
     1b8      1b8        0     1                 
     208      208       88     1         build/str.o:(.debug_str_offsets)
     210      210        0     1                 
     290      290       50     1         build/oa.o:(.debug_str_offsets)
     298      298        0     1                 
     2e0      2e0       88     1         build/memory.o:(.debug_str_offsets)
     2e8      2e8        0     1                 
     368      368      14c     1         build/trap_k.o:(.debug_str_offsets)
     370      370        0     1                 
     4b4      4b4       c4     1         build/pcb_k.o:(.debug_str_offsets)
     4bc      4bc        0     1                 
     578      578       94     1         build/program_k.o:(.debug_str_offsets)
     580      580        0     1                 
       0        0      5fc     1 .debug_str
       0        0      5fc     1         <internal>:(.debug_str)
       0        0      28c     1 .debug_addr
       0        0       9c     1         build/main.o:(.debug_addr)
       8        8        0     1                 
      9c       9c       50     1         build/print_k.o:(.debug_addr)
      a4       a4        0     1                 
      ec       ec       20     1         build/SBI.o:(.debug_addr)
      f4       f4        0     1                 
     10c      10c       10     1         build/mem.o:(.debug_addr)
     114      114        0     1                 
     11c      11c       24     1         build/str.o:(.debug_addr)
     124      124        0     1                 
     140      140       20     1         build/oa.o:(.debug_addr)
     148      148        0     1                 
     160      160       48     1         build/memory.o:(.debug_addr)
     168      168        0     1                 
     1a8      1a8       3c     1         build/trap_k.o:(.debug_addr)
     1b0      1b0        0     1                 
     1e4      1e4       4c     1         build/pcb_k.o:(.debug_addr)
     1ec      1ec        0     1                 
     230      230       5c     1         build/program_k.o:(.debug_addr)
     238      238        0     1                 
       0        0       42     1 .comment
       0        0       42     1         <internal>:(.comment)
       0        0       2b     1 .riscv.attributes
       0        0       2b     1         build/main.o:(.riscv.attributes)
       0        0      370     4 .debug_frame
       0        0       a8     4         build/main.o:(.debug_frame)
       0        0        0     1                 
      a8       a8       44     4         build/print_k.o:(.debug_frame)
      a8       a8        0     1                 
      ec       ec       4c     4         build/SBI.o:(.debug_frame)
      ec       ec        0     1                 
     138      138       34     4         build/mem.o:(.debug_frame)
     138      138        0     1                 
     16c      16c       64     4         build/str.o:(.debug_frame)
     16c      16c        0     1                 
     1d0      1d0       3c     4         build/oa.o:(.debug_frame)
     1d0      1d0        0     1                 
     20c      20c       60     4         build/memory.o:(.debug_frame)
     20c      20c        0     1                 
     26c      26c       54     4         build/trap_k.o:(.debug_frame)
     26c      26c        0     1                 
     2c0      2c0       54     4         build/pcb_k.o:(.debug_frame)
     2c0      2c0        0     1                 
     314      314       5c     4         build/program_k.o:(.debug_frame)
     314      314        0     1                 
       0        0     1a76     1 .debug_line
       0        0      471     1         build/main.o:(.debug_line)
       0        0        0     1                 .Lline_table_start0
     471      471      2d0     1         build/print_k.o:(.debug_line)
     471      471        0     1                 .Lline_table_start0
     741      741      11a     1         build/SBI.o:(.debug_line)
     741      741        0     1                 .Lline_table_start0
     85b      85b       f6     1         build/mem.o:(.debug_line)
     85b      85b        0     1                 .Lline_table_start0
     951      951      3f0     1         build/str.o:(.debug_line)
     951      951        0     1                 .Lline_table_start0
     d41      d41      25a     1         build/oa.o:(.debug_line)
     d41      d41        0     1                 .Lline_table_start0
     f9b      f9b      224     1         build/memory.o:(.debug_line)
     f9b      f9b        0     1                 .Lline_table_start0
    11bf     11bf      1fb     1         build/trap_k.o:(.debug_line)
    11bf     11bf        0     1                 .Lline_table_start0
    13ba     13ba      2cb     1         build/pcb_k.o:(.debug_line)
    13ba     13ba        0     1                 .Lline_table_start0
    1685     1685      3f1     1         build/program_k.o:(.debug_line)
    1685     1685        0     1                 .Lline_table_start0
       0        0       c2     1 .debug_line_str
       0        0       c2     1         <internal>:(.debug_line_str)
       0        0     5830     4 .symtab
       0        0     5830     4         <internal>:(.symtab)
       0        0       dc     1 .shstrtab
       0        0       dc     1         <internal>:(.shstrtab)
       0        0      3bd     1 .strtab
       0        0      3bd     1         <internal>:(.strtab)
