     VMA      LMA     Size Align Out     In      Symbol
       0        0 80200000     1 . = 0x80200000
80200000        0        0     1 __kernel_base = .
80200000 80200000     2190     4 .text
80200000 80200000        e     2         build/main.o:(.text.boot)
80200000 80200000        0     1                 
80200000 80200000        0     1                 
80200000 80200000        0     1                 
80200000 80200000        0     1                 
80200000 80200000        e     1                 boot
8020000e 8020000e        0     1                 
8020000e 8020000e        0     1                 
80200010 80200010      17a     4         build/main.o:(.text)
80200010 80200010        0     1                 
80200010 80200010        0     1                 
80200010 80200010        0     1                 
80200010 80200010       d8     1                 kernel_bootstrap
80200012 80200012        0     1                 
80200012 80200012        0     1                 
80200014 80200014        0     1                 
80200024 80200024        0     1                 
80200024 80200024        0     1                 
80200034 80200034        0     1                 
80200034 80200034        0     1                 
80200052 80200052        0     1                 
80200052 80200052        0     1                 
80200062 80200062        0     1                 
80200062 80200062        0     1                 
8020006e 8020006e        0     1                 
8020007e 8020007e        0     1                 
8020007e 8020007e        0     1                 
80200086 80200086        0     1                 
80200086 80200086        0     1                 
802000a6 802000a6        0     1                 
802000a6 802000a6        0     1                 
802000b6 802000b6        0     1                 
802000b6 802000b6        0     1                 
802000c2 802000c2        0     1                 
802000c2 802000c2        0     1                 
802000ca 802000ca        0     1                 
802000ce 802000ce        0     1                 
802000d6 802000d6        0     1                 
802000da 802000da        0     1                 
802000e0 802000e0        0     1                 
802000e8 802000e8        0     1                 
802000e8 802000e8        0     1                 
802000e8 802000e8        0     1                 
802000e8 802000e8        0     1                 
802000e8 802000e8        0     1                 
802000e8 802000e8       a2     1                 kernel_main
802000ea 802000ea        0     1                 
802000ea 802000ea        0     1                 
802000ec 802000ec        0     1                 
802000f4 802000f4        0     1                 
802000f4 802000f4        0     1                 
80200114 80200114        0     1                 
80200114 80200114        0     1                 
8020011c 8020011c        0     1                 
8020011c 8020011c        0     1                 
8020013c 8020013c        0     1                 
8020013c 8020013c        0     1                 
8020015c 8020015c        0     1                 
8020015c 8020015c        0     1                 
80200164 80200164        0     1                 
80200164 80200164        0     1                 
80200188 80200188        0     1                 
8020018a 8020018a        0     1                 
8020018a 8020018a        0     1                 
8020018c 8020018c      2ec     4         build/print_k.o:(.text)
8020018c 8020018c        0     1                 
8020018c 8020018c        0     1                 
8020018c 8020018c        0     1                 
8020018c 8020018c      2ec     1                 k_printf
8020018e 8020018e        0     1                 
802001a8 802001a8        0     1                 
802001c4 802001c4        0     1                 
802001e2 802001e2        0     1                 
80200202 80200202        0     1                 
80200206 80200206        0     1                 
8020020e 8020020e        0     1                 
80200216 80200216        0     1                 
80200216 80200216        0     1                 
80200218 80200218        0     1                 
80200220 80200220        0     1                 
80200224 80200224        0     1                 
8020022c 8020022c        0     1                 
80200236 80200236        0     1                 .LBB0_6
80200236 80200236        0     1                 
80200236 80200236        0     1                 
80200256 80200256        0     1                 
80200256 80200256        0     1                 
8020025a 8020025a        0     1                 .LBB0_9
8020025a 8020025a        0     1                 
80200266 80200266        0     1                 
80200266 80200266        0     1                 
8020026c 8020026c        0     1                 .LBB0_10
8020026c 8020026c        0     1                 
80200280 80200280        0     1                 .LBB0_12
80200280 80200280        0     1                 
8020028c 8020028c        0     1                 
8020028c 8020028c        0     1                 
80200298 80200298        0     1                 
80200298 80200298        0     1                 
802002b4 802002b4        0     1                 .LBB0_14
802002b4 802002b4        0     1                 
802002d0 802002d0        0     1                 
802002d2 802002d2        0     1                 
802002d6 802002d6        0     1                 .LBB0_16
802002d6 802002d6        0     1                 
802002ee 802002ee        0     1                 .LBB0_18
802002ee 802002ee        0     1                 
8020030a 8020030a        0     1                 
80200318 80200318        0     1                 
8020031c 8020031c        0     1                 
80200328 80200328        0     1                 
80200328 80200328        0     1                 
8020032c 8020032c        0     1                 
80200336 80200336        0     1                 
8020033a 8020033a        0     1                 
8020033c 8020033c        0     1                 
80200348 80200348        0     1                 
80200348 80200348        0     1                 
8020034c 8020034c        0     1                 
80200350 80200350        0     1                 
80200350 80200350        0     1                 
8020035e 8020035e        0     1                 
8020036a 8020036a        0     1                 
8020036a 8020036a        0     1                 
8020036e 8020036e        0     1                 
80200372 80200372        0     1                 
80200376 80200376        0     1                 
80200378 80200378        0     1                 
80200384 80200384        0     1                 
80200384 80200384        0     1                 
80200388 80200388        0     1                 
8020038c 8020038c        0     1                 
8020038c 8020038c        0     1                 
80200396 80200396        0     1                 
80200398 80200398        0     1                 
8020039a 8020039a        0     1                 
802003a0 802003a0        0     1                 
802003a8 802003a8        0     1                 
802003b4 802003b4        0     1                 
802003b4 802003b4        0     1                 
802003b8 802003b8        0     1                 
802003bc 802003bc        0     1                 
802003c4 802003c4        0     1                 
802003d0 802003d0        0     1                 
802003d0 802003d0        0     1                 
802003d4 802003d4        0     1                 
802003dc 802003dc        0     1                 
802003e0 802003e0        0     1                 
802003e2 802003e2        0     1                 
802003ee 802003ee        0     1                 
802003ee 802003ee        0     1                 
802003f2 802003f2        0     1                 
802003f6 802003f6        0     1                 
802003f6 802003f6        0     1                 
80200402 80200402        0     1                 
8020040e 8020040e        0     1                 
8020040e 8020040e        0     1                 
8020041a 8020041a        0     1                 
8020041a 8020041a        0     1                 
80200428 80200428        0     1                 
80200428 80200428        0     1                 
8020042c 8020042c        0     1                 
80200432 80200432        0     1                 
80200436 80200436        0     1                 
80200438 80200438        0     1                 
80200444 80200444        0     1                 
80200444 80200444        0     1                 
80200448 80200448        0     1                 
8020044c 8020044c        0     1                 
8020044c 8020044c        0     1                 
8020045a 8020045a        0     1                 
80200478 80200478        0     1                 
80200478 80200478        0     1                 
80200478 80200478       f0     4         build/SBI.o:(.text)
80200478 80200478        0     1                 
80200478 80200478        0     1                 
80200478 80200478        0     1                 
80200478 80200478        0     1                 
80200478 80200478        6     1                 sbi_call
8020047c 8020047c        0     1                 
8020047e 8020047e        0     1                 
8020047e 8020047e        0     1                 
8020047e 8020047e        0     1                 
8020047e 8020047e        0     1                 
8020047e 8020047e        0     1                 
8020047e 8020047e        0     1                 
8020047e 8020047e       14     1                 k_putchar
80200490 80200490        0     1                 
80200490 80200490        0     1                 
80200492 80200492        0     1                 
80200492 80200492        0     1                 
80200492 80200492        0     1                 
80200492 80200492        0     1                 
80200492 80200492        0     1                 
80200492 80200492       80     1                 k_readchar
80200494 80200494        0     1                 
80200494 80200494        0     1                 
80200494 80200494        0     1                 
80200496 80200496        0     1                 
80200496 80200496        0     1                 
802004aa 802004aa        0     1                 
802004aa 802004aa        0     1                 
802004ae 802004ae        0     1                 
802004b0 802004b0        0     1                 
802004b4 802004b4        0     1                 
802004b4 802004b4        0     1                 
802004c6 802004c6        0     1                 
802004c6 802004c6        0     1                 
802004ce 802004ce        0     1                 
802004ce 802004ce        0     1                 
802004e0 802004e0        0     1                 
802004e0 802004e0        0     1                 
80200504 80200504        0     1                 
80200506 80200506        0     1                 
80200506 80200506        0     1                 
80200508 80200508        0     1                 
80200512 80200512        0     1                 
80200512 80200512        0     1                 
80200512 80200512        0     1                 
80200512 80200512        0     1                 
80200512 80200512        0     1                 
80200512 80200512       56     1                 exit
80200514 80200514        0     1                 
80200516 80200516        0     1                 
80200518 80200518        0     1                 
80200528 80200528        0     1                 
80200528 80200528        0     1                 
80200530 80200530        0     1                 
80200530 80200530        0     1                 
80200542 80200542        0     1                 
80200542 80200542        0     1                 
80200566 80200566        0     1                 
80200568 80200568        0     1                 
80200568 80200568        0     1                 
80200568 80200568       28     4         build/mem.o:(.text)
80200568 80200568        0     1                 
80200568 80200568        0     1                 
80200568 80200568        0     1                 
80200568 80200568        0     1                 
80200568 80200568       14     1                 memset
8020056a 8020056a        0     1                 
8020056c 8020056c        0     1                 
8020056e 8020056e        0     1                 
80200572 80200572        0     1                 
80200576 80200576        0     1                 
80200578 80200578        0     1                 
8020057a 8020057a        0     1                 
8020057c 8020057c        0     1                 
8020057c 8020057c        0     1                 
8020057c 8020057c        0     1                 
8020057c 8020057c        0     1                 
8020057c 8020057c        0     1                 
8020057c 8020057c        0     1                 
8020057c 8020057c       14     1                 k_memcpy
8020057e 8020057e        0     1                 
80200582 80200582        0     1                 
80200586 80200586        0     1                 
80200588 80200588        0     1                 
8020058a 8020058a        0     1                 
8020058c 8020058c        0     1                 
8020058e 8020058e        0     1                 
8020058e 8020058e        0     1                 
80200590 80200590        0     1                 
80200590 80200590        0     1                 
80200590 80200590      29e     4         build/str.o:(.text)
80200590 80200590        0     1                 
80200590 80200590        0     1                 
80200590 80200590        0     1                 
80200590 80200590        0     1                 
80200590 80200590       28     1                 k_strncpy
80200592 80200592        0     1                 
80200594 80200594        0     1                 
8020059c 8020059c        0     1                 
8020059e 8020059e        0     1                 
802005a2 802005a2        0     1                 
802005a4 802005a4        0     1                 
802005a8 802005a8        0     1                 
802005ac 802005ac        0     1                 
802005b0 802005b0        0     1                 
802005b6 802005b6        0     1                 
802005b8 802005b8        0     1                 
802005b8 802005b8        0     1                 
802005b8 802005b8        0     1                 
802005b8 802005b8        0     1                 
802005b8 802005b8        0     1                 
802005b8 802005b8        0     1                 
802005b8 802005b8       2e     1                 k_strcmp
802005bc 802005bc        0     1                 
802005be 802005be        0     1                 
802005c0 802005c0        0     1                 
802005c4 802005c4        0     1                 
802005c6 802005c6        0     1                 
802005ca 802005ca        0     1                 
802005ce 802005ce        0     1                 
802005d2 802005d2        0     1                 
802005d4 802005d4        0     1                 
802005d8 802005d8        0     1                 
802005da 802005da        0     1                 
802005de 802005de        0     1                 
802005e2 802005e2        0     1                 
802005e4 802005e4        0     1                 
802005e6 802005e6        0     1                 
802005e6 802005e6        0     1                 
802005e6 802005e6        0     1                 
802005e6 802005e6        0     1                 
802005e6 802005e6        0     1                 
802005e6 802005e6      248     1                 k_sprintf
802005e8 802005e8        0     1                 
80200600 80200600        0     1                 
80200610 80200610        0     1                 
8020062e 8020062e        0     1                 
80200630 80200630        0     1                 
8020065a 8020065a        0     1                 
8020065c 8020065c        0     1                 
80200660 80200660        0     1                 
80200668 80200668        0     1                 
8020066e 8020066e        0     1                 
80200672 80200672        0     1                 
80200676 80200676        0     1                 
8020067e 8020067e        0     1                 
80200688 80200688        0     1                 .LBB2_7
80200688 80200688        0     1                 
8020069c 8020069c        0     1                 
802006a0 802006a0        0     1                 
802006a6 802006a6        0     1                 .LBB2_11
802006a6 802006a6        0     1                 
802006aa 802006aa        0     1                 
802006b4 802006b4        0     1                 
802006ba 802006ba        0     1                 .LBB2_12
802006ba 802006ba        0     1                 
802006ce 802006ce        0     1                 .LBB2_14
802006ce 802006ce        0     1                 
802006d6 802006d6        0     1                 
802006ea 802006ea        0     1                 .LBB2_16
802006ea 802006ea        0     1                 
802006fc 802006fc        0     1                 
802006fe 802006fe        0     1                 
80200702 80200702        0     1                 .LBB2_18
80200702 80200702        0     1                 
80200716 80200716        0     1                 .LBB2_20
80200716 80200716        0     1                 
8020072a 8020072a        0     1                 
8020072c 8020072c        0     1                 
80200730 80200730        0     1                 
8020073a 8020073a        0     1                 
80200746 80200746        0     1                 
80200746 80200746        0     1                 
8020074c 8020074c        0     1                 
8020074e 8020074e        0     1                 
80200750 80200750        0     1                 
80200754 80200754        0     1                 
80200758 80200758        0     1                 
8020075a 8020075a        0     1                 
80200760 80200760        0     1                 
80200760 80200760        0     1                 
80200764 80200764        0     1                 
80200770 80200770        0     1                 
80200770 80200770        0     1                 
80200776 80200776        0     1                 
8020077a 8020077a        0     1                 
8020077c 8020077c        0     1                 
80200780 80200780        0     1                 
80200784 80200784        0     1                 
80200786 80200786        0     1                 
8020078c 8020078c        0     1                 
8020078c 8020078c        0     1                 
80200790 80200790        0     1                 
80200792 80200792        0     1                 
80200794 80200794        0     1                 
8020079a 8020079a        0     1                 
802007a0 802007a0        0     1                 
802007a4 802007a4        0     1                 
802007a8 802007a8        0     1                 
802007aa 802007aa        0     1                 
802007b0 802007b0        0     1                 
802007b2 802007b2        0     1                 
802007be 802007be        0     1                 
802007be 802007be        0     1                 
802007c4 802007c4        0     1                 
802007c8 802007c8        0     1                 
802007ca 802007ca        0     1                 
802007ce 802007ce        0     1                 
802007d2 802007d2        0     1                 
802007d4 802007d4        0     1                 
802007da 802007da        0     1                 
802007da 802007da        0     1                 
802007dc 802007dc        0     1                 
802007e6 802007e6        0     1                 
802007f2 802007f2        0     1                 
802007f2 802007f2        0     1                 
802007f8 802007f8        0     1                 
802007fc 802007fc        0     1                 
802007fe 802007fe        0     1                 
80200802 80200802        0     1                 
80200806 80200806        0     1                 
80200808 80200808        0     1                 
8020080e 8020080e        0     1                 
8020080e 8020080e        0     1                 
80200812 80200812        0     1                 
8020082e 8020082e        0     1                 
8020082e 8020082e        0     1                 
80200830 80200830      176     4         build/oa.o:(.text)
80200830 80200830        0     1                 
80200830 80200830        0     1                 
80200830 80200830        0     1                 
80200830 80200830       7a     1                 utoa
80200832 80200832        0     1                 
80200832 80200832        0     1                 
80200834 80200834        0     1                 
8020083c 8020083c        0     1                 
8020083e 8020083e        0     1                 
80200842 80200842        0     1                 
80200848 80200848        0     1                 
8020084a 8020084a        0     1                 
8020084e 8020084e        0     1                 
80200850 80200850        0     1                 
8020085c 8020085c        0     1                 
8020086a 8020086a        0     1                 
8020086a 8020086a        0     1                 
8020087c 8020087c        0     1                 
80200884 80200884        0     1                 
80200888 80200888        0     1                 
8020088e 8020088e        0     1                 
80200894 80200894        0     1                 
80200894 80200894        0     1                 
80200898 80200898        0     1                 
8020089e 8020089e        0     1                 
802008a6 802008a6        0     1                 
802008aa 802008aa        0     1                 
802008aa 802008aa        0     1                 
802008aa 802008aa        0     1                 
802008aa 802008aa        0     1                 
802008aa 802008aa        0     1                 
802008aa 802008aa       fc     1                 itoa
802008ac 802008ac        0     1                 
802008ae 802008ae        0     1                 
802008ba 802008ba        0     1                 
802008be 802008be        0     1                 
802008c4 802008c4        0     1                 
802008c8 802008c8        0     1                 
802008d0 802008d0        0     1                 
802008da 802008da        0     1                 
802008e0 802008e0        0     1                 
802008e8 802008e8        0     1                 
802008ec 802008ec        0     1                 
802008f0 802008f0        0     1                 
802008f2 802008f2        0     1                 
802008f6 802008f6        0     1                 
802008fa 802008fa        0     1                 
802008fe 802008fe        0     1                 
802008fe 802008fe        0     1                 
8020090c 8020090c        0     1                 
8020090e 8020090e        0     1                 
80200916 80200916        0     1                 
8020091a 8020091a        0     1                 
80200920 80200920        0     1                 
80200924 80200924        0     1                 
80200924 80200924        0     1                 
8020092a 8020092a        0     1                 
8020092a 8020092a        0     1                 
8020092c 8020092c        0     1                 
80200934 80200934        0     1                 
80200936 80200936        0     1                 
8020093a 8020093a        0     1                 
80200940 80200940        0     1                 
80200942 80200942        0     1                 
80200946 80200946        0     1                 
80200948 80200948        0     1                 
80200954 80200954        0     1                 
80200962 80200962        0     1                 
80200962 80200962        0     1                 
80200974 80200974        0     1                 
8020097c 8020097c        0     1                 
80200980 80200980        0     1                 
80200986 80200986        0     1                 
8020098c 8020098c        0     1                 
8020098c 8020098c        0     1                 
80200990 80200990        0     1                 
80200998 80200998        0     1                 
8020099e 8020099e        0     1                 
802009a2 802009a2        0     1                 
802009a6 802009a6        0     1                 
802009a6 802009a6        0     1                 
802009a8 802009a8      400     4         build/memory.o:(.text)
802009a8 802009a8        0     1                 
802009a8 802009a8        0     1                 
802009a8 802009a8        0     1                 
802009a8 802009a8        0     1                 
802009a8 802009a8       1a     1                 init_memory
802009b8 802009b8        0     1                 
802009c0 802009c0        0     1                 
802009c2 802009c2        0     1                 
802009c2 802009c2        0     1                 
802009c2 802009c2        0     1                 
802009c2 802009c2        0     1                 
802009c2 802009c2        0     1                 
802009c2 802009c2       ec     1                 pageframalloc
802009c4 802009c4        0     1                 
802009c4 802009c4        0     1                 
802009ca 802009ca        0     1                 
802009cc 802009cc        0     1                 
802009d4 802009d4        0     1                 
802009e0 802009e0        0     1                 
802009e4 802009e4        0     1                 
802009e4 802009e4        0     1                 
802009e6 802009e6        0     1                 
802009ea 802009ea        0     1                 
802009ee 802009ee        0     1                 
802009ee 802009ee        0     1                 
802009f4 802009f4        0     1                 
802009f8 802009f8        0     1                 
802009fc 802009fc        0     1                 
80200a02 80200a02        0     1                 
80200a0c 80200a0c        0     1                 
80200a0e 80200a0e        0     1                 
80200a12 80200a12        0     1                 
80200a14 80200a14        0     1                 
80200a18 80200a18        0     1                 
80200a1a 80200a1a        0     1                 
80200a1e 80200a1e        0     1                 
80200a26 80200a26        0     1                 
80200a28 80200a28        0     1                 
80200a30 80200a30        0     1                 
80200a34 80200a34        0     1                 
80200a36 80200a36        0     1                 
80200a3a 80200a3a        0     1                 
80200a3c 80200a3c        0     1                 
80200a44 80200a44        0     1                 
80200a48 80200a48        0     1                 
80200a4c 80200a4c        0     1                 
80200a54 80200a54        0     1                 
80200a58 80200a58        0     1                 
80200a5c 80200a5c        0     1                 
80200a80 80200a80        0     1                 
80200a82 80200a82        0     1                 
80200a86 80200a86        0     1                 
80200a92 80200a92        0     1                 
80200a96 80200a96        0     1                 
80200aa2 80200aa2        0     1                 
80200aa2 80200aa2        0     1                 
80200aae 80200aae        0     1                 
80200aae 80200aae        0     1                 
80200aae 80200aae        0     1                 
80200aae 80200aae        0     1                 
80200aae 80200aae        0     1                 
80200aae 80200aae       56     1                 pageframfree
80200ab0 80200ab0        0     1                 
80200ab2 80200ab2        0     1                 
80200ab4 80200ab4        0     1                 
80200abc 80200abc        0     1                 
80200ac0 80200ac0        0     1                 
80200ac6 80200ac6        0     1                 
80200ac8 80200ac8        0     1                 
80200ae4 80200ae4        0     1                 
80200ae6 80200ae6        0     1                 
80200ae6 80200ae6        0     1                 
80200af0 80200af0        0     1                 
80200af2 80200af2        0     1                 
80200af4 80200af4        0     1                 
80200af8 80200af8        0     1                 
80200af8 80200af8        0     1                 
80200afc 80200afc        0     1                 
80200afe 80200afe        0     1                 
80200afe 80200afe        0     1                 
80200b04 80200b04        0     1                 
80200b04 80200b04        0     1                 
80200b04 80200b04        0     1                 
80200b04 80200b04        0     1                 
80200b04 80200b04        0     1                 
80200b04 80200b04      1a0     1                 add_ptbl_entry
80200b06 80200b06        0     1                 
80200b14 80200b14        0     1                 
80200b1c 80200b1c        0     1                 
80200b24 80200b24        0     1                 
80200b34 80200b34        0     1                 
80200b34 80200b34        0     1                 
80200b46 80200b46        0     1                 
80200b46 80200b46        0     1                 
80200b56 80200b56        0     1                 
80200b56 80200b56        0     1                 
80200b66 80200b66        0     1                 
80200b66 80200b66        0     1                 
80200b8a 80200b8a        0     1                 
80200b8c 80200b8c        0     1                 
80200b90 80200b90        0     1                 
80200b94 80200b94        0     1                 
80200b96 80200b96        0     1                 
80200b9a 80200b9a        0     1                 
80200b9e 80200b9e        0     1                 
80200ba2 80200ba2        0     1                 
80200ba4 80200ba4        0     1                 
80200bac 80200bac        0     1                 
80200bac 80200bac        0     1                 
80200bb0 80200bb0        0     1                 
80200bb0 80200bb0        0     1                 
80200bb4 80200bb4        0     1                 
80200bba 80200bba        0     1                 
80200bba 80200bba        0     1                 
80200bc2 80200bc2        0     1                 
80200bc4 80200bc4        0     1                 
80200bc6 80200bc6        0     1                 
80200bce 80200bce        0     1                 
80200bd2 80200bd2        0     1                 
80200bd6 80200bd6        0     1                 
80200bfa 80200bfa        0     1                 
80200bfc 80200bfc        0     1                 
80200c0a 80200c0a        0     1                 
80200c0e 80200c0e        0     1                 
80200c0e 80200c0e        0     1                 
80200c12 80200c12        0     1                 
80200c14 80200c14        0     1                 
80200c38 80200c38        0     1                 
80200c3a 80200c3a        0     1                 
80200c5e 80200c5e        0     1                 
80200c60 80200c60        0     1                 
80200c68 80200c68        0     1                 
80200c6c 80200c6c        0     1                 
80200c70 80200c70        0     1                 
80200c70 80200c70        0     1                 
80200c74 80200c74        0     1                 
80200c80 80200c80        0     1                 
80200c88 80200c88        0     1                 
80200c90 80200c90        0     1                 
80200c92 80200c92        0     1                 
80200ca4 80200ca4        0     1                 
80200ca4 80200ca4        0     1                 
80200ca4 80200ca4        0     1                 
80200ca4 80200ca4        0     1                 
80200ca4 80200ca4        0     1                 
80200ca4 80200ca4      104     1                 free_proc_pages
80200ca6 80200ca6        0     1                 
80200ca6 80200ca6        0     1                 
80200ca8 80200ca8        0     1                 
80200caa 80200caa        0     1                 
80200cce 80200cce        0     1                 
80200cce 80200cce        0     1                 
80200cd0 80200cd0        0     1                 
80200cd4 80200cd4        0     1                 
80200cd4 80200cd4        0     1                 
80200cdc 80200cdc        0     1                 
80200ce0 80200ce0        0     1                 
80200ce2 80200ce2        0     1                 
80200ce8 80200ce8        0     1                 
80200cf0 80200cf0        0     1                 
80200cf0 80200cf0        0     1                 
80200cf4 80200cf4        0     1                 
80200cf6 80200cf6        0     1                 
80200cf6 80200cf6        0     1                 
80200cf8 80200cf8        0     1                 
80200d00 80200d00        0     1                 
80200d04 80200d04        0     1                 
80200d10 80200d10        0     1                 
80200d1a 80200d1a        0     1                 
80200d1a 80200d1a        0     1                 
80200d1e 80200d1e        0     1                 
80200d20 80200d20        0     1                 
80200d24 80200d24        0     1                 
80200d26 80200d26        0     1                 
80200d26 80200d26        0     1                 
80200d32 80200d32        0     1                 
80200d3c 80200d3c        0     1                 
80200d3c 80200d3c        0     1                 
80200d40 80200d40        0     1                 
80200d44 80200d44        0     1                 
80200d48 80200d48        0     1                 
80200d4a 80200d4a        0     1                 
80200d4a 80200d4a        0     1                 
80200d66 80200d66        0     1                 
80200d6a 80200d6a        0     1                 
80200d6a 80200d6a        0     1                 
80200d70 80200d70        0     1                 
80200d72 80200d72        0     1                 
80200d90 80200d90        0     1                 
80200d92 80200d92        0     1                 
80200d92 80200d92        0     1                 
80200d9a 80200d9a        0     1                 
80200d9e 80200d9e        0     1                 
80200da2 80200da2        0     1                 
80200da2 80200da2        0     1                 
80200da8 80200da8        0     1                 
80200da8 80200da8        0     1                 
80200da8 80200da8      3e4     4         build/trap_k.o:(.text)
80200da8 80200da8        0     1                 
80200da8 80200da8        0     1                 
80200da8 80200da8        0     1                 
80200da8 80200da8      2de     1                 handle_syscall
80200daa 80200daa        0     1                 
80200dae 80200dae        0     1                 
80200db0 80200db0        0     1                 
80200dce 80200dce        0     1                 
80200dd8 80200dd8        0     1                 
80200e2a 80200e2a        0     1                 .LBB0_2
80200e2a 80200e2a        0     1                 
80200e36 80200e36        0     1                 
80200e36 80200e36        0     1                 
80200e48 80200e48        0     1                 .LBB0_3
80200e48 80200e48        0     1                 
80200e50 80200e50        0     1                 
80200e50 80200e50        0     1                 
80200e5e 80200e5e        0     1                 .LBB0_4
80200e5e 80200e5e        0     1                 
80200e68 80200e68        0     1                 
80200e6a 80200e6a        0     1                 .LBB0_5
80200e6a 80200e6a        0     1                 
80200e74 80200e74        0     1                 
80200e78 80200e78        0     1                 .LBB0_7
80200e80 80200e80        0     1                 
80200e84 80200e84        0     1                 
80200e86 80200e86        0     1                 
80200e8a 80200e8a        0     1                 
80200e92 80200e92        0     1                 
80200e92 80200e92        0     1                 
80200e96 80200e96        0     1                 
80200e9a 80200e9a        0     1                 
80200ea0 80200ea0        0     1                 
80200ea8 80200ea8        0     1                 .LBB0_11
80200ea8 80200ea8        0     1                 
80200eb2 80200eb2        0     1                 
80200eb2 80200eb2        0     1                 
80200eb4 80200eb4        0     1                 .LBB0_12
80200eb4 80200eb4        0     1                 
80200ebe 80200ebe        0     1                 
80200ebe 80200ebe        0     1                 
80200ec0 80200ec0        0     1                 .LBB0_13
80200ec0 80200ec0        0     1                 
80200eca 80200eca        0     1                 
80200ed2 80200ed2        0     1                 .LBB0_14
80200ed2 80200ed2        0     1                 
80200ee2 80200ee2        0     1                 
80200ee2 80200ee2        0     1                 
80200ee6 80200ee6        0     1                 
80200ef2 80200ef2        0     1                 
80200ef8 80200ef8        0     1                 .LBB0_16
80200ef8 80200ef8        0     1                 
80200f04 80200f04        0     1                 
80200f04 80200f04        0     1                 
80200f06 80200f06        0     1                 .LBB0_17
80200f06 80200f06        0     1                 
80200f26 80200f26        0     1                 
80200f30 80200f30        0     1                 
80200f38 80200f38        0     1                 .LBB0_18
80200f38 80200f38        0     1                 
80200f42 80200f42        0     1                 
80200f4a 80200f4a        0     1                 .LBB0_19
80200f4a 80200f4a        0     1                 
80200f52 80200f52        0     1                 
80200f5a 80200f5a        0     1                 .LBB0_20
80200f5a 80200f5a        0     1                 
80200f64 80200f64        0     1                 
80200f6c 80200f6c        0     1                 .LBB0_21
80200f6c 80200f6c        0     1                 
80200f74 80200f74        0     1                 
80200f7c 80200f7c        0     1                 .LBB0_22
80200f7c 80200f7c        0     1                 
80200f86 80200f86        0     1                 
80200f86 80200f86        0     1                 
80200f88 80200f88        0     1                 .LBB0_23
80200f88 80200f88        0     1                 
80200f92 80200f92        0     1                 
80200f92 80200f92        0     1                 
80200f94 80200f94        0     1                 .LBB0_24
80200f94 80200f94        0     1                 
80200f9e 80200f9e        0     1                 
80200f9e 80200f9e        0     1                 
80200fa0 80200fa0        0     1                 .LBB0_25
80200fa0 80200fa0        0     1                 
80200faa 80200faa        0     1                 
80200faa 80200faa        0     1                 
80200fac 80200fac        0     1                 .LBB0_26
80200fac 80200fac        0     1                 
80200fb6 80200fb6        0     1                 
80200fb6 80200fb6        0     1                 
80200fb8 80200fb8        0     1                 
80200fb8 80200fb8        0     1                 .LBB0_27
80200fb8 80200fb8        0     1                 
80200fbc 80200fbc        0     1                 
80200fc0 80200fc0        0     1                 
80200fc4 80200fc4        0     1                 
80200fc8 80200fc8        0     1                 
80200fcc 80200fcc        0     1                 
80200fd0 80200fd0        0     1                 
80200fd4 80200fd4        0     1                 
80200fd8 80200fd8        0     1                 
80200fd8 80200fd8        0     1                 
80200fe4 80200fe4        0     1                 
80200fe4 80200fe4        0     1                 
80200ffe 80200ffe        0     1                 
80201006 80201006        0     1                 .LBB0_30
80201006 80201006        0     1                 
8020100e 8020100e        0     1                 
80201016 80201016        0     1                 
80201018 80201018        0     1                 
8020101c 8020101c        0     1                 
8020103a 8020103a        0     1                 
8020103c 8020103c        0     1                 
80201040 80201040        0     1                 
8020104e 8020104e        0     1                 
80201050 80201050        0     1                 
80201052 80201052        0     1                 
8020105a 8020105a        0     1                 
80201062 80201062        0     1                 
80201064 80201064        0     1                 
80201066 80201066        0     1                 
80201084 80201084        0     1                 
80201086 80201086        0     1                 
80201086 80201086        0     1                 
80201086 80201086        0     1                 
80201086 80201086        0     1                 
80201086 80201086        0     1                 
80201086 80201086       68     1                 handle_trap
80201088 80201088        0     1                 
80201088 80201088        0     1                 
80201088 80201088        0     1                 
8020108c 8020108c        0     1                 
80201090 80201090        0     1                 
80201090 80201090        0     1                 
80201094 80201094        0     1                 
80201094 80201094        0     1                 
80201098 80201098        0     1                 
8020109a 8020109a        0     1                 
8020109a 8020109a        0     1                 
8020109e 8020109e        0     1                 
802010a6 802010a6        0     1                 
802010a6 802010a6        0     1                 
802010aa 802010aa        0     1                 
802010ae 802010ae        0     1                 
802010b6 802010b6        0     1                 
802010c8 802010c8        0     1                 
802010c8 802010c8        0     1                 
802010ec 802010ec        0     1                 
802010ee 802010ee        0     1                 
802010ee 802010ee        0     1                 
802010f0 802010f0        0     1                 
802010f0 802010f0        0     1                 
802010f0 802010f0        0     1                 
802010f0 802010f0        0     1                 
802010f0 802010f0       9c     1                 switch_trap
8020118c 8020118c        0     1                 
8020118c 8020118c        0     1                 
8020118c 8020118c      2f4     4         build/pcb_k.o:(.text)
8020118c 8020118c        0     1                 
8020118c 8020118c        0     1                 
8020118c 8020118c        0     1                 
8020118c 8020118c       3c     1                 switch_umode
8020118e 8020118e        0     1                 
80201190 80201190        0     1                 
80201198 80201198        0     1                 
802011a4 802011a4        0     1                 
802011c6 802011c6        0     1                 
802011c8 802011c8        0     1                 
802011c8 802011c8        0     1                 
802011c8 802011c8        0     1                 
802011c8 802011c8        0     1                 
802011c8 802011c8        0     1                 
802011c8 802011c8      26a     1                 spawn_proc
802011ca 802011ca        0     1                 
802011de 802011de        0     1                 
802011e6 802011e6        0     1                 
802011ea 802011ea        0     1                 
802011ec 802011ec        0     1                 
802011ee 802011ee        0     1                 
802011f2 802011f2        0     1                 
802011f4 802011f4        0     1                 
80201200 80201200        0     1                 
80201204 80201204        0     1                 
80201206 80201206        0     1                 
8020120a 8020120a        0     1                 
8020120e 8020120e        0     1                 
80201210 80201210        0     1                 
80201220 80201220        0     1                 
80201222 80201222        0     1                 
80201224 80201224        0     1                 
8020122a 8020122a        0     1                 
8020122c 8020122c        0     1                 
8020122e 8020122e        0     1                 
8020124c 8020124c        0     1                 
8020124e 8020124e        0     1                 
80201268 80201268        0     1                 
80201270 80201270        0     1                 
80201274 80201274        0     1                 
80201278 80201278        0     1                 
80201286 80201286        0     1                 
80201286 80201286        0     1                 
80201288 80201288        0     1                 
8020128c 8020128c        0     1                 
8020128c 8020128c        0     1                 
802012bc 802012bc        0     1                 
802012bc 802012bc        0     1                 
802012c0 802012c0        0     1                 
802012c4 802012c4        0     1                 
802012c6 802012c6        0     1                 
802012ce 802012ce        0     1                 
802012d8 802012d8        0     1                 
802012dc 802012dc        0     1                 
802012e6 802012e6        0     1                 
802012e8 802012e8        0     1                 
802012ec 802012ec        0     1                 
802012fc 802012fc        0     1                 
802012fe 802012fe        0     1                 
80201300 80201300        0     1                 
8020130a 8020130a        0     1                 
8020130a 8020130a        0     1                 
8020130c 8020130c        0     1                 
8020130e 8020130e        0     1                 
8020131e 8020131e        0     1                 
80201322 80201322        0     1                 
80201326 80201326        0     1                 
80201334 80201334        0     1                 
80201334 80201334        0     1                 
8020133a 8020133a        0     1                 
8020133e 8020133e        0     1                 
80201352 80201352        0     1                 
80201356 80201356        0     1                 
80201364 80201364        0     1                 
80201364 80201364        0     1                 
80201366 80201366        0     1                 
8020136a 8020136a        0     1                 
80201372 80201372        0     1                 
80201376 80201376        0     1                 
80201382 80201382        0     1                 
80201386 80201386        0     1                 
80201390 80201390        0     1                 
80201390 80201390        0     1                 
80201394 80201394        0     1                 
80201398 80201398        0     1                 
802013a4 802013a4        0     1                 
802013a4 802013a4        0     1                 
802013a6 802013a6        0     1                 
802013ae 802013ae        0     1                 
802013b2 802013b2        0     1                 
802013bc 802013bc        0     1                 
802013bc 802013bc        0     1                 
802013c0 802013c0        0     1                 
802013c6 802013c6        0     1                 
802013c8 802013c8        0     1                 
802013cc 802013cc        0     1                 
802013e6 802013e6        0     1                 
8020140a 8020140a        0     1                 
8020140c 8020140c        0     1                 
80201430 80201430        0     1                 
80201432 80201432        0     1                 
80201432 80201432        0     1                 
80201432 80201432        0     1                 
80201432 80201432        0     1                 
80201432 80201432        0     1                 
80201432 80201432       4e     1                 free_proc
80201434 80201434        0     1                 
80201434 80201434        0     1                 
80201438 80201438        0     1                 
8020143a 8020143a        0     1                 
8020143c 8020143c        0     1                 
8020143e 8020143e        0     1                 
80201440 80201440        0     1                 
80201442 80201442        0     1                 
80201444 80201444        0     1                 
8020144c 8020144c        0     1                 
8020144c 8020144c        0     1                 
80201450 80201450        0     1                 
80201454 80201454        0     1                 
80201458 80201458        0     1                 
8020145c 8020145c        0     1                 
80201460 80201460        0     1                 
80201464 80201464        0     1                 
80201468 80201468        0     1                 
80201470 80201470        0     1                 
80201478 80201478        0     1                 
80201480 80201480        0     1                 
80201480 80201480        0     1                 
80201480 80201480      444     4         build/program_k.o:(.text)
80201480 80201480        0     1                 
80201480 80201480        0     1                 
80201480 80201480        0     1                 
80201480 80201480        0     1                 
80201480 80201480       46     1                 switch_proc
802014c6 802014c6        0     1                 
802014c6 802014c6        0     1                 
802014c6 802014c6        0     1                 
802014c6 802014c6        0     1                 
802014c6 802014c6        0     1                 
802014c6 802014c6        0     1                 
802014c6 802014c6       14     1                 Flush_TLB
802014c8 802014c8        0     1                 
802014ca 802014ca        0     1                 
802014ce 802014ce        0     1                 
802014d0 802014d0        0     1                 
802014d8 802014d8        0     1                 
802014da 802014da        0     1                 
802014da 802014da        0     1                 
802014da 802014da        0     1                 
802014da 802014da        0     1                 
802014da 802014da        0     1                 
802014da 802014da      232     1                 k_sp
802014dc 802014dc        0     1                 
802014dc 802014dc        0     1                 
802014e2 802014e2        0     1                 
802014f2 802014f2        0     1                 
802014f2 802014f2        0     1                 
802014fa 802014fa        0     1                 
802014fa 802014fa        0     1                 
802014fc 802014fc        0     1                 
802014fe 802014fe        0     1                 
80201500 80201500        0     1                 
80201512 80201512        0     1                 
80201512 80201512        0     1                 
80201526 80201526        0     1                 
80201526 80201526        0     1                 
80201528 80201528        0     1                 
8020153a 8020153a        0     1                 
8020153a 8020153a        0     1                 
80201542 80201542        0     1                 
80201546 80201546        0     1                 
80201548 80201548        0     1                 
8020154c 8020154c        0     1                 
8020155e 8020155e        0     1                 
8020155e 8020155e        0     1                 
80201574 80201574        0     1                 
80201574 80201574        0     1                 
80201576 80201576        0     1                 
80201588 80201588        0     1                 
80201588 80201588        0     1                 
80201594 80201594        0     1                 
80201598 80201598        0     1                 
8020159a 8020159a        0     1                 
8020159e 8020159e        0     1                 
802015a2 802015a2        0     1                 
802015b4 802015b4        0     1                 
802015b4 802015b4        0     1                 
802015ce 802015ce        0     1                 
802015ce 802015ce        0     1                 
802015d0 802015d0        0     1                 
802015e2 802015e2        0     1                 
802015e2 802015e2        0     1                 
802015ee 802015ee        0     1                 
802015f2 802015f2        0     1                 
802015f4 802015f4        0     1                 
802015f8 802015f8        0     1                 
802015fc 802015fc        0     1                 
8020160e 8020160e        0     1                 
8020160e 8020160e        0     1                 
80201628 80201628        0     1                 
80201628 80201628        0     1                 
8020162a 8020162a        0     1                 
8020163c 8020163c        0     1                 
8020163c 8020163c        0     1                 
8020164c 8020164c        0     1                 
8020164e 8020164e        0     1                 
80201650 80201650        0     1                 
80201656 80201656        0     1                 
80201658 80201658        0     1                 
8020166a 8020166a        0     1                 
8020166a 8020166a        0     1                 
80201684 80201684        0     1                 
80201684 80201684        0     1                 
80201686 80201686        0     1                 
80201698 80201698        0     1                 
80201698 80201698        0     1                 
802016a8 802016a8        0     1                 
802016aa 802016aa        0     1                 
802016ac 802016ac        0     1                 
802016b2 802016b2        0     1                 
802016b4 802016b4        0     1                 
802016c6 802016c6        0     1                 
802016c6 802016c6        0     1                 
802016e0 802016e0        0     1                 
802016e0 802016e0        0     1                 
802016e2 802016e2        0     1                 
802016f4 802016f4        0     1                 
802016f4 802016f4        0     1                 
80201704 80201704        0     1                 
8020170c 8020170c        0     1                 
8020170c 8020170c        0     1                 
8020170c 8020170c        0     1                 
8020170c 8020170c        0     1                 
8020170c 8020170c        0     1                 
8020170c 8020170c        0     1                 
8020170c 8020170c      1b8     1                 yield
80201714 80201714        0     1                 
8020171a 8020171a        0     1                 
8020171c 8020171c        0     1                 
80201720 80201720        0     1                 
80201724 80201724        0     1                 
80201726 80201726        0     1                 
80201728 80201728        0     1                 
8020172a 8020172a        0     1                 
8020172c 8020172c        0     1                 
80201734 80201734        0     1                 
80201734 80201734        0     1                 
80201744 80201744        0     1                 
80201746 80201746        0     1                 
8020174a 8020174a        0     1                 
8020175a 8020175a        0     1                 
8020175e 8020175e        0     1                 
8020176a 8020176a        0     1                 
8020177a 8020177a        0     1                 
8020177c 8020177c        0     1                 
80201780 80201780        0     1                 
80201792 80201792        0     1                 
80201796 80201796        0     1                 
8020179a 8020179a        0     1                 
802017a6 802017a6        0     1                 
802017a8 802017a8        0     1                 
802017ac 802017ac        0     1                 
802017be 802017be        0     1                 
802017c2 802017c2        0     1                 
802017c6 802017c6        0     1                 
802017ce 802017ce        0     1                 
802017de 802017de        0     1                 
802017e0 802017e0        0     1                 
802017e4 802017e4        0     1                 
802017f6 802017f6        0     1                 
802017fa 802017fa        0     1                 
802017fe 802017fe        0     1                 
8020180a 8020180a        0     1                 
8020180c 8020180c        0     1                 
80201810 80201810        0     1                 
80201822 80201822        0     1                 
80201826 80201826        0     1                 
8020182c 8020182c        0     1                 
80201830 80201830        0     1                 
80201840 80201840        0     1                 
80201842 80201842        0     1                 
80201846 80201846        0     1                 
80201858 80201858        0     1                 
8020185c 8020185c        0     1                 
8020185c 8020185c        0     1                 
8020186e 8020186e        0     1                 
80201870 80201870        0     1                 
80201874 80201874        0     1                 
80201878 80201878        0     1                 
8020187c 8020187c        0     1                 
80201884 80201884        0     1                 
80201886 80201886        0     1                 
80201888 80201888        0     1                 
8020188a 8020188a        0     1                 
8020188c 8020188c        0     1                 
80201890 80201890        0     1                 
80201892 80201892        0     1                 
80201894 80201894        0     1                 
80201896 80201896        0     1                 
8020189e 8020189e        0     1                 
8020189e 8020189e        0     1                 
802018a6 802018a6        0     1                 
802018ae 802018ae        0     1                 
802018b2 802018b2        0     1                 
802018b4 802018b4        0     1                 
802018b6 802018b6        0     1                 
802018bc 802018bc        0     1                 
802018c0 802018c0        0     1                 
802018c4 802018c4        0     1                 
802018c4 802018c4        0     1                 
802018c4 802018c4      2c2     4         build/app.o:(.text)
802018c4 802018c4        0     1                 
802018c4 802018c4        0     1                 
802018c4 802018c4        0     1                 
802018c4 802018c4      110     1                 init_app
802018c6 802018c6        0     1                 
802018c8 802018c8        0     1                 
802018ca 802018ca        0     1                 
802018ca 802018ca        0     1                 
802018ce 802018ce        0     1                 
802018d2 802018d2        0     1                 
802018d6 802018d6        0     1                 
802018da 802018da        0     1                 
802018de 802018de        0     1                 
802018e2 802018e2        0     1                 
802018e6 802018e6        0     1                 
802018ea 802018ea        0     1                 
802018ee 802018ee        0     1                 
802018f0 802018f0        0     1                 
802018f4 802018f4        0     1                 
802018f8 802018f8        0     1                 
802018fc 802018fc        0     1                 
80201900 80201900        0     1                 
80201906 80201906        0     1                 
80201906 80201906        0     1                 
8020190e 8020190e        0     1                 
80201910 80201910        0     1                 
80201912 80201912        0     1                 
80201914 80201914        0     1                 
80201916 80201916        0     1                 
8020191e 8020191e        0     1                 
80201920 80201920        0     1                 
80201922 80201922        0     1                 
80201924 80201924        0     1                 
80201926 80201926        0     1                 
8020192e 8020192e        0     1                 
80201930 80201930        0     1                 
80201932 80201932        0     1                 
80201934 80201934        0     1                 
80201936 80201936        0     1                 
8020193e 8020193e        0     1                 
80201940 80201940        0     1                 
80201942 80201942        0     1                 
80201944 80201944        0     1                 
80201946 80201946        0     1                 
8020194e 8020194e        0     1                 
80201952 80201952        0     1                 
80201954 80201954        0     1                 
80201958 80201958        0     1                 
8020195a 8020195a        0     1                 
80201974 80201974        0     1                 
80201976 80201976        0     1                 
802019a4 802019a4        0     1                 
802019ce 802019ce        0     1                 
802019d4 802019d4        0     1                 
802019d4 802019d4        0     1                 
802019d4 802019d4        0     1                 
802019d4 802019d4        0     1                 
802019d4 802019d4        0     1                 
802019d4 802019d4       4c     1                 start_app
802019d6 802019d6        0     1                 
802019d8 802019d8        0     1                 
802019dc 802019dc        0     1                 
802019e0 802019e0        0     1                 
802019f0 802019f0        0     1                 
802019f2 802019f2        0     1                 
802019f4 802019f4        0     1                 
802019fc 802019fc        0     1                 
802019fc 802019fc        0     1                 
802019fe 802019fe        0     1                 
80201a04 80201a04        0     1                 
80201a1e 80201a1e        0     1                 
80201a20 80201a20        0     1                 
80201a20 80201a20        0     1                 
80201a20 80201a20        0     1                 
80201a20 80201a20        0     1                 
80201a20 80201a20        0     1                 
80201a20 80201a20      104     1                 get_app_id
80201a22 80201a22        0     1                 
80201a28 80201a28        0     1                 
80201a2a 80201a2a        0     1                 
80201a2a 80201a2a        0     1                 
80201a3e 80201a3e        0     1                 
80201a3e 80201a3e        0     1                 
80201a40 80201a40        0     1                 
80201a44 80201a44        0     1                 
80201a4e 80201a4e        0     1                 
80201a4e 80201a4e        0     1                 
80201a50 80201a50        0     1                 
80201a5c 80201a5c        0     1                 
80201a66 80201a66        0     1                 
80201a66 80201a66        0     1                 
80201a68 80201a68        0     1                 
80201a6c 80201a6c        0     1                 
80201a76 80201a76        0     1                 
80201a76 80201a76        0     1                 
80201a78 80201a78        0     1                 
80201a84 80201a84        0     1                 
80201a8e 80201a8e        0     1                 
80201a8e 80201a8e        0     1                 
80201a90 80201a90        0     1                 
80201a94 80201a94        0     1                 
80201a9e 80201a9e        0     1                 
80201a9e 80201a9e        0     1                 
80201aa0 80201aa0        0     1                 
80201aac 80201aac        0     1                 
80201ab6 80201ab6        0     1                 
80201ab6 80201ab6        0     1                 
80201ab8 80201ab8        0     1                 
80201abc 80201abc        0     1                 
80201ac6 80201ac6        0     1                 
80201ac6 80201ac6        0     1                 
80201ac8 80201ac8        0     1                 
80201ad4 80201ad4        0     1                 
80201ade 80201ade        0     1                 
80201ade 80201ade        0     1                 
80201ae0 80201ae0        0     1                 
80201ae4 80201ae4        0     1                 
80201aee 80201aee        0     1                 
80201af2 80201af2        0     1                 
80201af4 80201af4        0     1                 
80201af4 80201af4        0     1                 
80201b1a 80201b1a        0     1                 
80201b24 80201b24        0     1                 
80201b24 80201b24        0     1                 
80201b24 80201b24        0     1                 
80201b24 80201b24        0     1                 
80201b24 80201b24        0     1                 
80201b24 80201b24       62     1                 get_app_name
80201b26 80201b26        0     1                 
80201b28 80201b28        0     1                 
80201b2c 80201b2c        0     1                 
80201b30 80201b30        0     1                 
80201b4c 80201b4c        0     1                 
80201b4e 80201b4e        0     1                 
80201b5c 80201b5c        0     1                 
80201b80 80201b80        0     1                 
80201b86 80201b86        0     1                 
80201b86 80201b86        0     1                 
80201b88 80201b88      608     4         build/sockets.o:(.text)
80201b88 80201b88        0     1                 
80201b88 80201b88        0     1                 
80201b88 80201b88        0     1                 
80201b88 80201b88       4e     1                 read_rsocket
80201b8a 80201b8a        0     1                 
80201b8c 80201b8c        0     1                 
80201b90 80201b90        0     1                 
80201b94 80201b94        0     1                 
80201bae 80201bae        0     1                 
80201bb0 80201bb0        0     1                 
80201bb8 80201bb8        0     1                 
80201bcc 80201bcc        0     1                 
80201bd0 80201bd0        0     1                 
80201bd6 80201bd6        0     1                 
80201bd6 80201bd6        0     1                 
80201bd6 80201bd6        0     1                 
80201bd6 80201bd6        0     1                 
80201bd6 80201bd6        0     1                 
80201bd6 80201bd6       4c     1                 write_rsocket
80201bd8 80201bd8        0     1                 
80201bda 80201bda        0     1                 
80201bde 80201bde        0     1                 
80201be2 80201be2        0     1                 
80201bfc 80201bfc        0     1                 
80201bfe 80201bfe        0     1                 
80201c0c 80201c0c        0     1                 
80201c18 80201c18        0     1                 
80201c1c 80201c1c        0     1                 
80201c22 80201c22        0     1                 
80201c22 80201c22        0     1                 
80201c22 80201c22        0     1                 
80201c22 80201c22        0     1                 
80201c22 80201c22        0     1                 
80201c22 80201c22       7e     1                 read_socket
80201c24 80201c24        0     1                 
80201c26 80201c26        0     1                 
80201c2a 80201c2a        0     1                 
80201c2e 80201c2e        0     1                 
80201c4a 80201c4a        0     1                 
80201c4c 80201c4c        0     1                 
80201c52 80201c52        0     1                 
80201c56 80201c56        0     1                 
80201c70 80201c70        0     1                 
80201c72 80201c72        0     1                 
80201c7a 80201c7a        0     1                 
80201c7e 80201c7e        0     1                 
80201c80 80201c80        0     1                 
80201c96 80201c96        0     1                 
80201c9a 80201c9a        0     1                 
80201ca0 80201ca0        0     1                 
80201ca0 80201ca0        0     1                 
80201ca0 80201ca0        0     1                 
80201ca0 80201ca0        0     1                 
80201ca0 80201ca0        0     1                 
80201ca0 80201ca0       7c     1                 write_socket
80201ca2 80201ca2        0     1                 
80201ca4 80201ca4        0     1                 
80201ca8 80201ca8        0     1                 
80201cac 80201cac        0     1                 
80201cc6 80201cc6        0     1                 
80201cc8 80201cc8        0     1                 
80201cce 80201cce        0     1                 
80201cd2 80201cd2        0     1                 
80201cee 80201cee        0     1                 
80201cf0 80201cf0        0     1                 
80201cf4 80201cf4        0     1                 
80201cf6 80201cf6        0     1                 
80201d02 80201d02        0     1                 
80201d04 80201d04        0     1                 
80201d12 80201d12        0     1                 
80201d16 80201d16        0     1                 
80201d1c 80201d1c        0     1                 
80201d1c 80201d1c        0     1                 
80201d1c 80201d1c        0     1                 
80201d1c 80201d1c        0     1                 
80201d1c 80201d1c        0     1                 
80201d1c 80201d1c       60     1                 claim_rsocket
80201d1e 80201d1e        0     1                 
80201d20 80201d20        0     1                 
80201d24 80201d24        0     1                 
80201d28 80201d28        0     1                 
80201d44 80201d44        0     1                 
80201d46 80201d46        0     1                 
80201d5a 80201d5a        0     1                 
80201d5c 80201d5c        0     1                 
80201d5e 80201d5e        0     1                 
80201d66 80201d66        0     1                 
80201d6c 80201d6c        0     1                 
80201d70 80201d70        0     1                 
80201d72 80201d72        0     1                 
80201d76 80201d76        0     1                 
80201d7c 80201d7c        0     1                 
80201d7c 80201d7c        0     1                 
80201d7c 80201d7c        0     1                 
80201d7c 80201d7c        0     1                 
80201d7c 80201d7c        0     1                 
80201d7c 80201d7c       60     1                 claim_socket
80201d7e 80201d7e        0     1                 
80201d80 80201d80        0     1                 
80201d84 80201d84        0     1                 
80201d88 80201d88        0     1                 
80201da4 80201da4        0     1                 
80201da6 80201da6        0     1                 
80201dba 80201dba        0     1                 
80201dbc 80201dbc        0     1                 
80201dbe 80201dbe        0     1                 
80201dc6 80201dc6        0     1                 
80201dcc 80201dcc        0     1                 
80201dd0 80201dd0        0     1                 
80201dd2 80201dd2        0     1                 
80201dd6 80201dd6        0     1                 
80201ddc 80201ddc        0     1                 
80201ddc 80201ddc        0     1                 
80201ddc 80201ddc        0     1                 
80201ddc 80201ddc        0     1                 
80201ddc 80201ddc        0     1                 
80201ddc 80201ddc       42     1                 unclaim_rsocket
80201dde 80201dde        0     1                 
80201de0 80201de0        0     1                 
80201de4 80201de4        0     1                 
80201de8 80201de8        0     1                 
80201e04 80201e04        0     1                 
80201e06 80201e06        0     1                 
80201e14 80201e14        0     1                 
80201e18 80201e18        0     1                 
80201e1e 80201e1e        0     1                 
80201e1e 80201e1e        0     1                 
80201e1e 80201e1e        0     1                 
80201e1e 80201e1e        0     1                 
80201e1e 80201e1e        0     1                 
80201e1e 80201e1e       42     1                 unclaim_socket
80201e20 80201e20        0     1                 
80201e22 80201e22        0     1                 
80201e26 80201e26        0     1                 
80201e2a 80201e2a        0     1                 
80201e46 80201e46        0     1                 
80201e48 80201e48        0     1                 
80201e56 80201e56        0     1                 
80201e5a 80201e5a        0     1                 
80201e60 80201e60        0     1                 
80201e60 80201e60        0     1                 
80201e60 80201e60        0     1                 
80201e60 80201e60        0     1                 
80201e60 80201e60        0     1                 
80201e60 80201e60      13c     1                 find_free_rsocket
80201e62 80201e62        0     1                 
80201e62 80201e62        0     1                 
80201e64 80201e64        0     1                 
80201e6c 80201e6c        0     1                 
80201e6e 80201e6e        0     1                 
80201e70 80201e70        0     1                 
80201e70 80201e70        0     1                 
80201e74 80201e74        0     1                 
80201e7c 80201e7c        0     1                 
80201e82 80201e82        0     1                 
80201e86 80201e86        0     1                 
80201e8c 80201e8c        0     1                 
80201e90 80201e90        0     1                 
80201e98 80201e98        0     1                 
80201e9e 80201e9e        0     1                 
80201ea2 80201ea2        0     1                 
80201ea8 80201ea8        0     1                 
80201eac 80201eac        0     1                 
80201eb4 80201eb4        0     1                 
80201eba 80201eba        0     1                 
80201ebe 80201ebe        0     1                 
80201ec4 80201ec4        0     1                 
80201ec8 80201ec8        0     1                 
80201ed0 80201ed0        0     1                 
80201ed6 80201ed6        0     1                 
80201eda 80201eda        0     1                 
80201ee0 80201ee0        0     1                 
80201ee4 80201ee4        0     1                 
80201ee8 80201ee8        0     1                 
80201eee 80201eee        0     1                 
80201ef2 80201ef2        0     1                 
80201ef2 80201ef2        0     1                 
80201f10 80201f10        0     1                 
80201f12 80201f12        0     1                 
80201f12 80201f12        0     1                 
80201f14 80201f14        0     1                 
80201f1c 80201f1c        0     1                 
80201f20 80201f20        0     1                 
80201f22 80201f22        0     1                 
80201f26 80201f26        0     1                 
80201f28 80201f28        0     1                 
80201f30 80201f30        0     1                 
80201f34 80201f34        0     1                 
80201f36 80201f36        0     1                 
80201f3a 80201f3a        0     1                 
80201f3c 80201f3c        0     1                 
80201f44 80201f44        0     1                 
80201f48 80201f48        0     1                 
80201f4a 80201f4a        0     1                 
80201f4e 80201f4e        0     1                 
80201f50 80201f50        0     1                 
80201f58 80201f58        0     1                 
80201f5c 80201f5c        0     1                 
80201f5e 80201f5e        0     1                 
80201f62 80201f62        0     1                 
80201f64 80201f64        0     1                 
80201f68 80201f68        0     1                 
80201f6e 80201f6e        0     1                 
80201f70 80201f70        0     1                 
80201f70 80201f70        0     1                 
80201f76 80201f76        0     1                 
80201f7c 80201f7c        0     1                 
80201f9c 80201f9c        0     1                 
80201f9c 80201f9c        0     1                 
80201f9c 80201f9c        0     1                 
80201f9c 80201f9c        0     1                 
80201f9c 80201f9c        0     1                 
80201f9c 80201f9c      13c     1                 find_free_socket
80201f9e 80201f9e        0     1                 
80201f9e 80201f9e        0     1                 
80201fa0 80201fa0        0     1                 
80201fa8 80201fa8        0     1                 
80201faa 80201faa        0     1                 
80201fac 80201fac        0     1                 
80201fac 80201fac        0     1                 
80201fb0 80201fb0        0     1                 
80201fb8 80201fb8        0     1                 
80201fbe 80201fbe        0     1                 
80201fc2 80201fc2        0     1                 
80201fc8 80201fc8        0     1                 
80201fcc 80201fcc        0     1                 
80201fd4 80201fd4        0     1                 
80201fda 80201fda        0     1                 
80201fde 80201fde        0     1                 
80201fe4 80201fe4        0     1                 
80201fe8 80201fe8        0     1                 
80201ff0 80201ff0        0     1                 
80201ff6 80201ff6        0     1                 
80201ffa 80201ffa        0     1                 
80202000 80202000        0     1                 
80202004 80202004        0     1                 
8020200c 8020200c        0     1                 
80202012 80202012        0     1                 
80202016 80202016        0     1                 
8020201c 8020201c        0     1                 
80202020 80202020        0     1                 
80202024 80202024        0     1                 
8020202a 8020202a        0     1                 
8020202e 8020202e        0     1                 
8020202e 8020202e        0     1                 
8020204c 8020204c        0     1                 
8020204e 8020204e        0     1                 
8020204e 8020204e        0     1                 
80202050 80202050        0     1                 
80202058 80202058        0     1                 
8020205c 8020205c        0     1                 
8020205e 8020205e        0     1                 
80202062 80202062        0     1                 
80202064 80202064        0     1                 
8020206c 8020206c        0     1                 
80202070 80202070        0     1                 
80202072 80202072        0     1                 
80202076 80202076        0     1                 
80202078 80202078        0     1                 
80202080 80202080        0     1                 
80202084 80202084        0     1                 
80202086 80202086        0     1                 
8020208a 8020208a        0     1                 
8020208c 8020208c        0     1                 
80202094 80202094        0     1                 
80202098 80202098        0     1                 
8020209a 8020209a        0     1                 
8020209e 8020209e        0     1                 
802020a0 802020a0        0     1                 
802020a4 802020a4        0     1                 
802020aa 802020aa        0     1                 
802020ac 802020ac        0     1                 
802020ac 802020ac        0     1                 
802020b2 802020b2        0     1                 
802020b8 802020b8        0     1                 
802020d8 802020d8        0     1                 
802020d8 802020d8        0     1                 
802020d8 802020d8        0     1                 
802020d8 802020d8        0     1                 
802020d8 802020d8        0     1                 
802020d8 802020d8       5c     1                 info_rsocket
802020da 802020da        0     1                 
802020dc 802020dc        0     1                 
802020e0 802020e0        0     1                 
802020e4 802020e4        0     1                 
80202100 80202100        0     1                 
80202102 80202102        0     1                 
80202110 80202110        0     1                 
80202114 80202114        0     1                 
80202118 80202118        0     1                 
8020211a 8020211a        0     1                 
8020211e 8020211e        0     1                 
80202120 80202120        0     1                 
80202124 80202124        0     1                 
80202126 80202126        0     1                 
8020212a 8020212a        0     1                 
8020212c 8020212c        0     1                 
8020212e 8020212e        0     1                 
80202134 80202134        0     1                 
80202134 80202134        0     1                 
80202134 80202134        0     1                 
80202134 80202134        0     1                 
80202134 80202134        0     1                 
80202134 80202134       5c     1                 info_socket
80202136 80202136        0     1                 
80202138 80202138        0     1                 
8020213c 8020213c        0     1                 
80202140 80202140        0     1                 
8020215c 8020215c        0     1                 
8020215e 8020215e        0     1                 
8020216c 8020216c        0     1                 
80202170 80202170        0     1                 
80202174 80202174        0     1                 
80202176 80202176        0     1                 
8020217a 8020217a        0     1                 
8020217c 8020217c        0     1                 
80202180 80202180        0     1                 
80202182 80202182        0     1                 
80202186 80202186        0     1                 
80202188 80202188        0     1                 
8020218a 8020218a        0     1                 
80202190 80202190        0     1                 
80202190 80202190        0     1                 
80202190 80202190      a88     4 .rodata
80202190 80202190      97e     1         <internal>:(.rodata)
80202b10 80202b10       58     4         build/print_k.o:(.rodata)
80202b10 80202b10        0     1                 .LJTI0_0
80202b68 80202b68       58     4         build/str.o:(.rodata)
80202b68 80202b68        0     1                 .LJTI2_0
80202bc0 80202bc0       58     4         build/trap_k.o:(.rodata)
80202bc0 80202bc0        0     1                 .LJTI0_0
80202c18 80202c18    1d7a0     4 .data
80202c18 80202c18     8fc0     1         bronx.o:(.data)
80202c18 80202c18        0     1                 _binary_bronx_bin_start
8020bbd8 8020bbd8        0     1                 _binary_bronx_bin_end
8020bbd8 8020bbd8     8240     1         init.o:(.data)
8020bbd8 8020bbd8        0     1                 _binary_init_bin_start
80213e18 80213e18        0     1                 _binary_init_bin_end
80213e18 80213e18     c5a0     1         snak.o:(.data)
80213e18 80213e18        0     1                 _binary_snak_bin_start
802203b8 802203b8        0     1                 _binary_snak_bin_end
802203b8 802203b8     41a0     4 .bss
802203b8 802203b8        0     1         __bss = .
802203b8 802203b8        8     4         build/memory.o:(.sbss)
802203b8 802203b8        4     1                 nextfreepageframe
802203bc 802203bc        4     1                 free_list_head
802203c0 802203c0        8     4         build/pcb_k.o:(.sbss)
802203c0 802203c0        4     1                 currproc
802203c4 802203c4        4     1                 idleproc
802203c8 802203c8     1878     4         build/pcb_k.o:(.bss)
802203c8 802203c8     1878     1                 proclist
80221c40 80221c40       a0     4         build/app.o:(.bss)
80221c40 80221c40       a0     1                 app_list
80221ce0 80221ce0     2878     4         build/sockets.o:(.bss)
80221ce0 80221ce0       28     1                 rsockets
80221d08 80221d08       28     1                 rsocket_info
80221d30 80221d30     2800     1                 sockets
80224530 80224530       28     1                 socket_info
80224558 80224558        0     1         __bss_end = .
80224558 80224558        0     1 . = ALIGN ( 4 )
80224558 80224558    20000     1 . += 128 * 1024
80244558 80244558        0     1 __stack_top = .
80244558 80244558      aa8     1 . = ALIGN ( 4096 )
80245000 80245000        0     1 __free_ram_start = .
80245000 80245000  2000000     1 . += 32 * 1024 * 1024
82245000 82245000        0     1 __free_ram_end = .
       0        0      f1c     1 .debug_abbrev
       0        0      115     1         build/main.o:(.debug_abbrev)
     115      115      104     1         build/print_k.o:(.debug_abbrev)
     219      219      165     1         build/SBI.o:(.debug_abbrev)
     37e      37e       b9     1         build/mem.o:(.debug_abbrev)
     437      437      12c     1         build/str.o:(.debug_abbrev)
     563      563      113     1         build/oa.o:(.debug_abbrev)
     676      676      1b9     1         build/memory.o:(.debug_abbrev)
     82f      82f      1e7     1         build/trap_k.o:(.debug_abbrev)
     a16      a16      163     1         build/pcb_k.o:(.debug_abbrev)
     b79      b79      163     1         build/program_k.o:(.debug_abbrev)
     cdc      cdc      133     1         build/app.o:(.debug_abbrev)
     e0f      e0f      10d     1         build/sockets.o:(.debug_abbrev)
       0        0     1f52     1 .debug_info
       0        0      1c5     1         build/main.o:(.debug_info)
     1c5      1c5      1e5     1         build/print_k.o:(.debug_info)
     3aa      3aa      3e6     1         build/SBI.o:(.debug_info)
     790      790       d9     1         build/mem.o:(.debug_info)
     869      869      1f5     1         build/str.o:(.debug_info)
     a5e      a5e      184     1         build/oa.o:(.debug_info)
     be2      be2      457     1         build/memory.o:(.debug_info)
    1039     1039      522     1         build/trap_k.o:(.debug_info)
    155b     155b      296     1         build/pcb_k.o:(.debug_info)
    17f1     17f1      242     1         build/program_k.o:(.debug_info)
    1a33     1a33      25a     1         build/app.o:(.debug_info)
    1c8d     1c8d      2c5     1         build/sockets.o:(.debug_info)
       0        0      1b8     1 .debug_rnglists
       0        0       18     1         build/main.o:(.debug_rnglists)
       c        c        0     1                 
      18       18       57     1         build/print_k.o:(.debug_rnglists)
      24       24        0     1                 
      6f       6f       66     1         build/str.o:(.debug_rnglists)
      7b       7b        0     1                 
      d5       d5       1b     1         build/oa.o:(.debug_rnglists)
      e1       e1        0     1                 
      f0       f0       33     1         build/memory.o:(.debug_rnglists)
      fc       fc        0     1                 
     123      123       5b     1         build/pcb_k.o:(.debug_rnglists)
     12f      12f        0     1                 
     17e      17e       20     1         build/program_k.o:(.debug_rnglists)
     18a      18a        0     1                 
     19e      19e       1a     1         build/app.o:(.debug_rnglists)
     1aa      1aa        0     1                 
       0        0      808     1 .debug_str_offsets
       0        0       88     1         build/main.o:(.debug_str_offsets)
       8        8        0     1                 
      88       88       68     1         build/print_k.o:(.debug_str_offsets)
      90       90        0     1                 
      f0       f0       94     1         build/SBI.o:(.debug_str_offsets)
      f8       f8        0     1                 
     184      184       58     1         build/mem.o:(.debug_str_offsets)
     18c      18c        0     1                 
     1dc      1dc       88     1         build/str.o:(.debug_str_offsets)
     1e4      1e4        0     1                 
     264      264       50     1         build/oa.o:(.debug_str_offsets)
     26c      26c        0     1                 
     2b4      2b4       e0     1         build/memory.o:(.debug_str_offsets)
     2bc      2bc        0     1                 
     394      394      1c8     1         build/trap_k.o:(.debug_str_offsets)
     39c      39c        0     1                 
     55c      55c       d0     1         build/pcb_k.o:(.debug_str_offsets)
     564      564        0     1                 
     62c      62c       98     1         build/program_k.o:(.debug_str_offsets)
     634      634        0     1                 
     6c4      6c4       a8     1         build/app.o:(.debug_str_offsets)
     6cc      6cc        0     1                 
     76c      76c       9c     1         build/sockets.o:(.debug_str_offsets)
     774      774        0     1                 
       0        0      86d     1 .debug_str
       0        0      86d     1         <internal>:(.debug_str)
       0        0      404     1 .debug_addr
       0        0       58     1         build/main.o:(.debug_addr)
       8        8        0     1                 
      58       58       50     1         build/print_k.o:(.debug_addr)
      60       60        0     1                 
      a8       a8       38     1         build/SBI.o:(.debug_addr)
      b0       b0        0     1                 
      e0       e0       10     1         build/mem.o:(.debug_addr)
      e8       e8        0     1                 
      f0       f0       24     1         build/str.o:(.debug_addr)
      f8       f8        0     1                 
     114      114       20     1         build/oa.o:(.debug_addr)
     11c      11c        0     1                 
     134      134       88     1         build/memory.o:(.debug_addr)
     13c      13c        0     1                 
     1bc      1bc       90     1         build/trap_k.o:(.debug_addr)
     1c4      1c4        0     1                 
     24c      24c       58     1         build/pcb_k.o:(.debug_addr)
     254      254        0     1                 
     2a4      2a4       74     1         build/program_k.o:(.debug_addr)
     2ac      2ac        0     1                 
     318      318       5c     1         build/app.o:(.debug_addr)
     320      320        0     1                 
     374      374       90     1         build/sockets.o:(.debug_addr)
     37c      37c        0     1                 
       0        0       42     1 .comment
       0        0       42     1         <internal>:(.comment)
       0        0       2b     1 .riscv.attributes
       0        0       2b     1         build/main.o:(.riscv.attributes)
       0        0      530     4 .debug_frame
       0        0       54     4         build/main.o:(.debug_frame)
       0        0        0     1                 
      54       54       44     4         build/print_k.o:(.debug_frame)
      54       54        0     1                 
      98       98       64     4         build/SBI.o:(.debug_frame)
      98       98        0     1                 
      fc       fc       34     4         build/mem.o:(.debug_frame)
      fc       fc        0     1                 
     130      130       64     4         build/str.o:(.debug_frame)
     130      130        0     1                 
     194      194       3c     4         build/oa.o:(.debug_frame)
     194      194        0     1                 
     1d0      1d0       94     4         build/memory.o:(.debug_frame)
     1d0      1d0        0     1                 
     264      264       54     4         build/trap_k.o:(.debug_frame)
     264      264        0     1                 
     2b8      2b8       6c     4         build/pcb_k.o:(.debug_frame)
     2b8      2b8        0     1                 
     324      324       60     4         build/program_k.o:(.debug_frame)
     324      324        0     1                 
     384      384       78     4         build/app.o:(.debug_frame)
     384      384        0     1                 
     3fc      3fc      134     4         build/sockets.o:(.debug_frame)
     3fc      3fc        0     1                 
       0        0     29ba     1 .debug_line
       0        0      1ad     1         build/main.o:(.debug_line)
       0        0        0     1                 .Lline_table_start0
     1ad      1ad      2d0     1         build/print_k.o:(.debug_line)
     1ad      1ad        0     1                 .Lline_table_start0
     47d      47d      146     1         build/SBI.o:(.debug_line)
     47d      47d        0     1                 .Lline_table_start0
     5c3      5c3       f6     1         build/mem.o:(.debug_line)
     5c3      5c3        0     1                 .Lline_table_start0
     6b9      6b9      3f0     1         build/str.o:(.debug_line)
     6b9      6b9        0     1                 .Lline_table_start0
     aa9      aa9      25a     1         build/oa.o:(.debug_line)
     aa9      aa9        0     1                 .Lline_table_start0
     d03      d03      4fa     1         build/memory.o:(.debug_line)
     d03      d03        0     1                 .Lline_table_start0
    11fd     11fd      3be     1         build/trap_k.o:(.debug_line)
    11fd     11fd        0     1                 .Lline_table_start0
    15bb     15bb      3c5     1         build/pcb_k.o:(.debug_line)
    15bb     15bb        0     1                 .Lline_table_start0
    1980     1980      50b     1         build/program_k.o:(.debug_line)
    1980     1980        0     1                 .Lline_table_start0
    1e8b     1e8b      38c     1         build/app.o:(.debug_line)
    1e8b     1e8b        0     1                 .Lline_table_start0
    2217     2217      7a3     1         build/sockets.o:(.debug_line)
    2217     2217        0     1                 .Lline_table_start0
       0        0       e8     1 .debug_line_str
       0        0       e8     1         <internal>:(.debug_line_str)
       0        0     1568     1 .debug_loclists
       0        0      115     1         build/print_k.o:(.debug_loclists)
       c        c        0     1                 
     115      115      10c     1         build/SBI.o:(.debug_loclists)
     121      121        0     1                 
     221      221       66     1         build/mem.o:(.debug_loclists)
     22d      22d        0     1                 
     287      287      1a1     1         build/str.o:(.debug_loclists)
     293      293        0     1                 
     428      428      19a     1         build/oa.o:(.debug_loclists)
     434      434        0     1                 
     5c2      5c2      367     1         build/memory.o:(.debug_loclists)
     5ce      5ce        0     1                 
     929      929      22a     1         build/trap_k.o:(.debug_loclists)
     935      935        0     1                 
     b53      b53      143     1         build/pcb_k.o:(.debug_loclists)
     b5f      b5f        0     1                 
     c96      c96      159     1         build/program_k.o:(.debug_loclists)
     ca2      ca2        0     1                 
     def      def      44c     1         build/app.o:(.debug_loclists)
     dfb      dfb        0     1                 
    123b     123b      32d     1         build/sockets.o:(.debug_loclists)
    1247     1247        0     1                 
       0        0     8960     4 .symtab
       0        0     8960     4         <internal>:(.symtab)
       0        0       dc     1 .shstrtab
       0        0       dc     1         <internal>:(.shstrtab)
       0        0      632     1 .strtab
       0        0      632     1         <internal>:(.strtab)
