     VMA      LMA     Size Align Out     In      Symbol
       0        0 80200000     1 . = 0x80200000
80200000        0        0     1 __kernel_base = .
80200000 80200000     229c     4 .text
80200000 80200000        e     2         build/main.o:(.text.boot)
80200000 80200000        0     1                 
80200000 80200000        0     1                 
80200000 80200000        0     1                 
80200000 80200000        0     1                 
80200000 80200000        e     1                 boot
8020000e 8020000e        0     1                 
8020000e 8020000e        0     1                 
80200010 80200010      320     4         build/main.o:(.text)
80200010 80200010        0     1                 
80200010 80200010        0     1                 
80200010 80200010        0     1                 
80200010 80200010      136     1                 kernel_bootstrap
80200012 80200012        0     1                 
80200012 80200012        0     1                 
80200016 80200016        0     1                 
80200026 80200026        0     1                 
80200026 80200026        0     1                 
80200036 80200036        0     1                 
80200036 80200036        0     1                 
80200054 80200054        0     1                 
80200054 80200054        0     1                 
80200064 80200064        0     1                 
80200064 80200064        0     1                 
80200070 80200070        0     1                 
80200080 80200080        0     1                 
80200080 80200080        0     1                 
80200088 80200088        0     1                 
80200088 80200088        0     1                 
802000be 802000be        0     1                 
802000be 802000be        0     1                 
802000ce 802000ce        0     1                 
802000ce 802000ce        0     1                 
802000d6 802000d6        0     1                 
802000d6 802000d6        0     1                 
802000e6 802000e6        0     1                 
802000e6 802000e6        0     1                 
802000f2 802000f2        0     1                 
80200102 80200102        0     1                 
80200130 80200130        0     1                 
80200130 80200130        0     1                 
8020013e 8020013e        0     1                 
80200146 80200146        0     1                 
80200146 80200146        0     1                 
80200146 80200146        0     1                 
80200146 80200146        0     1                 
80200146 80200146        0     1                 
80200146 80200146      1ea     1                 kernel_main
80200148 80200148        0     1                 
80200148 80200148        0     1                 
8020014c 8020014c        0     1                 
80200154 80200154        0     1                 
80200154 80200154        0     1                 
80200164 80200164        0     1                 
80200164 80200164        0     1                 
80200176 80200176        0     1                 
80200176 80200176        0     1                 
80200196 80200196        0     1                 
80200196 80200196        0     1                 
8020019e 8020019e        0     1                 
8020019e 8020019e        0     1                 
802001be 802001be        0     1                 
802001be 802001be        0     1                 
802001de 802001de        0     1                 
802001de 802001de        0     1                 
802001fe 802001fe        0     1                 
802001fe 802001fe        0     1                 
8020020e 8020020e        0     1                 
8020020e 8020020e        0     1                 
80200218 80200218        0     1                 
8020021a 8020021a        0     1                 
8020022c 8020022c        0     1                 
8020022c 8020022c        0     1                 
80200236 80200236        0     1                 
80200238 80200238        0     1                 
80200242 80200242        0     1                 
80200242 80200242        0     1                 
8020024c 8020024c        0     1                 
8020024e 8020024e        0     1                 
80200258 80200258        0     1                 
80200258 80200258        0     1                 
80200262 80200262        0     1                 
80200264 80200264        0     1                 
8020026e 8020026e        0     1                 
8020026e 8020026e        0     1                 
80200278 80200278        0     1                 
8020027a 8020027a        0     1                 
80200284 80200284        0     1                 
80200284 80200284        0     1                 
8020028e 8020028e        0     1                 
80200290 80200290        0     1                 
8020029a 8020029a        0     1                 
8020029a 8020029a        0     1                 
802002a6 802002a6        0     1                 
802002a8 802002a8        0     1                 
802002ba 802002ba        0     1                 
802002ba 802002ba        0     1                 
802002c6 802002c6        0     1                 
802002c8 802002c8        0     1                 
802002d2 802002d2        0     1                 
802002d2 802002d2        0     1                 
802002de 802002de        0     1                 
802002de 802002de        0     1                 
802002e0 802002e0        0     1                 
802002f2 802002f2        0     1                 
802002f2 802002f2        0     1                 
80200302 80200302        0     1                 
80200302 80200302        0     1                 
8020030a 8020030a        0     1                 
8020030a 8020030a        0     1                 
8020032e 8020032e        0     1                 
80200330 80200330        0     1                 
80200330 80200330        0     1                 
80200330 80200330      2ec     4         build/print_k.o:(.text)
80200330 80200330        0     1                 
80200330 80200330        0     1                 
80200330 80200330        0     1                 
80200330 80200330      2ec     1                 k_printf
80200332 80200332        0     1                 
8020034c 8020034c        0     1                 
80200368 80200368        0     1                 
80200386 80200386        0     1                 
802003a6 802003a6        0     1                 
802003aa 802003aa        0     1                 
802003b2 802003b2        0     1                 
802003ba 802003ba        0     1                 
802003ba 802003ba        0     1                 
802003bc 802003bc        0     1                 
802003c4 802003c4        0     1                 
802003c8 802003c8        0     1                 
802003d0 802003d0        0     1                 
802003da 802003da        0     1                 .LBB0_6
802003da 802003da        0     1                 
802003da 802003da        0     1                 
802003fa 802003fa        0     1                 
802003fa 802003fa        0     1                 
802003fe 802003fe        0     1                 .LBB0_9
802003fe 802003fe        0     1                 
8020040a 8020040a        0     1                 
8020040a 8020040a        0     1                 
80200410 80200410        0     1                 .LBB0_10
80200410 80200410        0     1                 
80200424 80200424        0     1                 .LBB0_12
80200424 80200424        0     1                 
80200430 80200430        0     1                 
80200430 80200430        0     1                 
8020043c 8020043c        0     1                 
8020043c 8020043c        0     1                 
80200458 80200458        0     1                 .LBB0_14
80200458 80200458        0     1                 
80200474 80200474        0     1                 
80200476 80200476        0     1                 
8020047a 8020047a        0     1                 .LBB0_16
8020047a 8020047a        0     1                 
80200492 80200492        0     1                 .LBB0_18
80200492 80200492        0     1                 
802004ae 802004ae        0     1                 
802004bc 802004bc        0     1                 
802004c0 802004c0        0     1                 
802004cc 802004cc        0     1                 
802004cc 802004cc        0     1                 
802004d0 802004d0        0     1                 
802004da 802004da        0     1                 
802004de 802004de        0     1                 
802004e0 802004e0        0     1                 
802004ec 802004ec        0     1                 
802004ec 802004ec        0     1                 
802004f0 802004f0        0     1                 
802004f4 802004f4        0     1                 
802004f4 802004f4        0     1                 
80200502 80200502        0     1                 
8020050e 8020050e        0     1                 
8020050e 8020050e        0     1                 
80200512 80200512        0     1                 
80200516 80200516        0     1                 
8020051a 8020051a        0     1                 
8020051c 8020051c        0     1                 
80200528 80200528        0     1                 
80200528 80200528        0     1                 
8020052c 8020052c        0     1                 
80200530 80200530        0     1                 
80200530 80200530        0     1                 
8020053a 8020053a        0     1                 
8020053c 8020053c        0     1                 
8020053e 8020053e        0     1                 
80200544 80200544        0     1                 
8020054c 8020054c        0     1                 
80200558 80200558        0     1                 
80200558 80200558        0     1                 
8020055c 8020055c        0     1                 
80200560 80200560        0     1                 
80200568 80200568        0     1                 
80200574 80200574        0     1                 
80200574 80200574        0     1                 
80200578 80200578        0     1                 
80200580 80200580        0     1                 
80200584 80200584        0     1                 
80200586 80200586        0     1                 
80200592 80200592        0     1                 
80200592 80200592        0     1                 
80200596 80200596        0     1                 
8020059a 8020059a        0     1                 
8020059a 8020059a        0     1                 
802005a6 802005a6        0     1                 
802005b2 802005b2        0     1                 
802005b2 802005b2        0     1                 
802005be 802005be        0     1                 
802005be 802005be        0     1                 
802005cc 802005cc        0     1                 
802005cc 802005cc        0     1                 
802005d0 802005d0        0     1                 
802005d6 802005d6        0     1                 
802005da 802005da        0     1                 
802005dc 802005dc        0     1                 
802005e8 802005e8        0     1                 
802005e8 802005e8        0     1                 
802005ec 802005ec        0     1                 
802005f0 802005f0        0     1                 
802005f0 802005f0        0     1                 
802005fe 802005fe        0     1                 
8020061c 8020061c        0     1                 
8020061c 8020061c        0     1                 
8020061c 8020061c       f0     4         build/SBI.o:(.text)
8020061c 8020061c        0     1                 
8020061c 8020061c        0     1                 
8020061c 8020061c        0     1                 
8020061c 8020061c        0     1                 
8020061c 8020061c        6     1                 sbi_call
80200620 80200620        0     1                 
80200622 80200622        0     1                 
80200622 80200622        0     1                 
80200622 80200622        0     1                 
80200622 80200622        0     1                 
80200622 80200622        0     1                 
80200622 80200622        0     1                 
80200622 80200622       14     1                 k_putchar
80200634 80200634        0     1                 
80200634 80200634        0     1                 
80200636 80200636        0     1                 
80200636 80200636        0     1                 
80200636 80200636        0     1                 
80200636 80200636        0     1                 
80200636 80200636        0     1                 
80200636 80200636       80     1                 k_readchar
80200638 80200638        0     1                 
80200638 80200638        0     1                 
80200638 80200638        0     1                 
8020063a 8020063a        0     1                 
8020063a 8020063a        0     1                 
8020064e 8020064e        0     1                 
8020064e 8020064e        0     1                 
80200652 80200652        0     1                 
80200654 80200654        0     1                 
80200658 80200658        0     1                 
80200658 80200658        0     1                 
8020066a 8020066a        0     1                 
8020066a 8020066a        0     1                 
80200672 80200672        0     1                 
80200672 80200672        0     1                 
80200684 80200684        0     1                 
80200684 80200684        0     1                 
802006a8 802006a8        0     1                 
802006aa 802006aa        0     1                 
802006aa 802006aa        0     1                 
802006ac 802006ac        0     1                 
802006b6 802006b6        0     1                 
802006b6 802006b6        0     1                 
802006b6 802006b6        0     1                 
802006b6 802006b6        0     1                 
802006b6 802006b6        0     1                 
802006b6 802006b6       56     1                 exit
802006b8 802006b8        0     1                 
802006ba 802006ba        0     1                 
802006bc 802006bc        0     1                 
802006cc 802006cc        0     1                 
802006cc 802006cc        0     1                 
802006d4 802006d4        0     1                 
802006d4 802006d4        0     1                 
802006e6 802006e6        0     1                 
802006e6 802006e6        0     1                 
8020070a 8020070a        0     1                 
8020070c 8020070c        0     1                 
8020070c 8020070c        0     1                 
8020070c 8020070c       28     4         build/mem.o:(.text)
8020070c 8020070c        0     1                 
8020070c 8020070c        0     1                 
8020070c 8020070c        0     1                 
8020070c 8020070c        0     1                 
8020070c 8020070c       14     1                 memset
8020070e 8020070e        0     1                 
80200710 80200710        0     1                 
80200712 80200712        0     1                 
80200716 80200716        0     1                 
8020071a 8020071a        0     1                 
8020071c 8020071c        0     1                 
8020071e 8020071e        0     1                 
80200720 80200720        0     1                 
80200720 80200720        0     1                 
80200720 80200720        0     1                 
80200720 80200720        0     1                 
80200720 80200720        0     1                 
80200720 80200720        0     1                 
80200720 80200720       14     1                 k_memcpy
80200722 80200722        0     1                 
80200726 80200726        0     1                 
8020072a 8020072a        0     1                 
8020072c 8020072c        0     1                 
8020072e 8020072e        0     1                 
80200730 80200730        0     1                 
80200732 80200732        0     1                 
80200732 80200732        0     1                 
80200734 80200734        0     1                 
80200734 80200734        0     1                 
80200734 80200734      29e     4         build/str.o:(.text)
80200734 80200734        0     1                 
80200734 80200734        0     1                 
80200734 80200734        0     1                 
80200734 80200734        0     1                 
80200734 80200734       28     1                 k_strncpy
80200736 80200736        0     1                 
80200738 80200738        0     1                 
80200740 80200740        0     1                 
80200742 80200742        0     1                 
80200746 80200746        0     1                 
80200748 80200748        0     1                 
8020074c 8020074c        0     1                 
80200750 80200750        0     1                 
80200754 80200754        0     1                 
8020075a 8020075a        0     1                 
8020075c 8020075c        0     1                 
8020075c 8020075c        0     1                 
8020075c 8020075c        0     1                 
8020075c 8020075c        0     1                 
8020075c 8020075c        0     1                 
8020075c 8020075c        0     1                 
8020075c 8020075c       2e     1                 k_strcmp
80200760 80200760        0     1                 
80200762 80200762        0     1                 
80200764 80200764        0     1                 
80200768 80200768        0     1                 
8020076a 8020076a        0     1                 
8020076e 8020076e        0     1                 
80200772 80200772        0     1                 
80200776 80200776        0     1                 
80200778 80200778        0     1                 
8020077c 8020077c        0     1                 
8020077e 8020077e        0     1                 
80200782 80200782        0     1                 
80200786 80200786        0     1                 
80200788 80200788        0     1                 
8020078a 8020078a        0     1                 
8020078a 8020078a        0     1                 
8020078a 8020078a        0     1                 
8020078a 8020078a        0     1                 
8020078a 8020078a        0     1                 
8020078a 8020078a      248     1                 k_sprintf
8020078c 8020078c        0     1                 
802007a4 802007a4        0     1                 
802007b4 802007b4        0     1                 
802007d2 802007d2        0     1                 
802007d4 802007d4        0     1                 
802007fe 802007fe        0     1                 
80200800 80200800        0     1                 
80200804 80200804        0     1                 
8020080c 8020080c        0     1                 
80200812 80200812        0     1                 
80200816 80200816        0     1                 
8020081a 8020081a        0     1                 
80200822 80200822        0     1                 
8020082c 8020082c        0     1                 .LBB2_7
8020082c 8020082c        0     1                 
80200840 80200840        0     1                 
80200844 80200844        0     1                 
8020084a 8020084a        0     1                 .LBB2_11
8020084a 8020084a        0     1                 
8020084e 8020084e        0     1                 
80200858 80200858        0     1                 
8020085e 8020085e        0     1                 .LBB2_12
8020085e 8020085e        0     1                 
80200872 80200872        0     1                 .LBB2_14
80200872 80200872        0     1                 
8020087a 8020087a        0     1                 
8020088e 8020088e        0     1                 .LBB2_16
8020088e 8020088e        0     1                 
802008a0 802008a0        0     1                 
802008a2 802008a2        0     1                 
802008a6 802008a6        0     1                 .LBB2_18
802008a6 802008a6        0     1                 
802008ba 802008ba        0     1                 .LBB2_20
802008ba 802008ba        0     1                 
802008ce 802008ce        0     1                 
802008d0 802008d0        0     1                 
802008d4 802008d4        0     1                 
802008de 802008de        0     1                 
802008ea 802008ea        0     1                 
802008ea 802008ea        0     1                 
802008f0 802008f0        0     1                 
802008f2 802008f2        0     1                 
802008f4 802008f4        0     1                 
802008f8 802008f8        0     1                 
802008fc 802008fc        0     1                 
802008fe 802008fe        0     1                 
80200904 80200904        0     1                 
80200904 80200904        0     1                 
80200908 80200908        0     1                 
80200914 80200914        0     1                 
80200914 80200914        0     1                 
8020091a 8020091a        0     1                 
8020091e 8020091e        0     1                 
80200920 80200920        0     1                 
80200924 80200924        0     1                 
80200928 80200928        0     1                 
8020092a 8020092a        0     1                 
80200930 80200930        0     1                 
80200930 80200930        0     1                 
80200934 80200934        0     1                 
80200936 80200936        0     1                 
80200938 80200938        0     1                 
8020093e 8020093e        0     1                 
80200944 80200944        0     1                 
80200948 80200948        0     1                 
8020094c 8020094c        0     1                 
8020094e 8020094e        0     1                 
80200954 80200954        0     1                 
80200956 80200956        0     1                 
80200962 80200962        0     1                 
80200962 80200962        0     1                 
80200968 80200968        0     1                 
8020096c 8020096c        0     1                 
8020096e 8020096e        0     1                 
80200972 80200972        0     1                 
80200976 80200976        0     1                 
80200978 80200978        0     1                 
8020097e 8020097e        0     1                 
8020097e 8020097e        0     1                 
80200980 80200980        0     1                 
8020098a 8020098a        0     1                 
80200996 80200996        0     1                 
80200996 80200996        0     1                 
8020099c 8020099c        0     1                 
802009a0 802009a0        0     1                 
802009a2 802009a2        0     1                 
802009a6 802009a6        0     1                 
802009aa 802009aa        0     1                 
802009ac 802009ac        0     1                 
802009b2 802009b2        0     1                 
802009b2 802009b2        0     1                 
802009b6 802009b6        0     1                 
802009d2 802009d2        0     1                 
802009d2 802009d2        0     1                 
802009d4 802009d4      176     4         build/oa.o:(.text)
802009d4 802009d4        0     1                 
802009d4 802009d4        0     1                 
802009d4 802009d4        0     1                 
802009d4 802009d4       7a     1                 utoa
802009d6 802009d6        0     1                 
802009d6 802009d6        0     1                 
802009d8 802009d8        0     1                 
802009e0 802009e0        0     1                 
802009e2 802009e2        0     1                 
802009e6 802009e6        0     1                 
802009ec 802009ec        0     1                 
802009ee 802009ee        0     1                 
802009f2 802009f2        0     1                 
802009f4 802009f4        0     1                 
80200a00 80200a00        0     1                 
80200a0e 80200a0e        0     1                 
80200a0e 80200a0e        0     1                 
80200a20 80200a20        0     1                 
80200a28 80200a28        0     1                 
80200a2c 80200a2c        0     1                 
80200a32 80200a32        0     1                 
80200a38 80200a38        0     1                 
80200a38 80200a38        0     1                 
80200a3c 80200a3c        0     1                 
80200a42 80200a42        0     1                 
80200a4a 80200a4a        0     1                 
80200a4e 80200a4e        0     1                 
80200a4e 80200a4e        0     1                 
80200a4e 80200a4e        0     1                 
80200a4e 80200a4e        0     1                 
80200a4e 80200a4e        0     1                 
80200a4e 80200a4e       fc     1                 itoa
80200a50 80200a50        0     1                 
80200a52 80200a52        0     1                 
80200a5e 80200a5e        0     1                 
80200a62 80200a62        0     1                 
80200a68 80200a68        0     1                 
80200a6c 80200a6c        0     1                 
80200a74 80200a74        0     1                 
80200a7e 80200a7e        0     1                 
80200a84 80200a84        0     1                 
80200a8c 80200a8c        0     1                 
80200a90 80200a90        0     1                 
80200a94 80200a94        0     1                 
80200a96 80200a96        0     1                 
80200a9a 80200a9a        0     1                 
80200a9e 80200a9e        0     1                 
80200aa2 80200aa2        0     1                 
80200aa2 80200aa2        0     1                 
80200ab0 80200ab0        0     1                 
80200ab2 80200ab2        0     1                 
80200aba 80200aba        0     1                 
80200abe 80200abe        0     1                 
80200ac4 80200ac4        0     1                 
80200ac8 80200ac8        0     1                 
80200ac8 80200ac8        0     1                 
80200ace 80200ace        0     1                 
80200ace 80200ace        0     1                 
80200ad0 80200ad0        0     1                 
80200ad8 80200ad8        0     1                 
80200ada 80200ada        0     1                 
80200ade 80200ade        0     1                 
80200ae4 80200ae4        0     1                 
80200ae6 80200ae6        0     1                 
80200aea 80200aea        0     1                 
80200aec 80200aec        0     1                 
80200af8 80200af8        0     1                 
80200b06 80200b06        0     1                 
80200b06 80200b06        0     1                 
80200b18 80200b18        0     1                 
80200b20 80200b20        0     1                 
80200b24 80200b24        0     1                 
80200b2a 80200b2a        0     1                 
80200b30 80200b30        0     1                 
80200b30 80200b30        0     1                 
80200b34 80200b34        0     1                 
80200b3c 80200b3c        0     1                 
80200b42 80200b42        0     1                 
80200b46 80200b46        0     1                 
80200b4a 80200b4a        0     1                 
80200b4a 80200b4a        0     1                 
80200b4c 80200b4c      280     4         build/memory.o:(.text)
80200b4c 80200b4c        0     1                 
80200b4c 80200b4c        0     1                 
80200b4c 80200b4c        0     1                 
80200b4c 80200b4c        0     1                 
80200b4c 80200b4c       12     1                 init_memory
80200b5c 80200b5c        0     1                 
80200b5e 80200b5e        0     1                 
80200b5e 80200b5e        0     1                 
80200b5e 80200b5e        0     1                 
80200b5e 80200b5e        0     1                 
80200b5e 80200b5e        0     1                 
80200b5e 80200b5e       60     1                 pageframalloc
80200b60 80200b60        0     1                 
80200b60 80200b60        0     1                 
80200b64 80200b64        0     1                 
80200b6c 80200b6c        0     1                 
80200b70 80200b70        0     1                 
80200b74 80200b74        0     1                 
80200b7c 80200b7c        0     1                 
80200b80 80200b80        0     1                 
80200b84 80200b84        0     1                 
80200ba6 80200ba6        0     1                 
80200ba8 80200ba8        0     1                 
80200bb4 80200bb4        0     1                 
80200bb4 80200bb4        0     1                 
80200bbe 80200bbe        0     1                 
80200bbe 80200bbe        0     1                 
80200bbe 80200bbe        0     1                 
80200bbe 80200bbe        0     1                 
80200bbe 80200bbe        0     1                 
80200bbe 80200bbe      18a     1                 add_ptbl_entry
80200bc0 80200bc0        0     1                 
80200bce 80200bce        0     1                 
80200bd8 80200bd8        0     1                 
80200be0 80200be0        0     1                 
80200bf0 80200bf0        0     1                 
80200bf0 80200bf0        0     1                 
80200c02 80200c02        0     1                 
80200c02 80200c02        0     1                 
80200c14 80200c14        0     1                 
80200c14 80200c14        0     1                 
80200c24 80200c24        0     1                 
80200c24 80200c24        0     1                 
80200c48 80200c48        0     1                 
80200c4a 80200c4a        0     1                 
80200c4c 80200c4c        0     1                 
80200c50 80200c50        0     1                 
80200c52 80200c52        0     1                 
80200c56 80200c56        0     1                 
80200c5a 80200c5a        0     1                 
80200c5e 80200c5e        0     1                 
80200c60 80200c60        0     1                 
80200c60 80200c60        0     1                 
80200c68 80200c68        0     1                 
80200c6a 80200c6a        0     1                 
80200c6c 80200c6c        0     1                 
80200c74 80200c74        0     1                 
80200c78 80200c78        0     1                 
80200c7c 80200c7c        0     1                 
80200c9e 80200c9e        0     1                 
80200ca0 80200ca0        0     1                 
80200cae 80200cae        0     1                 
80200cae 80200cae        0     1                 
80200cb2 80200cb2        0     1                 
80200cb6 80200cb6        0     1                 
80200cb8 80200cb8        0     1                 
80200cdc 80200cdc        0     1                 
80200cde 80200cde        0     1                 
80200d02 80200d02        0     1                 
80200d04 80200d04        0     1                 
80200d0c 80200d0c        0     1                 
80200d10 80200d10        0     1                 
80200d14 80200d14        0     1                 
80200d14 80200d14        0     1                 
80200d18 80200d18        0     1                 
80200d24 80200d24        0     1                 
80200d2c 80200d2c        0     1                 
80200d34 80200d34        0     1                 
80200d36 80200d36        0     1                 
80200d48 80200d48        0     1                 
80200d48 80200d48        0     1                 
80200d48 80200d48        0     1                 
80200d48 80200d48        0     1                 
80200d48 80200d48        0     1                 
80200d48 80200d48        0     1                 
80200d48 80200d48       84     1                 free_proc_pages
80200d4a 80200d4a        0     1                 
80200d64 80200d64        0     1                 
80200d64 80200d64        0     1                 
80200d66 80200d66        0     1                 
80200d6a 80200d6a        0     1                 
80200d6a 80200d6a        0     1                 
80200d76 80200d76        0     1                 
80200d7a 80200d7a        0     1                 
80200d7c 80200d7c        0     1                 
80200d82 80200d82        0     1                 
80200d8a 80200d8a        0     1                 
80200d8a 80200d8a        0     1                 
80200d8e 80200d8e        0     1                 
80200d90 80200d90        0     1                 
80200d90 80200d90        0     1                 
80200d92 80200d92        0     1                 
80200d9a 80200d9a        0     1                 
80200d9e 80200d9e        0     1                 
80200daa 80200daa        0     1                 
80200dae 80200dae        0     1                 
80200db4 80200db4        0     1                 
80200db4 80200db4        0     1                 
80200dc0 80200dc0        0     1                 
80200dc4 80200dc4        0     1                 
80200dca 80200dca        0     1                 
80200dca 80200dca        0     1                 
80200dcc 80200dcc        0     1                 
80200dcc 80200dcc        0     1                 
80200dcc 80200dcc      3f0     4         build/trap_k.o:(.text)
80200dcc 80200dcc        0     1                 
80200dcc 80200dcc        0     1                 
80200dcc 80200dcc        0     1                 
80200dcc 80200dcc      2ec     1                 handle_syscall
80200dce 80200dce        0     1                 
80200dd2 80200dd2        0     1                 
80200dd4 80200dd4        0     1                 
80200df2 80200df2        0     1                 
80200dfc 80200dfc        0     1                 
80200e4e 80200e4e        0     1                 .LBB0_2
80200e4e 80200e4e        0     1                 
80200e5a 80200e5a        0     1                 
80200e5a 80200e5a        0     1                 
80200e6c 80200e6c        0     1                 .LBB0_3
80200e6c 80200e6c        0     1                 
80200e74 80200e74        0     1                 
80200e74 80200e74        0     1                 
80200e82 80200e82        0     1                 .LBB0_4
80200e82 80200e82        0     1                 
80200e8c 80200e8c        0     1                 .LBB0_5
80200e8c 80200e8c        0     1                 
80200e96 80200e96        0     1                 
80200e98 80200e98        0     1                 .LBB0_6
80200ea0 80200ea0        0     1                 
80200ea4 80200ea4        0     1                 
80200ea6 80200ea6        0     1                 
80200eaa 80200eaa        0     1                 
80200eb4 80200eb4        0     1                 
80200ebc 80200ebc        0     1                 .LBB0_10
80200ebc 80200ebc        0     1                 
80200ec6 80200ec6        0     1                 
80200ec6 80200ec6        0     1                 
80200ec8 80200ec8        0     1                 .LBB0_11
80200ec8 80200ec8        0     1                 
80200ed2 80200ed2        0     1                 
80200ed2 80200ed2        0     1                 
80200ed4 80200ed4        0     1                 .LBB0_12
80200ed4 80200ed4        0     1                 
80200ede 80200ede        0     1                 
80200ee6 80200ee6        0     1                 .LBB0_13
80200ee6 80200ee6        0     1                 
80200ef6 80200ef6        0     1                 
80200ef6 80200ef6        0     1                 
80200efa 80200efa        0     1                 
80200f06 80200f06        0     1                 
80200f0c 80200f0c        0     1                 .LBB0_15
80200f0c 80200f0c        0     1                 
80200f18 80200f18        0     1                 
80200f18 80200f18        0     1                 
80200f1a 80200f1a        0     1                 .LBB0_16
80200f1a 80200f1a        0     1                 
80200f3a 80200f3a        0     1                 
80200f44 80200f44        0     1                 
80200f4c 80200f4c        0     1                 .LBB0_17
80200f4c 80200f4c        0     1                 
80200f56 80200f56        0     1                 
80200f5e 80200f5e        0     1                 .LBB0_18
80200f5e 80200f5e        0     1                 
80200f66 80200f66        0     1                 
80200f6e 80200f6e        0     1                 .LBB0_19
80200f6e 80200f6e        0     1                 
80200f78 80200f78        0     1                 
80200f80 80200f80        0     1                 .LBB0_20
80200f80 80200f80        0     1                 
80200f88 80200f88        0     1                 
80200f90 80200f90        0     1                 .LBB0_21
80200f90 80200f90        0     1                 
80200f9a 80200f9a        0     1                 
80200f9a 80200f9a        0     1                 
80200f9c 80200f9c        0     1                 .LBB0_22
80200f9c 80200f9c        0     1                 
80200fa6 80200fa6        0     1                 
80200fa6 80200fa6        0     1                 
80200fa8 80200fa8        0     1                 .LBB0_23
80200fa8 80200fa8        0     1                 
80200fb2 80200fb2        0     1                 
80200fb2 80200fb2        0     1                 
80200fb4 80200fb4        0     1                 .LBB0_24
80200fb4 80200fb4        0     1                 
80200fbe 80200fbe        0     1                 
80200fbe 80200fbe        0     1                 
80200fc0 80200fc0        0     1                 .LBB0_25
80200fc0 80200fc0        0     1                 
80200fca 80200fca        0     1                 
80200fca 80200fca        0     1                 
80200fcc 80200fcc        0     1                 
80200fcc 80200fcc        0     1                 .LBB0_26
80200fcc 80200fcc        0     1                 
80200fd0 80200fd0        0     1                 
80200fd4 80200fd4        0     1                 
80200fd8 80200fd8        0     1                 
80200fdc 80200fdc        0     1                 
80200fe0 80200fe0        0     1                 
80200fe4 80200fe4        0     1                 
80200fe8 80200fe8        0     1                 
80200fec 80200fec        0     1                 
80200fec 80200fec        0     1                 
80200ff8 80200ff8        0     1                 
80200ff8 80200ff8        0     1                 
80200ffa 80200ffa        0     1                 
80200ffa 80200ffa        0     1                 .LBB0_27
80200ffa 80200ffa        0     1                 
80201002 80201002        0     1                 
8020100a 8020100a        0     1                 .LBB0_28
8020100a 8020100a        0     1                 
80201012 80201012        0     1                 
80201016 80201016        0     1                 .LBB0_29
80201016 80201016        0     1                 
80201020 80201020        0     1                 
80201020 80201020        0     1                 
8020103a 8020103a        0     1                 
80201042 80201042        0     1                 .LBB0_32
80201042 80201042        0     1                 
8020104a 8020104a        0     1                 
80201052 80201052        0     1                 
80201054 80201054        0     1                 
80201058 80201058        0     1                 
80201076 80201076        0     1                 
80201078 80201078        0     1                 
8020107c 8020107c        0     1                 
8020108c 8020108c        0     1                 
8020108e 8020108e        0     1                 
80201094 80201094        0     1                 
80201096 80201096        0     1                 
80201098 80201098        0     1                 
802010b6 802010b6        0     1                 
802010b8 802010b8        0     1                 
802010b8 802010b8        0     1                 
802010b8 802010b8        0     1                 
802010b8 802010b8        0     1                 
802010b8 802010b8        0     1                 
802010b8 802010b8       68     1                 handle_trap
802010ba 802010ba        0     1                 
802010ba 802010ba        0     1                 
802010ba 802010ba        0     1                 
802010be 802010be        0     1                 
802010c2 802010c2        0     1                 
802010c2 802010c2        0     1                 
802010c6 802010c6        0     1                 
802010c6 802010c6        0     1                 
802010ca 802010ca        0     1                 
802010cc 802010cc        0     1                 
802010cc 802010cc        0     1                 
802010d0 802010d0        0     1                 
802010d8 802010d8        0     1                 
802010d8 802010d8        0     1                 
802010dc 802010dc        0     1                 
802010e0 802010e0        0     1                 
802010e8 802010e8        0     1                 
802010fa 802010fa        0     1                 
802010fa 802010fa        0     1                 
8020111e 8020111e        0     1                 
80201120 80201120        0     1                 
80201120 80201120        0     1                 
80201120 80201120        0     1                 
80201120 80201120        0     1                 
80201120 80201120        0     1                 
80201120 80201120        0     1                 
80201120 80201120       9c     1                 switch_trap
802011bc 802011bc        0     1                 
802011bc 802011bc        0     1                 
802011bc 802011bc      34c     4         build/pcb_k.o:(.text)
802011bc 802011bc        0     1                 
802011bc 802011bc        0     1                 
802011bc 802011bc        0     1                 
802011bc 802011bc       3c     1                 switch_umode
802011be 802011be        0     1                 
802011c0 802011c0        0     1                 
802011c8 802011c8        0     1                 
802011d4 802011d4        0     1                 
802011f6 802011f6        0     1                 
802011f8 802011f8        0     1                 
802011f8 802011f8        0     1                 
802011f8 802011f8        0     1                 
802011f8 802011f8        0     1                 
802011f8 802011f8        0     1                 
802011f8 802011f8      2dc     1                 spawn_proc
802011fa 802011fa        0     1                 
8020120e 8020120e        0     1                 
80201216 80201216        0     1                 
8020121a 8020121a        0     1                 
8020121c 8020121c        0     1                 
8020121e 8020121e        0     1                 
80201222 80201222        0     1                 
80201224 80201224        0     1                 
80201230 80201230        0     1                 
80201234 80201234        0     1                 
80201236 80201236        0     1                 
8020123a 8020123a        0     1                 
8020123e 8020123e        0     1                 
80201240 80201240        0     1                 
80201250 80201250        0     1                 
80201252 80201252        0     1                 
80201254 80201254        0     1                 
8020125a 8020125a        0     1                 
8020125c 8020125c        0     1                 
8020125e 8020125e        0     1                 
8020126e 8020126e        0     1                 
80201270 80201270        0     1                 
80201272 80201272        0     1                 
80201278 80201278        0     1                 
8020127a 8020127a        0     1                 
8020127c 8020127c        0     1                 
8020128c 8020128c        0     1                 
8020128e 8020128e        0     1                 
80201290 80201290        0     1                 
80201296 80201296        0     1                 
80201298 80201298        0     1                 
8020129a 8020129a        0     1                 
802012aa 802012aa        0     1                 
802012ac 802012ac        0     1                 
802012ae 802012ae        0     1                 
802012b4 802012b4        0     1                 
802012b6 802012b6        0     1                 
802012b8 802012b8        0     1                 
802012d6 802012d6        0     1                 
802012d8 802012d8        0     1                 
8020130a 8020130a        0     1                 
80201312 80201312        0     1                 
80201316 80201316        0     1                 
8020131a 8020131a        0     1                 
80201328 80201328        0     1                 
80201328 80201328        0     1                 
8020132a 8020132a        0     1                 
8020132e 8020132e        0     1                 
8020132e 8020132e        0     1                 
8020135e 8020135e        0     1                 
8020135e 8020135e        0     1                 
80201362 80201362        0     1                 
80201366 80201366        0     1                 
80201368 80201368        0     1                 
80201370 80201370        0     1                 
8020137a 8020137a        0     1                 
8020137e 8020137e        0     1                 
80201388 80201388        0     1                 
8020138a 8020138a        0     1                 
8020138e 8020138e        0     1                 
8020139e 8020139e        0     1                 
802013a0 802013a0        0     1                 
802013a2 802013a2        0     1                 
802013ac 802013ac        0     1                 
802013ac 802013ac        0     1                 
802013ae 802013ae        0     1                 
802013b0 802013b0        0     1                 
802013c0 802013c0        0     1                 
802013c4 802013c4        0     1                 
802013c8 802013c8        0     1                 
802013d6 802013d6        0     1                 
802013d6 802013d6        0     1                 
802013dc 802013dc        0     1                 
802013e0 802013e0        0     1                 
802013f4 802013f4        0     1                 
802013f8 802013f8        0     1                 
80201406 80201406        0     1                 
80201406 80201406        0     1                 
80201408 80201408        0     1                 
8020140c 8020140c        0     1                 
80201414 80201414        0     1                 
80201418 80201418        0     1                 
80201424 80201424        0     1                 
80201428 80201428        0     1                 
80201432 80201432        0     1                 
80201432 80201432        0     1                 
80201436 80201436        0     1                 
8020143a 8020143a        0     1                 
80201446 80201446        0     1                 
80201446 80201446        0     1                 
80201448 80201448        0     1                 
80201450 80201450        0     1                 
80201454 80201454        0     1                 
8020145e 8020145e        0     1                 
8020145e 8020145e        0     1                 
80201462 80201462        0     1                 
80201468 80201468        0     1                 
8020146a 8020146a        0     1                 
8020146e 8020146e        0     1                 
80201488 80201488        0     1                 
802014ac 802014ac        0     1                 
802014ae 802014ae        0     1                 
802014d2 802014d2        0     1                 
802014d4 802014d4        0     1                 
802014d4 802014d4        0     1                 
802014d4 802014d4        0     1                 
802014d4 802014d4        0     1                 
802014d4 802014d4        0     1                 
802014d4 802014d4        0     1                 
802014d4 802014d4       34     1                 free_proc
802014d6 802014d6        0     1                 
802014d8 802014d8        0     1                 
802014da 802014da        0     1                 
802014dc 802014dc        0     1                 
802014de 802014de        0     1                 
802014e2 802014e2        0     1                 
802014e6 802014e6        0     1                 
802014ea 802014ea        0     1                 
802014ee 802014ee        0     1                 
802014f2 802014f2        0     1                 
802014f6 802014f6        0     1                 
802014fa 802014fa        0     1                 
802014fe 802014fe        0     1                 
80201506 80201506        0     1                 
80201508 80201508        0     1                 
80201508 80201508        0     1                 
80201508 80201508      358     4         build/program_k.o:(.text)
80201508 80201508        0     1                 
80201508 80201508        0     1                 
80201508 80201508        0     1                 
80201508 80201508        0     1                 
80201508 80201508       46     1                 switch_proc
8020154e 8020154e        0     1                 
8020154e 8020154e        0     1                 
8020154e 8020154e        0     1                 
8020154e 8020154e        0     1                 
8020154e 8020154e        0     1                 
8020154e 8020154e        0     1                 
8020154e 8020154e       14     1                 Flush_TLB
80201550 80201550        0     1                 
80201552 80201552        0     1                 
80201556 80201556        0     1                 
80201558 80201558        0     1                 
80201560 80201560        0     1                 
80201562 80201562        0     1                 
80201562 80201562        0     1                 
80201562 80201562        0     1                 
80201562 80201562        0     1                 
80201562 80201562        0     1                 
80201562 80201562        0     1                 
80201562 80201562      2fe     1                 yield
8020156a 8020156a        0     1                 
80201570 80201570        0     1                 
80201574 80201574        0     1                 
8020157a 8020157a        0     1                 
8020157e 8020157e        0     1                 
80201580 80201580        0     1                 
80201584 80201584        0     1                 
80201588 80201588        0     1                 
8020158a 8020158a        0     1                 
80201592 80201592        0     1                 
80201592 80201592        0     1                 
802015a2 802015a2        0     1                 
802015a4 802015a4        0     1                 
802015a8 802015a8        0     1                 
802015b8 802015b8        0     1                 
802015bc 802015bc        0     1                 
802015c8 802015c8        0     1                 
802015d8 802015d8        0     1                 
802015da 802015da        0     1                 
802015de 802015de        0     1                 
802015f0 802015f0        0     1                 
802015f4 802015f4        0     1                 
802015f8 802015f8        0     1                 
80201606 80201606        0     1                 
80201608 80201608        0     1                 
8020160c 8020160c        0     1                 
8020161e 8020161e        0     1                 
80201622 80201622        0     1                 
8020162a 8020162a        0     1                 
8020162e 8020162e        0     1                 
8020163e 8020163e        0     1                 
80201640 80201640        0     1                 
80201644 80201644        0     1                 
80201656 80201656        0     1                 
8020165a 8020165a        0     1                 
8020165e 8020165e        0     1                 
8020166c 8020166c        0     1                 
8020166e 8020166e        0     1                 
80201672 80201672        0     1                 
80201684 80201684        0     1                 
80201688 80201688        0     1                 
80201690 80201690        0     1                 
80201694 80201694        0     1                 
802016a4 802016a4        0     1                 
802016a6 802016a6        0     1                 
802016aa 802016aa        0     1                 
802016bc 802016bc        0     1                 
802016c0 802016c0        0     1                 
802016c4 802016c4        0     1                 
802016d2 802016d2        0     1                 
802016d4 802016d4        0     1                 
802016d8 802016d8        0     1                 
802016ea 802016ea        0     1                 
802016ee 802016ee        0     1                 
802016f6 802016f6        0     1                 
802016fa 802016fa        0     1                 
8020170a 8020170a        0     1                 
8020170c 8020170c        0     1                 
80201710 80201710        0     1                 
80201722 80201722        0     1                 
80201726 80201726        0     1                 
8020172a 8020172a        0     1                 
80201738 80201738        0     1                 
8020173a 8020173a        0     1                 
8020173e 8020173e        0     1                 
80201750 80201750        0     1                 
80201754 80201754        0     1                 
8020175c 8020175c        0     1                 
80201760 80201760        0     1                 
80201770 80201770        0     1                 
80201772 80201772        0     1                 
80201776 80201776        0     1                 
80201788 80201788        0     1                 
8020178c 8020178c        0     1                 
80201790 80201790        0     1                 
8020179e 8020179e        0     1                 
802017a0 802017a0        0     1                 
802017a4 802017a4        0     1                 
802017b6 802017b6        0     1                 
802017ba 802017ba        0     1                 
802017c6 802017c6        0     1                 
802017d6 802017d6        0     1                 
802017d8 802017d8        0     1                 
802017dc 802017dc        0     1                 
802017ee 802017ee        0     1                 
802017f2 802017f2        0     1                 
802017f2 802017f2        0     1                 
80201804 80201804        0     1                 
80201806 80201806        0     1                 
8020180a 8020180a        0     1                 
8020180e 8020180e        0     1                 
80201812 80201812        0     1                 
8020181a 8020181a        0     1                 
8020181c 8020181c        0     1                 
8020181e 8020181e        0     1                 
80201820 80201820        0     1                 
80201822 80201822        0     1                 
80201826 80201826        0     1                 
80201828 80201828        0     1                 
8020182c 8020182c        0     1                 
8020182e 8020182e        0     1                 
80201836 80201836        0     1                 
80201836 80201836        0     1                 
8020183e 8020183e        0     1                 
80201846 80201846        0     1                 
8020184a 8020184a        0     1                 
8020184c 8020184c        0     1                 
80201850 80201850        0     1                 
80201858 80201858        0     1                 
8020185c 8020185c        0     1                 
80201860 80201860        0     1                 
80201860 80201860        0     1                 
80201860 80201860      2fe     4         build/app.o:(.text)
80201860 80201860        0     1                 
80201860 80201860        0     1                 
80201860 80201860        0     1                 
80201860 80201860      14c     1                 init_app
80201862 80201862        0     1                 
80201866 80201866        0     1                 
80201868 80201868        0     1                 
80201868 80201868        0     1                 
8020186e 8020186e        0     1                 
80201870 80201870        0     1                 
80201872 80201872        0     1                 
80201876 80201876        0     1                 
8020187a 8020187a        0     1                 
8020187c 8020187c        0     1                 
80201880 80201880        0     1                 
80201884 80201884        0     1                 
80201886 80201886        0     1                 
8020188a 8020188a        0     1                 
8020188e 8020188e        0     1                 
80201890 80201890        0     1                 
80201894 80201894        0     1                 
80201898 80201898        0     1                 
8020189a 8020189a        0     1                 
8020189e 8020189e        0     1                 
802018a0 802018a0        0     1                 
802018a4 802018a4        0     1                 
802018a8 802018a8        0     1                 
802018aa 802018aa        0     1                 
802018ae 802018ae        0     1                 
802018b2 802018b2        0     1                 
802018b4 802018b4        0     1                 
802018b8 802018b8        0     1                 
802018bc 802018bc        0     1                 
802018be 802018be        0     1                 
802018c2 802018c2        0     1                 
802018c6 802018c6        0     1                 
802018c8 802018c8        0     1                 
802018cc 802018cc        0     1                 
802018d0 802018d0        0     1                 
802018d2 802018d2        0     1                 
802018d6 802018d6        0     1                 
802018d6 802018d6        0     1                 
802018de 802018de        0     1                 
802018e0 802018e0        0     1                 
802018e4 802018e4        0     1                 
802018e6 802018e6        0     1                 
802018e8 802018e8        0     1                 
802018ea 802018ea        0     1                 
802018ec 802018ec        0     1                 
802018ee 802018ee        0     1                 
802018f6 802018f6        0     1                 
802018f8 802018f8        0     1                 
802018fa 802018fa        0     1                 
802018fc 802018fc        0     1                 
802018fe 802018fe        0     1                 
80201906 80201906        0     1                 
80201908 80201908        0     1                 
8020190a 8020190a        0     1                 
8020190c 8020190c        0     1                 
8020190e 8020190e        0     1                 
80201916 80201916        0     1                 
80201918 80201918        0     1                 
8020191a 8020191a        0     1                 
8020191c 8020191c        0     1                 
8020191e 8020191e        0     1                 
80201926 80201926        0     1                 
8020192a 8020192a        0     1                 
8020192c 8020192c        0     1                 
80201930 80201930        0     1                 
80201932 80201932        0     1                 
8020194e 8020194e        0     1                 
80201950 80201950        0     1                 
80201976 80201976        0     1                 
8020198c 8020198c        0     1                 
802019a2 802019a2        0     1                 
802019a2 802019a2        0     1                 
802019ac 802019ac        0     1                 
802019ac 802019ac        0     1                 
802019ac 802019ac        0     1                 
802019ac 802019ac        0     1                 
802019ac 802019ac        0     1                 
802019ac 802019ac       4c     1                 start_app
802019ae 802019ae        0     1                 
802019b0 802019b0        0     1                 
802019b4 802019b4        0     1                 
802019b8 802019b8        0     1                 
802019c8 802019c8        0     1                 
802019ca 802019ca        0     1                 
802019cc 802019cc        0     1                 
802019d4 802019d4        0     1                 
802019d4 802019d4        0     1                 
802019d6 802019d6        0     1                 
802019dc 802019dc        0     1                 
802019f6 802019f6        0     1                 
802019f8 802019f8        0     1                 
802019f8 802019f8        0     1                 
802019f8 802019f8        0     1                 
802019f8 802019f8        0     1                 
802019f8 802019f8        0     1                 
802019f8 802019f8      104     1                 get_app_id
802019fa 802019fa        0     1                 
80201a00 80201a00        0     1                 
80201a02 80201a02        0     1                 
80201a02 80201a02        0     1                 
80201a16 80201a16        0     1                 
80201a16 80201a16        0     1                 
80201a18 80201a18        0     1                 
80201a1c 80201a1c        0     1                 
80201a26 80201a26        0     1                 
80201a26 80201a26        0     1                 
80201a28 80201a28        0     1                 
80201a34 80201a34        0     1                 
80201a3e 80201a3e        0     1                 
80201a3e 80201a3e        0     1                 
80201a40 80201a40        0     1                 
80201a44 80201a44        0     1                 
80201a4e 80201a4e        0     1                 
80201a4e 80201a4e        0     1                 
80201a50 80201a50        0     1                 
80201a5c 80201a5c        0     1                 
80201a66 80201a66        0     1                 
80201a66 80201a66        0     1                 
80201a68 80201a68        0     1                 
80201a6c 80201a6c        0     1                 
80201a76 80201a76        0     1                 
80201a76 80201a76        0     1                 
80201a78 80201a78        0     1                 
80201a84 80201a84        0     1                 
80201a8e 80201a8e        0     1                 
80201a8e 80201a8e        0     1                 
80201a90 80201a90        0     1                 
80201a94 80201a94        0     1                 
80201a9e 80201a9e        0     1                 
80201a9e 80201a9e        0     1                 
80201aa0 80201aa0        0     1                 
80201aac 80201aac        0     1                 
80201ab6 80201ab6        0     1                 
80201ab6 80201ab6        0     1                 
80201ab8 80201ab8        0     1                 
80201abc 80201abc        0     1                 
80201ac6 80201ac6        0     1                 
80201aca 80201aca        0     1                 
80201acc 80201acc        0     1                 
80201acc 80201acc        0     1                 
80201af2 80201af2        0     1                 
80201afc 80201afc        0     1                 
80201afc 80201afc        0     1                 
80201afc 80201afc        0     1                 
80201afc 80201afc        0     1                 
80201afc 80201afc        0     1                 
80201afc 80201afc       62     1                 get_app_name
80201afe 80201afe        0     1                 
80201b00 80201b00        0     1                 
80201b04 80201b04        0     1                 
80201b08 80201b08        0     1                 
80201b24 80201b24        0     1                 
80201b26 80201b26        0     1                 
80201b34 80201b34        0     1                 
80201b58 80201b58        0     1                 
80201b5e 80201b5e        0     1                 
80201b5e 80201b5e        0     1                 
80201b60 80201b60      608     4         build/sockets.o:(.text)
80201b60 80201b60        0     1                 
80201b60 80201b60        0     1                 
80201b60 80201b60        0     1                 
80201b60 80201b60       4e     1                 read_rsocket
80201b62 80201b62        0     1                 
80201b64 80201b64        0     1                 
80201b68 80201b68        0     1                 
80201b6c 80201b6c        0     1                 
80201b86 80201b86        0     1                 
80201b88 80201b88        0     1                 
80201b90 80201b90        0     1                 
80201ba4 80201ba4        0     1                 
80201ba8 80201ba8        0     1                 
80201bae 80201bae        0     1                 
80201bae 80201bae        0     1                 
80201bae 80201bae        0     1                 
80201bae 80201bae        0     1                 
80201bae 80201bae        0     1                 
80201bae 80201bae       4c     1                 write_rsocket
80201bb0 80201bb0        0     1                 
80201bb2 80201bb2        0     1                 
80201bb6 80201bb6        0     1                 
80201bba 80201bba        0     1                 
80201bd4 80201bd4        0     1                 
80201bd6 80201bd6        0     1                 
80201be4 80201be4        0     1                 
80201bf0 80201bf0        0     1                 
80201bf4 80201bf4        0     1                 
80201bfa 80201bfa        0     1                 
80201bfa 80201bfa        0     1                 
80201bfa 80201bfa        0     1                 
80201bfa 80201bfa        0     1                 
80201bfa 80201bfa        0     1                 
80201bfa 80201bfa       7e     1                 read_socket
80201bfc 80201bfc        0     1                 
80201bfe 80201bfe        0     1                 
80201c02 80201c02        0     1                 
80201c06 80201c06        0     1                 
80201c22 80201c22        0     1                 
80201c24 80201c24        0     1                 
80201c2a 80201c2a        0     1                 
80201c2e 80201c2e        0     1                 
80201c48 80201c48        0     1                 
80201c4a 80201c4a        0     1                 
80201c52 80201c52        0     1                 
80201c56 80201c56        0     1                 
80201c58 80201c58        0     1                 
80201c6e 80201c6e        0     1                 
80201c72 80201c72        0     1                 
80201c78 80201c78        0     1                 
80201c78 80201c78        0     1                 
80201c78 80201c78        0     1                 
80201c78 80201c78        0     1                 
80201c78 80201c78        0     1                 
80201c78 80201c78       7c     1                 write_socket
80201c7a 80201c7a        0     1                 
80201c7c 80201c7c        0     1                 
80201c80 80201c80        0     1                 
80201c84 80201c84        0     1                 
80201c9e 80201c9e        0     1                 
80201ca0 80201ca0        0     1                 
80201ca6 80201ca6        0     1                 
80201caa 80201caa        0     1                 
80201cc6 80201cc6        0     1                 
80201cc8 80201cc8        0     1                 
80201ccc 80201ccc        0     1                 
80201cce 80201cce        0     1                 
80201cda 80201cda        0     1                 
80201cdc 80201cdc        0     1                 
80201cea 80201cea        0     1                 
80201cee 80201cee        0     1                 
80201cf4 80201cf4        0     1                 
80201cf4 80201cf4        0     1                 
80201cf4 80201cf4        0     1                 
80201cf4 80201cf4        0     1                 
80201cf4 80201cf4        0     1                 
80201cf4 80201cf4       60     1                 claim_rsocket
80201cf6 80201cf6        0     1                 
80201cf8 80201cf8        0     1                 
80201cfc 80201cfc        0     1                 
80201d00 80201d00        0     1                 
80201d1c 80201d1c        0     1                 
80201d1e 80201d1e        0     1                 
80201d32 80201d32        0     1                 
80201d34 80201d34        0     1                 
80201d36 80201d36        0     1                 
80201d3e 80201d3e        0     1                 
80201d44 80201d44        0     1                 
80201d48 80201d48        0     1                 
80201d4a 80201d4a        0     1                 
80201d4e 80201d4e        0     1                 
80201d54 80201d54        0     1                 
80201d54 80201d54        0     1                 
80201d54 80201d54        0     1                 
80201d54 80201d54        0     1                 
80201d54 80201d54        0     1                 
80201d54 80201d54       60     1                 claim_socket
80201d56 80201d56        0     1                 
80201d58 80201d58        0     1                 
80201d5c 80201d5c        0     1                 
80201d60 80201d60        0     1                 
80201d7c 80201d7c        0     1                 
80201d7e 80201d7e        0     1                 
80201d92 80201d92        0     1                 
80201d94 80201d94        0     1                 
80201d96 80201d96        0     1                 
80201d9e 80201d9e        0     1                 
80201da4 80201da4        0     1                 
80201da8 80201da8        0     1                 
80201daa 80201daa        0     1                 
80201dae 80201dae        0     1                 
80201db4 80201db4        0     1                 
80201db4 80201db4        0     1                 
80201db4 80201db4        0     1                 
80201db4 80201db4        0     1                 
80201db4 80201db4        0     1                 
80201db4 80201db4       42     1                 unclaim_rsocket
80201db6 80201db6        0     1                 
80201db8 80201db8        0     1                 
80201dbc 80201dbc        0     1                 
80201dc0 80201dc0        0     1                 
80201ddc 80201ddc        0     1                 
80201dde 80201dde        0     1                 
80201dec 80201dec        0     1                 
80201df0 80201df0        0     1                 
80201df6 80201df6        0     1                 
80201df6 80201df6        0     1                 
80201df6 80201df6        0     1                 
80201df6 80201df6        0     1                 
80201df6 80201df6        0     1                 
80201df6 80201df6       42     1                 unclaim_socket
80201df8 80201df8        0     1                 
80201dfa 80201dfa        0     1                 
80201dfe 80201dfe        0     1                 
80201e02 80201e02        0     1                 
80201e1e 80201e1e        0     1                 
80201e20 80201e20        0     1                 
80201e2e 80201e2e        0     1                 
80201e32 80201e32        0     1                 
80201e38 80201e38        0     1                 
80201e38 80201e38        0     1                 
80201e38 80201e38        0     1                 
80201e38 80201e38        0     1                 
80201e38 80201e38        0     1                 
80201e38 80201e38      13c     1                 find_free_rsocket
80201e3a 80201e3a        0     1                 
80201e3a 80201e3a        0     1                 
80201e3c 80201e3c        0     1                 
80201e44 80201e44        0     1                 
80201e46 80201e46        0     1                 
80201e48 80201e48        0     1                 
80201e48 80201e48        0     1                 
80201e4c 80201e4c        0     1                 
80201e54 80201e54        0     1                 
80201e5a 80201e5a        0     1                 
80201e5e 80201e5e        0     1                 
80201e64 80201e64        0     1                 
80201e68 80201e68        0     1                 
80201e70 80201e70        0     1                 
80201e76 80201e76        0     1                 
80201e7a 80201e7a        0     1                 
80201e80 80201e80        0     1                 
80201e84 80201e84        0     1                 
80201e8c 80201e8c        0     1                 
80201e92 80201e92        0     1                 
80201e96 80201e96        0     1                 
80201e9c 80201e9c        0     1                 
80201ea0 80201ea0        0     1                 
80201ea8 80201ea8        0     1                 
80201eae 80201eae        0     1                 
80201eb2 80201eb2        0     1                 
80201eb8 80201eb8        0     1                 
80201ebc 80201ebc        0     1                 
80201ec0 80201ec0        0     1                 
80201ec6 80201ec6        0     1                 
80201eca 80201eca        0     1                 
80201eca 80201eca        0     1                 
80201ee8 80201ee8        0     1                 
80201eea 80201eea        0     1                 
80201eea 80201eea        0     1                 
80201eec 80201eec        0     1                 
80201ef4 80201ef4        0     1                 
80201ef8 80201ef8        0     1                 
80201efa 80201efa        0     1                 
80201efe 80201efe        0     1                 
80201f00 80201f00        0     1                 
80201f08 80201f08        0     1                 
80201f0c 80201f0c        0     1                 
80201f0e 80201f0e        0     1                 
80201f12 80201f12        0     1                 
80201f14 80201f14        0     1                 
80201f1c 80201f1c        0     1                 
80201f20 80201f20        0     1                 
80201f22 80201f22        0     1                 
80201f26 80201f26        0     1                 
80201f28 80201f28        0     1                 
80201f30 80201f30        0     1                 
80201f34 80201f34        0     1                 
80201f36 80201f36        0     1                 
80201f3a 80201f3a        0     1                 
80201f3c 80201f3c        0     1                 
80201f40 80201f40        0     1                 
80201f46 80201f46        0     1                 
80201f48 80201f48        0     1                 
80201f48 80201f48        0     1                 
80201f4e 80201f4e        0     1                 
80201f54 80201f54        0     1                 
80201f74 80201f74        0     1                 
80201f74 80201f74        0     1                 
80201f74 80201f74        0     1                 
80201f74 80201f74        0     1                 
80201f74 80201f74        0     1                 
80201f74 80201f74      13c     1                 find_free_socket
80201f76 80201f76        0     1                 
80201f76 80201f76        0     1                 
80201f78 80201f78        0     1                 
80201f80 80201f80        0     1                 
80201f82 80201f82        0     1                 
80201f84 80201f84        0     1                 
80201f84 80201f84        0     1                 
80201f88 80201f88        0     1                 
80201f90 80201f90        0     1                 
80201f96 80201f96        0     1                 
80201f9a 80201f9a        0     1                 
80201fa0 80201fa0        0     1                 
80201fa4 80201fa4        0     1                 
80201fac 80201fac        0     1                 
80201fb2 80201fb2        0     1                 
80201fb6 80201fb6        0     1                 
80201fbc 80201fbc        0     1                 
80201fc0 80201fc0        0     1                 
80201fc8 80201fc8        0     1                 
80201fce 80201fce        0     1                 
80201fd2 80201fd2        0     1                 
80201fd8 80201fd8        0     1                 
80201fdc 80201fdc        0     1                 
80201fe4 80201fe4        0     1                 
80201fea 80201fea        0     1                 
80201fee 80201fee        0     1                 
80201ff4 80201ff4        0     1                 
80201ff8 80201ff8        0     1                 
80201ffc 80201ffc        0     1                 
80202002 80202002        0     1                 
80202006 80202006        0     1                 
80202006 80202006        0     1                 
80202024 80202024        0     1                 
80202026 80202026        0     1                 
80202026 80202026        0     1                 
80202028 80202028        0     1                 
80202030 80202030        0     1                 
80202034 80202034        0     1                 
80202036 80202036        0     1                 
8020203a 8020203a        0     1                 
8020203c 8020203c        0     1                 
80202044 80202044        0     1                 
80202048 80202048        0     1                 
8020204a 8020204a        0     1                 
8020204e 8020204e        0     1                 
80202050 80202050        0     1                 
80202058 80202058        0     1                 
8020205c 8020205c        0     1                 
8020205e 8020205e        0     1                 
80202062 80202062        0     1                 
80202064 80202064        0     1                 
8020206c 8020206c        0     1                 
80202070 80202070        0     1                 
80202072 80202072        0     1                 
80202076 80202076        0     1                 
80202078 80202078        0     1                 
8020207c 8020207c        0     1                 
80202082 80202082        0     1                 
80202084 80202084        0     1                 
80202084 80202084        0     1                 
8020208a 8020208a        0     1                 
80202090 80202090        0     1                 
802020b0 802020b0        0     1                 
802020b0 802020b0        0     1                 
802020b0 802020b0        0     1                 
802020b0 802020b0        0     1                 
802020b0 802020b0        0     1                 
802020b0 802020b0       5c     1                 info_rsocket
802020b2 802020b2        0     1                 
802020b4 802020b4        0     1                 
802020b8 802020b8        0     1                 
802020bc 802020bc        0     1                 
802020d8 802020d8        0     1                 
802020da 802020da        0     1                 
802020e8 802020e8        0     1                 
802020ec 802020ec        0     1                 
802020f0 802020f0        0     1                 
802020f2 802020f2        0     1                 
802020f6 802020f6        0     1                 
802020f8 802020f8        0     1                 
802020fc 802020fc        0     1                 
802020fe 802020fe        0     1                 
80202102 80202102        0     1                 
80202104 80202104        0     1                 
80202106 80202106        0     1                 
8020210c 8020210c        0     1                 
8020210c 8020210c        0     1                 
8020210c 8020210c        0     1                 
8020210c 8020210c        0     1                 
8020210c 8020210c        0     1                 
8020210c 8020210c       5c     1                 info_socket
8020210e 8020210e        0     1                 
80202110 80202110        0     1                 
80202114 80202114        0     1                 
80202118 80202118        0     1                 
80202134 80202134        0     1                 
80202136 80202136        0     1                 
80202144 80202144        0     1                 
80202148 80202148        0     1                 
8020214c 8020214c        0     1                 
8020214e 8020214e        0     1                 
80202152 80202152        0     1                 
80202154 80202154        0     1                 
80202158 80202158        0     1                 
8020215a 8020215a        0     1                 
8020215e 8020215e        0     1                 
80202160 80202160        0     1                 
80202162 80202162        0     1                 
80202168 80202168        0     1                 
80202168 80202168        0     1                 
80202168 80202168      134     4         build/malloc.o:(.text)
80202168 80202168        0     1                 
80202168 80202168        0     1                 
80202168 80202168        0     1                 
80202168 80202168        0     1                 
80202168 80202168       6e     1                 malloc
8020216a 8020216a        0     1                 
8020216e 8020216e        0     1                 
80202172 80202172        0     1                 
80202172 80202172        0     1                 
8020218c 8020218c        0     1                 
80202192 80202192        0     1                 
80202194 80202194        0     1                 
8020219a 8020219a        0     1                 
8020219c 8020219c        0     1                 
802021a0 802021a0        0     1                 
802021a2 802021a2        0     1                 
802021a4 802021a4        0     1                 
802021a4 802021a4        0     1                 
802021a8 802021a8        0     1                 
802021ae 802021ae        0     1                 
802021b2 802021b2        0     1                 
802021ba 802021ba        0     1                 
802021be 802021be        0     1                 
802021c2 802021c2        0     1                 
802021c4 802021c4        0     1                 
802021c4 802021c4        0     1                 
802021cc 802021cc        0     1                 
802021d0 802021d0        0     1                 
802021d0 802021d0        0     1                 
802021d2 802021d2        0     1                 
802021d4 802021d4        0     1                 
802021d6 802021d6        0     1                 
802021d6 802021d6        0     1                 
802021d6 802021d6        0     1                 
802021d6 802021d6        0     1                 
802021d6 802021d6        0     1                 
802021d6 802021d6       46     1                 init_malloc
802021d8 802021d8        0     1                 
802021d8 802021d8        0     1                 
802021da 802021da        0     1                 
802021e6 802021e6        0     1                 
802021e6 802021e6        0     1                 
802021f6 802021f6        0     1                 
80202200 80202200        0     1                 
80202200 80202200        0     1                 
80202214 80202214        0     1                 
8020221c 8020221c        0     1                 
8020221c 8020221c        0     1                 
8020221c 8020221c        0     1                 
8020221c 8020221c        0     1                 
8020221c 8020221c        0     1                 
8020221c 8020221c       80     1                 free
8020221e 8020221e        0     1                 
8020221e 8020221e        0     1                 
80202224 80202224        0     1                 
80202226 80202226        0     1                 
8020222e 8020222e        0     1                 
80202244 80202244        0     1                 
80202248 80202248        0     1                 
8020224c 8020224c        0     1                 
80202250 80202250        0     1                 
80202252 80202252        0     1                 
80202254 80202254        0     1                 
80202264 80202264        0     1                 
80202266 80202266        0     1                 
8020226a 8020226a        0     1                 
80202274 80202274        0     1                 
80202278 80202278        0     1                 
8020227c 8020227c        0     1                 
80202286 80202286        0     1                 
80202286 80202286        0     1                 
80202294 80202294        0     1                 
8020229c 8020229c        0     1                 
8020229c 8020229c        0     1                 
8020229c 8020229c      acc     4 .rodata
8020229c 8020229c      9b8     1         <internal>:(.rodata)
80202c54 80202c54       58     4         build/print_k.o:(.rodata)
80202c54 80202c54        0     1                 .LJTI0_0
80202cac 80202cac       58     4         build/str.o:(.rodata)
80202cac 80202cac        0     1                 .LJTI2_0
80202d04 80202d04       64     4         build/trap_k.o:(.rodata)
80202d04 80202d04        0     1                 .LJTI0_0
80202d68 80202d68    26fb0     4 .data
80202d68 80202d68     9e70     1         bronx.o:(.data)
80202d68 80202d68        0     1                 _binary_bronx_bin_start
8020cbd8 8020cbd8        0     1                 _binary_bronx_bin_end
8020cbd8 8020cbd8     8240     1         init.o:(.data)
8020cbd8 8020cbd8        0     1                 _binary_init_bin_start
80214e18 80214e18        0     1                 _binary_init_bin_end
80214e18 80214e18     c5a0     1         snak.o:(.data)
80214e18 80214e18        0     1                 _binary_snak_bin_start
802213b8 802213b8        0     1                 _binary_snak_bin_end
802213b8 802213b8     8960     1         test.o:(.data)
802213b8 802213b8        0     1                 _binary_test_bin_start
80229d18 80229d18        0     1                 _binary_test_bin_end
80229d18 80229d18     8128     4 .bss
80229d18 80229d18        0     1         __bss = .
80229d18 80229d18        4     4         build/memory.o:(.sbss)
80229d18 80229d18        4     1                 nextfreepageframe
80229d1c 80229d1c        8     4         build/pcb_k.o:(.sbss)
80229d1c 80229d1c        4     1                 currproc
80229d20 80229d20        4     1                 idleproc
80229d24 80229d24     30f0     4         build/pcb_k.o:(.bss)
80229d24 80229d24     30f0     1                 proclist
8022ce14 8022ce14       a0     4         build/app.o:(.bss)
8022ce14 8022ce14       a0     1                 app_list
8022ceb4 8022ceb4     2878     4         build/sockets.o:(.bss)
8022ceb4 8022ceb4       28     1                 rsockets
8022cedc 8022cedc       28     1                 rsocket_info
8022cf04 8022cf04     2800     1                 sockets
8022f704 8022f704       28     1                 socket_info
8022f72c 8022f72c        4     4         build/malloc.o:(.sbss)
8022f72c 8022f72c        4     1                 mallocbuffer
8022f730 8022f730     2710     1         build/malloc.o:(.bss)
8022f730 8022f730     2710     1                 mallocmetabuffer
80231e40 80231e40        0     1         __bss_end = .
80231e40 80231e40        0     1 . = ALIGN ( 4 )
80231e40 80231e40    20000     1 . += 128 * 1024
80251e40 80251e40        0     1 __stack_top = .
80251e40 80251e40      1c0     1 . = ALIGN ( 4096 )
80252000 80252000        0     1 __free_ram_start = .
80252000 80252000  2000000     1 . += 32 * 1024 * 1024
82252000 82252000        0     1 __free_ram_end = .
       0        0     11da     1 .debug_loclists
       0        0       1a     1         build/main.o:(.debug_loclists)
       c        c        0     1                 
      1a       1a      115     1         build/print_k.o:(.debug_loclists)
      26       26        0     1                 
     12f      12f      10c     1         build/SBI.o:(.debug_loclists)
     13b      13b        0     1                 
     23b      23b       66     1         build/mem.o:(.debug_loclists)
     247      247        0     1                 
     2a1      2a1      1a1     1         build/str.o:(.debug_loclists)
     2ad      2ad        0     1                 
     442      442      19a     1         build/oa.o:(.debug_loclists)
     44e      44e        0     1                 
     5dc      5dc      1b4     1         build/memory.o:(.debug_loclists)
     5e8      5e8        0     1                 
     790      790      238     1         build/trap_k.o:(.debug_loclists)
     79c      79c        0     1                 
     9c8      9c8      173     1         build/pcb_k.o:(.debug_loclists)
     9d4      9d4        0     1                 
     b3b      b3b      170     1         build/program_k.o:(.debug_loclists)
     b47      b47        0     1                 
     cab      cab      193     1         build/app.o:(.debug_loclists)
     cb7      cb7        0     1                 
     e3e      e3e      32d     1         build/sockets.o:(.debug_loclists)
     e4a      e4a        0     1                 
    116b     116b       6f     1         build/malloc.o:(.debug_loclists)
    1177     1177        0     1                 
       0        0     1002     1 .debug_abbrev
       0        0      127     1         build/main.o:(.debug_abbrev)
     127      127      104     1         build/print_k.o:(.debug_abbrev)
     22b      22b      165     1         build/SBI.o:(.debug_abbrev)
     390      390       b9     1         build/mem.o:(.debug_abbrev)
     449      449      12c     1         build/str.o:(.debug_abbrev)
     575      575      113     1         build/oa.o:(.debug_abbrev)
     688      688      16a     1         build/memory.o:(.debug_abbrev)
     7f2      7f2      1d3     1         build/trap_k.o:(.debug_abbrev)
     9c5      9c5      163     1         build/pcb_k.o:(.debug_abbrev)
     b28      b28      136     1         build/program_k.o:(.debug_abbrev)
     c5e      c5e      142     1         build/app.o:(.debug_abbrev)
     da0      da0      10d     1         build/sockets.o:(.debug_abbrev)
     ead      ead      155     1         build/malloc.o:(.debug_abbrev)
       0        0     1eb0     1 .debug_info
       0        0      29b     1         build/main.o:(.debug_info)
     29b      29b      1e5     1         build/print_k.o:(.debug_info)
     480      480      3e6     1         build/SBI.o:(.debug_info)
     866      866       d9     1         build/mem.o:(.debug_info)
     93f      93f      1f5     1         build/str.o:(.debug_info)
     b34      b34      184     1         build/oa.o:(.debug_info)
     cb8      cb8      279     1         build/memory.o:(.debug_info)
     f31      f31      4d2     1         build/trap_k.o:(.debug_info)
    1403     1403      286     1         build/pcb_k.o:(.debug_info)
    1689     1689      195     1         build/program_k.o:(.debug_info)
    181e     181e      25a     1         build/app.o:(.debug_info)
    1a78     1a78      2c5     1         build/sockets.o:(.debug_info)
    1d3d     1d3d      173     1         build/malloc.o:(.debug_info)
       0        0      18a     1 .debug_rnglists
       0        0       18     1         build/main.o:(.debug_rnglists)
       c        c        0     1                 
      18       18       57     1         build/print_k.o:(.debug_rnglists)
      24       24        0     1                 
      6f       6f       66     1         build/str.o:(.debug_rnglists)
      7b       7b        0     1                 
      d5       d5       1b     1         build/oa.o:(.debug_rnglists)
      e1       e1        0     1                 
      f0       f0       5b     1         build/pcb_k.o:(.debug_rnglists)
      fc       fc        0     1                 
     14b      14b       20     1         build/program_k.o:(.debug_rnglists)
     157      157        0     1                 
     16b      16b       1f     1         build/app.o:(.debug_rnglists)
     177      177        0     1                 
       0        0      824     1 .debug_str_offsets
       0        0       9c     1         build/main.o:(.debug_str_offsets)
       8        8        0     1                 
      9c       9c       68     1         build/print_k.o:(.debug_str_offsets)
      a4       a4        0     1                 
     104      104       94     1         build/SBI.o:(.debug_str_offsets)
     10c      10c        0     1                 
     198      198       58     1         build/mem.o:(.debug_str_offsets)
     1a0      1a0        0     1                 
     1f0      1f0       88     1         build/str.o:(.debug_str_offsets)
     1f8      1f8        0     1                 
     278      278       50     1         build/oa.o:(.debug_str_offsets)
     280      280        0     1                 
     2c8      2c8       a8     1         build/memory.o:(.debug_str_offsets)
     2d0      2d0        0     1                 
     370      370      1ac     1         build/trap_k.o:(.debug_str_offsets)
     378      378        0     1                 
     51c      51c       cc     1         build/pcb_k.o:(.debug_str_offsets)
     524      524        0     1                 
     5e8      5e8       8c     1         build/program_k.o:(.debug_str_offsets)
     5f0      5f0        0     1                 
     674      674       a0     1         build/app.o:(.debug_str_offsets)
     67c      67c        0     1                 
     714      714       9c     1         build/sockets.o:(.debug_str_offsets)
     71c      71c        0     1                 
     7b0      7b0       74     1         build/malloc.o:(.debug_str_offsets)
     7b8      7b8        0     1                 
       0        0      825     1 .debug_str
       0        0      825     1         <internal>:(.debug_str)
       0        0      420     1 .debug_addr
       0        0       c0     1         build/main.o:(.debug_addr)
       8        8        0     1                 
      c0       c0       50     1         build/print_k.o:(.debug_addr)
      c8       c8        0     1                 
     110      110       38     1         build/SBI.o:(.debug_addr)
     118      118        0     1                 
     148      148       10     1         build/mem.o:(.debug_addr)
     150      150        0     1                 
     158      158       24     1         build/str.o:(.debug_addr)
     160      160        0     1                 
     17c      17c       20     1         build/oa.o:(.debug_addr)
     184      184        0     1                 
     19c      19c       5c     1         build/memory.o:(.debug_addr)
     1a4      1a4        0     1                 
     1f8      1f8       90     1         build/trap_k.o:(.debug_addr)
     200      200        0     1                 
     288      288       54     1         build/pcb_k.o:(.debug_addr)
     290      290        0     1                 
     2dc      2dc       1c     1         build/program_k.o:(.debug_addr)
     2e4      2e4        0     1                 
     2f8      2f8       60     1         build/app.o:(.debug_addr)
     300      300        0     1                 
     358      358       90     1         build/sockets.o:(.debug_addr)
     360      360        0     1                 
     3e8      3e8       38     1         build/malloc.o:(.debug_addr)
     3f0      3f0        0     1                 
       0        0       42     1 .comment
       0        0       42     1         <internal>:(.comment)
       0        0       2b     1 .riscv.attributes
       0        0       2b     1         build/main.o:(.riscv.attributes)
       0        0      540     4 .debug_frame
       0        0       54     4         build/main.o:(.debug_frame)
       0        0        0     1                 
      54       54       44     4         build/print_k.o:(.debug_frame)
      54       54        0     1                 
      98       98       64     4         build/SBI.o:(.debug_frame)
      98       98        0     1                 
      fc       fc       34     4         build/mem.o:(.debug_frame)
      fc       fc        0     1                 
     130      130       64     4         build/str.o:(.debug_frame)
     130      130        0     1                 
     194      194       3c     4         build/oa.o:(.debug_frame)
     194      194        0     1                 
     1d0      1d0       70     4         build/memory.o:(.debug_frame)
     1d0      1d0        0     1                 
     240      240       54     4         build/trap_k.o:(.debug_frame)
     240      240        0     1                 
     294      294       64     4         build/pcb_k.o:(.debug_frame)
     294      294        0     1                 
     2f8      2f8       44     4         build/program_k.o:(.debug_frame)
     2f8      2f8        0     1                 
     33c      33c       78     4         build/app.o:(.debug_frame)
     33c      33c        0     1                 
     3b4      3b4      134     4         build/sockets.o:(.debug_frame)
     3b4      3b4        0     1                 
     4e8      4e8       58     4         build/malloc.o:(.debug_frame)
     4e8      4e8        0     1                 
       0        0     2b5c     1 .debug_line
       0        0      28e     1         build/main.o:(.debug_line)
       0        0        0     1                 .Lline_table_start0
     28e      28e      2d0     1         build/print_k.o:(.debug_line)
     28e      28e        0     1                 .Lline_table_start0
     55e      55e      146     1         build/SBI.o:(.debug_line)
     55e      55e        0     1                 .Lline_table_start0
     6a4      6a4       f6     1         build/mem.o:(.debug_line)
     6a4      6a4        0     1                 .Lline_table_start0
     79a      79a      3f0     1         build/str.o:(.debug_line)
     79a      79a        0     1                 .Lline_table_start0
     b8a      b8a      25a     1         build/oa.o:(.debug_line)
     b8a      b8a        0     1                 .Lline_table_start0
     de4      de4      2e1     1         build/memory.o:(.debug_line)
     de4      de4        0     1                 .Lline_table_start0
    10c5     10c5      3d1     1         build/trap_k.o:(.debug_line)
    10c5     10c5        0     1                 .Lline_table_start0
    1496     1496      439     1         build/pcb_k.o:(.debug_line)
    1496     1496        0     1                 .Lline_table_start0
    18cf     18cf      47b     1         build/program_k.o:(.debug_line)
    18cf     18cf        0     1                 .Lline_table_start0
    1d4a     1d4a      44c     1         build/app.o:(.debug_line)
    1d4a     1d4a        0     1                 .Lline_table_start0
    2196     2196      7a3     1         build/sockets.o:(.debug_line)
    2196     2196        0     1                 .Lline_table_start0
    2939     2939      223     1         build/malloc.o:(.debug_line)
    2939     2939        0     1                 .Lline_table_start0
       0        0      103     1 .debug_line_str
       0        0      103     1         <internal>:(.debug_line_str)
       0        0     8c80     4 .symtab
       0        0     8c80     4         <internal>:(.symtab)
       0        0       dc     1 .shstrtab
       0        0       dc     1         <internal>:(.shstrtab)
       0        0      6c1     1 .strtab
       0        0      6c1     1         <internal>:(.strtab)
