     VMA      LMA     Size Align Out     In      Symbol
       0        0 80200000     1 . = 0x80200000
80200000        0        0     1 __kernel_base = .
80200000 80200000     13ce     4 .text
80200000 80200000        e     2         build/main.o:(.text.boot)
80200000 80200000        0     1                 
80200000 80200000        0     1                 
80200000 80200000        0     1                 
80200000 80200000        0     1                 
80200000 80200000        e     1                 boot
8020000e 8020000e        0     1                 
8020000e 8020000e        0     1                 
80200010 80200010      13a     4         build/main.o:(.text)
80200010 80200010        0     1                 
80200010 80200010        0     1                 
80200010 80200010        0     1                 
80200010 80200010       d8     1                 kernel_bootstrap
80200012 80200012        0     1                 
80200012 80200012        0     1                 
80200014 80200014        0     1                 
80200024 80200024        0     1                 
80200024 80200024        0     1                 
80200034 80200034        0     1                 
80200034 80200034        0     1                 
80200052 80200052        0     1                 
80200052 80200052        0     1                 
80200062 80200062        0     1                 
80200062 80200062        0     1                 
8020006e 8020006e        0     1                 
8020007e 8020007e        0     1                 
8020007e 8020007e        0     1                 
80200086 80200086        0     1                 
80200086 80200086        0     1                 
802000a6 802000a6        0     1                 
802000a6 802000a6        0     1                 
802000b6 802000b6        0     1                 
802000b6 802000b6        0     1                 
802000c2 802000c2        0     1                 
802000c2 802000c2        0     1                 
802000ca 802000ca        0     1                 
802000ce 802000ce        0     1                 
802000d6 802000d6        0     1                 
802000da 802000da        0     1                 
802000e0 802000e0        0     1                 
802000e8 802000e8        0     1                 
802000e8 802000e8        0     1                 
802000e8 802000e8        0     1                 
802000e8 802000e8        0     1                 
802000e8 802000e8        0     1                 
802000e8 802000e8       62     1                 kernel_main
802000ea 802000ea        0     1                 
802000ea 802000ea        0     1                 
802000ec 802000ec        0     1                 
802000f4 802000f4        0     1                 
802000f4 802000f4        0     1                 
80200114 80200114        0     1                 
80200114 80200114        0     1                 
8020011c 8020011c        0     1                 
8020011c 8020011c        0     1                 
80200124 80200124        0     1                 
80200124 80200124        0     1                 
80200148 80200148        0     1                 
8020014a 8020014a        0     1                 
8020014a 8020014a        0     1                 
8020014c 8020014c      2ec     4         build/print_k.o:(.text)
8020014c 8020014c        0     1                 
8020014c 8020014c        0     1                 
8020014c 8020014c        0     1                 
8020014c 8020014c      2ec     1                 k_printf
8020014e 8020014e        0     1                 
80200168 80200168        0     1                 
80200184 80200184        0     1                 
802001a2 802001a2        0     1                 
802001c2 802001c2        0     1                 
802001c6 802001c6        0     1                 
802001ce 802001ce        0     1                 
802001d6 802001d6        0     1                 
802001d6 802001d6        0     1                 
802001d8 802001d8        0     1                 
802001e0 802001e0        0     1                 
802001e4 802001e4        0     1                 
802001ec 802001ec        0     1                 
802001f6 802001f6        0     1                 .LBB0_6
802001f6 802001f6        0     1                 
802001f6 802001f6        0     1                 
80200216 80200216        0     1                 
80200216 80200216        0     1                 
8020021a 8020021a        0     1                 .LBB0_9
8020021a 8020021a        0     1                 
80200226 80200226        0     1                 
80200226 80200226        0     1                 
8020022c 8020022c        0     1                 .LBB0_10
8020022c 8020022c        0     1                 
80200240 80200240        0     1                 .LBB0_12
80200240 80200240        0     1                 
8020024c 8020024c        0     1                 
8020024c 8020024c        0     1                 
80200258 80200258        0     1                 
80200258 80200258        0     1                 
80200274 80200274        0     1                 .LBB0_14
80200274 80200274        0     1                 
80200290 80200290        0     1                 
80200292 80200292        0     1                 
80200296 80200296        0     1                 .LBB0_16
80200296 80200296        0     1                 
802002ae 802002ae        0     1                 .LBB0_18
802002ae 802002ae        0     1                 
802002ca 802002ca        0     1                 
802002d8 802002d8        0     1                 
802002dc 802002dc        0     1                 
802002e8 802002e8        0     1                 
802002e8 802002e8        0     1                 
802002ec 802002ec        0     1                 
802002f6 802002f6        0     1                 
802002fa 802002fa        0     1                 
802002fc 802002fc        0     1                 
80200308 80200308        0     1                 
80200308 80200308        0     1                 
8020030c 8020030c        0     1                 
80200310 80200310        0     1                 
80200310 80200310        0     1                 
8020031e 8020031e        0     1                 
8020032a 8020032a        0     1                 
8020032a 8020032a        0     1                 
8020032e 8020032e        0     1                 
80200332 80200332        0     1                 
80200336 80200336        0     1                 
80200338 80200338        0     1                 
80200344 80200344        0     1                 
80200344 80200344        0     1                 
80200348 80200348        0     1                 
8020034c 8020034c        0     1                 
8020034c 8020034c        0     1                 
80200356 80200356        0     1                 
80200358 80200358        0     1                 
8020035a 8020035a        0     1                 
80200360 80200360        0     1                 
80200368 80200368        0     1                 
80200374 80200374        0     1                 
80200374 80200374        0     1                 
80200378 80200378        0     1                 
8020037c 8020037c        0     1                 
80200384 80200384        0     1                 
80200390 80200390        0     1                 
80200390 80200390        0     1                 
80200394 80200394        0     1                 
8020039c 8020039c        0     1                 
802003a0 802003a0        0     1                 
802003a2 802003a2        0     1                 
802003ae 802003ae        0     1                 
802003ae 802003ae        0     1                 
802003b2 802003b2        0     1                 
802003b6 802003b6        0     1                 
802003b6 802003b6        0     1                 
802003c2 802003c2        0     1                 
802003ce 802003ce        0     1                 
802003ce 802003ce        0     1                 
802003da 802003da        0     1                 
802003da 802003da        0     1                 
802003e8 802003e8        0     1                 
802003e8 802003e8        0     1                 
802003ec 802003ec        0     1                 
802003f2 802003f2        0     1                 
802003f6 802003f6        0     1                 
802003f8 802003f8        0     1                 
80200404 80200404        0     1                 
80200404 80200404        0     1                 
80200408 80200408        0     1                 
8020040c 8020040c        0     1                 
8020040c 8020040c        0     1                 
8020041a 8020041a        0     1                 
80200438 80200438        0     1                 
80200438 80200438        0     1                 
80200438 80200438       8e     4         build/SBI.o:(.text)
80200438 80200438        0     1                 
80200438 80200438        0     1                 
80200438 80200438        0     1                 
80200438 80200438       14     1                 sbi_call
8020043c 8020043c        0     1                 
80200440 80200440        0     1                 
80200446 80200446        0     1                 
8020044c 8020044c        0     1                 
8020044c 8020044c        0     1                 
8020044c 8020044c        0     1                 
8020044c 8020044c        0     1                 
8020044c 8020044c        0     1                 
8020044c 8020044c       1c     1                 k_putchar
8020044e 8020044e        0     1                 
8020044e 8020044e        0     1                 
80200460 80200460        0     1                 
80200466 80200466        0     1                 
80200466 80200466        0     1                 
80200468 80200468        0     1                 
80200468 80200468        0     1                 
80200468 80200468        0     1                 
80200468 80200468        0     1                 
80200468 80200468        0     1                 
80200468 80200468       5e     1                 k_readchar
8020046a 8020046a        0     1                 
8020046a 8020046a        0     1                 
8020046c 8020046c        0     1                 
80200474 80200474        0     1                 
80200478 80200478        0     1                 
8020047a 8020047a        0     1                 
8020047e 8020047e        0     1                 
8020048e 8020048e        0     1                 
8020048e 8020048e        0     1                 
80200494 80200494        0     1                 
802004b8 802004b8        0     1                 
802004ba 802004ba        0     1                 
802004bc 802004bc        0     1                 
802004c6 802004c6        0     1                 
802004c6 802004c6        0     1                 
802004c8 802004c8       28     4         build/mem.o:(.text)
802004c8 802004c8        0     1                 
802004c8 802004c8        0     1                 
802004c8 802004c8        0     1                 
802004c8 802004c8        0     1                 
802004c8 802004c8       14     1                 memset
802004ca 802004ca        0     1                 
802004cc 802004cc        0     1                 
802004ce 802004ce        0     1                 
802004d2 802004d2        0     1                 
802004d6 802004d6        0     1                 
802004d8 802004d8        0     1                 
802004da 802004da        0     1                 
802004dc 802004dc        0     1                 
802004dc 802004dc        0     1                 
802004dc 802004dc        0     1                 
802004dc 802004dc        0     1                 
802004dc 802004dc        0     1                 
802004dc 802004dc        0     1                 
802004dc 802004dc       14     1                 k_memcpy
802004de 802004de        0     1                 
802004e2 802004e2        0     1                 
802004e6 802004e6        0     1                 
802004e8 802004e8        0     1                 
802004ea 802004ea        0     1                 
802004ec 802004ec        0     1                 
802004ee 802004ee        0     1                 
802004ee 802004ee        0     1                 
802004f0 802004f0        0     1                 
802004f0 802004f0        0     1                 
802004f0 802004f0      29e     4         build/str.o:(.text)
802004f0 802004f0        0     1                 
802004f0 802004f0        0     1                 
802004f0 802004f0        0     1                 
802004f0 802004f0        0     1                 
802004f0 802004f0       28     1                 k_strncpy
802004f2 802004f2        0     1                 
802004f4 802004f4        0     1                 
802004fc 802004fc        0     1                 
802004fe 802004fe        0     1                 
80200502 80200502        0     1                 
80200504 80200504        0     1                 
80200508 80200508        0     1                 
8020050c 8020050c        0     1                 
80200510 80200510        0     1                 
80200516 80200516        0     1                 
80200518 80200518        0     1                 
80200518 80200518        0     1                 
80200518 80200518        0     1                 
80200518 80200518        0     1                 
80200518 80200518        0     1                 
80200518 80200518        0     1                 
80200518 80200518       2e     1                 k_strcmp
8020051c 8020051c        0     1                 
8020051e 8020051e        0     1                 
80200520 80200520        0     1                 
80200524 80200524        0     1                 
80200526 80200526        0     1                 
8020052a 8020052a        0     1                 
8020052e 8020052e        0     1                 
80200532 80200532        0     1                 
80200534 80200534        0     1                 
80200538 80200538        0     1                 
8020053a 8020053a        0     1                 
8020053e 8020053e        0     1                 
80200542 80200542        0     1                 
80200544 80200544        0     1                 
80200546 80200546        0     1                 
80200546 80200546        0     1                 
80200546 80200546        0     1                 
80200546 80200546        0     1                 
80200546 80200546        0     1                 
80200546 80200546      248     1                 k_sprintf
80200548 80200548        0     1                 
80200560 80200560        0     1                 
80200570 80200570        0     1                 
8020058e 8020058e        0     1                 
80200590 80200590        0     1                 
802005ba 802005ba        0     1                 
802005bc 802005bc        0     1                 
802005c0 802005c0        0     1                 
802005c8 802005c8        0     1                 
802005ce 802005ce        0     1                 
802005d2 802005d2        0     1                 
802005d6 802005d6        0     1                 
802005de 802005de        0     1                 
802005e8 802005e8        0     1                 .LBB2_7
802005e8 802005e8        0     1                 
802005fc 802005fc        0     1                 
80200600 80200600        0     1                 
80200606 80200606        0     1                 .LBB2_11
80200606 80200606        0     1                 
8020060a 8020060a        0     1                 
80200614 80200614        0     1                 
8020061a 8020061a        0     1                 .LBB2_12
8020061a 8020061a        0     1                 
8020062e 8020062e        0     1                 .LBB2_14
8020062e 8020062e        0     1                 
80200636 80200636        0     1                 
8020064a 8020064a        0     1                 .LBB2_16
8020064a 8020064a        0     1                 
8020065c 8020065c        0     1                 
8020065e 8020065e        0     1                 
80200662 80200662        0     1                 .LBB2_18
80200662 80200662        0     1                 
80200676 80200676        0     1                 .LBB2_20
80200676 80200676        0     1                 
8020068a 8020068a        0     1                 
8020068c 8020068c        0     1                 
80200690 80200690        0     1                 
8020069a 8020069a        0     1                 
802006a6 802006a6        0     1                 
802006a6 802006a6        0     1                 
802006ac 802006ac        0     1                 
802006ae 802006ae        0     1                 
802006b0 802006b0        0     1                 
802006b4 802006b4        0     1                 
802006b8 802006b8        0     1                 
802006ba 802006ba        0     1                 
802006c0 802006c0        0     1                 
802006c0 802006c0        0     1                 
802006c4 802006c4        0     1                 
802006d0 802006d0        0     1                 
802006d0 802006d0        0     1                 
802006d6 802006d6        0     1                 
802006da 802006da        0     1                 
802006dc 802006dc        0     1                 
802006e0 802006e0        0     1                 
802006e4 802006e4        0     1                 
802006e6 802006e6        0     1                 
802006ec 802006ec        0     1                 
802006ec 802006ec        0     1                 
802006f0 802006f0        0     1                 
802006f2 802006f2        0     1                 
802006f4 802006f4        0     1                 
802006fa 802006fa        0     1                 
80200700 80200700        0     1                 
80200704 80200704        0     1                 
80200708 80200708        0     1                 
8020070a 8020070a        0     1                 
80200710 80200710        0     1                 
80200712 80200712        0     1                 
8020071e 8020071e        0     1                 
8020071e 8020071e        0     1                 
80200724 80200724        0     1                 
80200728 80200728        0     1                 
8020072a 8020072a        0     1                 
8020072e 8020072e        0     1                 
80200732 80200732        0     1                 
80200734 80200734        0     1                 
8020073a 8020073a        0     1                 
8020073a 8020073a        0     1                 
8020073c 8020073c        0     1                 
80200746 80200746        0     1                 
80200752 80200752        0     1                 
80200752 80200752        0     1                 
80200758 80200758        0     1                 
8020075c 8020075c        0     1                 
8020075e 8020075e        0     1                 
80200762 80200762        0     1                 
80200766 80200766        0     1                 
80200768 80200768        0     1                 
8020076e 8020076e        0     1                 
8020076e 8020076e        0     1                 
80200772 80200772        0     1                 
8020078e 8020078e        0     1                 
8020078e 8020078e        0     1                 
80200790 80200790      176     4         build/oa.o:(.text)
80200790 80200790        0     1                 
80200790 80200790        0     1                 
80200790 80200790        0     1                 
80200790 80200790       7a     1                 utoa
80200792 80200792        0     1                 
80200792 80200792        0     1                 
80200794 80200794        0     1                 
8020079c 8020079c        0     1                 
8020079e 8020079e        0     1                 
802007a2 802007a2        0     1                 
802007a8 802007a8        0     1                 
802007aa 802007aa        0     1                 
802007ae 802007ae        0     1                 
802007b0 802007b0        0     1                 
802007bc 802007bc        0     1                 
802007ca 802007ca        0     1                 
802007ca 802007ca        0     1                 
802007dc 802007dc        0     1                 
802007e4 802007e4        0     1                 
802007e8 802007e8        0     1                 
802007ee 802007ee        0     1                 
802007f4 802007f4        0     1                 
802007f4 802007f4        0     1                 
802007f8 802007f8        0     1                 
802007fe 802007fe        0     1                 
80200806 80200806        0     1                 
8020080a 8020080a        0     1                 
8020080a 8020080a        0     1                 
8020080a 8020080a        0     1                 
8020080a 8020080a        0     1                 
8020080a 8020080a        0     1                 
8020080a 8020080a       fc     1                 itoa
8020080c 8020080c        0     1                 
8020080e 8020080e        0     1                 
8020081a 8020081a        0     1                 
8020081e 8020081e        0     1                 
80200824 80200824        0     1                 
80200828 80200828        0     1                 
80200830 80200830        0     1                 
8020083a 8020083a        0     1                 
80200840 80200840        0     1                 
80200848 80200848        0     1                 
8020084c 8020084c        0     1                 
80200850 80200850        0     1                 
80200852 80200852        0     1                 
80200856 80200856        0     1                 
8020085a 8020085a        0     1                 
8020085e 8020085e        0     1                 
8020085e 8020085e        0     1                 
8020086c 8020086c        0     1                 
8020086e 8020086e        0     1                 
80200876 80200876        0     1                 
8020087a 8020087a        0     1                 
80200880 80200880        0     1                 
80200884 80200884        0     1                 
80200884 80200884        0     1                 
8020088a 8020088a        0     1                 
8020088a 8020088a        0     1                 
8020088c 8020088c        0     1                 
80200894 80200894        0     1                 
80200896 80200896        0     1                 
8020089a 8020089a        0     1                 
802008a0 802008a0        0     1                 
802008a2 802008a2        0     1                 
802008a6 802008a6        0     1                 
802008a8 802008a8        0     1                 
802008b4 802008b4        0     1                 
802008c2 802008c2        0     1                 
802008c2 802008c2        0     1                 
802008d4 802008d4        0     1                 
802008dc 802008dc        0     1                 
802008e0 802008e0        0     1                 
802008e6 802008e6        0     1                 
802008ec 802008ec        0     1                 
802008ec 802008ec        0     1                 
802008f0 802008f0        0     1                 
802008f8 802008f8        0     1                 
802008fe 802008fe        0     1                 
80200902 80200902        0     1                 
80200906 80200906        0     1                 
80200906 80200906        0     1                 
80200908 80200908      1fa     4         build/memory.o:(.text)
80200908 80200908        0     1                 
80200908 80200908        0     1                 
80200908 80200908        0     1                 
80200908 80200908        0     1                 
80200908 80200908       12     1                 init_memory
80200918 80200918        0     1                 
8020091a 8020091a        0     1                 
8020091a 8020091a        0     1                 
8020091a 8020091a        0     1                 
8020091a 8020091a        0     1                 
8020091a 8020091a        0     1                 
8020091a 8020091a       60     1                 pageframalloc
8020091c 8020091c        0     1                 
8020091c 8020091c        0     1                 
80200920 80200920        0     1                 
80200928 80200928        0     1                 
8020092c 8020092c        0     1                 
80200930 80200930        0     1                 
80200938 80200938        0     1                 
8020093c 8020093c        0     1                 
80200940 80200940        0     1                 
80200962 80200962        0     1                 
80200964 80200964        0     1                 
80200970 80200970        0     1                 
80200970 80200970        0     1                 
8020097a 8020097a        0     1                 
8020097a 8020097a        0     1                 
8020097a 8020097a        0     1                 
8020097a 8020097a        0     1                 
8020097a 8020097a        0     1                 
8020097a 8020097a      188     1                 add_ptbl_entry
8020097c 8020097c        0     1                 
8020098a 8020098a        0     1                 
80200992 80200992        0     1                 
8020099a 8020099a        0     1                 
802009aa 802009aa        0     1                 
802009aa 802009aa        0     1                 
802009bc 802009bc        0     1                 
802009bc 802009bc        0     1                 
802009cc 802009cc        0     1                 
802009cc 802009cc        0     1                 
802009dc 802009dc        0     1                 
802009dc 802009dc        0     1                 
80200a00 80200a00        0     1                 
80200a02 80200a02        0     1                 
80200a06 80200a06        0     1                 
80200a0a 80200a0a        0     1                 
80200a0c 80200a0c        0     1                 
80200a10 80200a10        0     1                 
80200a14 80200a14        0     1                 
80200a18 80200a18        0     1                 
80200a1a 80200a1a        0     1                 
80200a1a 80200a1a        0     1                 
80200a22 80200a22        0     1                 
80200a24 80200a24        0     1                 
80200a26 80200a26        0     1                 
80200a2e 80200a2e        0     1                 
80200a32 80200a32        0     1                 
80200a36 80200a36        0     1                 
80200a58 80200a58        0     1                 
80200a5a 80200a5a        0     1                 
80200a68 80200a68        0     1                 
80200a68 80200a68        0     1                 
80200a6c 80200a6c        0     1                 
80200a70 80200a70        0     1                 
80200a72 80200a72        0     1                 
80200a96 80200a96        0     1                 
80200a98 80200a98        0     1                 
80200abc 80200abc        0     1                 
80200abe 80200abe        0     1                 
80200ac6 80200ac6        0     1                 
80200aca 80200aca        0     1                 
80200ace 80200ace        0     1                 
80200ace 80200ace        0     1                 
80200ad2 80200ad2        0     1                 
80200ade 80200ade        0     1                 
80200ae6 80200ae6        0     1                 
80200aee 80200aee        0     1                 
80200af0 80200af0        0     1                 
80200b02 80200b02        0     1                 
80200b02 80200b02        0     1                 
80200b04 80200b04      1f0     4         build/trap_k.o:(.text)
80200b04 80200b04        0     1                 
80200b04 80200b04        0     1                 
80200b04 80200b04        0     1                 
80200b04 80200b04      100     1                 handle_syscall
80200b06 80200b06        0     1                 
80200b0a 80200b0a        0     1                 
80200b0c 80200b0c        0     1                 
80200b2a 80200b2a        0     1                 
80200b34 80200b34        0     1                 
80200b62 80200b62        0     1                 .LBB0_2
80200b62 80200b62        0     1                 
80200b6e 80200b6e        0     1                 
80200b6e 80200b6e        0     1                 
80200b80 80200b80        0     1                 
80200b90 80200b90        0     1                 
80200b90 80200b90        0     1                 
80200b94 80200b94        0     1                 
80200ba2 80200ba2        0     1                 .LBB0_4
80200ba2 80200ba2        0     1                 
80200baa 80200baa        0     1                 
80200baa 80200baa        0     1                 
80200bb6 80200bb6        0     1                 
80200bba 80200bba        0     1                 
80200bc2 80200bc2        0     1                 .LBB0_7
80200bc2 80200bc2        0     1                 
80200bce 80200bce        0     1                 .LBB0_8
80200bce 80200bce        0     1                 
80200bd8 80200bd8        0     1                 
80200bdc 80200bdc        0     1                 .LBB0_10
80200bdc 80200bdc        0     1                 
80200be4 80200be4        0     1                 
80200be8 80200be8        0     1                 
80200bee 80200bee        0     1                 
80200bf6 80200bf6        0     1                 .LBB0_12
80200bf6 80200bf6        0     1                 
80200bfc 80200bfc        0     1                 
80200c04 80200c04        0     1                 
80200c04 80200c04        0     1                 
80200c04 80200c04        0     1                 
80200c04 80200c04        0     1                 
80200c04 80200c04        0     1                 
80200c04 80200c04       54     1                 handle_trap
80200c06 80200c06        0     1                 
80200c06 80200c06        0     1                 
80200c06 80200c06        0     1                 
80200c0a 80200c0a        0     1                 
80200c0e 80200c0e        0     1                 
80200c0e 80200c0e        0     1                 
80200c12 80200c12        0     1                 
80200c12 80200c12        0     1                 
80200c16 80200c16        0     1                 
80200c18 80200c18        0     1                 
80200c18 80200c18        0     1                 
80200c1c 80200c1c        0     1                 
80200c24 80200c24        0     1                 
80200c24 80200c24        0     1                 
80200c26 80200c26        0     1                 
80200c38 80200c38        0     1                 
80200c38 80200c38        0     1                 
80200c48 80200c48        0     1                 
80200c48 80200c48        0     1                 
80200c4c 80200c4c        0     1                 
80200c50 80200c50        0     1                 
80200c58 80200c58        0     1                 
80200c58 80200c58        0     1                 
80200c58 80200c58        0     1                 
80200c58 80200c58        0     1                 
80200c58 80200c58        0     1                 
80200c58 80200c58        0     1                 
80200c58 80200c58       9c     1                 switch_trap
80200cf4 80200cf4        0     1                 
80200cf4 80200cf4        0     1                 
80200cf4 80200cf4      262     4         build/pcb_k.o:(.text)
80200cf4 80200cf4        0     1                 
80200cf4 80200cf4        0     1                 
80200cf4 80200cf4        0     1                 
80200cf4 80200cf4       3c     1                 switch_umode
80200cf6 80200cf6        0     1                 
80200cf8 80200cf8        0     1                 
80200d00 80200d00        0     1                 
80200d0c 80200d0c        0     1                 
80200d2e 80200d2e        0     1                 
80200d30 80200d30        0     1                 
80200d30 80200d30        0     1                 
80200d30 80200d30        0     1                 
80200d30 80200d30        0     1                 
80200d30 80200d30        0     1                 
80200d30 80200d30      226     1                 spawn_proc
80200d32 80200d32        0     1                 
80200d46 80200d46        0     1                 
80200d4e 80200d4e        0     1                 
80200d52 80200d52        0     1                 
80200d54 80200d54        0     1                 
80200d56 80200d56        0     1                 
80200d5a 80200d5a        0     1                 
80200d5c 80200d5c        0     1                 
80200d68 80200d68        0     1                 
80200d6c 80200d6c        0     1                 
80200d6e 80200d6e        0     1                 
80200d72 80200d72        0     1                 
80200d76 80200d76        0     1                 
80200d78 80200d78        0     1                 
80200d96 80200d96        0     1                 
80200d98 80200d98        0     1                 
80200daa 80200daa        0     1                 
80200db2 80200db2        0     1                 
80200db6 80200db6        0     1                 
80200dba 80200dba        0     1                 
80200dc8 80200dc8        0     1                 
80200dc8 80200dc8        0     1                 
80200dca 80200dca        0     1                 
80200dce 80200dce        0     1                 
80200dce 80200dce        0     1                 
80200dfe 80200dfe        0     1                 
80200dfe 80200dfe        0     1                 
80200e02 80200e02        0     1                 
80200e06 80200e06        0     1                 
80200e1e 80200e1e        0     1                 
80200e22 80200e22        0     1                 
80200e2c 80200e2c        0     1                 
80200e2c 80200e2c        0     1                 
80200e30 80200e30        0     1                 
80200e32 80200e32        0     1                 
80200e42 80200e42        0     1                 
80200e46 80200e46        0     1                 
80200e4a 80200e4a        0     1                 
80200e58 80200e58        0     1                 
80200e58 80200e58        0     1                 
80200e5e 80200e5e        0     1                 
80200e62 80200e62        0     1                 
80200e76 80200e76        0     1                 
80200e7a 80200e7a        0     1                 
80200e88 80200e88        0     1                 
80200e88 80200e88        0     1                 
80200e8a 80200e8a        0     1                 
80200e8e 80200e8e        0     1                 
80200e96 80200e96        0     1                 
80200e9a 80200e9a        0     1                 
80200ea6 80200ea6        0     1                 
80200eaa 80200eaa        0     1                 
80200eb4 80200eb4        0     1                 
80200eb4 80200eb4        0     1                 
80200eb8 80200eb8        0     1                 
80200ebc 80200ebc        0     1                 
80200ec8 80200ec8        0     1                 
80200ec8 80200ec8        0     1                 
80200eca 80200eca        0     1                 
80200ed2 80200ed2        0     1                 
80200ed6 80200ed6        0     1                 
80200ee0 80200ee0        0     1                 
80200ee0 80200ee0        0     1                 
80200ee4 80200ee4        0     1                 
80200eea 80200eea        0     1                 
80200eec 80200eec        0     1                 
80200ef0 80200ef0        0     1                 
80200f0a 80200f0a        0     1                 
80200f2e 80200f2e        0     1                 
80200f30 80200f30        0     1                 
80200f54 80200f54        0     1                 
80200f56 80200f56        0     1                 
80200f56 80200f56        0     1                 
80200f58 80200f58      2de     4         build/program_k.o:(.text)
80200f58 80200f58        0     1                 
80200f58 80200f58        0     1                 
80200f58 80200f58        0     1                 
80200f58 80200f58        0     1                 
80200f58 80200f58       46     1                 switch_proc
80200f9e 80200f9e        0     1                 
80200f9e 80200f9e        0     1                 
80200f9e 80200f9e        0     1                 
80200f9e 80200f9e        0     1                 
80200f9e 80200f9e        0     1                 
80200f9e 80200f9e        0     1                 
80200f9e 80200f9e       14     1                 Flush_TLB
80200fa0 80200fa0        0     1                 
80200fa2 80200fa2        0     1                 
80200fa6 80200fa6        0     1                 
80200fa8 80200fa8        0     1                 
80200fb0 80200fb0        0     1                 
80200fb2 80200fb2        0     1                 
80200fb2 80200fb2        0     1                 
80200fb2 80200fb2        0     1                 
80200fb2 80200fb2        0     1                 
80200fb2 80200fb2        0     1                 
80200fb2 80200fb2      176     1                 k_sp
80200fb4 80200fb4        0     1                 
80200fb4 80200fb4        0     1                 
80200fb8 80200fb8        0     1                 
80200fc8 80200fc8        0     1                 
80200fc8 80200fc8        0     1                 
80200fd0 80200fd0        0     1                 
80200fd0 80200fd0        0     1                 
80200fd2 80200fd2        0     1                 
80200fd4 80200fd4        0     1                 
80200fd6 80200fd6        0     1                 
80200fe8 80200fe8        0     1                 
80200fe8 80200fe8        0     1                 
80200ffc 80200ffc        0     1                 
80200ffc 80200ffc        0     1                 
80200ffe 80200ffe        0     1                 
80201010 80201010        0     1                 
80201010 80201010        0     1                 
80201018 80201018        0     1                 
8020101c 8020101c        0     1                 
8020101e 8020101e        0     1                 
80201022 80201022        0     1                 
80201034 80201034        0     1                 
80201034 80201034        0     1                 
8020104a 8020104a        0     1                 
8020104a 8020104a        0     1                 
8020104c 8020104c        0     1                 
8020105e 8020105e        0     1                 
8020105e 8020105e        0     1                 
8020106a 8020106a        0     1                 
8020106e 8020106e        0     1                 
80201070 80201070        0     1                 
80201074 80201074        0     1                 
80201078 80201078        0     1                 
8020108a 8020108a        0     1                 
8020108a 8020108a        0     1                 
802010a4 802010a4        0     1                 
802010a4 802010a4        0     1                 
802010a6 802010a6        0     1                 
802010b8 802010b8        0     1                 
802010b8 802010b8        0     1                 
802010c4 802010c4        0     1                 
802010c8 802010c8        0     1                 
802010ca 802010ca        0     1                 
802010ce 802010ce        0     1                 
802010d2 802010d2        0     1                 
802010e4 802010e4        0     1                 
802010e4 802010e4        0     1                 
802010fe 802010fe        0     1                 
802010fe 802010fe        0     1                 
80201100 80201100        0     1                 
80201112 80201112        0     1                 
80201112 80201112        0     1                 
80201120 80201120        0     1                 
80201128 80201128        0     1                 
80201128 80201128        0     1                 
80201128 80201128        0     1                 
80201128 80201128        0     1                 
80201128 80201128        0     1                 
80201128 80201128        0     1                 
80201128 80201128      10e     1                 yield
80201130 80201130        0     1                 
80201136 80201136        0     1                 
80201138 80201138        0     1                 
8020113c 8020113c        0     1                 
80201140 80201140        0     1                 
80201142 80201142        0     1                 
80201144 80201144        0     1                 
80201146 80201146        0     1                 
8020114a 8020114a        0     1                 
8020114a 8020114a        0     1                 
8020114e 8020114e        0     1                 
80201150 80201150        0     1                 
80201154 80201154        0     1                 
80201164 80201164        0     1                 
80201168 80201168        0     1                 
8020116c 8020116c        0     1                 
8020116e 8020116e        0     1                 
80201170 80201170        0     1                 
80201174 80201174        0     1                 
80201186 80201186        0     1                 
8020118a 8020118a        0     1                 
8020118e 8020118e        0     1                 
80201190 80201190        0     1                 
80201192 80201192        0     1                 
80201196 80201196        0     1                 
802011a8 802011a8        0     1                 
802011ac 802011ac        0     1                 
802011b0 802011b0        0     1                 
802011b2 802011b2        0     1                 
802011b4 802011b4        0     1                 
802011b8 802011b8        0     1                 
802011ca 802011ca        0     1                 
802011ce 802011ce        0     1                 
802011ce 802011ce        0     1                 
802011e0 802011e0        0     1                 
802011e2 802011e2        0     1                 
802011e6 802011e6        0     1                 
802011ea 802011ea        0     1                 
802011ee 802011ee        0     1                 
802011f6 802011f6        0     1                 
802011f8 802011f8        0     1                 
802011fa 802011fa        0     1                 
802011fc 802011fc        0     1                 
802011fe 802011fe        0     1                 
80201202 80201202        0     1                 
80201204 80201204        0     1                 
80201206 80201206        0     1                 
80201208 80201208        0     1                 
80201210 80201210        0     1                 
80201210 80201210        0     1                 
80201218 80201218        0     1                 
80201220 80201220        0     1                 
80201224 80201224        0     1                 
80201226 80201226        0     1                 
80201228 80201228        0     1                 
8020122e 8020122e        0     1                 
80201232 80201232        0     1                 
80201236 80201236        0     1                 
80201236 80201236        0     1                 
80201238 80201238      196     4         build/app.o:(.text)
80201238 80201238        0     1                 
80201238 80201238        0     1                 
80201238 80201238        0     1                 
80201238 80201238      14c     1                 init_app
8020123a 8020123a        0     1                 
80201240 80201240        0     1                 
80201242 80201242        0     1                 
80201242 80201242        0     1                 
80201246 80201246        0     1                 
80201248 80201248        0     1                 
8020124c 8020124c        0     1                 
8020124e 8020124e        0     1                 
80201252 80201252        0     1                 
80201256 80201256        0     1                 
8020125a 8020125a        0     1                 
8020125e 8020125e        0     1                 
80201262 80201262        0     1                 
80201266 80201266        0     1                 
8020126a 8020126a        0     1                 
8020126e 8020126e        0     1                 
80201272 80201272        0     1                 
80201276 80201276        0     1                 
8020127a 8020127a        0     1                 
8020127e 8020127e        0     1                 
80201282 80201282        0     1                 
80201286 80201286        0     1                 
8020128a 8020128a        0     1                 
8020128e 8020128e        0     1                 
80201294 80201294        0     1                 
80201294 80201294        0     1                 
8020129c 8020129c        0     1                 
8020129e 8020129e        0     1                 
802012a0 802012a0        0     1                 
802012a2 802012a2        0     1                 
802012a4 802012a4        0     1                 
802012ac 802012ac        0     1                 
802012ae 802012ae        0     1                 
802012b0 802012b0        0     1                 
802012b2 802012b2        0     1                 
802012b4 802012b4        0     1                 
802012bc 802012bc        0     1                 
802012be 802012be        0     1                 
802012c0 802012c0        0     1                 
802012c2 802012c2        0     1                 
802012c4 802012c4        0     1                 
802012cc 802012cc        0     1                 
802012d0 802012d0        0     1                 
802012d2 802012d2        0     1                 
802012d6 802012d6        0     1                 
802012d8 802012d8        0     1                 
802012e0 802012e0        0     1                 
802012e4 802012e4        0     1                 
802012e6 802012e6        0     1                 
802012ea 802012ea        0     1                 
802012ec 802012ec        0     1                 
80201306 80201306        0     1                 
80201308 80201308        0     1                 
80201340 80201340        0     1                 
8020137a 8020137a        0     1                 
80201384 80201384        0     1                 
80201384 80201384        0     1                 
80201384 80201384        0     1                 
80201384 80201384        0     1                 
80201384 80201384        0     1                 
80201384 80201384       4a     1                 start_app
80201386 80201386        0     1                 
80201388 80201388        0     1                 
8020138c 8020138c        0     1                 
80201390 80201390        0     1                 
80201392 80201392        0     1                 
802013a2 802013a2        0     1                 
802013a4 802013a4        0     1                 
802013a6 802013a6        0     1                 
802013aa 802013aa        0     1                 
802013b2 802013b2        0     1                 
802013cc 802013cc        0     1                 
802013ce 802013ce        0     1                 
802013ce 802013ce        0     1                 
802013d0 802013d0      5ec     4 .rodata
802013d0 802013d0      521     1         <internal>:(.rodata)
802018f4 802018f4       58     4         build/print_k.o:(.rodata)
802018f4 802018f4        0     1                 .LJTI0_0
8020194c 8020194c       58     4         build/str.o:(.rodata)
8020194c 8020194c        0     1                 .LJTI2_0
802019a4 802019a4       18     4         build/trap_k.o:(.rodata)
802019a4 802019a4        0     1                 .LJTI0_0
802019bc 802019bc     8130     4 .data
802019bc 802019bc     8130     1         besh.bin.o:(.data)
802019bc 802019bc        0     1                 _binary_besh_bin_start
80209aec 80209aec        0     1                 _binary_besh_bin_end
80209aec 80209aec     1114     4 .bss
80209aec 80209aec        0     1         __bss = .
80209aec 80209aec        4     4         build/memory.o:(.sbss)
80209aec 80209aec        4     1                 nextfreepageframe
80209af0 80209af0        8     4         build/pcb_k.o:(.sbss)
80209af0 80209af0        4     1                 currproc
80209af4 80209af4        4     1                 idleproc
80209af8 80209af8     1040     4         build/pcb_k.o:(.bss)
80209af8 80209af8     1040     1                 proclist
8020ab38 8020ab38       c8     4         build/app.o:(.bss)
8020ab38 8020ab38       c8     1                 app_list
8020ac00 8020ac00        0     1         __bss_end = .
8020ac00 8020ac00        0     1 . = ALIGN ( 4 )
8020ac00 8020ac00    20000     1 . += 128 * 1024
8022ac00 8022ac00        0     1 __stack_top = .
8022ac00 8022ac00      400     1 . = ALIGN ( 4096 )
8022b000 8022b000        0     1 __free_ram_start = .
8022b000 8022b000  2000000     1 . += 32 * 1024 * 1024
8222b000 8222b000        0     1 __free_ram_end = .
       0        0      d3b     1 .debug_abbrev
       0        0      115     1         build/main.o:(.debug_abbrev)
     115      115      104     1         build/print_k.o:(.debug_abbrev)
     219      219      15a     1         build/SBI.o:(.debug_abbrev)
     373      373       b9     1         build/mem.o:(.debug_abbrev)
     42c      42c      12c     1         build/str.o:(.debug_abbrev)
     558      558      113     1         build/oa.o:(.debug_abbrev)
     66b      66b      14c     1         build/memory.o:(.debug_abbrev)
     7b7      7b7      174     1         build/trap_k.o:(.debug_abbrev)
     92b      92b      156     1         build/pcb_k.o:(.debug_abbrev)
     a81      a81      163     1         build/program_k.o:(.debug_abbrev)
     be4      be4      157     1         build/app.o:(.debug_abbrev)
       0        0     152b     1 .debug_info
       0        0      1ac     1         build/main.o:(.debug_info)
     1ac      1ac      1e5     1         build/print_k.o:(.debug_info)
     391      391      242     1         build/SBI.o:(.debug_info)
     5d3      5d3       d9     1         build/mem.o:(.debug_info)
     6ac      6ac      1f5     1         build/str.o:(.debug_info)
     8a1      8a1      184     1         build/oa.o:(.debug_info)
     a25      a25      1dd     1         build/memory.o:(.debug_info)
     c02      c02      304     1         build/trap_k.o:(.debug_info)
     f06      f06      262     1         build/pcb_k.o:(.debug_info)
    1168     1168      215     1         build/program_k.o:(.debug_info)
    137d     137d      1ae     1         build/app.o:(.debug_info)
       0        0      185     1 .debug_rnglists
       0        0       18     1         build/main.o:(.debug_rnglists)
       c        c        0     1                 
      18       18       57     1         build/print_k.o:(.debug_rnglists)
      24       24        0     1                 
      6f       6f       66     1         build/str.o:(.debug_rnglists)
      7b       7b        0     1                 
      d5       d5       1b     1         build/oa.o:(.debug_rnglists)
      e1       e1        0     1                 
      f0       f0       5b     1         build/pcb_k.o:(.debug_rnglists)
      fc       fc        0     1                 
     14b      14b       20     1         build/program_k.o:(.debug_rnglists)
     157      157        0     1                 
     16b      16b       1a     1         build/app.o:(.debug_rnglists)
     177      177        0     1                 
       0        0      664     1 .debug_str_offsets
       0        0       84     1         build/main.o:(.debug_str_offsets)
       8        8        0     1                 
      84       84       68     1         build/print_k.o:(.debug_str_offsets)
      8c       8c        0     1                 
      ec       ec       8c     1         build/SBI.o:(.debug_str_offsets)
      f4       f4        0     1                 
     178      178       58     1         build/mem.o:(.debug_str_offsets)
     180      180        0     1                 
     1d0      1d0       88     1         build/str.o:(.debug_str_offsets)
     1d8      1d8        0     1                 
     258      258       50     1         build/oa.o:(.debug_str_offsets)
     260      260        0     1                 
     2a8      2a8       88     1         build/memory.o:(.debug_str_offsets)
     2b0      2b0        0     1                 
     330      330      150     1         build/trap_k.o:(.debug_str_offsets)
     338      338        0     1                 
     480      480       c4     1         build/pcb_k.o:(.debug_str_offsets)
     488      488        0     1                 
     544      544       94     1         build/program_k.o:(.debug_str_offsets)
     54c      54c        0     1                 
     5d8      5d8       8c     1         build/app.o:(.debug_str_offsets)
     5e0      5e0        0     1                 
       0        0      5f9     1 .debug_str
       0        0      5f9     1         <internal>:(.debug_str)
       0        0      268     1 .debug_addr
       0        0       50     1         build/main.o:(.debug_addr)
       8        8        0     1                 
      50       50       50     1         build/print_k.o:(.debug_addr)
      58       58        0     1                 
      a0       a0       20     1         build/SBI.o:(.debug_addr)
      a8       a8        0     1                 
      c0       c0       10     1         build/mem.o:(.debug_addr)
      c8       c8        0     1                 
      d0       d0       24     1         build/str.o:(.debug_addr)
      d8       d8        0     1                 
      f4       f4       20     1         build/oa.o:(.debug_addr)
      fc       fc        0     1                 
     114      114       48     1         build/memory.o:(.debug_addr)
     11c      11c        0     1                 
     15c      15c       40     1         build/trap_k.o:(.debug_addr)
     164      164        0     1                 
     19c      19c       4c     1         build/pcb_k.o:(.debug_addr)
     1a4      1a4        0     1                 
     1e8      1e8       5c     1         build/program_k.o:(.debug_addr)
     1f0      1f0        0     1                 
     244      244       24     1         build/app.o:(.debug_addr)
     24c      24c        0     1                 
       0        0       42     1 .comment
       0        0       42     1         <internal>:(.comment)
       0        0       2b     1 .riscv.attributes
       0        0       2b     1         build/main.o:(.riscv.attributes)
       0        0      364     4 .debug_frame
       0        0       54     4         build/main.o:(.debug_frame)
       0        0        0     1                 
      54       54       44     4         build/print_k.o:(.debug_frame)
      54       54        0     1                 
      98       98       4c     4         build/SBI.o:(.debug_frame)
      98       98        0     1                 
      e4       e4       34     4         build/mem.o:(.debug_frame)
      e4       e4        0     1                 
     118      118       64     4         build/str.o:(.debug_frame)
     118      118        0     1                 
     17c      17c       3c     4         build/oa.o:(.debug_frame)
     17c      17c        0     1                 
     1b8      1b8       60     4         build/memory.o:(.debug_frame)
     1b8      1b8        0     1                 
     218      218       54     4         build/trap_k.o:(.debug_frame)
     218      218        0     1                 
     26c      26c       54     4         build/pcb_k.o:(.debug_frame)
     26c      26c        0     1                 
     2c0      2c0       5c     4         build/program_k.o:(.debug_frame)
     2c0      2c0        0     1                 
     31c      31c       48     4         build/app.o:(.debug_frame)
     31c      31c        0     1                 
       0        0     1a38     1 .debug_line
       0        0      1a1     1         build/main.o:(.debug_line)
       0        0        0     1                 .Lline_table_start0
     1a1      1a1      2d0     1         build/print_k.o:(.debug_line)
     1a1      1a1        0     1                 .Lline_table_start0
     471      471      11a     1         build/SBI.o:(.debug_line)
     471      471        0     1                 .Lline_table_start0
     58b      58b       f6     1         build/mem.o:(.debug_line)
     58b      58b        0     1                 .Lline_table_start0
     681      681      3f0     1         build/str.o:(.debug_line)
     681      681        0     1                 .Lline_table_start0
     a71      a71      25a     1         build/oa.o:(.debug_line)
     a71      a71        0     1                 .Lline_table_start0
     ccb      ccb      224     1         build/memory.o:(.debug_line)
     ccb      ccb        0     1                 .Lline_table_start0
     eef      eef      214     1         build/trap_k.o:(.debug_line)
     eef      eef        0     1                 .Lline_table_start0
    1103     1103      2cb     1         build/pcb_k.o:(.debug_line)
    1103     1103        0     1                 .Lline_table_start0
    13ce     13ce      3f1     1         build/program_k.o:(.debug_line)
    13ce     13ce        0     1                 .Lline_table_start0
    17bf     17bf      279     1         build/app.o:(.debug_line)
    17bf     17bf        0     1                 .Lline_table_start0
       0        0       ce     1 .debug_line_str
       0        0       ce     1         <internal>:(.debug_line_str)
       0        0      e64     1 .debug_loclists
       0        0      115     1         build/print_k.o:(.debug_loclists)
       c        c        0     1                 
     115      115       9f     1         build/SBI.o:(.debug_loclists)
     121      121        0     1                 
     1b4      1b4       66     1         build/mem.o:(.debug_loclists)
     1c0      1c0        0     1                 
     21a      21a      1a1     1         build/str.o:(.debug_loclists)
     226      226        0     1                 
     3bb      3bb      19a     1         build/oa.o:(.debug_loclists)
     3c7      3c7        0     1                 
     555      555      137     1         build/memory.o:(.debug_loclists)
     561      561        0     1                 
     68c      68c       bf     1         build/trap_k.o:(.debug_loclists)
     698      698        0     1                 
     74b      74b      120     1         build/pcb_k.o:(.debug_loclists)
     757      757        0     1                 
     86b      86b      12b     1         build/program_k.o:(.debug_loclists)
     877      877        0     1                 
     996      996      4ce     1         build/app.o:(.debug_loclists)
     9a2      9a2        0     1                 
       0        0     56d0     4 .symtab
       0        0     56d0     4         <internal>:(.symtab)
       0        0       dc     1 .shstrtab
       0        0       dc     1         <internal>:(.shstrtab)
       0        0      3d7     1 .strtab
       0        0      3d7     1         <internal>:(.strtab)
