     VMA      LMA     Size Align Out     In      Symbol
       0        0 80200000     1 . = 0x80200000
80200000        0        0     1 __kernel_base = .
80200000 80200000     2700     4 .text
80200000 80200000        e     2         build/main.o:(.text.boot)
80200000 80200000        0     1                 
80200000 80200000        0     1                 
80200000 80200000        0     1                 
80200000 80200000        0     1                 
80200000 80200000        e     1                 boot
8020000e 8020000e        0     1                 
8020000e 8020000e        0     1                 
80200010 80200010      274     4         build/main.o:(.text)
80200010 80200010        0     1                 
80200010 80200010        0     1                 
80200010 80200010        0     1                 
80200010 80200010      17e     1                 kernel_bootstrap
80200012 80200012        0     1                 
80200012 80200012        0     1                 
80200016 80200016        0     1                 
80200026 80200026        0     1                 
80200026 80200026        0     1                 
80200044 80200044        0     1                 
80200044 80200044        0     1                 
80200054 80200054        0     1                 
80200054 80200054        0     1                 
80200060 80200060        0     1                 
80200070 80200070        0     1                 
80200070 80200070        0     1                 
80200078 80200078        0     1                 
80200078 80200078        0     1                 
80200088 80200088        0     1                 
80200088 80200088        0     1                 
802000a8 802000a8        0     1                 
802000a8 802000a8        0     1                 
802000b8 802000b8        0     1                 
802000b8 802000b8        0     1                 
802000c4 802000c4        0     1                 
802000c4 802000c4        0     1                 
802000cc 802000cc        0     1                 
802000ce 802000ce        0     1                 
802000d6 802000d6        0     1                 
802000d8 802000d8        0     1                 
802000e8 802000e8        0     1                 
802000e8 802000e8        0     1                 
802000f8 802000f8        0     1                 
802000f8 802000f8        0     1                 
80200108 80200108        0     1                 
80200108 80200108        0     1                 
80200120 80200120        0     1                 
80200120 80200120        0     1                 
80200124 80200124        0     1                 
8020012c 8020012c        0     1                 
8020012c 8020012c        0     1                 
80200134 80200134        0     1                 
80200134 80200134        0     1                 
80200144 80200144        0     1                 
80200144 80200144        0     1                 
80200154 80200154        0     1                 
80200154 80200154        0     1                 
80200162 80200162        0     1                 
8020016a 8020016a        0     1                 
8020018c 8020018c        0     1                 
8020018e 8020018e        0     1                 
8020018e 8020018e        0     1                 
8020018e 8020018e        0     1                 
8020018e 8020018e        0     1                 
8020018e 8020018e        0     1                 
8020018e 8020018e       f6     1                 kernel_main
80200190 80200190        0     1                 
80200190 80200190        0     1                 
80200192 80200192        0     1                 
8020019a 8020019a        0     1                 
8020019a 8020019a        0     1                 
802001aa 802001aa        0     1                 
802001aa 802001aa        0     1                 
802001ca 802001ca        0     1                 
802001ca 802001ca        0     1                 
802001ea 802001ea        0     1                 
802001ea 802001ea        0     1                 
8020020a 8020020a        0     1                 
8020020a 8020020a        0     1                 
8020021a 8020021a        0     1                 
8020021a 8020021a        0     1                 
8020022a 8020022a        0     1                 
8020022a 8020022a        0     1                 
80200234 80200234        0     1                 
80200236 80200236        0     1                 
80200246 80200246        0     1                 
80200246 80200246        0     1                 
80200256 80200256        0     1                 
80200256 80200256        0     1                 
8020025e 8020025e        0     1                 
8020025e 8020025e        0     1                 
80200282 80200282        0     1                 
80200284 80200284        0     1                 
80200284 80200284        0     1                 
80200284 80200284      2ec     4         build/print_k.o:(.text)
80200284 80200284        0     1                 
80200284 80200284        0     1                 
80200284 80200284        0     1                 
80200284 80200284      2ec     1                 k_printf
80200286 80200286        0     1                 
802002a0 802002a0        0     1                 
802002bc 802002bc        0     1                 
802002da 802002da        0     1                 
802002fa 802002fa        0     1                 
802002fe 802002fe        0     1                 
80200306 80200306        0     1                 
8020030e 8020030e        0     1                 
8020030e 8020030e        0     1                 
80200310 80200310        0     1                 
80200318 80200318        0     1                 
8020031c 8020031c        0     1                 
80200324 80200324        0     1                 
8020032e 8020032e        0     1                 .LBB0_6
8020032e 8020032e        0     1                 
8020032e 8020032e        0     1                 
8020034e 8020034e        0     1                 
8020034e 8020034e        0     1                 
80200352 80200352        0     1                 .LBB0_9
80200352 80200352        0     1                 
8020035e 8020035e        0     1                 
8020035e 8020035e        0     1                 
80200364 80200364        0     1                 .LBB0_10
80200364 80200364        0     1                 
80200378 80200378        0     1                 .LBB0_12
80200378 80200378        0     1                 
80200384 80200384        0     1                 
80200384 80200384        0     1                 
80200390 80200390        0     1                 
80200390 80200390        0     1                 
802003ac 802003ac        0     1                 .LBB0_14
802003ac 802003ac        0     1                 
802003c8 802003c8        0     1                 
802003ca 802003ca        0     1                 
802003ce 802003ce        0     1                 .LBB0_16
802003ce 802003ce        0     1                 
802003e6 802003e6        0     1                 .LBB0_18
802003e6 802003e6        0     1                 
80200402 80200402        0     1                 
80200410 80200410        0     1                 
80200414 80200414        0     1                 
80200420 80200420        0     1                 
80200420 80200420        0     1                 
80200424 80200424        0     1                 
8020042e 8020042e        0     1                 
80200432 80200432        0     1                 
80200434 80200434        0     1                 
80200440 80200440        0     1                 
80200440 80200440        0     1                 
80200444 80200444        0     1                 
80200448 80200448        0     1                 
80200448 80200448        0     1                 
80200456 80200456        0     1                 
80200462 80200462        0     1                 
80200462 80200462        0     1                 
80200466 80200466        0     1                 
8020046a 8020046a        0     1                 
8020046e 8020046e        0     1                 
80200470 80200470        0     1                 
8020047c 8020047c        0     1                 
8020047c 8020047c        0     1                 
80200480 80200480        0     1                 
80200484 80200484        0     1                 
80200484 80200484        0     1                 
8020048e 8020048e        0     1                 
80200490 80200490        0     1                 
80200492 80200492        0     1                 
80200498 80200498        0     1                 
802004a0 802004a0        0     1                 
802004ac 802004ac        0     1                 
802004ac 802004ac        0     1                 
802004b0 802004b0        0     1                 
802004b4 802004b4        0     1                 
802004bc 802004bc        0     1                 
802004c8 802004c8        0     1                 
802004c8 802004c8        0     1                 
802004cc 802004cc        0     1                 
802004d4 802004d4        0     1                 
802004d8 802004d8        0     1                 
802004da 802004da        0     1                 
802004e6 802004e6        0     1                 
802004e6 802004e6        0     1                 
802004ea 802004ea        0     1                 
802004ee 802004ee        0     1                 
802004ee 802004ee        0     1                 
802004fa 802004fa        0     1                 
80200506 80200506        0     1                 
80200506 80200506        0     1                 
80200512 80200512        0     1                 
80200512 80200512        0     1                 
80200520 80200520        0     1                 
80200520 80200520        0     1                 
80200524 80200524        0     1                 
8020052a 8020052a        0     1                 
8020052e 8020052e        0     1                 
80200530 80200530        0     1                 
8020053c 8020053c        0     1                 
8020053c 8020053c        0     1                 
80200540 80200540        0     1                 
80200544 80200544        0     1                 
80200544 80200544        0     1                 
80200552 80200552        0     1                 
80200570 80200570        0     1                 
80200570 80200570        0     1                 
80200570 80200570       8e     4         build/SBI.o:(.text)
80200570 80200570        0     1                 
80200570 80200570        0     1                 
80200570 80200570        0     1                 
80200570 80200570       14     1                 sbi_call
80200574 80200574        0     1                 
80200578 80200578        0     1                 
8020057e 8020057e        0     1                 
80200584 80200584        0     1                 
80200584 80200584        0     1                 
80200584 80200584        0     1                 
80200584 80200584        0     1                 
80200584 80200584        0     1                 
80200584 80200584       1c     1                 k_putchar
80200586 80200586        0     1                 
80200586 80200586        0     1                 
80200598 80200598        0     1                 
8020059e 8020059e        0     1                 
8020059e 8020059e        0     1                 
802005a0 802005a0        0     1                 
802005a0 802005a0        0     1                 
802005a0 802005a0        0     1                 
802005a0 802005a0        0     1                 
802005a0 802005a0        0     1                 
802005a0 802005a0       5e     1                 k_readchar
802005a2 802005a2        0     1                 
802005a2 802005a2        0     1                 
802005a4 802005a4        0     1                 
802005ac 802005ac        0     1                 
802005b0 802005b0        0     1                 
802005b2 802005b2        0     1                 
802005b6 802005b6        0     1                 
802005c6 802005c6        0     1                 
802005c6 802005c6        0     1                 
802005cc 802005cc        0     1                 
802005f0 802005f0        0     1                 
802005f2 802005f2        0     1                 
802005f4 802005f4        0     1                 
802005fe 802005fe        0     1                 
802005fe 802005fe        0     1                 
80200600 80200600       28     4         build/mem.o:(.text)
80200600 80200600        0     1                 
80200600 80200600        0     1                 
80200600 80200600        0     1                 
80200600 80200600        0     1                 
80200600 80200600       14     1                 memset
80200602 80200602        0     1                 
80200604 80200604        0     1                 
80200606 80200606        0     1                 
8020060a 8020060a        0     1                 
8020060e 8020060e        0     1                 
80200610 80200610        0     1                 
80200612 80200612        0     1                 
80200614 80200614        0     1                 
80200614 80200614        0     1                 
80200614 80200614        0     1                 
80200614 80200614        0     1                 
80200614 80200614        0     1                 
80200614 80200614        0     1                 
80200614 80200614       14     1                 k_memcpy
80200616 80200616        0     1                 
8020061a 8020061a        0     1                 
8020061e 8020061e        0     1                 
80200620 80200620        0     1                 
80200622 80200622        0     1                 
80200624 80200624        0     1                 
80200626 80200626        0     1                 
80200626 80200626        0     1                 
80200628 80200628        0     1                 
80200628 80200628        0     1                 
80200628 80200628      29e     4         build/str.o:(.text)
80200628 80200628        0     1                 
80200628 80200628        0     1                 
80200628 80200628        0     1                 
80200628 80200628        0     1                 
80200628 80200628       28     1                 k_strncpy
8020062a 8020062a        0     1                 
8020062c 8020062c        0     1                 
80200634 80200634        0     1                 
80200636 80200636        0     1                 
8020063a 8020063a        0     1                 
8020063c 8020063c        0     1                 
80200640 80200640        0     1                 
80200644 80200644        0     1                 
80200648 80200648        0     1                 
8020064e 8020064e        0     1                 
80200650 80200650        0     1                 
80200650 80200650        0     1                 
80200650 80200650        0     1                 
80200650 80200650        0     1                 
80200650 80200650        0     1                 
80200650 80200650        0     1                 
80200650 80200650       2e     1                 k_strcmp
80200654 80200654        0     1                 
80200656 80200656        0     1                 
80200658 80200658        0     1                 
8020065c 8020065c        0     1                 
8020065e 8020065e        0     1                 
80200662 80200662        0     1                 
80200666 80200666        0     1                 
8020066a 8020066a        0     1                 
8020066c 8020066c        0     1                 
80200670 80200670        0     1                 
80200672 80200672        0     1                 
80200676 80200676        0     1                 
8020067a 8020067a        0     1                 
8020067c 8020067c        0     1                 
8020067e 8020067e        0     1                 
8020067e 8020067e        0     1                 
8020067e 8020067e        0     1                 
8020067e 8020067e        0     1                 
8020067e 8020067e        0     1                 
8020067e 8020067e      248     1                 k_sprintf
80200680 80200680        0     1                 
80200698 80200698        0     1                 
802006a8 802006a8        0     1                 
802006c6 802006c6        0     1                 
802006c8 802006c8        0     1                 
802006f2 802006f2        0     1                 
802006f4 802006f4        0     1                 
802006f8 802006f8        0     1                 
80200700 80200700        0     1                 
80200706 80200706        0     1                 
8020070a 8020070a        0     1                 
8020070e 8020070e        0     1                 
80200716 80200716        0     1                 
80200720 80200720        0     1                 .LBB2_7
80200720 80200720        0     1                 
80200734 80200734        0     1                 
80200738 80200738        0     1                 
8020073e 8020073e        0     1                 .LBB2_11
8020073e 8020073e        0     1                 
80200742 80200742        0     1                 
8020074c 8020074c        0     1                 
80200752 80200752        0     1                 .LBB2_12
80200752 80200752        0     1                 
80200766 80200766        0     1                 .LBB2_14
80200766 80200766        0     1                 
8020076e 8020076e        0     1                 
80200782 80200782        0     1                 .LBB2_16
80200782 80200782        0     1                 
80200794 80200794        0     1                 
80200796 80200796        0     1                 
8020079a 8020079a        0     1                 .LBB2_18
8020079a 8020079a        0     1                 
802007ae 802007ae        0     1                 .LBB2_20
802007ae 802007ae        0     1                 
802007c2 802007c2        0     1                 
802007c4 802007c4        0     1                 
802007c8 802007c8        0     1                 
802007d2 802007d2        0     1                 
802007de 802007de        0     1                 
802007de 802007de        0     1                 
802007e4 802007e4        0     1                 
802007e6 802007e6        0     1                 
802007e8 802007e8        0     1                 
802007ec 802007ec        0     1                 
802007f0 802007f0        0     1                 
802007f2 802007f2        0     1                 
802007f8 802007f8        0     1                 
802007f8 802007f8        0     1                 
802007fc 802007fc        0     1                 
80200808 80200808        0     1                 
80200808 80200808        0     1                 
8020080e 8020080e        0     1                 
80200812 80200812        0     1                 
80200814 80200814        0     1                 
80200818 80200818        0     1                 
8020081c 8020081c        0     1                 
8020081e 8020081e        0     1                 
80200824 80200824        0     1                 
80200824 80200824        0     1                 
80200828 80200828        0     1                 
8020082a 8020082a        0     1                 
8020082c 8020082c        0     1                 
80200832 80200832        0     1                 
80200838 80200838        0     1                 
8020083c 8020083c        0     1                 
80200840 80200840        0     1                 
80200842 80200842        0     1                 
80200848 80200848        0     1                 
8020084a 8020084a        0     1                 
80200856 80200856        0     1                 
80200856 80200856        0     1                 
8020085c 8020085c        0     1                 
80200860 80200860        0     1                 
80200862 80200862        0     1                 
80200866 80200866        0     1                 
8020086a 8020086a        0     1                 
8020086c 8020086c        0     1                 
80200872 80200872        0     1                 
80200872 80200872        0     1                 
80200874 80200874        0     1                 
8020087e 8020087e        0     1                 
8020088a 8020088a        0     1                 
8020088a 8020088a        0     1                 
80200890 80200890        0     1                 
80200894 80200894        0     1                 
80200896 80200896        0     1                 
8020089a 8020089a        0     1                 
8020089e 8020089e        0     1                 
802008a0 802008a0        0     1                 
802008a6 802008a6        0     1                 
802008a6 802008a6        0     1                 
802008aa 802008aa        0     1                 
802008c6 802008c6        0     1                 
802008c6 802008c6        0     1                 
802008c8 802008c8      176     4         build/oa.o:(.text)
802008c8 802008c8        0     1                 
802008c8 802008c8        0     1                 
802008c8 802008c8        0     1                 
802008c8 802008c8       7a     1                 utoa
802008ca 802008ca        0     1                 
802008ca 802008ca        0     1                 
802008cc 802008cc        0     1                 
802008d4 802008d4        0     1                 
802008d6 802008d6        0     1                 
802008da 802008da        0     1                 
802008e0 802008e0        0     1                 
802008e2 802008e2        0     1                 
802008e6 802008e6        0     1                 
802008e8 802008e8        0     1                 
802008f4 802008f4        0     1                 
80200902 80200902        0     1                 
80200902 80200902        0     1                 
80200914 80200914        0     1                 
8020091c 8020091c        0     1                 
80200920 80200920        0     1                 
80200926 80200926        0     1                 
8020092c 8020092c        0     1                 
8020092c 8020092c        0     1                 
80200930 80200930        0     1                 
80200936 80200936        0     1                 
8020093e 8020093e        0     1                 
80200942 80200942        0     1                 
80200942 80200942        0     1                 
80200942 80200942        0     1                 
80200942 80200942        0     1                 
80200942 80200942        0     1                 
80200942 80200942       fc     1                 itoa
80200944 80200944        0     1                 
80200946 80200946        0     1                 
80200952 80200952        0     1                 
80200956 80200956        0     1                 
8020095c 8020095c        0     1                 
80200960 80200960        0     1                 
80200968 80200968        0     1                 
80200972 80200972        0     1                 
80200978 80200978        0     1                 
80200980 80200980        0     1                 
80200984 80200984        0     1                 
80200988 80200988        0     1                 
8020098a 8020098a        0     1                 
8020098e 8020098e        0     1                 
80200992 80200992        0     1                 
80200996 80200996        0     1                 
80200996 80200996        0     1                 
802009a4 802009a4        0     1                 
802009a6 802009a6        0     1                 
802009ae 802009ae        0     1                 
802009b2 802009b2        0     1                 
802009b8 802009b8        0     1                 
802009bc 802009bc        0     1                 
802009bc 802009bc        0     1                 
802009c2 802009c2        0     1                 
802009c2 802009c2        0     1                 
802009c4 802009c4        0     1                 
802009cc 802009cc        0     1                 
802009ce 802009ce        0     1                 
802009d2 802009d2        0     1                 
802009d8 802009d8        0     1                 
802009da 802009da        0     1                 
802009de 802009de        0     1                 
802009e0 802009e0        0     1                 
802009ec 802009ec        0     1                 
802009fa 802009fa        0     1                 
802009fa 802009fa        0     1                 
80200a0c 80200a0c        0     1                 
80200a14 80200a14        0     1                 
80200a18 80200a18        0     1                 
80200a1e 80200a1e        0     1                 
80200a24 80200a24        0     1                 
80200a24 80200a24        0     1                 
80200a28 80200a28        0     1                 
80200a30 80200a30        0     1                 
80200a36 80200a36        0     1                 
80200a3a 80200a3a        0     1                 
80200a3e 80200a3e        0     1                 
80200a3e 80200a3e        0     1                 
80200a40 80200a40      712     4         build/memory.o:(.text)
80200a40 80200a40        0     1                 
80200a40 80200a40        0     1                 
80200a40 80200a40        0     1                 
80200a40 80200a40        0     1                 
80200a40 80200a40       22     1                 init_memory
80200a50 80200a50        0     1                 
80200a58 80200a58        0     1                 
80200a60 80200a60        0     1                 
80200a62 80200a62        0     1                 
80200a62 80200a62        0     1                 
80200a62 80200a62        0     1                 
80200a62 80200a62        0     1                 
80200a62 80200a62        0     1                 
80200a62 80200a62        0     1                 
80200a62 80200a62       1a     1                 set_mmu_active
80200a68 80200a68        0     1                 
80200a70 80200a70        0     1                 
80200a74 80200a74        0     1                 
80200a74 80200a74        0     1                 
80200a7c 80200a7c        0     1                 
80200a7c 80200a7c        0     1                 
80200a7c 80200a7c        0     1                 
80200a7c 80200a7c        0     1                 
80200a7c 80200a7c        0     1                 
80200a7c 80200a7c        0     1                 
80200a7c 80200a7c        a     1                 is_mmu_active
80200a84 80200a84        0     1                 
80200a86 80200a86        0     1                 
80200a86 80200a86        0     1                 
80200a86 80200a86        0     1                 
80200a86 80200a86        0     1                 
80200a86 80200a86        0     1                 
80200a86 80200a86      17c     1                 pageframalloc
80200a88 80200a88        0     1                 
80200a88 80200a88        0     1                 
80200a90 80200a90        0     1                 
80200a92 80200a92        0     1                 
80200a94 80200a94        0     1                 
80200a9c 80200a9c        0     1                 
80200aae 80200aae        0     1                 
80200aae 80200aae        0     1                 
80200ab6 80200ab6        0     1                 
80200ac2 80200ac2        0     1                 
80200ac6 80200ac6        0     1                 
80200ac8 80200ac8        0     1                 
80200acc 80200acc        0     1                 
80200ade 80200ade        0     1                 
80200ade 80200ade        0     1                 
80200ae2 80200ae2        0     1                 
80200ae4 80200ae4        0     1                 
80200ae8 80200ae8        0     1                 
80200ae8 80200ae8        0     1                 
80200aea 80200aea        0     1                 
80200aec 80200aec        0     1                 
80200aec 80200aec        0     1                 
80200af6 80200af6        0     1                 
80200afa 80200afa        0     1                 
80200afe 80200afe        0     1                 
80200b04 80200b04        0     1                 
80200b0e 80200b0e        0     1                 
80200b10 80200b10        0     1                 
80200b14 80200b14        0     1                 
80200b16 80200b16        0     1                 
80200b1a 80200b1a        0     1                 
80200b1c 80200b1c        0     1                 
80200b20 80200b20        0     1                 
80200b28 80200b28        0     1                 
80200b2a 80200b2a        0     1                 
80200b32 80200b32        0     1                 
80200b36 80200b36        0     1                 
80200b38 80200b38        0     1                 
80200b3c 80200b3c        0     1                 
80200b3e 80200b3e        0     1                 
80200b46 80200b46        0     1                 
80200b48 80200b48        0     1                 
80200b5c 80200b5c        0     1                 
80200b5c 80200b5c        0     1                 
80200b62 80200b62        0     1                 
80200b6a 80200b6a        0     1                 
80200b6e 80200b6e        0     1                 
80200b72 80200b72        0     1                 
80200b96 80200b96        0     1                 
80200b98 80200b98        0     1                 
80200b9c 80200b9c        0     1                 
80200ba0 80200ba0        0     1                 
80200ba8 80200ba8        0     1                 
80200bac 80200bac        0     1                 
80200bb0 80200bb0        0     1                 
80200bbc 80200bbc        0     1                 
80200bbe 80200bbe        0     1                 
80200bc2 80200bc2        0     1                 
80200bd4 80200bd4        0     1                 
80200bd4 80200bd4        0     1                 
80200bdc 80200bdc        0     1                 
80200bde 80200bde        0     1                 
80200be2 80200be2        0     1                 
80200be2 80200be2        0     1                 
80200be4 80200be4        0     1                 
80200be6 80200be6        0     1                 
80200bf4 80200bf4        0     1                 
80200bf4 80200bf4        0     1                 
80200c02 80200c02        0     1                 
80200c02 80200c02        0     1                 
80200c02 80200c02        0     1                 
80200c02 80200c02        0     1                 
80200c02 80200c02        0     1                 
80200c02 80200c02       94     1                 pageframfree
80200c04 80200c04        0     1                 
80200c0c 80200c0c        0     1                 
80200c10 80200c10        0     1                 
80200c18 80200c18        0     1                 
80200c1c 80200c1c        0     1                 
80200c28 80200c28        0     1                 
80200c30 80200c30        0     1                 
80200c44 80200c44        0     1                 
80200c44 80200c44        0     1                 
80200c4a 80200c4a        0     1                 
80200c4c 80200c4c        0     1                 
80200c6a 80200c6a        0     1                 
80200c6c 80200c6c        0     1                 
80200c7a 80200c7a        0     1                 
80200c84 80200c84        0     1                 
80200c88 80200c88        0     1                 
80200c8a 80200c8a        0     1                 
80200c90 80200c90        0     1                 
80200c90 80200c90        0     1                 
80200c96 80200c96        0     1                 
80200c96 80200c96        0     1                 
80200c96 80200c96        0     1                 
80200c96 80200c96        0     1                 
80200c96 80200c96        0     1                 
80200c96 80200c96      16a     1                 map_kernel_window
80200c98 80200c98        0     1                 
80200cae 80200cae        0     1                 
80200cb0 80200cb0        0     1                 
80200cc2 80200cc2        0     1                 
80200cc2 80200cc2        0     1                 
80200cd2 80200cd2        0     1                 
80200cd2 80200cd2        0     1                 
80200cfe 80200cfe        0     1                 
80200cfe 80200cfe        0     1                 
80200d22 80200d22        0     1                 
80200d22 80200d22        0     1                 
80200d26 80200d26        0     1                 
80200d2c 80200d2c        0     1                 
80200d2c 80200d2c        0     1                 
80200d3c 80200d3c        0     1                 
80200d3c 80200d3c        0     1                 
80200d40 80200d40        0     1                 
80200d4e 80200d4e        0     1                 
80200d4e 80200d4e        0     1                 
80200d50 80200d50        0     1                 
80200d54 80200d54        0     1                 
80200d54 80200d54        0     1                 
80200d58 80200d58        0     1                 
80200d58 80200d58        0     1                 
80200d5c 80200d5c        0     1                 
80200d68 80200d68        0     1                 
80200d6e 80200d6e        0     1                 
80200d9c 80200d9c        0     1                 
80200d9e 80200d9e        0     1                 
80200da4 80200da4        0     1                 
80200da8 80200da8        0     1                 
80200da8 80200da8        0     1                 
80200dac 80200dac        0     1                 
80200dae 80200dae        0     1                 
80200db2 80200db2        0     1                 
80200db2 80200db2        0     1                 
80200dc2 80200dc2        0     1                 
80200dc6 80200dc6        0     1                 
80200dd6 80200dd6        0     1                 
80200dd6 80200dd6        0     1                 
80200dd8 80200dd8        0     1                 
80200dd8 80200dd8        0     1                 
80200df8 80200df8        0     1                 
80200e00 80200e00        0     1                 
80200e00 80200e00        0     1                 
80200e00 80200e00        0     1                 
80200e00 80200e00        0     1                 
80200e00 80200e00        0     1                 
80200e00 80200e00      15c     1                 add_ptbl_entry
80200e02 80200e02        0     1                 
80200e0e 80200e0e        0     1                 
80200e18 80200e18        0     1                 
80200e20 80200e20        0     1                 
80200e30 80200e30        0     1                 
80200e30 80200e30        0     1                 
80200e42 80200e42        0     1                 
80200e42 80200e42        0     1                 
80200e54 80200e54        0     1                 
80200e54 80200e54        0     1                 
80200e78 80200e78        0     1                 
80200e7a 80200e7a        0     1                 
80200e7c 80200e7c        0     1                 
80200e8c 80200e8c        0     1                 
80200e92 80200e92        0     1                 
80200e98 80200e98        0     1                 
80200e9c 80200e9c        0     1                 
80200e9e 80200e9e        0     1                 
80200ea2 80200ea2        0     1                 
80200ea6 80200ea6        0     1                 
80200eaa 80200eaa        0     1                 
80200eac 80200eac        0     1                 
80200eac 80200eac        0     1                 
80200eb6 80200eb6        0     1                 
80200eb6 80200eb6        0     1                 
80200eb8 80200eb8        0     1                 
80200ebc 80200ebc        0     1                 
80200ebe 80200ebe        0     1                 
80200ee2 80200ee2        0     1                 
80200ee4 80200ee4        0     1                 
80200f08 80200f08        0     1                 
80200f0a 80200f0a        0     1                 
80200f10 80200f10        0     1                 
80200f14 80200f14        0     1                 
80200f18 80200f18        0     1                 
80200f18 80200f18        0     1                 
80200f20 80200f20        0     1                 
80200f22 80200f22        0     1                 
80200f24 80200f24        0     1                 
80200f26 80200f26        0     1                 
80200f28 80200f28        0     1                 
80200f2e 80200f2e        0     1                 
80200f3a 80200f3a        0     1                 
80200f42 80200f42        0     1                 
80200f4a 80200f4a        0     1                 
80200f4c 80200f4c        0     1                 
80200f5c 80200f5c        0     1                 
80200f5c 80200f5c        0     1                 
80200f5c 80200f5c        0     1                 
80200f5c 80200f5c        0     1                 
80200f5c 80200f5c        0     1                 
80200f5c 80200f5c      1f6     1                 free_proc_pages
80200f5e 80200f5e        0     1                 
80200f5e 80200f5e        0     1                 
80200f78 80200f78        0     1                 
80200f7c 80200f7c        0     1                 
80200faa 80200faa        0     1                 
80200faa 80200faa        0     1                 
80200fae 80200fae        0     1                 
80200fb8 80200fb8        0     1                 
80200fba 80200fba        0     1                 
80200fbe 80200fbe        0     1                 
80200fc6 80200fc6        0     1                 
80200fcc 80200fcc        0     1                 
80200fd0 80200fd0        0     1                 
80200fd6 80200fd6        0     1                 
80200fe2 80200fe2        0     1                 
80200fea 80200fea        0     1                 
80200ff4 80200ff4        0     1                 
80200ffc 80200ffc        0     1                 
80201000 80201000        0     1                 
80201008 80201008        0     1                 
8020100e 8020100e        0     1                 
8020101a 8020101a        0     1                 
80201024 80201024        0     1                 
80201028 80201028        0     1                 
80201036 80201036        0     1                 
80201036 80201036        0     1                 
8020103c 8020103c        0     1                 
8020103c 8020103c        0     1                 
80201044 80201044        0     1                 
80201050 80201050        0     1                 
80201060 80201060        0     1                 
80201064 80201064        0     1                 
80201072 80201072        0     1                 
80201072 80201072        0     1                 
80201078 80201078        0     1                 
8020107a 8020107a        0     1                 
8020107a 8020107a        0     1                 
80201082 80201082        0     1                 
80201086 80201086        0     1                 
802010a2 802010a2        0     1                 
802010ac 802010ac        0     1                 
802010b4 802010b4        0     1                 
802010c8 802010c8        0     1                 
802010c8 802010c8        0     1                 
802010ce 802010ce        0     1                 
802010d0 802010d0        0     1                 
802010ee 802010ee        0     1                 
802010f0 802010f0        0     1                 
80201114 80201114        0     1                 
8020111c 8020111c        0     1                 
8020111c 8020111c        0     1                 
80201120 80201120        0     1                 
80201122 80201122        0     1                 
80201134 80201134        0     1                 
80201134 80201134        0     1                 
80201152 80201152        0     1                 
80201152 80201152        0     1                 
80201154 80201154      3d4     4         build/trap_k.o:(.text)
80201154 80201154        0     1                 
80201154 80201154        0     1                 
80201154 80201154        0     1                 
80201154 80201154      2ce     1                 handle_syscall
80201156 80201156        0     1                 
8020115a 8020115a        0     1                 
8020115c 8020115c        0     1                 
8020117a 8020117a        0     1                 
80201184 80201184        0     1                 
802011d6 802011d6        0     1                 .LBB0_2
802011d6 802011d6        0     1                 
802011e2 802011e2        0     1                 
802011e2 802011e2        0     1                 
802011f4 802011f4        0     1                 .LBB0_3
802011f4 802011f4        0     1                 
802011fc 802011fc        0     1                 
802011fc 802011fc        0     1                 
8020120a 8020120a        0     1                 .LBB0_4
8020120a 8020120a        0     1                 
80201214 80201214        0     1                 
80201216 80201216        0     1                 .LBB0_5
80201216 80201216        0     1                 
80201220 80201220        0     1                 
80201224 80201224        0     1                 .LBB0_7
8020122c 8020122c        0     1                 
80201230 80201230        0     1                 
80201232 80201232        0     1                 
80201236 80201236        0     1                 
8020123e 8020123e        0     1                 
8020123e 8020123e        0     1                 
80201242 80201242        0     1                 
80201246 80201246        0     1                 
8020124c 8020124c        0     1                 
80201254 80201254        0     1                 .LBB0_11
80201254 80201254        0     1                 
8020125e 8020125e        0     1                 
8020125e 8020125e        0     1                 
80201260 80201260        0     1                 .LBB0_12
80201260 80201260        0     1                 
8020126a 8020126a        0     1                 
8020126a 8020126a        0     1                 
8020126c 8020126c        0     1                 .LBB0_13
8020126c 8020126c        0     1                 
80201276 80201276        0     1                 
8020127e 8020127e        0     1                 .LBB0_14
8020127e 8020127e        0     1                 
8020128e 8020128e        0     1                 
8020128e 8020128e        0     1                 
80201292 80201292        0     1                 
8020129e 8020129e        0     1                 
802012a4 802012a4        0     1                 .LBB0_16
802012a4 802012a4        0     1                 
802012b0 802012b0        0     1                 
802012b0 802012b0        0     1                 
802012b2 802012b2        0     1                 .LBB0_17
802012b2 802012b2        0     1                 
802012d2 802012d2        0     1                 
802012dc 802012dc        0     1                 
802012e4 802012e4        0     1                 .LBB0_18
802012e4 802012e4        0     1                 
802012ee 802012ee        0     1                 
802012f6 802012f6        0     1                 .LBB0_19
802012f6 802012f6        0     1                 
802012fe 802012fe        0     1                 
80201306 80201306        0     1                 .LBB0_20
80201306 80201306        0     1                 
80201310 80201310        0     1                 
80201318 80201318        0     1                 .LBB0_21
80201318 80201318        0     1                 
80201320 80201320        0     1                 
80201328 80201328        0     1                 .LBB0_22
80201328 80201328        0     1                 
80201332 80201332        0     1                 
80201332 80201332        0     1                 
80201334 80201334        0     1                 .LBB0_23
80201334 80201334        0     1                 
8020133e 8020133e        0     1                 
8020133e 8020133e        0     1                 
80201340 80201340        0     1                 .LBB0_24
80201340 80201340        0     1                 
8020134a 8020134a        0     1                 
8020134a 8020134a        0     1                 
8020134c 8020134c        0     1                 .LBB0_25
8020134c 8020134c        0     1                 
80201356 80201356        0     1                 
80201356 80201356        0     1                 
80201358 80201358        0     1                 .LBB0_26
80201358 80201358        0     1                 
80201362 80201362        0     1                 
80201362 80201362        0     1                 
80201364 80201364        0     1                 
80201364 80201364        0     1                 .LBB0_27
80201364 80201364        0     1                 
80201368 80201368        0     1                 
8020136c 8020136c        0     1                 
80201370 80201370        0     1                 
80201374 80201374        0     1                 
80201378 80201378        0     1                 
8020137c 8020137c        0     1                 
80201380 80201380        0     1                 
80201384 80201384        0     1                 
80201384 80201384        0     1                 
80201390 80201390        0     1                 
80201390 80201390        0     1                 
802013aa 802013aa        0     1                 
802013b2 802013b2        0     1                 
802013b4 802013b4        0     1                 
802013b8 802013b8        0     1                 
802013d6 802013d6        0     1                 
802013d8 802013d8        0     1                 
802013dc 802013dc        0     1                 
802013ea 802013ea        0     1                 
802013ec 802013ec        0     1                 
802013ee 802013ee        0     1                 
802013f6 802013f6        0     1                 
802013fe 802013fe        0     1                 
80201400 80201400        0     1                 
80201402 80201402        0     1                 
80201420 80201420        0     1                 
80201422 80201422        0     1                 
80201422 80201422        0     1                 
80201422 80201422        0     1                 
80201422 80201422        0     1                 
80201422 80201422        0     1                 
80201422 80201422       68     1                 handle_trap
80201424 80201424        0     1                 
80201424 80201424        0     1                 
80201424 80201424        0     1                 
80201428 80201428        0     1                 
8020142c 8020142c        0     1                 
8020142c 8020142c        0     1                 
80201430 80201430        0     1                 
80201430 80201430        0     1                 
80201434 80201434        0     1                 
80201436 80201436        0     1                 
80201436 80201436        0     1                 
8020143a 8020143a        0     1                 
80201442 80201442        0     1                 
80201442 80201442        0     1                 
80201446 80201446        0     1                 
8020144a 8020144a        0     1                 
80201452 80201452        0     1                 
80201464 80201464        0     1                 
80201464 80201464        0     1                 
80201488 80201488        0     1                 
8020148a 8020148a        0     1                 
8020148a 8020148a        0     1                 
8020148c 8020148c        0     1                 
8020148c 8020148c        0     1                 
8020148c 8020148c        0     1                 
8020148c 8020148c        0     1                 
8020148c 8020148c       9c     1                 switch_trap
80201528 80201528        0     1                 
80201528 80201528        0     1                 
80201528 80201528      41e     4         build/pcb_k.o:(.text)
80201528 80201528        0     1                 
80201528 80201528        0     1                 
80201528 80201528        0     1                 
80201528 80201528       3c     1                 switch_umode
8020152a 8020152a        0     1                 
8020152c 8020152c        0     1                 
80201534 80201534        0     1                 
80201540 80201540        0     1                 
80201562 80201562        0     1                 
80201564 80201564        0     1                 
80201564 80201564        0     1                 
80201564 80201564        0     1                 
80201564 80201564        0     1                 
80201564 80201564        0     1                 
80201564 80201564      36c     1                 spawn_proc
80201566 80201566        0     1                 
80201580 80201580        0     1                 
80201588 80201588        0     1                 
8020158c 8020158c        0     1                 
8020158e 8020158e        0     1                 
80201590 80201590        0     1                 
80201598 80201598        0     1                 
8020159a 8020159a        0     1                 
8020159c 8020159c        0     1                 
802015ac 802015ac        0     1                 
802015ae 802015ae        0     1                 
802015b0 802015b0        0     1                 
802015b8 802015b8        0     1                 
802015ba 802015ba        0     1                 
802015bc 802015bc        0     1                 
802015cc 802015cc        0     1                 
802015ce 802015ce        0     1                 
802015d0 802015d0        0     1                 
802015d8 802015d8        0     1                 
802015da 802015da        0     1                 
802015dc 802015dc        0     1                 
802015ec 802015ec        0     1                 
802015ee 802015ee        0     1                 
802015f0 802015f0        0     1                 
802015f8 802015f8        0     1                 
802015fa 802015fa        0     1                 
802015fc 802015fc        0     1                 
8020160c 8020160c        0     1                 
8020160e 8020160e        0     1                 
80201610 80201610        0     1                 
80201618 80201618        0     1                 
8020161a 8020161a        0     1                 
8020161c 8020161c        0     1                 
8020163a 8020163a        0     1                 
8020163c 8020163c        0     1                 
80201668 80201668        0     1                 
80201670 80201670        0     1                 
80201674 80201674        0     1                 
80201678 80201678        0     1                 
80201684 80201684        0     1                 
80201684 80201684        0     1                 
80201686 80201686        0     1                 
8020168e 8020168e        0     1                 
8020168e 8020168e        0     1                 
80201690 80201690        0     1                 
80201698 80201698        0     1                 
8020169a 8020169a        0     1                 
802016a2 802016a2        0     1                 
802016a4 802016a4        0     1                 
802016a8 802016a8        0     1                 
802016ac 802016ac        0     1                 
802016b4 802016b4        0     1                 
802016b6 802016b6        0     1                 
802016be 802016be        0     1                 
802016c0 802016c0        0     1                 
802016c8 802016c8        0     1                 
802016ca 802016ca        0     1                 
802016d2 802016d2        0     1                 
802016d4 802016d4        0     1                 
802016dc 802016dc        0     1                 
802016de 802016de        0     1                 
802016e6 802016e6        0     1                 
802016e8 802016e8        0     1                 
802016f0 802016f0        0     1                 
802016f2 802016f2        0     1                 
802016fa 802016fa        0     1                 
802016fc 802016fc        0     1                 
80201704 80201704        0     1                 
80201704 80201704        0     1                 
80201708 80201708        0     1                 
8020170a 8020170a        0     1                 
8020170c 8020170c        0     1                 
80201714 80201714        0     1                 
8020171e 8020171e        0     1                 
80201720 80201720        0     1                 
80201724 80201724        0     1                 
8020172e 8020172e        0     1                 
80201732 80201732        0     1                 
8020174c 8020174c        0     1                 
8020174e 8020174e        0     1                 
80201758 80201758        0     1                 
80201758 80201758        0     1                 
8020175a 8020175a        0     1                 
80201760 80201760        0     1                 
80201764 80201764        0     1                 
80201768 80201768        0     1                 
80201770 80201770        0     1                 
80201770 80201770        0     1                 
80201772 80201772        0     1                 
8020177c 8020177c        0     1                 
80201780 80201780        0     1                 
80201784 80201784        0     1                 
80201788 80201788        0     1                 
8020178c 8020178c        0     1                 
8020179e 8020179e        0     1                 
8020179e 8020179e        0     1                 
802017a2 802017a2        0     1                 
802017aa 802017aa        0     1                 
802017aa 802017aa        0     1                 
802017b2 802017b2        0     1                 
802017b6 802017b6        0     1                 
802017ba 802017ba        0     1                 
802017cc 802017cc        0     1                 
802017cc 802017cc        0     1                 
802017de 802017de        0     1                 
802017e0 802017e0        0     1                 
802017ea 802017ea        0     1                 
802017ea 802017ea        0     1                 
802017ee 802017ee        0     1                 
802017f2 802017f2        0     1                 
802017fe 802017fe        0     1                 
802017fe 802017fe        0     1                 
80201800 80201800        0     1                 
80201802 80201802        0     1                 
8020180a 8020180a        0     1                 
8020180e 8020180e        0     1                 
80201818 80201818        0     1                 
80201818 80201818        0     1                 
8020181a 8020181a        0     1                 
8020181c 8020181c        0     1                 
80201822 80201822        0     1                 
80201824 80201824        0     1                 
80201826 80201826        0     1                 
8020182e 8020182e        0     1                 
8020182e 8020182e        0     1                 
80201832 80201832        0     1                 
80201834 80201834        0     1                 
80201834 80201834        0     1                 
80201838 80201838        0     1                 
8020183a 8020183a        0     1                 
8020183a 8020183a        0     1                 
8020185e 8020185e        0     1                 
80201860 80201860        0     1                 
80201884 80201884        0     1                 
80201886 80201886        0     1                 
8020188a 8020188a        0     1                 
8020189c 8020189c        0     1                 
8020189c 8020189c        0     1                 
802018a0 802018a0        0     1                 
802018b0 802018b0        0     1                 
802018b0 802018b0        0     1                 
802018d0 802018d0        0     1                 
802018d0 802018d0        0     1                 
802018d0 802018d0        0     1                 
802018d0 802018d0        0     1                 
802018d0 802018d0        0     1                 
802018d0 802018d0       76     1                 free_proc
802018d2 802018d2        0     1                 
802018d2 802018d2        0     1                 
802018d8 802018d8        0     1                 
802018da 802018da        0     1                 
802018dc 802018dc        0     1                 
802018de 802018de        0     1                 
802018e0 802018e0        0     1                 
802018e8 802018e8        0     1                 
802018ea 802018ea        0     1                 
802018ec 802018ec        0     1                 
802018ee 802018ee        0     1                 
802018fe 802018fe        0     1                 
802018fe 802018fe        0     1                 
80201900 80201900        0     1                 
80201902 80201902        0     1                 
80201904 80201904        0     1                 
8020190c 8020190c        0     1                 
8020190c 8020190c        0     1                 
80201910 80201910        0     1                 
80201914 80201914        0     1                 
80201918 80201918        0     1                 
8020191c 8020191c        0     1                 
80201920 80201920        0     1                 
80201924 80201924        0     1                 
80201926 80201926        0     1                 
8020192a 8020192a        0     1                 
80201934 80201934        0     1                 
8020193c 8020193c        0     1                 
80201946 80201946        0     1                 
80201946 80201946        0     1                 
80201948 80201948      4d2     4         build/program_k.o:(.text)
80201948 80201948        0     1                 
80201948 80201948        0     1                 
80201948 80201948        0     1                 
80201948 80201948        0     1                 
80201948 80201948       46     1                 switch_proc
8020198e 8020198e        0     1                 
8020198e 8020198e        0     1                 
8020198e 8020198e        0     1                 
8020198e 8020198e        0     1                 
8020198e 8020198e        0     1                 
8020198e 8020198e       a2     1                 Flush_TLB
80201990 80201990        0     1                 
80201990 80201990        0     1                 
80201994 80201994        0     1                 
80201996 80201996        0     1                 
8020199e 8020199e        0     1                 
802019a0 802019a0        0     1                 
802019a2 802019a2        0     1                 
802019a4 802019a4        0     1                 
802019a6 802019a6        0     1                 
802019b8 802019b8        0     1                 
802019b8 802019b8        0     1                 
802019be 802019be        0     1                 
802019c2 802019c2        0     1                 
802019c6 802019c6        0     1                 
802019d8 802019d8        0     1                 
802019d8 802019d8        0     1                 
802019e0 802019e0        0     1                 
802019e8 802019e8        0     1                 
80201a0c 80201a0c        0     1                 
80201a0e 80201a0e        0     1                 
80201a2e 80201a2e        0     1                 
80201a30 80201a30        0     1                 
80201a30 80201a30        0     1                 
80201a30 80201a30        0     1                 
80201a30 80201a30        0     1                 
80201a30 80201a30        0     1                 
80201a30 80201a30       9c     1                 k_sp
80201a32 80201a32        0     1                 
80201a32 80201a32        0     1                 
80201a42 80201a42        0     1                 
80201a52 80201a52        0     1                 
80201a52 80201a52        0     1                 
80201a7a 80201a7a        0     1                 
80201a7e 80201a7e        0     1                 
80201a80 80201a80        0     1                 
80201a82 80201a82        0     1                 
80201a84 80201a84        0     1                 
80201a90 80201a90        0     1                 
80201a90 80201a90        0     1                 
80201a92 80201a92        0     1                 
80201a94 80201a94        0     1                 
80201a98 80201a98        0     1                 
80201a9a 80201a9a        0     1                 
80201a9c 80201a9c        0     1                 
80201aa8 80201aa8        0     1                 
80201aa8 80201aa8        0     1                 
80201aaa 80201aaa        0     1                 
80201aaa 80201aaa        0     1                 
80201ac4 80201ac4        0     1                 
80201acc 80201acc        0     1                 
80201acc 80201acc        0     1                 
80201acc 80201acc        0     1                 
80201acc 80201acc        0     1                 
80201acc 80201acc        0     1                 
80201acc 80201acc      34e     1                 yield
80201ace 80201ace        0     1                 
80201ace 80201ace        0     1                 
80201ad4 80201ad4        0     1                 
80201adc 80201adc        0     1                 
80201ade 80201ade        0     1                 
80201ae2 80201ae2        0     1                 
80201ae4 80201ae4        0     1                 
80201af4 80201af4        0     1                 
80201af4 80201af4        0     1                 
80201af8 80201af8        0     1                 
80201afa 80201afa        0     1                 
80201afe 80201afe        0     1                 
80201b02 80201b02        0     1                 
80201b04 80201b04        0     1                 
80201b06 80201b06        0     1                 
80201b08 80201b08        0     1                 
80201b0a 80201b0a        0     1                 
80201b12 80201b12        0     1                 
80201b12 80201b12        0     1                 
80201b22 80201b22        0     1                 
80201b26 80201b26        0     1                 
80201b2e 80201b2e        0     1                 
80201b40 80201b40        0     1                 
80201b44 80201b44        0     1                 
80201b50 80201b50        0     1                 
80201b60 80201b60        0     1                 
80201b62 80201b62        0     1                 
80201b66 80201b66        0     1                 
80201b78 80201b78        0     1                 
80201b7c 80201b7c        0     1                 
80201b80 80201b80        0     1                 
80201b8c 80201b8c        0     1                 
80201b8e 80201b8e        0     1                 
80201b92 80201b92        0     1                 
80201ba4 80201ba4        0     1                 
80201ba8 80201ba8        0     1                 
80201bac 80201bac        0     1                 
80201bb4 80201bb4        0     1                 
80201bc4 80201bc4        0     1                 
80201bc6 80201bc6        0     1                 
80201bca 80201bca        0     1                 
80201bdc 80201bdc        0     1                 
80201be0 80201be0        0     1                 
80201be4 80201be4        0     1                 
80201bf0 80201bf0        0     1                 
80201bf2 80201bf2        0     1                 
80201bf6 80201bf6        0     1                 
80201c08 80201c08        0     1                 
80201c0c 80201c0c        0     1                 
80201c10 80201c10        0     1                 
80201c18 80201c18        0     1                 
80201c28 80201c28        0     1                 
80201c2a 80201c2a        0     1                 
80201c2e 80201c2e        0     1                 
80201c40 80201c40        0     1                 
80201c44 80201c44        0     1                 
80201c48 80201c48        0     1                 
80201c54 80201c54        0     1                 
80201c56 80201c56        0     1                 
80201c5a 80201c5a        0     1                 
80201c6c 80201c6c        0     1                 
80201c70 80201c70        0     1                 
80201c74 80201c74        0     1                 
80201c7c 80201c7c        0     1                 
80201c8c 80201c8c        0     1                 
80201c8e 80201c8e        0     1                 
80201c92 80201c92        0     1                 
80201ca4 80201ca4        0     1                 
80201ca8 80201ca8        0     1                 
80201cac 80201cac        0     1                 
80201cb8 80201cb8        0     1                 
80201cba 80201cba        0     1                 
80201cbe 80201cbe        0     1                 
80201cd0 80201cd0        0     1                 
80201cd4 80201cd4        0     1                 
80201cda 80201cda        0     1                 
80201cde 80201cde        0     1                 
80201cee 80201cee        0     1                 
80201cf0 80201cf0        0     1                 
80201cf4 80201cf4        0     1                 
80201d06 80201d06        0     1                 
80201d0a 80201d0a        0     1                 
80201d0e 80201d0e        0     1                 
80201d1e 80201d1e        0     1                 
80201d26 80201d26        0     1                 
80201d26 80201d26        0     1                 
80201d2e 80201d2e        0     1                 
80201d2e 80201d2e        0     1                 
80201d32 80201d32        0     1                 
80201d34 80201d34        0     1                 
80201d36 80201d36        0     1                 
80201d38 80201d38        0     1                 
80201d48 80201d48        0     1                 
80201d48 80201d48        0     1                 
80201d4c 80201d4c        0     1                 
80201d4e 80201d4e        0     1                 
80201d52 80201d52        0     1                 
80201d5c 80201d5c        0     1                 
80201d5e 80201d5e        0     1                 
80201d68 80201d68        0     1                 
80201d68 80201d68        0     1                 
80201d6c 80201d6c        0     1                 
80201d6e 80201d6e        0     1                 
80201d80 80201d80        0     1                 
80201d80 80201d80        0     1                 
80201d84 80201d84        0     1                 
80201d86 80201d86        0     1                 
80201d8a 80201d8a        0     1                 
80201d94 80201d94        0     1                 
80201d96 80201d96        0     1                 
80201da0 80201da0        0     1                 
80201da0 80201da0        0     1                 
80201da2 80201da2        0     1                 
80201da6 80201da6        0     1                 
80201db6 80201db6        0     1                 
80201db6 80201db6        0     1                 
80201db8 80201db8        0     1                 
80201dba 80201dba        0     1                 
80201dbe 80201dbe        0     1                 
80201dc8 80201dc8        0     1                 
80201dd0 80201dd0        0     1                 
80201dd2 80201dd2        0     1                 
80201dd6 80201dd6        0     1                 
80201dda 80201dda        0     1                 
80201ddc 80201ddc        0     1                 
80201de6 80201de6        0     1                 
80201dee 80201dee        0     1                 
80201dfe 80201dfe        0     1                 
80201dfe 80201dfe        0     1                 
80201e02 80201e02        0     1                 
80201e12 80201e12        0     1                 
80201e1a 80201e1a        0     1                 
80201e1a 80201e1a        0     1                 
80201e1c 80201e1c      2dc     4         build/app.o:(.text)
80201e1c 80201e1c        0     1                 
80201e1c 80201e1c        0     1                 
80201e1c 80201e1c        0     1                 
80201e1c 80201e1c      110     1                 init_app
80201e1e 80201e1e        0     1                 
80201e20 80201e20        0     1                 
80201e22 80201e22        0     1                 
80201e22 80201e22        0     1                 
80201e26 80201e26        0     1                 
80201e2a 80201e2a        0     1                 
80201e2e 80201e2e        0     1                 
80201e32 80201e32        0     1                 
80201e36 80201e36        0     1                 
80201e3a 80201e3a        0     1                 
80201e3e 80201e3e        0     1                 
80201e42 80201e42        0     1                 
80201e46 80201e46        0     1                 
80201e48 80201e48        0     1                 
80201e4c 80201e4c        0     1                 
80201e50 80201e50        0     1                 
80201e54 80201e54        0     1                 
80201e58 80201e58        0     1                 
80201e5e 80201e5e        0     1                 
80201e5e 80201e5e        0     1                 
80201e66 80201e66        0     1                 
80201e68 80201e68        0     1                 
80201e6a 80201e6a        0     1                 
80201e6c 80201e6c        0     1                 
80201e6e 80201e6e        0     1                 
80201e76 80201e76        0     1                 
80201e78 80201e78        0     1                 
80201e7a 80201e7a        0     1                 
80201e7c 80201e7c        0     1                 
80201e7e 80201e7e        0     1                 
80201e86 80201e86        0     1                 
80201e88 80201e88        0     1                 
80201e8a 80201e8a        0     1                 
80201e8c 80201e8c        0     1                 
80201e8e 80201e8e        0     1                 
80201e96 80201e96        0     1                 
80201e98 80201e98        0     1                 
80201e9a 80201e9a        0     1                 
80201e9c 80201e9c        0     1                 
80201e9e 80201e9e        0     1                 
80201ea6 80201ea6        0     1                 
80201eaa 80201eaa        0     1                 
80201eac 80201eac        0     1                 
80201eb0 80201eb0        0     1                 
80201eb2 80201eb2        0     1                 
80201ecc 80201ecc        0     1                 
80201ece 80201ece        0     1                 
80201efc 80201efc        0     1                 
80201f26 80201f26        0     1                 
80201f2c 80201f2c        0     1                 
80201f2c 80201f2c        0     1                 
80201f2c 80201f2c        0     1                 
80201f2c 80201f2c        0     1                 
80201f2c 80201f2c        0     1                 
80201f2c 80201f2c       4c     1                 start_app
80201f2e 80201f2e        0     1                 
80201f30 80201f30        0     1                 
80201f34 80201f34        0     1                 
80201f38 80201f38        0     1                 
80201f48 80201f48        0     1                 
80201f4a 80201f4a        0     1                 
80201f4c 80201f4c        0     1                 
80201f54 80201f54        0     1                 
80201f54 80201f54        0     1                 
80201f56 80201f56        0     1                 
80201f5c 80201f5c        0     1                 
80201f76 80201f76        0     1                 
80201f78 80201f78        0     1                 
80201f78 80201f78        0     1                 
80201f78 80201f78        0     1                 
80201f78 80201f78        0     1                 
80201f78 80201f78        0     1                 
80201f78 80201f78      11e     1                 get_app_id
80201f7a 80201f7a        0     1                 
80201f80 80201f80        0     1                 
80201f82 80201f82        0     1                 
80201f82 80201f82        0     1                 
80201f96 80201f96        0     1                 
80201f96 80201f96        0     1                 
80201f98 80201f98        0     1                 
80201f9c 80201f9c        0     1                 
80201fa6 80201fa6        0     1                 
80201fa6 80201fa6        0     1                 
80201fa8 80201fa8        0     1                 
80201fb4 80201fb4        0     1                 
80201fbe 80201fbe        0     1                 
80201fbe 80201fbe        0     1                 
80201fc0 80201fc0        0     1                 
80201fc4 80201fc4        0     1                 
80201fce 80201fce        0     1                 
80201fce 80201fce        0     1                 
80201fd0 80201fd0        0     1                 
80201fdc 80201fdc        0     1                 
80201fe6 80201fe6        0     1                 
80201fe6 80201fe6        0     1                 
80201fe8 80201fe8        0     1                 
80201fec 80201fec        0     1                 
80201ff6 80201ff6        0     1                 
80201ff6 80201ff6        0     1                 
80201ff8 80201ff8        0     1                 
80202004 80202004        0     1                 
8020200e 8020200e        0     1                 
8020200e 8020200e        0     1                 
80202010 80202010        0     1                 
80202014 80202014        0     1                 
8020201e 8020201e        0     1                 
8020201e 8020201e        0     1                 
80202020 80202020        0     1                 
8020202c 8020202c        0     1                 
80202036 80202036        0     1                 
80202036 80202036        0     1                 
80202038 80202038        0     1                 
8020203c 8020203c        0     1                 
80202046 80202046        0     1                 
80202046 80202046        0     1                 
80202048 80202048        0     1                 
80202048 80202048        0     1                 
80202064 80202064        0     1                 
80202066 80202066        0     1                 
8020208c 8020208c        0     1                 
80202096 80202096        0     1                 
80202096 80202096        0     1                 
80202096 80202096        0     1                 
80202096 80202096        0     1                 
80202096 80202096        0     1                 
80202096 80202096       62     1                 get_app_name
80202098 80202098        0     1                 
8020209a 8020209a        0     1                 
8020209e 8020209e        0     1                 
802020a2 802020a2        0     1                 
802020be 802020be        0     1                 
802020c0 802020c0        0     1                 
802020ce 802020ce        0     1                 
802020f2 802020f2        0     1                 
802020f8 802020f8        0     1                 
802020f8 802020f8        0     1                 
802020f8 802020f8      608     4         build/sockets.o:(.text)
802020f8 802020f8        0     1                 
802020f8 802020f8        0     1                 
802020f8 802020f8        0     1                 
802020f8 802020f8       4e     1                 read_rsocket
802020fa 802020fa        0     1                 
802020fc 802020fc        0     1                 
80202100 80202100        0     1                 
80202104 80202104        0     1                 
8020211e 8020211e        0     1                 
80202120 80202120        0     1                 
80202128 80202128        0     1                 
8020213c 8020213c        0     1                 
80202140 80202140        0     1                 
80202146 80202146        0     1                 
80202146 80202146        0     1                 
80202146 80202146        0     1                 
80202146 80202146        0     1                 
80202146 80202146        0     1                 
80202146 80202146       4c     1                 write_rsocket
80202148 80202148        0     1                 
8020214a 8020214a        0     1                 
8020214e 8020214e        0     1                 
80202152 80202152        0     1                 
8020216c 8020216c        0     1                 
8020216e 8020216e        0     1                 
8020217c 8020217c        0     1                 
80202188 80202188        0     1                 
8020218c 8020218c        0     1                 
80202192 80202192        0     1                 
80202192 80202192        0     1                 
80202192 80202192        0     1                 
80202192 80202192        0     1                 
80202192 80202192        0     1                 
80202192 80202192       7e     1                 read_socket
80202194 80202194        0     1                 
80202196 80202196        0     1                 
8020219a 8020219a        0     1                 
8020219e 8020219e        0     1                 
802021ba 802021ba        0     1                 
802021bc 802021bc        0     1                 
802021c2 802021c2        0     1                 
802021c6 802021c6        0     1                 
802021e0 802021e0        0     1                 
802021e2 802021e2        0     1                 
802021ea 802021ea        0     1                 
802021ee 802021ee        0     1                 
802021f0 802021f0        0     1                 
80202206 80202206        0     1                 
8020220a 8020220a        0     1                 
80202210 80202210        0     1                 
80202210 80202210        0     1                 
80202210 80202210        0     1                 
80202210 80202210        0     1                 
80202210 80202210        0     1                 
80202210 80202210       7c     1                 write_socket
80202212 80202212        0     1                 
80202214 80202214        0     1                 
80202218 80202218        0     1                 
8020221c 8020221c        0     1                 
80202236 80202236        0     1                 
80202238 80202238        0     1                 
8020223e 8020223e        0     1                 
80202242 80202242        0     1                 
8020225e 8020225e        0     1                 
80202260 80202260        0     1                 
80202264 80202264        0     1                 
80202266 80202266        0     1                 
80202272 80202272        0     1                 
80202274 80202274        0     1                 
80202282 80202282        0     1                 
80202286 80202286        0     1                 
8020228c 8020228c        0     1                 
8020228c 8020228c        0     1                 
8020228c 8020228c        0     1                 
8020228c 8020228c        0     1                 
8020228c 8020228c        0     1                 
8020228c 8020228c       60     1                 claim_rsocket
8020228e 8020228e        0     1                 
80202290 80202290        0     1                 
80202294 80202294        0     1                 
80202298 80202298        0     1                 
802022b4 802022b4        0     1                 
802022b6 802022b6        0     1                 
802022ca 802022ca        0     1                 
802022cc 802022cc        0     1                 
802022ce 802022ce        0     1                 
802022d6 802022d6        0     1                 
802022dc 802022dc        0     1                 
802022e0 802022e0        0     1                 
802022e2 802022e2        0     1                 
802022e6 802022e6        0     1                 
802022ec 802022ec        0     1                 
802022ec 802022ec        0     1                 
802022ec 802022ec        0     1                 
802022ec 802022ec        0     1                 
802022ec 802022ec        0     1                 
802022ec 802022ec       60     1                 claim_socket
802022ee 802022ee        0     1                 
802022f0 802022f0        0     1                 
802022f4 802022f4        0     1                 
802022f8 802022f8        0     1                 
80202314 80202314        0     1                 
80202316 80202316        0     1                 
8020232a 8020232a        0     1                 
8020232c 8020232c        0     1                 
8020232e 8020232e        0     1                 
[...]
802024d4 802024d4        0     1                 
802024d8 802024d8        0     1                 
802024de 802024de        0     1                 
802024e0 802024e0        0     1                 
802024e0 802024e0        0     1                 
802024e6 802024e6        0     1                 
802024ec 802024ec        0     1                 
8020250c 8020250c        0     1                 
8020250c 8020250c        0     1                 
8020250c 8020250c        0     1                 
8020250c 8020250c        0     1                 
8020250c 8020250c        0     1                 
8020250c 8020250c      13c     1                 find_free_socket
8020250e 8020250e        0     1                 
8020250e 8020250e        0     1                 
80202510 80202510        0     1                 
80202518 80202518        0     1                 
8020251a 8020251a        0     1                 
8020251c 8020251c        0     1                 
8020251c 8020251c        0     1                 
80202520 80202520        0     1                 
80202528 80202528        0     1                 
8020252e 8020252e        0     1                 
80202532 80202532        0     1                 
80202538 80202538        0     1                 
8020253c 8020253c        0     1                 
80202544 80202544        0     1                 
8020254a 8020254a        0     1                 
8020254e 8020254e        0     1                 
80202554 80202554        0     1                 
80202558 80202558        0     1                 
80202560 80202560        0     1                 
80202566 80202566        0     1                 
8020256a 8020256a        0     1                 
80202570 80202570        0     1                 
80202574 80202574        0     1                 
8020257c 8020257c        0     1                 
80202582 80202582        0     1                 
80202586 80202586        0     1                 
8020258c 8020258c        0     1                 
80202590 80202590        0     1                 
80202594 80202594        0     1                 
8020259a 8020259a        0     1                 
8020259e 8020259e        0     1                 
8020259e 8020259e        0     1                 
802025bc 802025bc        0     1                 
802025be 802025be        0     1                 
802025be 802025be        0     1                 
802025c0 802025c0        0     1                 
802025c8 802025c8        0     1                 
802025cc 802025cc        0     1                 
802025ce 802025ce        0     1                 
802025d2 802025d2        0     1                 
802025d4 802025d4        0     1                 
802025dc 802025dc        0     1                 
802025e0 802025e0        0     1                 
802025e2 802025e2        0     1                 
802025e6 802025e6        0     1                 
802025e8 802025e8        0     1                 
802025f0 802025f0        0     1                 
802025f4 802025f4        0     1                 
802025f6 802025f6        0     1                 
802025fa 802025fa        0     1                 
802025fc 802025fc        0     1                 
80202604 80202604        0     1                 
80202608 80202608        0     1                 
8020260a 8020260a        0     1                 
8020260e 8020260e        0     1                 
80202610 80202610        0     1                 
80202614 80202614        0     1                 
8020261a 8020261a        0     1                 
8020261c 8020261c        0     1                 
8020261c 8020261c        0     1                 
80202622 80202622        0     1                 
80202628 80202628        0     1                 
80202648 80202648        0     1                 
80202648 80202648        0     1                 
80202648 80202648        0     1                 
80202648 80202648        0     1                 
80202648 80202648        0     1                 
80202648 80202648       5c     1                 info_rsocket
8020264a 8020264a        0     1                 
8020264c 8020264c        0     1                 
80202650 80202650        0     1                 
80202654 80202654        0     1                 
80202670 80202670        0     1                 
80202672 80202672        0     1                 
80202680 80202680        0     1                 
80202684 80202684        0     1                 
80202688 80202688        0     1                 
8020268a 8020268a        0     1                 
8020268e 8020268e        0     1                 
80202690 80202690        0     1                 
80202694 80202694        0     1                 
80202696 80202696        0     1                 
8020269a 8020269a        0     1                 
8020269c 8020269c        0     1                 
8020269e 8020269e        0     1                 
802026a4 802026a4        0     1                 
802026a4 802026a4        0     1                 
802026a4 802026a4        0     1                 
802026a4 802026a4        0     1                 
802026a4 802026a4        0     1                 
802026a4 802026a4       5c     1                 info_socket
802026a6 802026a6        0     1                 
802026a8 802026a8        0     1                 
802026ac 802026ac        0     1                 
802026b0 802026b0        0     1                 
802026cc 802026cc        0     1                 
802026ce 802026ce        0     1                 
802026dc 802026dc        0     1                 
802026e0 802026e0        0     1                 
802026e4 802026e4        0     1                 
802026e6 802026e6        0     1                 
802026ea 802026ea        0     1                 
802026ec 802026ec        0     1                 
802026f0 802026f0        0     1                 
802026f2 802026f2        0     1                 
802026f6 802026f6        0     1                 
802026f8 802026f8        0     1                 
802026fa 802026fa        0     1                 
80202700 80202700        0     1                 
80202700 80202700        0     1                 
80202700 80202700     11dc     4 .rodata
80202700 80202700     10d8     1         <internal>:(.rodata)
802037d8 802037d8       58     4         build/print_k.o:(.rodata)
802037d8 802037d8        0     1                 .LJTI0_0
80203830 80203830       58     4         build/str.o:(.rodata)
80203830 80203830        0     1                 .LJTI2_0
80203888 80203888       54     4         build/trap_k.o:(.rodata)
80203888 80203888        0     1                 .LJTI0_0
802038dc 802038dc    198d0     4 .data
802038dc 802038dc     8d40     1         bronx.o:(.data)
802038dc 802038dc        0     1                 _binary_bronx_bin_start
8020c61c 8020c61c        0     1                 _binary_bronx_bin_end
8020c61c 8020c61c     81a0     1         init.o:(.data)
8020c61c 8020c61c        0     1                 _binary_init_bin_start
802147bc 802147bc        0     1                 _binary_init_bin_end
802147bc 802147bc     89f0     1         test.o:(.data)
802147bc 802147bc        0     1                 _binary_test_bin_start
8021d1ac 8021d1ac        0     1                 _binary_test_bin_end
8021d1ac 8021d1ac    16a1c     4 .bss
8021d1ac 8021d1ac        0     1         __bss = .
8021d1ac 8021d1ac        9     4         build/memory.o:(.sbss)
8021d1ac 8021d1ac        4     1                 nextfreepageframe
8021d1b0 8021d1b0        4     1                 free_list_head
8021d1b4 8021d1b4        1     1                 mmu_is_active
8021d1b8 8021d1b8        8     4         build/pcb_k.o:(.sbss)
8021d1b8 8021d1b8        4     1                 currproc
8021d1bc 8021d1bc        4     1                 idleproc
8021d1c0 8021d1c0    140f0     4         build/pcb_k.o:(.bss)
8021d1c0 8021d1c0    140f0     1                 proclist
802312b0 802312b0       a0     4         build/app.o:(.bss)
802312b0 802312b0       a0     1                 app_list
80231350 80231350     2878     4         build/sockets.o:(.bss)
80231350 80231350       28     1                 rsockets
80231378 80231378       28     1                 rsocket_info
802313a0 802313a0     2800     1                 sockets
80233ba0 80233ba0       28     1                 socket_info
80233bc8 80233bc8        0     1         __bss_end = .
80233bc8 80233bc8        0     1 . = ALIGN ( 4 )
80233bc8 80233bc8    20000     1 . += 128 * 1024
80253bc8 80253bc8        0     1 __stack_top = .
80253bc8 80253bc8      438     1 . = ALIGN ( 4096 )
80254000 80254000        0     1 __free_ram_start = .
80254000 80254000  2000000     1 . += 32 * 1024 * 1024
82254000 82254000        0     1 __free_ram_end = .
       0        0     16f3     1 .debug_loclists
       0        0       1a     1         build/main.o:(.debug_loclists)
       c        c        0     1                 
      1a       1a      115     1         build/print_k.o:(.debug_loclists)
      26       26        0     1                 
     12f      12f       9f     1         build/SBI.o:(.debug_loclists)
     13b      13b        0     1                 
     1ce      1ce       66     1         build/mem.o:(.debug_loclists)
     1da      1da        0     1                 
     234      234      1a1     1         build/str.o:(.debug_loclists)
     240      240        0     1                 
     3d5      3d5      19a     1         build/oa.o:(.debug_loclists)
     3e1      3e1        0     1                 
     56f      56f      47d     1         build/memory.o:(.debug_loclists)
     57b      57b        0     1                 
     9ec      9ec      21c     1         build/trap_k.o:(.debug_loclists)
     9f8      9f8        0     1                 
     c08      c08      23b     1         build/pcb_k.o:(.debug_loclists)
     c14      c14        0     1                 
     e43      e43      137     1         build/program_k.o:(.debug_loclists)
     e4f      e4f        0     1                 
     f7a      f7a      44c     1         build/app.o:(.debug_loclists)
     f86      f86        0     1                 
    13c6     13c6      32d     1         build/sockets.o:(.debug_loclists)
    13d2     13d2        0     1                 
       0        0      fc3     1 .debug_abbrev
       0        0      138     1         build/main.o:(.debug_abbrev)
     138      138      104     1         build/print_k.o:(.debug_abbrev)
     23c      23c      15a     1         build/SBI.o:(.debug_abbrev)
     396      396       b9     1         build/mem.o:(.debug_abbrev)
     44f      44f      12c     1         build/str.o:(.debug_abbrev)
     57b      57b      113     1         build/oa.o:(.debug_abbrev)
     68e      68e      212     1         build/memory.o:(.debug_abbrev)
     8a0      8a0      1f8     1         build/trap_k.o:(.debug_abbrev)
     a98      a98      1a1     1         build/pcb_k.o:(.debug_abbrev)
     c39      c39      139     1         build/program_k.o:(.debug_abbrev)
     d72      d72      144     1         build/app.o:(.debug_abbrev)
     eb6      eb6      10d     1         build/sockets.o:(.debug_abbrev)
       0        0     1ed3     1 .debug_info
       0        0      234     1         build/main.o:(.debug_info)
     234      234      1e5     1         build/print_k.o:(.debug_info)
     419      419      242     1         build/SBI.o:(.debug_info)
     65b      65b       d9     1         build/mem.o:(.debug_info)
     734      734      1f5     1         build/str.o:(.debug_info)
     929      929      184     1         build/oa.o:(.debug_info)
     aad      aad      53c     1         build/memory.o:(.debug_info)
     fe9      fe9      512     1         build/trap_k.o:(.debug_info)
    14fb     14fb      2d2     1         build/pcb_k.o:(.debug_info)
    17cd     17cd      1e1     1         build/program_k.o:(.debug_info)
    19ae     19ae      260     1         build/app.o:(.debug_info)
    1c0e     1c0e      2c5     1         build/sockets.o:(.debug_info)
       0        0      234     1 .debug_rnglists
       0        0       18     1         build/main.o:(.debug_rnglists)
       c        c        0     1                 
      18       18       57     1         build/print_k.o:(.debug_rnglists)
      24       24        0     1                 
      6f       6f       66     1         build/str.o:(.debug_rnglists)
      7b       7b        0     1                 
      d5       d5       1b     1         build/oa.o:(.debug_rnglists)
      e1       e1        0     1                 
      f0       f0       de     1         build/memory.o:(.debug_rnglists)
      fc       fc        0     1                 
     1ce      1ce       4c     1         build/pcb_k.o:(.debug_rnglists)
     1da      1da        0     1                 
     21a      21a       1a     1         build/app.o:(.debug_rnglists)
     226      226        0     1                 
       0        0      82c     1 .debug_str_offsets
       0        0       90     1         build/main.o:(.debug_str_offsets)
       8        8        0     1                 
      90       90       68     1         build/print_k.o:(.debug_str_offsets)
      98       98        0     1                 
      f8       f8       8c     1         build/SBI.o:(.debug_str_offsets)
     100      100        0     1                 
     184      184       58     1         build/mem.o:(.debug_str_offsets)
     18c      18c        0     1                 
     1dc      1dc       88     1         build/str.o:(.debug_str_offsets)
     1e4      1e4        0     1                 
     264      264       50     1         build/oa.o:(.debug_str_offsets)
     26c      26c        0     1                 
     2b4      2b4      11c     1         build/memory.o:(.debug_str_offsets)
     2bc      2bc        0     1                 
     3d0      3d0      1c0     1         build/trap_k.o:(.debug_str_offsets)
     3d8      3d8        0     1                 
     590      590       d0     1         build/pcb_k.o:(.debug_str_offsets)
     598      598        0     1                 
     660      660       8c     1         build/program_k.o:(.debug_str_offsets)
     668      668        0     1                 
     6ec      6ec       a4     1         build/app.o:(.debug_str_offsets)
     6f4      6f4        0     1                 
     790      790       9c     1         build/sockets.o:(.debug_str_offsets)
     798      798        0     1                 
       0        0      928     1 .debug_str
       0        0      928     1         <internal>:(.debug_str)
       0        0      480     1 .debug_addr
       0        0       90     1         build/main.o:(.debug_addr)
       8        8        0     1                 
      90       90       50     1         build/print_k.o:(.debug_addr)
      98       98        0     1                 
      e0       e0       20     1         build/SBI.o:(.debug_addr)
      e8       e8        0     1                 
     100      100       10     1         build/mem.o:(.debug_addr)
     108      108        0     1                 
     110      110       24     1         build/str.o:(.debug_addr)
     118      118        0     1                 
     134      134       20     1         build/oa.o:(.debug_addr)
     13c      13c        0     1                 
     154      154       d4     1         build/memory.o:(.debug_addr)
     15c      15c        0     1                 
     228      228       8c     1         build/trap_k.o:(.debug_addr)
     230      230        0     1                 
     2b4      2b4       74     1         build/pcb_k.o:(.debug_addr)
     2bc      2bc        0     1                 
     328      328       68     1         build/program_k.o:(.debug_addr)
     330      330        0     1                 
     390      390       60     1         build/app.o:(.debug_addr)
     398      398        0     1                 
     3f0      3f0       90     1         build/sockets.o:(.debug_addr)
     3f8      3f8        0     1                 
       0        0       42     1 .comment
       0        0       42     1         <internal>:(.comment)
       0        0       2b     1 .riscv.attributes
       0        0       2b     1         build/main.o:(.riscv.attributes)
       0        0      5a4     4 .debug_frame
       0        0       54     4         build/main.o:(.debug_frame)
       0        0        0     1                 
      54       54       44     4         build/print_k.o:(.debug_frame)
      54       54        0     1                 
      98       98       4c     4         build/SBI.o:(.debug_frame)
      98       98        0     1                 
      e4       e4       34     4         build/mem.o:(.debug_frame)
      e4       e4        0     1                 
     118      118       64     4         build/str.o:(.debug_frame)
     118      118        0     1                 
     17c      17c       3c     4         build/oa.o:(.debug_frame)
     17c      17c        0     1                 
     1b8      1b8       f8     4         build/memory.o:(.debug_frame)
     1b8      1b8        0     1                 
     2b0      2b0       54     4         build/trap_k.o:(.debug_frame)
     2b0      2b0        0     1                 
     304      304       78     4         build/pcb_k.o:(.debug_frame)
     304      304        0     1                 
     37c      37c       7c     4         build/program_k.o:(.debug_frame)
     37c      37c        0     1                 
     3f8      3f8       78     4         build/app.o:(.debug_frame)
     3f8      3f8        0     1                 
     470      470      134     4         build/sockets.o:(.debug_frame)
     470      470        0     1                 
       0        0     2e45     1 .debug_line
       0        0      20e     1         build/main.o:(.debug_line)
       0        0        0     1                 .Lline_table_start0
     20e      20e      2d0     1         build/print_k.o:(.debug_line)
     20e      20e        0     1                 .Lline_table_start0
     4de      4de      11a     1         build/SBI.o:(.debug_line)
     4de      4de        0     1                 .Lline_table_start0
     5f8      5f8       f6     1         build/mem.o:(.debug_line)
     5f8      5f8        0     1                 .Lline_table_start0
     6ee      6ee      3f0     1         build/str.o:(.debug_line)
     6ee      6ee        0     1                 .Lline_table_start0
     ade      ade      25a     1         build/oa.o:(.debug_line)
     ade      ade        0     1                 .Lline_table_start0
     d38      d38      6f2     1         build/memory.o:(.debug_line)
     d38      d38        0     1                 .Lline_table_start0
    142a     142a      3b6     1         build/trap_k.o:(.debug_line)
    142a     142a        0     1                 .Lline_table_start0
    17e0     17e0      58c     1         build/pcb_k.o:(.debug_line)
    17e0     17e0        0     1                 .Lline_table_start0
    1d6c     1d6c      5a0     1         build/program_k.o:(.debug_line)
    1d6c     1d6c        0     1                 .Lline_table_start0
    230c     230c      396     1         build/app.o:(.debug_line)
    230c     230c        0     1                 .Lline_table_start0
    26a2     26a2      7a3     1         build/sockets.o:(.debug_line)
    26a2     26a2        0     1                 .Lline_table_start0
       0        0       e8     1 .debug_line_str
       0        0       e8     1         <internal>:(.debug_line_str)
       0        0     9560     4 .symtab
       0        0     9560     4         <internal>:(.symtab)
       0        0       dc     1 .shstrtab
       0        0       dc     1         <internal>:(.shstrtab)
       0        0      661     1 .strtab
       0        0      661     1         <internal>:(.strtab)
