     VMA      LMA     Size Align Out     In      Symbol
       0        0 80200000     1 . = 0x80200000
80200000        0        0     1 __kernel_base = .
80200000 80200000     13c8     4 .text
80200000 80200000        e     2         build/main.o:(.text.boot)
80200000 80200000        0     1                 
80200000 80200000        0     1                 
80200000 80200000        0     1                 
80200000 80200000        0     1                 
80200000 80200000        e     1                 boot
8020000e 8020000e        0     1                 
8020000e 8020000e        0     1                 
80200010 80200010      650     4         build/main.o:(.text)
80200010 80200010        0     1                 
80200010 80200010        0     1                 
80200010 80200010        0     1                 
80200010 80200010       d8     1                 kernel_bootstrap
80200012 80200012        0     1                 
80200012 80200012        0     1                 
80200014 80200014        0     1                 
80200024 80200024        0     1                 
80200024 80200024        0     1                 
80200034 80200034        0     1                 
80200034 80200034        0     1                 
80200052 80200052        0     1                 
80200052 80200052        0     1                 
80200062 80200062        0     1                 
80200062 80200062        0     1                 
8020006e 8020006e        0     1                 
8020007e 8020007e        0     1                 
8020007e 8020007e        0     1                 
80200086 80200086        0     1                 
80200086 80200086        0     1                 
802000a6 802000a6        0     1                 
802000a6 802000a6        0     1                 
802000b6 802000b6        0     1                 
802000b6 802000b6        0     1                 
802000c2 802000c2        0     1                 
802000c2 802000c2        0     1                 
802000ca 802000ca        0     1                 
802000ce 802000ce        0     1                 
802000d6 802000d6        0     1                 
802000da 802000da        0     1                 
802000e0 802000e0        0     1                 
802000e8 802000e8        0     1                 
802000e8 802000e8        0     1                 
802000e8 802000e8        0     1                 
802000e8 802000e8        0     1                 
802000e8 802000e8        0     1                 
802000e8 802000e8       22     1                 k_sleep
802000ee 802000ee        0     1                 
802000f2 802000f2        0     1                 
802000f4 802000f4        0     1                 
802000f6 802000f6        0     1                 
802000fe 802000fe        0     1                 
80200102 80200102        0     1                 
80200104 80200104        0     1                 
80200106 80200106        0     1                 
80200108 80200108        0     1                 
8020010a 8020010a        0     1                 
8020010a 8020010a        0     1                 
8020010a 8020010a        0     1                 
8020010a 8020010a        0     1                 
8020010a 8020010a        0     1                 
8020010a 8020010a      176     1                 k_sp
8020010c 8020010c        0     1                 
8020010c 8020010c        0     1                 
80200110 80200110        0     1                 
80200120 80200120        0     1                 
80200120 80200120        0     1                 
80200128 80200128        0     1                 
80200128 80200128        0     1                 
8020012a 8020012a        0     1                 
8020012c 8020012c        0     1                 
8020012e 8020012e        0     1                 
80200140 80200140        0     1                 
80200140 80200140        0     1                 
80200154 80200154        0     1                 
80200154 80200154        0     1                 
80200156 80200156        0     1                 
80200168 80200168        0     1                 
80200168 80200168        0     1                 
80200170 80200170        0     1                 
80200174 80200174        0     1                 
80200176 80200176        0     1                 
8020017a 8020017a        0     1                 
8020018c 8020018c        0     1                 
8020018c 8020018c        0     1                 
802001a2 802001a2        0     1                 
802001a2 802001a2        0     1                 
802001a4 802001a4        0     1                 
802001b6 802001b6        0     1                 
802001b6 802001b6        0     1                 
802001c2 802001c2        0     1                 
802001c6 802001c6        0     1                 
802001c8 802001c8        0     1                 
802001cc 802001cc        0     1                 
802001d0 802001d0        0     1                 
802001e2 802001e2        0     1                 
802001e2 802001e2        0     1                 
802001fc 802001fc        0     1                 
802001fc 802001fc        0     1                 
802001fe 802001fe        0     1                 
80200210 80200210        0     1                 
80200210 80200210        0     1                 
8020021c 8020021c        0     1                 
80200220 80200220        0     1                 
80200222 80200222        0     1                 
80200226 80200226        0     1                 
8020022a 8020022a        0     1                 
8020023c 8020023c        0     1                 
8020023c 8020023c        0     1                 
80200256 80200256        0     1                 
80200256 80200256        0     1                 
80200258 80200258        0     1                 
8020026a 8020026a        0     1                 
8020026a 8020026a        0     1                 
80200278 80200278        0     1                 
80200280 80200280        0     1                 
80200280 80200280        0     1                 
80200280 80200280        0     1                 
80200280 80200280        0     1                 
80200280 80200280        0     1                 
80200280 80200280      1d8     1                 proc0
80200282 80200282        0     1                 
80200282 80200282        0     1                 
80200286 80200286        0     1                 
8020028e 8020028e        0     1                 
80200290 80200290        0     1                 
802002a0 802002a0        0     1                 
802002a0 802002a0        0     1                 
802002a4 802002a4        0     1                 
802002a6 802002a6        0     1                 
802002b8 802002b8        0     1                 
802002b8 802002b8        0     1                 
802002c0 802002c0        0     1                 
802002c0 802002c0        0     1                 
802002c8 802002c8        0     1                 
802002ca 802002ca        0     1                 
802002cc 802002cc        0     1                 
802002ce 802002ce        0     1                 
802002d6 802002d6        0     1                 
802002d8 802002d8        0     1                 
802002ea 802002ea        0     1                 
802002ea 802002ea        0     1                 
802002f2 802002f2        0     1                 
802002f2 802002f2        0     1                 
802002fa 802002fa        0     1                 
802002fc 802002fc        0     1                 
802002fe 802002fe        0     1                 
80200300 80200300        0     1                 
80200308 80200308        0     1                 
8020030a 8020030a        0     1                 
8020031c 8020031c        0     1                 
8020031c 8020031c        0     1                 
80200324 80200324        0     1                 
80200324 80200324        0     1                 
8020032c 8020032c        0     1                 
8020032e 8020032e        0     1                 
80200330 80200330        0     1                 
80200332 80200332        0     1                 
8020033a 8020033a        0     1                 
8020033c 8020033c        0     1                 
8020034e 8020034e        0     1                 
8020034e 8020034e        0     1                 
80200356 80200356        0     1                 
80200356 80200356        0     1                 
8020035e 8020035e        0     1                 
80200360 80200360        0     1                 
80200362 80200362        0     1                 
80200364 80200364        0     1                 
8020036c 8020036c        0     1                 
8020036e 8020036e        0     1                 
80200380 80200380        0     1                 
80200380 80200380        0     1                 
80200388 80200388        0     1                 
80200388 80200388        0     1                 
80200390 80200390        0     1                 
80200392 80200392        0     1                 
80200394 80200394        0     1                 
80200396 80200396        0     1                 
8020039e 8020039e        0     1                 
802003a0 802003a0        0     1                 
802003b2 802003b2        0     1                 
802003b2 802003b2        0     1                 
802003ba 802003ba        0     1                 
802003ba 802003ba        0     1                 
802003c2 802003c2        0     1                 
802003c4 802003c4        0     1                 
802003c6 802003c6        0     1                 
802003c8 802003c8        0     1                 
802003d0 802003d0        0     1                 
802003d2 802003d2        0     1                 
802003e4 802003e4        0     1                 
802003e4 802003e4        0     1                 
802003ec 802003ec        0     1                 
802003ec 802003ec        0     1                 
802003f4 802003f4        0     1                 
802003f6 802003f6        0     1                 
802003f8 802003f8        0     1                 
802003fa 802003fa        0     1                 
80200402 80200402        0     1                 
80200404 80200404        0     1                 
80200416 80200416        0     1                 
80200416 80200416        0     1                 
8020041e 8020041e        0     1                 
8020041e 8020041e        0     1                 
80200426 80200426        0     1                 
80200428 80200428        0     1                 
8020042a 8020042a        0     1                 
8020042c 8020042c        0     1                 
8020042c 8020042c        0     1                 
8020044a 8020044a        0     1                 
80200450 80200450        0     1                 
80200458 80200458        0     1                 
80200458 80200458        0     1                 
80200458 80200458        0     1                 
80200458 80200458        0     1                 
80200458 80200458        0     1                 
80200458 80200458      110     1                 proc1
8020045a 8020045a        0     1                 
8020045a 8020045a        0     1                 
8020045e 8020045e        0     1                 
80200466 80200466        0     1                 
80200468 80200468        0     1                 
80200478 80200478        0     1                 
80200478 80200478        0     1                 
8020047c 8020047c        0     1                 
8020047e 8020047e        0     1                 
80200490 80200490        0     1                 
80200490 80200490        0     1                 
80200498 80200498        0     1                 
80200498 80200498        0     1                 
802004a0 802004a0        0     1                 
802004a2 802004a2        0     1                 
802004a4 802004a4        0     1                 
802004a6 802004a6        0     1                 
802004ae 802004ae        0     1                 
802004b0 802004b0        0     1                 
802004c2 802004c2        0     1                 
802004c2 802004c2        0     1                 
802004ca 802004ca        0     1                 
802004ca 802004ca        0     1                 
802004d2 802004d2        0     1                 
802004d4 802004d4        0     1                 
802004d6 802004d6        0     1                 
802004d8 802004d8        0     1                 
802004e0 802004e0        0     1                 
802004e2 802004e2        0     1                 
802004f4 802004f4        0     1                 
802004f4 802004f4        0     1                 
802004fc 802004fc        0     1                 
802004fc 802004fc        0     1                 
80200504 80200504        0     1                 
80200506 80200506        0     1                 
80200508 80200508        0     1                 
8020050a 8020050a        0     1                 
80200512 80200512        0     1                 
80200514 80200514        0     1                 
80200526 80200526        0     1                 
80200526 80200526        0     1                 
8020052e 8020052e        0     1                 
8020052e 8020052e        0     1                 
80200536 80200536        0     1                 
80200538 80200538        0     1                 
8020053a 8020053a        0     1                 
8020053c 8020053c        0     1                 
8020053c 8020053c        0     1                 
8020055a 8020055a        0     1                 
80200560 80200560        0     1                 
80200568 80200568        0     1                 
80200568 80200568        0     1                 
80200568 80200568        0     1                 
80200568 80200568        0     1                 
80200568 80200568        0     1                 
80200568 80200568       82     1                 MNU_init
8020056a 8020056a        0     1                 
8020056a 8020056a        0     1                 
80200570 80200570        0     1                 
80200580 80200580        0     1                 
80200580 80200580        0     1                 
80200588 80200588        0     1                 
8020058a 8020058a        0     1                 
8020058e 8020058e        0     1                 
80200592 80200592        0     1                 
80200596 80200596        0     1                 
802005a6 802005a6        0     1                 
802005a6 802005a6        0     1                 
802005b8 802005b8        0     1                 
802005b8 802005b8        0     1                 
802005ca 802005ca        0     1                 
802005ca 802005ca        0     1                 
802005d2 802005d2        0     1                 
802005e2 802005e2        0     1                 
802005ea 802005ea        0     1                 
802005ea 802005ea        0     1                 
802005ea 802005ea        0     1                 
802005ea 802005ea        0     1                 
802005ea 802005ea        0     1                 
802005ea 802005ea       76     1                 kernel_main
802005ec 802005ec        0     1                 
802005ec 802005ec        0     1                 
802005f2 802005f2        0     1                 
802005fa 802005fa        0     1                 
802005fa 802005fa        0     1                 
80200614 80200614        0     1                 
80200614 80200614        0     1                 
8020062e 8020062e        0     1                 
8020062e 8020062e        0     1                 
8020063a 8020063a        0     1                 
8020063a 8020063a        0     1                 
8020065e 8020065e        0     1                 
80200660 80200660        0     1                 
80200660 80200660        0     1                 
80200660 80200660      2ec     4         build/print_k.o:(.text)
80200660 80200660        0     1                 
80200660 80200660        0     1                 
80200660 80200660        0     1                 
80200660 80200660      2ec     1                 k_printf
80200662 80200662        0     1                 
8020067c 8020067c        0     1                 
80200698 80200698        0     1                 
802006b6 802006b6        0     1                 
802006d6 802006d6        0     1                 
802006da 802006da        0     1                 
802006e2 802006e2        0     1                 
802006ea 802006ea        0     1                 
802006ea 802006ea        0     1                 
802006ec 802006ec        0     1                 
802006f4 802006f4        0     1                 
802006f8 802006f8        0     1                 
80200700 80200700        0     1                 
8020070a 8020070a        0     1                 .LBB0_6
8020070a 8020070a        0     1                 
8020070a 8020070a        0     1                 
8020072a 8020072a        0     1                 
8020072a 8020072a        0     1                 
8020072e 8020072e        0     1                 .LBB0_9
8020072e 8020072e        0     1                 
8020073a 8020073a        0     1                 
8020073a 8020073a        0     1                 
80200740 80200740        0     1                 .LBB0_10
80200740 80200740        0     1                 
80200754 80200754        0     1                 .LBB0_12
80200754 80200754        0     1                 
80200760 80200760        0     1                 
80200760 80200760        0     1                 
8020076c 8020076c        0     1                 
8020076c 8020076c        0     1                 
80200788 80200788        0     1                 .LBB0_14
80200788 80200788        0     1                 
802007a4 802007a4        0     1                 
802007a6 802007a6        0     1                 
802007aa 802007aa        0     1                 .LBB0_16
802007aa 802007aa        0     1                 
802007c2 802007c2        0     1                 .LBB0_18
802007c2 802007c2        0     1                 
802007de 802007de        0     1                 
802007ec 802007ec        0     1                 
802007f0 802007f0        0     1                 
802007fc 802007fc        0     1                 
802007fc 802007fc        0     1                 
80200800 80200800        0     1                 
8020080a 8020080a        0     1                 
8020080e 8020080e        0     1                 
80200810 80200810        0     1                 
8020081c 8020081c        0     1                 
8020081c 8020081c        0     1                 
80200820 80200820        0     1                 
80200824 80200824        0     1                 
80200824 80200824        0     1                 
80200832 80200832        0     1                 
8020083e 8020083e        0     1                 
8020083e 8020083e        0     1                 
80200842 80200842        0     1                 
80200846 80200846        0     1                 
8020084a 8020084a        0     1                 
8020084c 8020084c        0     1                 
80200858 80200858        0     1                 
80200858 80200858        0     1                 
8020085c 8020085c        0     1                 
80200860 80200860        0     1                 
80200860 80200860        0     1                 
8020086a 8020086a        0     1                 
8020086c 8020086c        0     1                 
8020086e 8020086e        0     1                 
80200874 80200874        0     1                 
8020087c 8020087c        0     1                 
80200888 80200888        0     1                 
80200888 80200888        0     1                 
8020088c 8020088c        0     1                 
80200890 80200890        0     1                 
80200898 80200898        0     1                 
802008a4 802008a4        0     1                 
802008a4 802008a4        0     1                 
802008a8 802008a8        0     1                 
802008b0 802008b0        0     1                 
802008b4 802008b4        0     1                 
802008b6 802008b6        0     1                 
802008c2 802008c2        0     1                 
802008c2 802008c2        0     1                 
802008c6 802008c6        0     1                 
802008ca 802008ca        0     1                 
802008ca 802008ca        0     1                 
802008d6 802008d6        0     1                 
802008e2 802008e2        0     1                 
802008e2 802008e2        0     1                 
802008ee 802008ee        0     1                 
802008ee 802008ee        0     1                 
802008fc 802008fc        0     1                 
802008fc 802008fc        0     1                 
80200900 80200900        0     1                 
80200906 80200906        0     1                 
8020090a 8020090a        0     1                 
8020090c 8020090c        0     1                 
80200918 80200918        0     1                 
80200918 80200918        0     1                 
8020091c 8020091c        0     1                 
80200920 80200920        0     1                 
80200920 80200920        0     1                 
8020092e 8020092e        0     1                 
8020094c 8020094c        0     1                 
8020094c 8020094c        0     1                 
8020094c 8020094c       8e     4         build/SBI.o:(.text)
8020094c 8020094c        0     1                 
8020094c 8020094c        0     1                 
8020094c 8020094c        0     1                 
8020094c 8020094c       14     1                 sbi_call
80200950 80200950        0     1                 
80200954 80200954        0     1                 
8020095a 8020095a        0     1                 
80200960 80200960        0     1                 
80200960 80200960        0     1                 
80200960 80200960        0     1                 
80200960 80200960        0     1                 
80200960 80200960        0     1                 
80200960 80200960       1c     1                 k_putchar
80200962 80200962        0     1                 
80200962 80200962        0     1                 
80200974 80200974        0     1                 
8020097a 8020097a        0     1                 
8020097a 8020097a        0     1                 
8020097c 8020097c        0     1                 
8020097c 8020097c        0     1                 
8020097c 8020097c        0     1                 
8020097c 8020097c        0     1                 
8020097c 8020097c        0     1                 
8020097c 8020097c       5e     1                 k_readchar
8020097e 8020097e        0     1                 
8020097e 8020097e        0     1                 
80200980 80200980        0     1                 
80200988 80200988        0     1                 
8020098c 8020098c        0     1                 
8020098e 8020098e        0     1                 
80200992 80200992        0     1                 
802009a2 802009a2        0     1                 
802009a2 802009a2        0     1                 
802009a8 802009a8        0     1                 
802009cc 802009cc        0     1                 
802009ce 802009ce        0     1                 
802009d0 802009d0        0     1                 
802009da 802009da        0     1                 
802009da 802009da        0     1                 
802009dc 802009dc       28     4         build/mem.o:(.text)
802009dc 802009dc        0     1                 
802009dc 802009dc        0     1                 
802009dc 802009dc        0     1                 
802009dc 802009dc        0     1                 
802009dc 802009dc       14     1                 memset
802009de 802009de        0     1                 
802009e0 802009e0        0     1                 
802009e2 802009e2        0     1                 
802009e6 802009e6        0     1                 
802009ea 802009ea        0     1                 
802009ec 802009ec        0     1                 
802009ee 802009ee        0     1                 
802009f0 802009f0        0     1                 
802009f0 802009f0        0     1                 
802009f0 802009f0        0     1                 
802009f0 802009f0        0     1                 
802009f0 802009f0        0     1                 
802009f0 802009f0        0     1                 
802009f0 802009f0       14     1                 k_memcpy
802009f2 802009f2        0     1                 
802009f6 802009f6        0     1                 
802009fa 802009fa        0     1                 
802009fc 802009fc        0     1                 
802009fe 802009fe        0     1                 
80200a00 80200a00        0     1                 
80200a02 80200a02        0     1                 
80200a02 80200a02        0     1                 
80200a04 80200a04        0     1                 
80200a04 80200a04        0     1                 
80200a04 80200a04      29e     4         build/str.o:(.text)
80200a04 80200a04        0     1                 
80200a04 80200a04        0     1                 
80200a04 80200a04        0     1                 
80200a04 80200a04        0     1                 
80200a04 80200a04       28     1                 k_strncpy
80200a06 80200a06        0     1                 
80200a08 80200a08        0     1                 
80200a10 80200a10        0     1                 
80200a12 80200a12        0     1                 
80200a16 80200a16        0     1                 
80200a18 80200a18        0     1                 
80200a1c 80200a1c        0     1                 
80200a20 80200a20        0     1                 
80200a24 80200a24        0     1                 
80200a2a 80200a2a        0     1                 
80200a2c 80200a2c        0     1                 
80200a2c 80200a2c        0     1                 
80200a2c 80200a2c        0     1                 
80200a2c 80200a2c        0     1                 
80200a2c 80200a2c        0     1                 
80200a2c 80200a2c        0     1                 
80200a2c 80200a2c       2e     1                 k_strcmp
80200a30 80200a30        0     1                 
80200a32 80200a32        0     1                 
80200a34 80200a34        0     1                 
80200a38 80200a38        0     1                 
80200a3a 80200a3a        0     1                 
80200a3e 80200a3e        0     1                 
80200a42 80200a42        0     1                 
80200a46 80200a46        0     1                 
80200a48 80200a48        0     1                 
80200a4c 80200a4c        0     1                 
80200a4e 80200a4e        0     1                 
80200a52 80200a52        0     1                 
80200a56 80200a56        0     1                 
80200a58 80200a58        0     1                 
80200a5a 80200a5a        0     1                 
80200a5a 80200a5a        0     1                 
80200a5a 80200a5a        0     1                 
80200a5a 80200a5a        0     1                 
80200a5a 80200a5a        0     1                 
80200a5a 80200a5a      248     1                 k_sprintf
80200a5c 80200a5c        0     1                 
80200a74 80200a74        0     1                 
80200a84 80200a84        0     1                 
80200aa2 80200aa2        0     1                 
80200aa4 80200aa4        0     1                 
80200ace 80200ace        0     1                 
80200ad0 80200ad0        0     1                 
80200ad4 80200ad4        0     1                 
80200adc 80200adc        0     1                 
80200ae2 80200ae2        0     1                 
80200ae6 80200ae6        0     1                 
80200aea 80200aea        0     1                 
80200af2 80200af2        0     1                 
80200afc 80200afc        0     1                 .LBB2_7
80200afc 80200afc        0     1                 
80200b10 80200b10        0     1                 
80200b14 80200b14        0     1                 
80200b1a 80200b1a        0     1                 .LBB2_11
80200b1a 80200b1a        0     1                 
80200b1e 80200b1e        0     1                 
80200b28 80200b28        0     1                 
80200b2e 80200b2e        0     1                 .LBB2_12
80200b2e 80200b2e        0     1                 
80200b42 80200b42        0     1                 .LBB2_14
80200b42 80200b42        0     1                 
80200b4a 80200b4a        0     1                 
80200b5e 80200b5e        0     1                 .LBB2_16
80200b5e 80200b5e        0     1                 
80200b70 80200b70        0     1                 
80200b72 80200b72        0     1                 
80200b76 80200b76        0     1                 .LBB2_18
80200b76 80200b76        0     1                 
80200b8a 80200b8a        0     1                 .LBB2_20
80200b8a 80200b8a        0     1                 
80200b9e 80200b9e        0     1                 
80200ba0 80200ba0        0     1                 
80200ba4 80200ba4        0     1                 
80200bae 80200bae        0     1                 
80200bba 80200bba        0     1                 
80200bba 80200bba        0     1                 
80200bc0 80200bc0        0     1                 
80200bc2 80200bc2        0     1                 
80200bc4 80200bc4        0     1                 
80200bc8 80200bc8        0     1                 
80200bcc 80200bcc        0     1                 
80200bce 80200bce        0     1                 
80200bd4 80200bd4        0     1                 
80200bd4 80200bd4        0     1                 
80200bd8 80200bd8        0     1                 
80200be4 80200be4        0     1                 
80200be4 80200be4        0     1                 
80200bea 80200bea        0     1                 
80200bee 80200bee        0     1                 
80200bf0 80200bf0        0     1                 
80200bf4 80200bf4        0     1                 
80200bf8 80200bf8        0     1                 
80200bfa 80200bfa        0     1                 
80200c00 80200c00        0     1                 
80200c00 80200c00        0     1                 
80200c04 80200c04        0     1                 
80200c06 80200c06        0     1                 
80200c08 80200c08        0     1                 
80200c0e 80200c0e        0     1                 
80200c14 80200c14        0     1                 
80200c18 80200c18        0     1                 
80200c1c 80200c1c        0     1                 
80200c1e 80200c1e        0     1                 
80200c24 80200c24        0     1                 
80200c26 80200c26        0     1                 
80200c32 80200c32        0     1                 
80200c32 80200c32        0     1                 
80200c38 80200c38        0     1                 
80200c3c 80200c3c        0     1                 
80200c3e 80200c3e        0     1                 
80200c42 80200c42        0     1                 
80200c46 80200c46        0     1                 
80200c48 80200c48        0     1                 
80200c4e 80200c4e        0     1                 
80200c4e 80200c4e        0     1                 
80200c50 80200c50        0     1                 
80200c5a 80200c5a        0     1                 
80200c66 80200c66        0     1                 
80200c66 80200c66        0     1                 
80200c6c 80200c6c        0     1                 
80200c70 80200c70        0     1                 
80200c72 80200c72        0     1                 
80200c76 80200c76        0     1                 
80200c7a 80200c7a        0     1                 
80200c7c 80200c7c        0     1                 
80200c82 80200c82        0     1                 
80200c82 80200c82        0     1                 
80200c86 80200c86        0     1                 
80200ca2 80200ca2        0     1                 
80200ca2 80200ca2        0     1                 
80200ca4 80200ca4      176     4         build/oa.o:(.text)
80200ca4 80200ca4        0     1                 
80200ca4 80200ca4        0     1                 
80200ca4 80200ca4        0     1                 
80200ca4 80200ca4       7a     1                 utoa
80200ca6 80200ca6        0     1                 
80200ca6 80200ca6        0     1                 
80200ca8 80200ca8        0     1                 
80200cb0 80200cb0        0     1                 
80200cb2 80200cb2        0     1                 
80200cb6 80200cb6        0     1                 
80200cbc 80200cbc        0     1                 
80200cbe 80200cbe        0     1                 
80200cc2 80200cc2        0     1                 
80200cc4 80200cc4        0     1                 
80200cd0 80200cd0        0     1                 
80200cde 80200cde        0     1                 
80200cde 80200cde        0     1                 
80200cf0 80200cf0        0     1                 
80200cf8 80200cf8        0     1                 
80200cfc 80200cfc        0     1                 
80200d02 80200d02        0     1                 
80200d08 80200d08        0     1                 
80200d08 80200d08        0     1                 
80200d0c 80200d0c        0     1                 
80200d12 80200d12        0     1                 
80200d1a 80200d1a        0     1                 
80200d1e 80200d1e        0     1                 
80200d1e 80200d1e        0     1                 
80200d1e 80200d1e        0     1                 
80200d1e 80200d1e        0     1                 
80200d1e 80200d1e        0     1                 
80200d1e 80200d1e       fc     1                 itoa
80200d20 80200d20        0     1                 
80200d22 80200d22        0     1                 
80200d2e 80200d2e        0     1                 
80200d32 80200d32        0     1                 
80200d38 80200d38        0     1                 
80200d3c 80200d3c        0     1                 
80200d44 80200d44        0     1                 
80200d4e 80200d4e        0     1                 
80200d54 80200d54        0     1                 
80200d5c 80200d5c        0     1                 
80200d60 80200d60        0     1                 
80200d64 80200d64        0     1                 
80200d66 80200d66        0     1                 
80200d6a 80200d6a        0     1                 
80200d6e 80200d6e        0     1                 
80200d72 80200d72        0     1                 
80200d72 80200d72        0     1                 
80200d80 80200d80        0     1                 
80200d82 80200d82        0     1                 
80200d8a 80200d8a        0     1                 
80200d8e 80200d8e        0     1                 
80200d94 80200d94        0     1                 
80200d98 80200d98        0     1                 
80200d98 80200d98        0     1                 
80200d9e 80200d9e        0     1                 
80200d9e 80200d9e        0     1                 
80200da0 80200da0        0     1                 
80200da8 80200da8        0     1                 
80200daa 80200daa        0     1                 
80200dae 80200dae        0     1                 
80200db4 80200db4        0     1                 
80200db6 80200db6        0     1                 
80200dba 80200dba        0     1                 
80200dbc 80200dbc        0     1                 
80200dc8 80200dc8        0     1                 
80200dd6 80200dd6        0     1                 
80200dd6 80200dd6        0     1                 
80200de8 80200de8        0     1                 
80200df0 80200df0        0     1                 
80200df4 80200df4        0     1                 
80200dfa 80200dfa        0     1                 
80200e00 80200e00        0     1                 
80200e00 80200e00        0     1                 
80200e04 80200e04        0     1                 
80200e0c 80200e0c        0     1                 
80200e12 80200e12        0     1                 
80200e16 80200e16        0     1                 
80200e1a 80200e1a        0     1                 
80200e1a 80200e1a        0     1                 
80200e1c 80200e1c      1fa     4         build/memory.o:(.text)
80200e1c 80200e1c        0     1                 
80200e1c 80200e1c        0     1                 
80200e1c 80200e1c        0     1                 
80200e1c 80200e1c        0     1                 
80200e1c 80200e1c       12     1                 init_memory
80200e2c 80200e2c        0     1                 
80200e2e 80200e2e        0     1                 
80200e2e 80200e2e        0     1                 
80200e2e 80200e2e        0     1                 
80200e2e 80200e2e        0     1                 
80200e2e 80200e2e        0     1                 
80200e2e 80200e2e       60     1                 pageframalloc
80200e30 80200e30        0     1                 
80200e30 80200e30        0     1                 
80200e34 80200e34        0     1                 
80200e3c 80200e3c        0     1                 
80200e40 80200e40        0     1                 
80200e44 80200e44        0     1                 
80200e4c 80200e4c        0     1                 
80200e50 80200e50        0     1                 
80200e54 80200e54        0     1                 
80200e76 80200e76        0     1                 
80200e78 80200e78        0     1                 
80200e84 80200e84        0     1                 
80200e84 80200e84        0     1                 
80200e8e 80200e8e        0     1                 
80200e8e 80200e8e        0     1                 
80200e8e 80200e8e        0     1                 
80200e8e 80200e8e        0     1                 
80200e8e 80200e8e        0     1                 
80200e8e 80200e8e      188     1                 add_ptbl_entry
80200e90 80200e90        0     1                 
80200e9e 80200e9e        0     1                 
80200ea6 80200ea6        0     1                 
80200eae 80200eae        0     1                 
80200ebe 80200ebe        0     1                 
80200ebe 80200ebe        0     1                 
80200ed0 80200ed0        0     1                 
80200ed0 80200ed0        0     1                 
80200ee0 80200ee0        0     1                 
80200ee0 80200ee0        0     1                 
80200ef0 80200ef0        0     1                 
80200ef0 80200ef0        0     1                 
80200f14 80200f14        0     1                 
80200f16 80200f16        0     1                 
80200f1a 80200f1a        0     1                 
80200f1e 80200f1e        0     1                 
80200f20 80200f20        0     1                 
80200f24 80200f24        0     1                 
80200f28 80200f28        0     1                 
80200f2c 80200f2c        0     1                 
80200f2e 80200f2e        0     1                 
80200f2e 80200f2e        0     1                 
80200f36 80200f36        0     1                 
80200f38 80200f38        0     1                 
80200f3a 80200f3a        0     1                 
80200f42 80200f42        0     1                 
80200f46 80200f46        0     1                 
80200f4a 80200f4a        0     1                 
80200f6c 80200f6c        0     1                 
80200f6e 80200f6e        0     1                 
80200f7c 80200f7c        0     1                 
80200f7c 80200f7c        0     1                 
80200f80 80200f80        0     1                 
80200f84 80200f84        0     1                 
80200f86 80200f86        0     1                 
80200faa 80200faa        0     1                 
80200fac 80200fac        0     1                 
80200fd0 80200fd0        0     1                 
80200fd2 80200fd2        0     1                 
80200fda 80200fda        0     1                 
80200fde 80200fde        0     1                 
80200fe2 80200fe2        0     1                 
80200fe2 80200fe2        0     1                 
80200fe6 80200fe6        0     1                 
80200ff2 80200ff2        0     1                 
80200ffa 80200ffa        0     1                 
80201002 80201002        0     1                 
80201004 80201004        0     1                 
80201016 80201016        0     1                 
80201016 80201016        0     1                 
80201018 80201018       da     4         build/trap_k.o:(.text)
80201018 80201018        0     1                 
80201018 80201018        0     1                 
80201018 80201018        0     1                 
80201018 80201018       44     1                 handle_trap
8020101a 8020101a        0     1                 
8020101a 8020101a        0     1                 
8020101a 8020101a        0     1                 
8020101e 8020101e        0     1                 
80201022 80201022        0     1                 
80201022 80201022        0     1                 
80201026 80201026        0     1                 
80201026 80201026        0     1                 
8020102a 8020102a        0     1                 
8020102a 8020102a        0     1                 
8020103c 8020103c        0     1                 
8020103c 8020103c        0     1                 
8020104c 8020104c        0     1                 
8020104c 8020104c        0     1                 
80201050 80201050        0     1                 
80201054 80201054        0     1                 
8020105c 8020105c        0     1                 
8020105c 8020105c        0     1                 
8020105c 8020105c        0     1                 
8020105c 8020105c        0     1                 
8020105c 8020105c        0     1                 
8020105c 8020105c        0     1                 
8020105c 8020105c       96     1                 switch_trap
802010f2 802010f2        0     1                 
802010f2 802010f2        0     1                 
802010f4 802010f4      174     4         build/pcb_k.o:(.text)
802010f4 802010f4        0     1                 
802010f4 802010f4        0     1                 
802010f4 802010f4        0     1                 
802010f4 802010f4      174     1                 spawn_proc
802010f6 802010f6        0     1                 
80201104 80201104        0     1                 
8020110c 8020110c        0     1                 
80201110 80201110        0     1                 
80201112 80201112        0     1                 
80201116 80201116        0     1                 
80201118 80201118        0     1                 
80201124 80201124        0     1                 
80201128 80201128        0     1                 
8020112a 8020112a        0     1                 
8020112e 8020112e        0     1                 
80201132 80201132        0     1                 
80201134 80201134        0     1                 
80201150 80201150        0     1                 
80201152 80201152        0     1                 
80201164 80201164        0     1                 
8020116c 8020116c        0     1                 
80201170 80201170        0     1                 
80201174 80201174        0     1                 
80201182 80201182        0     1                 
80201182 80201182        0     1                 
80201184 80201184        0     1                 
80201188 80201188        0     1                 
80201188 80201188        0     1                 
802011b8 802011b8        0     1                 
802011b8 802011b8        0     1                 
802011bc 802011bc        0     1                 
802011c0 802011c0        0     1                 
802011c4 802011c4        0     1                 
802011ce 802011ce        0     1                 
802011ce 802011ce        0     1                 
802011d4 802011d4        0     1                 
802011d8 802011d8        0     1                 
802011e8 802011e8        0     1                 
802011e8 802011e8        0     1                 
802011fc 802011fc        0     1                 
80201204 80201204        0     1                 
80201206 80201206        0     1                 
80201214 80201214        0     1                 
80201214 80201214        0     1                 
80201216 80201216        0     1                 
8020121a 8020121a        0     1                 
8020121a 8020121a        0     1                 
8020122e 8020122e        0     1                 
8020122e 8020122e        0     1                 
80201242 80201242        0     1                 
80201266 80201266        0     1                 
80201268 80201268        0     1                 
80201268 80201268        0     1                 
80201268 80201268      160     4         build/program_k.o:(.text)
80201268 80201268        0     1                 
80201268 80201268        0     1                 
80201268 80201268        0     1                 
80201268 80201268        0     1                 
80201268 80201268       46     1                 switch_proc
802012ae 802012ae        0     1                 
802012ae 802012ae        0     1                 
802012ae 802012ae        0     1                 
802012ae 802012ae        0     1                 
802012ae 802012ae        0     1                 
802012ae 802012ae        0     1                 
802012ae 802012ae       14     1                 Flush_TLB
802012b0 802012b0        0     1                 
802012b2 802012b2        0     1                 
802012b6 802012b6        0     1                 
802012b8 802012b8        0     1                 
802012c0 802012c0        0     1                 
802012c2 802012c2        0     1                 
802012c2 802012c2        0     1                 
802012c2 802012c2        0     1                 
802012c2 802012c2        0     1                 
802012c2 802012c2        0     1                 
802012c2 802012c2        0     1                 
802012c2 802012c2      106     1                 yield
802012ca 802012ca        0     1                 
802012d0 802012d0        0     1                 
802012d2 802012d2        0     1                 
802012d6 802012d6        0     1                 
802012da 802012da        0     1                 
802012dc 802012dc        0     1                 
802012de 802012de        0     1                 
802012e0 802012e0        0     1                 
802012e4 802012e4        0     1                 
802012e4 802012e4        0     1                 
802012e8 802012e8        0     1                 
802012ea 802012ea        0     1                 
802012ee 802012ee        0     1                 
802012fe 802012fe        0     1                 
80201302 80201302        0     1                 
80201306 80201306        0     1                 
80201308 80201308        0     1                 
8020130a 8020130a        0     1                 
8020130e 8020130e        0     1                 
80201320 80201320        0     1                 
80201324 80201324        0     1                 
80201328 80201328        0     1                 
8020132a 8020132a        0     1                 
8020132c 8020132c        0     1                 
80201330 80201330        0     1                 
80201342 80201342        0     1                 
80201346 80201346        0     1                 
8020134a 8020134a        0     1                 
8020134c 8020134c        0     1                 
8020134e 8020134e        0     1                 
80201352 80201352        0     1                 
80201364 80201364        0     1                 
80201368 80201368        0     1                 
80201368 80201368        0     1                 
8020137a 8020137a        0     1                 
8020137c 8020137c        0     1                 
80201380 80201380        0     1                 
80201388 80201388        0     1                 
8020138a 8020138a        0     1                 
8020138c 8020138c        0     1                 
8020138e 8020138e        0     1                 
80201390 80201390        0     1                 
80201394 80201394        0     1                 
80201396 80201396        0     1                 
80201398 80201398        0     1                 
8020139a 8020139a        0     1                 
802013a2 802013a2        0     1                 
802013a2 802013a2        0     1                 
802013aa 802013aa        0     1                 
802013b2 802013b2        0     1                 
802013b6 802013b6        0     1                 
802013b8 802013b8        0     1                 
802013ba 802013ba        0     1                 
802013c0 802013c0        0     1                 
802013c4 802013c4        0     1                 
802013c8 802013c8        0     1                 
802013c8 802013c8        0     1                 
802013c8 802013c8      61c     4 .rodata
802013c8 802013c8      56a     1         <internal>:(.rodata)
80201934 80201934       58     4         build/print_k.o:(.rodata)
80201934 80201934        0     1                 .LJTI0_0
8020198c 8020198c       58     4         build/str.o:(.rodata)
8020198c 8020198c        0     1                 .LJTI2_0
802019e4 802019e4     8010     4 .data
802019e4 802019e4     8010     1         bronx.bin.o:(.data)
802019e4 802019e4        0     1                 _binary_build_main_bin_start
802099f4 802099f4        0     1                 _binary_build_main_bin_end
802099f4 802099f4     104c     4 .bss
802099f4 802099f4        0     1         __bss = .
802099f4 802099f4        4     4         build/memory.o:(.sbss)
802099f4 802099f4        4     1                 nextfreepageframe
802099f8 802099f8        8     4         build/pcb_k.o:(.sbss)
802099f8 802099f8        4     1                 currproc
802099fc 802099fc        4     1                 idleproc
80209a00 80209a00     1040     4         build/pcb_k.o:(.bss)
80209a00 80209a00     1040     1                 proclist
8020aa40 8020aa40        0     1         __bss_end = .
8020aa40 8020aa40        0     1 . = ALIGN ( 4 )
8020aa40 8020aa40    20000     1 . += 128 * 1024
8022aa40 8022aa40        0     1 __stack_top = .
8022aa40 8022aa40      5c0     1 . = ALIGN ( 4096 )
8022b000 8022b000        0     1 __free_ram_start = .
8022b000 8022b000  2000000     1 . += 32 * 1024 * 1024
8222b000 8222b000        0     1 __free_ram_end = .
       0        0      d94     1 .debug_loclists
       0        0      53f     1         build/main.o:(.debug_loclists)
       c        c        0     1                 
     53f      53f      115     1         build/print_k.o:(.debug_loclists)
     54b      54b        0     1                 
     654      654       9f     1         build/SBI.o:(.debug_loclists)
     660      660        0     1                 
     6f3      6f3       66     1         build/mem.o:(.debug_loclists)
     6ff      6ff        0     1                 
     759      759      1a1     1         build/str.o:(.debug_loclists)
     765      765        0     1                 
     8fa      8fa      19a     1         build/oa.o:(.debug_loclists)
     906      906        0     1                 
     a94      a94      137     1         build/memory.o:(.debug_loclists)
     aa0      aa0        0     1                 
     bcb      bcb       39     1         build/trap_k.o:(.debug_loclists)
     bd7      bd7        0     1                 
     c04      c04       99     1         build/pcb_k.o:(.debug_loclists)
     c10      c10        0     1                 
     c9d      c9d       f7     1         build/program_k.o:(.debug_loclists)
     ca9      ca9        0     1                 
       0        0      bdc     1 .debug_abbrev
       0        0      1a1     1         build/main.o:(.debug_abbrev)
     1a1      1a1      104     1         build/print_k.o:(.debug_abbrev)
     2a5      2a5      15a     1         build/SBI.o:(.debug_abbrev)
     3ff      3ff       b9     1         build/mem.o:(.debug_abbrev)
     4b8      4b8      12c     1         build/str.o:(.debug_abbrev)
     5e4      5e4      113     1         build/oa.o:(.debug_abbrev)
     6f7      6f7      14c     1         build/memory.o:(.debug_abbrev)
     843      843      129     1         build/trap_k.o:(.debug_abbrev)
     96c      96c      13a     1         build/pcb_k.o:(.debug_abbrev)
     aa6      aa6      136     1         build/program_k.o:(.debug_abbrev)
       0        0     1428     1 .debug_info
       0        0      3ee     1         build/main.o:(.debug_info)
     3ee      3ee      1e5     1         build/print_k.o:(.debug_info)
     5d3      5d3      242     1         build/SBI.o:(.debug_info)
     815      815       d9     1         build/mem.o:(.debug_info)
     8ee      8ee      1f5     1         build/str.o:(.debug_info)
     ae3      ae3      184     1         build/oa.o:(.debug_info)
     c67      c67      1dd     1         build/memory.o:(.debug_info)
     e44      e44      276     1         build/trap_k.o:(.debug_info)
    10ba     10ba      1eb     1         build/pcb_k.o:(.debug_info)
    12a5     12a5      183     1         build/program_k.o:(.debug_info)
       0        0      1cc     1 .debug_rnglists
       0        0       bd     1         build/main.o:(.debug_rnglists)
       c        c        0     1                 
      bd       bd       57     1         build/print_k.o:(.debug_rnglists)
      c9       c9        0     1                 
     114      114       66     1         build/str.o:(.debug_rnglists)
     120      120        0     1                 
     17a      17a       1b     1         build/oa.o:(.debug_rnglists)
     186      186        0     1                 
     195      195       17     1         build/pcb_k.o:(.debug_rnglists)
     1a1      1a1        0     1                 
     1ac      1ac       20     1         build/program_k.o:(.debug_rnglists)
     1b8      1b8        0     1                 
       0        0      5a4     1 .debug_str_offsets
       0        0       b4     1         build/main.o:(.debug_str_offsets)
       8        8        0     1                 
      b4       b4       68     1         build/print_k.o:(.debug_str_offsets)
      bc       bc        0     1                 
     11c      11c       8c     1         build/SBI.o:(.debug_str_offsets)
     124      124        0     1                 
     1a8      1a8       58     1         build/mem.o:(.debug_str_offsets)
     1b0      1b0        0     1                 
     200      200       88     1         build/str.o:(.debug_str_offsets)
     208      208        0     1                 
     288      288       50     1         build/oa.o:(.debug_str_offsets)
     290      290        0     1                 
     2d8      2d8       88     1         build/memory.o:(.debug_str_offsets)
     2e0      2e0        0     1                 
     360      360      11c     1         build/trap_k.o:(.debug_str_offsets)
     368      368        0     1                 
     47c      47c       a4     1         build/pcb_k.o:(.debug_str_offsets)
     484      484        0     1                 
     520      520       84     1         build/program_k.o:(.debug_str_offsets)
     528      528        0     1                 
       0        0      56e     1 .debug_str
       0        0      56e     1         <internal>:(.debug_str)
       0        0      2b0     1 .debug_addr
       0        0      12c     1         build/main.o:(.debug_addr)
       8        8        0     1                 
     12c      12c       50     1         build/print_k.o:(.debug_addr)
     134      134        0     1                 
     17c      17c       20     1         build/SBI.o:(.debug_addr)
     184      184        0     1                 
     19c      19c       10     1         build/mem.o:(.debug_addr)
     1a4      1a4        0     1                 
     1ac      1ac       24     1         build/str.o:(.debug_addr)
     1b4      1b4        0     1                 
     1d0      1d0       20     1         build/oa.o:(.debug_addr)
     1d8      1d8        0     1                 
     1f0      1f0       48     1         build/memory.o:(.debug_addr)
     1f8      1f8        0     1                 
     238      238       24     1         build/trap_k.o:(.debug_addr)
     240      240        0     1                 
     25c      25c       38     1         build/pcb_k.o:(.debug_addr)
     264      264        0     1                 
     294      294       1c     1         build/program_k.o:(.debug_addr)
     29c      29c        0     1                 
       0        0       42     1 .comment
       0        0       42     1         <internal>:(.comment)
       0        0       2b     1 .riscv.attributes
       0        0       2b     1         build/main.o:(.riscv.attributes)
       0        0      348     4 .debug_frame
       0        0       cc     4         build/main.o:(.debug_frame)
       0        0        0     1                 
      cc       cc       44     4         build/print_k.o:(.debug_frame)
      cc       cc        0     1                 
     110      110       4c     4         build/SBI.o:(.debug_frame)
     110      110        0     1                 
     15c      15c       34     4         build/mem.o:(.debug_frame)
     15c      15c        0     1                 
     190      190       64     4         build/str.o:(.debug_frame)
     190      190        0     1                 
     1f4      1f4       3c     4         build/oa.o:(.debug_frame)
     1f4      1f4        0     1                 
     230      230       60     4         build/memory.o:(.debug_frame)
     230      230        0     1                 
     290      290       3c     4         build/trap_k.o:(.debug_frame)
     290      290        0     1                 
     2cc      2cc       38     4         build/pcb_k.o:(.debug_frame)
     2cc      2cc        0     1                 
     304      304       44     4         build/program_k.o:(.debug_frame)
     304      304        0     1                 
       0        0     1982     1 .debug_line
       0        0      6b8     1         build/main.o:(.debug_line)
       0        0        0     1                 .Lline_table_start0
     6b8      6b8      2d0     1         build/print_k.o:(.debug_line)
     6b8      6b8        0     1                 .Lline_table_start0
     988      988      11a     1         build/SBI.o:(.debug_line)
     988      988        0     1                 .Lline_table_start0
     aa2      aa2       f6     1         build/mem.o:(.debug_line)
     aa2      aa2        0     1                 .Lline_table_start0
     b98      b98      3f0     1         build/str.o:(.debug_line)
     b98      b98        0     1                 .Lline_table_start0
     f88      f88      25a     1         build/oa.o:(.debug_line)
     f88      f88        0     1                 .Lline_table_start0
    11e2     11e2      224     1         build/memory.o:(.debug_line)
    11e2     11e2        0     1                 .Lline_table_start0
    1406     1406       fb     1         build/trap_k.o:(.debug_line)
    1406     1406        0     1                 .Lline_table_start0
    1501     1501      1f1     1         build/pcb_k.o:(.debug_line)
    1501     1501        0     1                 .Lline_table_start0
    16f2     16f2      290     1         build/program_k.o:(.debug_line)
    16f2     16f2        0     1                 .Lline_table_start0
       0        0       c2     1 .debug_line_str
       0        0       c2     1         <internal>:(.debug_line_str)
       0        0     5580     4 .symtab
       0        0     5580     4         <internal>:(.symtab)
       0        0       dc     1 .shstrtab
       0        0       dc     1         <internal>:(.shstrtab)
       0        0      379     1 .strtab
       0        0      379     1         <internal>:(.strtab)
