     VMA      LMA     Size Align Out     In      Symbol
       0        0 80200000     1 . = 0x80200000
80200000        0        0     1 __kernel_base = .
80200000 80200000     219c     4 .text
80200000 80200000        e     2         build/main.o:(.text.boot)
80200000 80200000        0     1                 
80200000 80200000        0     1                 
80200000 80200000        0     1                 
80200000 80200000        0     1                 
80200000 80200000        e     1                 boot
8020000e 8020000e        0     1                 
8020000e 8020000e        0     1                 
80200010 80200010      22a     4         build/main.o:(.text)
80200010 80200010        0     1                 
80200010 80200010        0     1                 
80200010 80200010        0     1                 
80200010 80200010      136     1                 kernel_bootstrap
80200012 80200012        0     1                 
80200012 80200012        0     1                 
80200016 80200016        0     1                 
80200026 80200026        0     1                 
80200026 80200026        0     1                 
80200036 80200036        0     1                 
80200036 80200036        0     1                 
80200054 80200054        0     1                 
80200054 80200054        0     1                 
80200064 80200064        0     1                 
80200064 80200064        0     1                 
80200070 80200070        0     1                 
80200080 80200080        0     1                 
80200080 80200080        0     1                 
80200090 80200090        0     1                 
80200090 80200090        0     1                 
80200098 80200098        0     1                 
80200098 80200098        0     1                 
802000a0 802000a0        0     1                 
802000a0 802000a0        0     1                 
802000d6 802000d6        0     1                 
802000d6 802000d6        0     1                 
802000e6 802000e6        0     1                 
802000e6 802000e6        0     1                 
802000f2 802000f2        0     1                 
80200102 80200102        0     1                 
80200130 80200130        0     1                 
80200130 80200130        0     1                 
8020013e 8020013e        0     1                 
80200146 80200146        0     1                 
80200146 80200146        0     1                 
80200146 80200146        0     1                 
80200146 80200146        0     1                 
80200146 80200146        0     1                 
80200146 80200146       f4     1                 kernel_main
80200148 80200148        0     1                 
80200148 80200148        0     1                 
8020014a 8020014a        0     1                 
80200152 80200152        0     1                 
80200152 80200152        0     1                 
80200162 80200162        0     1                 
80200162 80200162        0     1                 
80200174 80200174        0     1                 
80200174 80200174        0     1                 
80200194 80200194        0     1                 
80200194 80200194        0     1                 
8020019c 8020019c        0     1                 
8020019c 8020019c        0     1                 
802001bc 802001bc        0     1                 
802001bc 802001bc        0     1                 
802001dc 802001dc        0     1                 
802001dc 802001dc        0     1                 
802001fc 802001fc        0     1                 
802001fc 802001fc        0     1                 
8020020c 8020020c        0     1                 
8020020c 8020020c        0     1                 
80200214 80200214        0     1                 
80200214 80200214        0     1                 
80200238 80200238        0     1                 
8020023a 8020023a        0     1                 
8020023a 8020023a        0     1                 
8020023c 8020023c      2ec     4         build/print_k.o:(.text)
8020023c 8020023c        0     1                 
8020023c 8020023c        0     1                 
8020023c 8020023c        0     1                 
8020023c 8020023c      2ec     1                 k_printf
8020023e 8020023e        0     1                 
80200258 80200258        0     1                 
80200274 80200274        0     1                 
80200292 80200292        0     1                 
802002b2 802002b2        0     1                 
802002b6 802002b6        0     1                 
802002be 802002be        0     1                 
802002c6 802002c6        0     1                 
802002c6 802002c6        0     1                 
802002c8 802002c8        0     1                 
802002d0 802002d0        0     1                 
802002d4 802002d4        0     1                 
802002dc 802002dc        0     1                 
802002e6 802002e6        0     1                 .LBB0_6
802002e6 802002e6        0     1                 
802002e6 802002e6        0     1                 
80200306 80200306        0     1                 
80200306 80200306        0     1                 
8020030a 8020030a        0     1                 .LBB0_9
8020030a 8020030a        0     1                 
80200316 80200316        0     1                 
80200316 80200316        0     1                 
8020031c 8020031c        0     1                 .LBB0_10
8020031c 8020031c        0     1                 
80200330 80200330        0     1                 .LBB0_12
80200330 80200330        0     1                 
8020033c 8020033c        0     1                 
8020033c 8020033c        0     1                 
80200348 80200348        0     1                 
80200348 80200348        0     1                 
80200364 80200364        0     1                 .LBB0_14
80200364 80200364        0     1                 
80200380 80200380        0     1                 
80200382 80200382        0     1                 
80200386 80200386        0     1                 .LBB0_16
80200386 80200386        0     1                 
8020039e 8020039e        0     1                 .LBB0_18
8020039e 8020039e        0     1                 
802003ba 802003ba        0     1                 
802003c8 802003c8        0     1                 
802003cc 802003cc        0     1                 
802003d8 802003d8        0     1                 
802003d8 802003d8        0     1                 
802003dc 802003dc        0     1                 
802003e6 802003e6        0     1                 
802003ea 802003ea        0     1                 
802003ec 802003ec        0     1                 
802003f8 802003f8        0     1                 
802003f8 802003f8        0     1                 
802003fc 802003fc        0     1                 
80200400 80200400        0     1                 
80200400 80200400        0     1                 
8020040e 8020040e        0     1                 
8020041a 8020041a        0     1                 
8020041a 8020041a        0     1                 
8020041e 8020041e        0     1                 
80200422 80200422        0     1                 
80200426 80200426        0     1                 
80200428 80200428        0     1                 
80200434 80200434        0     1                 
80200434 80200434        0     1                 
80200438 80200438        0     1                 
8020043c 8020043c        0     1                 
8020043c 8020043c        0     1                 
80200446 80200446        0     1                 
80200448 80200448        0     1                 
8020044a 8020044a        0     1                 
80200450 80200450        0     1                 
80200458 80200458        0     1                 
80200464 80200464        0     1                 
80200464 80200464        0     1                 
80200468 80200468        0     1                 
8020046c 8020046c        0     1                 
80200474 80200474        0     1                 
80200480 80200480        0     1                 
80200480 80200480        0     1                 
80200484 80200484        0     1                 
8020048c 8020048c        0     1                 
80200490 80200490        0     1                 
80200492 80200492        0     1                 
8020049e 8020049e        0     1                 
8020049e 8020049e        0     1                 
802004a2 802004a2        0     1                 
802004a6 802004a6        0     1                 
802004a6 802004a6        0     1                 
802004b2 802004b2        0     1                 
802004be 802004be        0     1                 
802004be 802004be        0     1                 
802004ca 802004ca        0     1                 
802004ca 802004ca        0     1                 
802004d8 802004d8        0     1                 
802004d8 802004d8        0     1                 
802004dc 802004dc        0     1                 
802004e2 802004e2        0     1                 
802004e6 802004e6        0     1                 
802004e8 802004e8        0     1                 
802004f4 802004f4        0     1                 
802004f4 802004f4        0     1                 
802004f8 802004f8        0     1                 
802004fc 802004fc        0     1                 
802004fc 802004fc        0     1                 
8020050a 8020050a        0     1                 
80200528 80200528        0     1                 
80200528 80200528        0     1                 
80200528 80200528       f0     4         build/SBI.o:(.text)
80200528 80200528        0     1                 
80200528 80200528        0     1                 
80200528 80200528        0     1                 
80200528 80200528        0     1                 
80200528 80200528        6     1                 sbi_call
8020052c 8020052c        0     1                 
8020052e 8020052e        0     1                 
8020052e 8020052e        0     1                 
8020052e 8020052e        0     1                 
8020052e 8020052e        0     1                 
8020052e 8020052e        0     1                 
8020052e 8020052e        0     1                 
8020052e 8020052e       14     1                 k_putchar
80200540 80200540        0     1                 
80200540 80200540        0     1                 
80200542 80200542        0     1                 
80200542 80200542        0     1                 
80200542 80200542        0     1                 
80200542 80200542        0     1                 
80200542 80200542        0     1                 
80200542 80200542       80     1                 k_readchar
80200544 80200544        0     1                 
80200544 80200544        0     1                 
80200544 80200544        0     1                 
80200546 80200546        0     1                 
80200546 80200546        0     1                 
8020055a 8020055a        0     1                 
8020055a 8020055a        0     1                 
8020055e 8020055e        0     1                 
80200560 80200560        0     1                 
80200564 80200564        0     1                 
80200564 80200564        0     1                 
80200576 80200576        0     1                 
80200576 80200576        0     1                 
8020057e 8020057e        0     1                 
8020057e 8020057e        0     1                 
80200590 80200590        0     1                 
80200590 80200590        0     1                 
802005b4 802005b4        0     1                 
802005b6 802005b6        0     1                 
802005b6 802005b6        0     1                 
802005b8 802005b8        0     1                 
802005c2 802005c2        0     1                 
802005c2 802005c2        0     1                 
802005c2 802005c2        0     1                 
802005c2 802005c2        0     1                 
802005c2 802005c2        0     1                 
802005c2 802005c2       56     1                 exit
802005c4 802005c4        0     1                 
802005c6 802005c6        0     1                 
802005c8 802005c8        0     1                 
802005d8 802005d8        0     1                 
802005d8 802005d8        0     1                 
802005e0 802005e0        0     1                 
802005e0 802005e0        0     1                 
802005f2 802005f2        0     1                 
802005f2 802005f2        0     1                 
80200616 80200616        0     1                 
80200618 80200618        0     1                 
80200618 80200618        0     1                 
80200618 80200618       28     4         build/mem.o:(.text)
80200618 80200618        0     1                 
80200618 80200618        0     1                 
80200618 80200618        0     1                 
80200618 80200618        0     1                 
80200618 80200618       14     1                 memset
8020061a 8020061a        0     1                 
8020061c 8020061c        0     1                 
8020061e 8020061e        0     1                 
80200622 80200622        0     1                 
80200626 80200626        0     1                 
80200628 80200628        0     1                 
8020062a 8020062a        0     1                 
8020062c 8020062c        0     1                 
8020062c 8020062c        0     1                 
8020062c 8020062c        0     1                 
8020062c 8020062c        0     1                 
8020062c 8020062c        0     1                 
8020062c 8020062c        0     1                 
8020062c 8020062c       14     1                 k_memcpy
8020062e 8020062e        0     1                 
80200632 80200632        0     1                 
80200636 80200636        0     1                 
80200638 80200638        0     1                 
8020063a 8020063a        0     1                 
8020063c 8020063c        0     1                 
8020063e 8020063e        0     1                 
8020063e 8020063e        0     1                 
80200640 80200640        0     1                 
80200640 80200640        0     1                 
80200640 80200640      29e     4         build/str.o:(.text)
80200640 80200640        0     1                 
80200640 80200640        0     1                 
80200640 80200640        0     1                 
80200640 80200640        0     1                 
80200640 80200640       28     1                 k_strncpy
80200642 80200642        0     1                 
80200644 80200644        0     1                 
8020064c 8020064c        0     1                 
8020064e 8020064e        0     1                 
80200652 80200652        0     1                 
80200654 80200654        0     1                 
80200658 80200658        0     1                 
8020065c 8020065c        0     1                 
80200660 80200660        0     1                 
80200666 80200666        0     1                 
80200668 80200668        0     1                 
80200668 80200668        0     1                 
80200668 80200668        0     1                 
80200668 80200668        0     1                 
80200668 80200668        0     1                 
80200668 80200668        0     1                 
80200668 80200668       2e     1                 k_strcmp
8020066c 8020066c        0     1                 
8020066e 8020066e        0     1                 
80200670 80200670        0     1                 
80200674 80200674        0     1                 
80200676 80200676        0     1                 
8020067a 8020067a        0     1                 
8020067e 8020067e        0     1                 
80200682 80200682        0     1                 
80200684 80200684        0     1                 
80200688 80200688        0     1                 
8020068a 8020068a        0     1                 
8020068e 8020068e        0     1                 
80200692 80200692        0     1                 
80200694 80200694        0     1                 
80200696 80200696        0     1                 
80200696 80200696        0     1                 
80200696 80200696        0     1                 
80200696 80200696        0     1                 
80200696 80200696        0     1                 
80200696 80200696      248     1                 k_sprintf
80200698 80200698        0     1                 
802006b0 802006b0        0     1                 
802006c0 802006c0        0     1                 
802006de 802006de        0     1                 
802006e0 802006e0        0     1                 
8020070a 8020070a        0     1                 
8020070c 8020070c        0     1                 
80200710 80200710        0     1                 
80200718 80200718        0     1                 
8020071e 8020071e        0     1                 
80200722 80200722        0     1                 
80200726 80200726        0     1                 
8020072e 8020072e        0     1                 
80200738 80200738        0     1                 .LBB2_7
80200738 80200738        0     1                 
8020074c 8020074c        0     1                 
80200750 80200750        0     1                 
80200756 80200756        0     1                 .LBB2_11
80200756 80200756        0     1                 
8020075a 8020075a        0     1                 
80200764 80200764        0     1                 
8020076a 8020076a        0     1                 .LBB2_12
8020076a 8020076a        0     1                 
8020077e 8020077e        0     1                 .LBB2_14
8020077e 8020077e        0     1                 
80200786 80200786        0     1                 
8020079a 8020079a        0     1                 .LBB2_16
8020079a 8020079a        0     1                 
802007ac 802007ac        0     1                 
802007ae 802007ae        0     1                 
802007b2 802007b2        0     1                 .LBB2_18
802007b2 802007b2        0     1                 
802007c6 802007c6        0     1                 .LBB2_20
802007c6 802007c6        0     1                 
802007da 802007da        0     1                 
802007dc 802007dc        0     1                 
802007e0 802007e0        0     1                 
802007ea 802007ea        0     1                 
802007f6 802007f6        0     1                 
802007f6 802007f6        0     1                 
802007fc 802007fc        0     1                 
802007fe 802007fe        0     1                 
80200800 80200800        0     1                 
80200804 80200804        0     1                 
80200808 80200808        0     1                 
8020080a 8020080a        0     1                 
80200810 80200810        0     1                 
80200810 80200810        0     1                 
80200814 80200814        0     1                 
80200820 80200820        0     1                 
80200820 80200820        0     1                 
80200826 80200826        0     1                 
8020082a 8020082a        0     1                 
8020082c 8020082c        0     1                 
80200830 80200830        0     1                 
80200834 80200834        0     1                 
80200836 80200836        0     1                 
8020083c 8020083c        0     1                 
8020083c 8020083c        0     1                 
80200840 80200840        0     1                 
80200842 80200842        0     1                 
80200844 80200844        0     1                 
8020084a 8020084a        0     1                 
80200850 80200850        0     1                 
80200854 80200854        0     1                 
80200858 80200858        0     1                 
8020085a 8020085a        0     1                 
80200860 80200860        0     1                 
80200862 80200862        0     1                 
8020086e 8020086e        0     1                 
8020086e 8020086e        0     1                 
80200874 80200874        0     1                 
80200878 80200878        0     1                 
8020087a 8020087a        0     1                 
8020087e 8020087e        0     1                 
80200882 80200882        0     1                 
80200884 80200884        0     1                 
8020088a 8020088a        0     1                 
8020088a 8020088a        0     1                 
8020088c 8020088c        0     1                 
80200896 80200896        0     1                 
802008a2 802008a2        0     1                 
802008a2 802008a2        0     1                 
802008a8 802008a8        0     1                 
802008ac 802008ac        0     1                 
802008ae 802008ae        0     1                 
802008b2 802008b2        0     1                 
802008b6 802008b6        0     1                 
802008b8 802008b8        0     1                 
802008be 802008be        0     1                 
802008be 802008be        0     1                 
802008c2 802008c2        0     1                 
802008de 802008de        0     1                 
802008de 802008de        0     1                 
802008e0 802008e0      176     4         build/oa.o:(.text)
802008e0 802008e0        0     1                 
802008e0 802008e0        0     1                 
802008e0 802008e0        0     1                 
802008e0 802008e0       7a     1                 utoa
802008e2 802008e2        0     1                 
802008e2 802008e2        0     1                 
802008e4 802008e4        0     1                 
802008ec 802008ec        0     1                 
802008ee 802008ee        0     1                 
802008f2 802008f2        0     1                 
802008f8 802008f8        0     1                 
802008fa 802008fa        0     1                 
802008fe 802008fe        0     1                 
80200900 80200900        0     1                 
8020090c 8020090c        0     1                 
8020091a 8020091a        0     1                 
8020091a 8020091a        0     1                 
8020092c 8020092c        0     1                 
80200934 80200934        0     1                 
80200938 80200938        0     1                 
8020093e 8020093e        0     1                 
80200944 80200944        0     1                 
80200944 80200944        0     1                 
80200948 80200948        0     1                 
8020094e 8020094e        0     1                 
80200956 80200956        0     1                 
8020095a 8020095a        0     1                 
8020095a 8020095a        0     1                 
8020095a 8020095a        0     1                 
8020095a 8020095a        0     1                 
8020095a 8020095a        0     1                 
8020095a 8020095a       fc     1                 itoa
8020095c 8020095c        0     1                 
8020095e 8020095e        0     1                 
8020096a 8020096a        0     1                 
8020096e 8020096e        0     1                 
80200974 80200974        0     1                 
80200978 80200978        0     1                 
80200980 80200980        0     1                 
8020098a 8020098a        0     1                 
80200990 80200990        0     1                 
80200998 80200998        0     1                 
8020099c 8020099c        0     1                 
802009a0 802009a0        0     1                 
802009a2 802009a2        0     1                 
802009a6 802009a6        0     1                 
802009aa 802009aa        0     1                 
802009ae 802009ae        0     1                 
802009ae 802009ae        0     1                 
802009bc 802009bc        0     1                 
802009be 802009be        0     1                 
802009c6 802009c6        0     1                 
802009ca 802009ca        0     1                 
802009d0 802009d0        0     1                 
802009d4 802009d4        0     1                 
802009d4 802009d4        0     1                 
802009da 802009da        0     1                 
802009da 802009da        0     1                 
802009dc 802009dc        0     1                 
802009e4 802009e4        0     1                 
802009e6 802009e6        0     1                 
802009ea 802009ea        0     1                 
802009f0 802009f0        0     1                 
802009f2 802009f2        0     1                 
802009f6 802009f6        0     1                 
802009f8 802009f8        0     1                 
80200a04 80200a04        0     1                 
80200a12 80200a12        0     1                 
80200a12 80200a12        0     1                 
80200a24 80200a24        0     1                 
80200a2c 80200a2c        0     1                 
80200a30 80200a30        0     1                 
80200a36 80200a36        0     1                 
80200a3c 80200a3c        0     1                 
80200a3c 80200a3c        0     1                 
80200a40 80200a40        0     1                 
80200a48 80200a48        0     1                 
80200a4e 80200a4e        0     1                 
80200a52 80200a52        0     1                 
80200a56 80200a56        0     1                 
80200a56 80200a56        0     1                 
80200a58 80200a58      280     4         build/memory.o:(.text)
80200a58 80200a58        0     1                 
80200a58 80200a58        0     1                 
80200a58 80200a58        0     1                 
80200a58 80200a58        0     1                 
80200a58 80200a58       12     1                 init_memory
80200a68 80200a68        0     1                 
80200a6a 80200a6a        0     1                 
80200a6a 80200a6a        0     1                 
80200a6a 80200a6a        0     1                 
80200a6a 80200a6a        0     1                 
80200a6a 80200a6a        0     1                 
80200a6a 80200a6a       60     1                 pageframalloc
80200a6c 80200a6c        0     1                 
80200a6c 80200a6c        0     1                 
80200a70 80200a70        0     1                 
80200a78 80200a78        0     1                 
80200a7c 80200a7c        0     1                 
80200a80 80200a80        0     1                 
80200a88 80200a88        0     1                 
80200a8c 80200a8c        0     1                 
80200a90 80200a90        0     1                 
80200ab2 80200ab2        0     1                 
80200ab4 80200ab4        0     1                 
80200ac0 80200ac0        0     1                 
80200ac0 80200ac0        0     1                 
80200aca 80200aca        0     1                 
80200aca 80200aca        0     1                 
80200aca 80200aca        0     1                 
80200aca 80200aca        0     1                 
80200aca 80200aca        0     1                 
80200aca 80200aca      18a     1                 add_ptbl_entry
80200acc 80200acc        0     1                 
80200ada 80200ada        0     1                 
80200ae4 80200ae4        0     1                 
80200aec 80200aec        0     1                 
80200afc 80200afc        0     1                 
80200afc 80200afc        0     1                 
80200b0e 80200b0e        0     1                 
80200b0e 80200b0e        0     1                 
80200b20 80200b20        0     1                 
80200b20 80200b20        0     1                 
80200b30 80200b30        0     1                 
80200b30 80200b30        0     1                 
80200b54 80200b54        0     1                 
80200b56 80200b56        0     1                 
80200b58 80200b58        0     1                 
80200b5c 80200b5c        0     1                 
80200b5e 80200b5e        0     1                 
80200b62 80200b62        0     1                 
80200b66 80200b66        0     1                 
80200b6a 80200b6a        0     1                 
80200b6c 80200b6c        0     1                 
80200b6c 80200b6c        0     1                 
80200b74 80200b74        0     1                 
80200b76 80200b76        0     1                 
80200b78 80200b78        0     1                 
80200b80 80200b80        0     1                 
80200b84 80200b84        0     1                 
80200b88 80200b88        0     1                 
80200baa 80200baa        0     1                 
80200bac 80200bac        0     1                 
80200bba 80200bba        0     1                 
80200bba 80200bba        0     1                 
80200bbe 80200bbe        0     1                 
80200bc2 80200bc2        0     1                 
80200bc4 80200bc4        0     1                 
80200be8 80200be8        0     1                 
80200bea 80200bea        0     1                 
80200c0e 80200c0e        0     1                 
80200c10 80200c10        0     1                 
80200c18 80200c18        0     1                 
80200c1c 80200c1c        0     1                 
80200c20 80200c20        0     1                 
80200c20 80200c20        0     1                 
80200c24 80200c24        0     1                 
80200c30 80200c30        0     1                 
80200c38 80200c38        0     1                 
80200c40 80200c40        0     1                 
80200c42 80200c42        0     1                 
80200c54 80200c54        0     1                 
80200c54 80200c54        0     1                 
80200c54 80200c54        0     1                 
80200c54 80200c54        0     1                 
80200c54 80200c54        0     1                 
80200c54 80200c54        0     1                 
80200c54 80200c54       84     1                 free_proc_pages
80200c56 80200c56        0     1                 
80200c70 80200c70        0     1                 
80200c70 80200c70        0     1                 
80200c72 80200c72        0     1                 
80200c76 80200c76        0     1                 
80200c76 80200c76        0     1                 
80200c82 80200c82        0     1                 
80200c86 80200c86        0     1                 
80200c88 80200c88        0     1                 
80200c8e 80200c8e        0     1                 
80200c96 80200c96        0     1                 
80200c96 80200c96        0     1                 
80200c9a 80200c9a        0     1                 
80200c9c 80200c9c        0     1                 
80200c9c 80200c9c        0     1                 
80200c9e 80200c9e        0     1                 
80200ca6 80200ca6        0     1                 
80200caa 80200caa        0     1                 
80200cb6 80200cb6        0     1                 
80200cba 80200cba        0     1                 
80200cc0 80200cc0        0     1                 
80200cc0 80200cc0        0     1                 
80200ccc 80200ccc        0     1                 
80200cd0 80200cd0        0     1                 
80200cd6 80200cd6        0     1                 
80200cd6 80200cd6        0     1                 
80200cd8 80200cd8        0     1                 
80200cd8 80200cd8        0     1                 
80200cd8 80200cd8      3f0     4         build/trap_k.o:(.text)
80200cd8 80200cd8        0     1                 
80200cd8 80200cd8        0     1                 
80200cd8 80200cd8        0     1                 
80200cd8 80200cd8      2ec     1                 handle_syscall
80200cda 80200cda        0     1                 
80200cde 80200cde        0     1                 
80200ce0 80200ce0        0     1                 
80200cfe 80200cfe        0     1                 
80200d08 80200d08        0     1                 
80200d5a 80200d5a        0     1                 .LBB0_2
80200d5a 80200d5a        0     1                 
80200d66 80200d66        0     1                 
80200d66 80200d66        0     1                 
80200d78 80200d78        0     1                 .LBB0_3
80200d78 80200d78        0     1                 
80200d80 80200d80        0     1                 
80200d80 80200d80        0     1                 
80200d8e 80200d8e        0     1                 .LBB0_4
80200d8e 80200d8e        0     1                 
80200d98 80200d98        0     1                 .LBB0_5
80200d98 80200d98        0     1                 
80200da2 80200da2        0     1                 
80200da4 80200da4        0     1                 .LBB0_6
80200dac 80200dac        0     1                 
80200db0 80200db0        0     1                 
80200db2 80200db2        0     1                 
80200db6 80200db6        0     1                 
80200dc0 80200dc0        0     1                 
80200dc8 80200dc8        0     1                 .LBB0_10
80200dc8 80200dc8        0     1                 
80200dd2 80200dd2        0     1                 
80200dd2 80200dd2        0     1                 
80200dd4 80200dd4        0     1                 .LBB0_11
80200dd4 80200dd4        0     1                 
80200dde 80200dde        0     1                 
80200dde 80200dde        0     1                 
80200de0 80200de0        0     1                 .LBB0_12
80200de0 80200de0        0     1                 
80200dea 80200dea        0     1                 
80200df2 80200df2        0     1                 .LBB0_13
80200df2 80200df2        0     1                 
80200e02 80200e02        0     1                 
80200e02 80200e02        0     1                 
80200e06 80200e06        0     1                 
80200e12 80200e12        0     1                 
80200e18 80200e18        0     1                 .LBB0_15
80200e18 80200e18        0     1                 
80200e24 80200e24        0     1                 
80200e24 80200e24        0     1                 
80200e26 80200e26        0     1                 .LBB0_16
80200e26 80200e26        0     1                 
80200e46 80200e46        0     1                 
80200e50 80200e50        0     1                 
80200e58 80200e58        0     1                 .LBB0_17
80200e58 80200e58        0     1                 
80200e62 80200e62        0     1                 
80200e6a 80200e6a        0     1                 .LBB0_18
80200e6a 80200e6a        0     1                 
80200e72 80200e72        0     1                 
80200e7a 80200e7a        0     1                 .LBB0_19
80200e7a 80200e7a        0     1                 
80200e84 80200e84        0     1                 
80200e8c 80200e8c        0     1                 .LBB0_20
80200e8c 80200e8c        0     1                 
80200e94 80200e94        0     1                 
80200e9c 80200e9c        0     1                 .LBB0_21
80200e9c 80200e9c        0     1                 
80200ea6 80200ea6        0     1                 
80200ea6 80200ea6        0     1                 
80200ea8 80200ea8        0     1                 .LBB0_22
80200ea8 80200ea8        0     1                 
80200eb2 80200eb2        0     1                 
80200eb2 80200eb2        0     1                 
80200eb4 80200eb4        0     1                 .LBB0_23
80200eb4 80200eb4        0     1                 
80200ebe 80200ebe        0     1                 
80200ebe 80200ebe        0     1                 
80200ec0 80200ec0        0     1                 .LBB0_24
80200ec0 80200ec0        0     1                 
80200eca 80200eca        0     1                 
80200eca 80200eca        0     1                 
80200ecc 80200ecc        0     1                 .LBB0_25
80200ecc 80200ecc        0     1                 
80200ed6 80200ed6        0     1                 
80200ed6 80200ed6        0     1                 
80200ed8 80200ed8        0     1                 
80200ed8 80200ed8        0     1                 .LBB0_26
80200ed8 80200ed8        0     1                 
80200edc 80200edc        0     1                 
80200ee0 80200ee0        0     1                 
80200ee4 80200ee4        0     1                 
80200ee8 80200ee8        0     1                 
80200eec 80200eec        0     1                 
80200ef0 80200ef0        0     1                 
80200ef4 80200ef4        0     1                 
80200ef8 80200ef8        0     1                 
80200ef8 80200ef8        0     1                 
80200f04 80200f04        0     1                 
80200f04 80200f04        0     1                 
80200f06 80200f06        0     1                 
80200f06 80200f06        0     1                 .LBB0_27
80200f06 80200f06        0     1                 
80200f0e 80200f0e        0     1                 
80200f16 80200f16        0     1                 .LBB0_28
80200f16 80200f16        0     1                 
80200f1e 80200f1e        0     1                 
80200f22 80200f22        0     1                 .LBB0_29
80200f22 80200f22        0     1                 
80200f2c 80200f2c        0     1                 
80200f2c 80200f2c        0     1                 
80200f46 80200f46        0     1                 
80200f4e 80200f4e        0     1                 .LBB0_32
80200f4e 80200f4e        0     1                 
80200f56 80200f56        0     1                 
80200f5e 80200f5e        0     1                 
80200f60 80200f60        0     1                 
80200f64 80200f64        0     1                 
80200f82 80200f82        0     1                 
80200f84 80200f84        0     1                 
80200f88 80200f88        0     1                 
80200f98 80200f98        0     1                 
80200f9a 80200f9a        0     1                 
80200fa0 80200fa0        0     1                 
80200fa2 80200fa2        0     1                 
80200fa4 80200fa4        0     1                 
80200fc2 80200fc2        0     1                 
80200fc4 80200fc4        0     1                 
80200fc4 80200fc4        0     1                 
80200fc4 80200fc4        0     1                 
80200fc4 80200fc4        0     1                 
80200fc4 80200fc4        0     1                 
80200fc4 80200fc4       68     1                 handle_trap
80200fc6 80200fc6        0     1                 
80200fc6 80200fc6        0     1                 
80200fc6 80200fc6        0     1                 
80200fca 80200fca        0     1                 
80200fce 80200fce        0     1                 
80200fce 80200fce        0     1                 
80200fd2 80200fd2        0     1                 
80200fd2 80200fd2        0     1                 
80200fd6 80200fd6        0     1                 
80200fd8 80200fd8        0     1                 
80200fd8 80200fd8        0     1                 
80200fdc 80200fdc        0     1                 
80200fe4 80200fe4        0     1                 
80200fe4 80200fe4        0     1                 
80200fe8 80200fe8        0     1                 
80200fec 80200fec        0     1                 
80200ff4 80200ff4        0     1                 
80201006 80201006        0     1                 
80201006 80201006        0     1                 
8020102a 8020102a        0     1                 
8020102c 8020102c        0     1                 
8020102c 8020102c        0     1                 
8020102c 8020102c        0     1                 
8020102c 8020102c        0     1                 
8020102c 8020102c        0     1                 
8020102c 8020102c        0     1                 
8020102c 8020102c       9c     1                 switch_trap
802010c8 802010c8        0     1                 
802010c8 802010c8        0     1                 
802010c8 802010c8      34c     4         build/pcb_k.o:(.text)
802010c8 802010c8        0     1                 
802010c8 802010c8        0     1                 
802010c8 802010c8        0     1                 
802010c8 802010c8       3c     1                 switch_umode
802010ca 802010ca        0     1                 
802010cc 802010cc        0     1                 
802010d4 802010d4        0     1                 
802010e0 802010e0        0     1                 
80201102 80201102        0     1                 
80201104 80201104        0     1                 
80201104 80201104        0     1                 
80201104 80201104        0     1                 
80201104 80201104        0     1                 
80201104 80201104        0     1                 
80201104 80201104      2dc     1                 spawn_proc
80201106 80201106        0     1                 
8020111a 8020111a        0     1                 
80201122 80201122        0     1                 
80201126 80201126        0     1                 
80201128 80201128        0     1                 
8020112a 8020112a        0     1                 
8020112e 8020112e        0     1                 
80201130 80201130        0     1                 
8020113c 8020113c        0     1                 
80201140 80201140        0     1                 
80201142 80201142        0     1                 
80201146 80201146        0     1                 
8020114a 8020114a        0     1                 
8020114c 8020114c        0     1                 
8020115c 8020115c        0     1                 
8020115e 8020115e        0     1                 
80201160 80201160        0     1                 
80201166 80201166        0     1                 
80201168 80201168        0     1                 
8020116a 8020116a        0     1                 
8020117a 8020117a        0     1                 
8020117c 8020117c        0     1                 
8020117e 8020117e        0     1                 
80201184 80201184        0     1                 
80201186 80201186        0     1                 
80201188 80201188        0     1                 
80201198 80201198        0     1                 
8020119a 8020119a        0     1                 
8020119c 8020119c        0     1                 
802011a2 802011a2        0     1                 
802011a4 802011a4        0     1                 
802011a6 802011a6        0     1                 
802011b6 802011b6        0     1                 
802011b8 802011b8        0     1                 
802011ba 802011ba        0     1                 
802011c0 802011c0        0     1                 
802011c2 802011c2        0     1                 
802011c4 802011c4        0     1                 
802011e2 802011e2        0     1                 
802011e4 802011e4        0     1                 
80201216 80201216        0     1                 
8020121e 8020121e        0     1                 
80201222 80201222        0     1                 
80201226 80201226        0     1                 
80201234 80201234        0     1                 
80201234 80201234        0     1                 
80201236 80201236        0     1                 
8020123a 8020123a        0     1                 
8020123a 8020123a        0     1                 
8020126a 8020126a        0     1                 
8020126a 8020126a        0     1                 
8020126e 8020126e        0     1                 
80201272 80201272        0     1                 
80201274 80201274        0     1                 
8020127c 8020127c        0     1                 
80201286 80201286        0     1                 
8020128a 8020128a        0     1                 
80201294 80201294        0     1                 
80201296 80201296        0     1                 
8020129a 8020129a        0     1                 
802012aa 802012aa        0     1                 
802012ac 802012ac        0     1                 
802012ae 802012ae        0     1                 
802012b8 802012b8        0     1                 
802012b8 802012b8        0     1                 
802012ba 802012ba        0     1                 
802012bc 802012bc        0     1                 
802012cc 802012cc        0     1                 
802012d0 802012d0        0     1                 
802012d4 802012d4        0     1                 
802012e2 802012e2        0     1                 
802012e2 802012e2        0     1                 
802012e8 802012e8        0     1                 
802012ec 802012ec        0     1                 
80201300 80201300        0     1                 
80201304 80201304        0     1                 
80201312 80201312        0     1                 
80201312 80201312        0     1                 
80201314 80201314        0     1                 
80201318 80201318        0     1                 
80201320 80201320        0     1                 
80201324 80201324        0     1                 
80201330 80201330        0     1                 
80201334 80201334        0     1                 
8020133e 8020133e        0     1                 
8020133e 8020133e        0     1                 
80201342 80201342        0     1                 
80201346 80201346        0     1                 
80201352 80201352        0     1                 
80201352 80201352        0     1                 
80201354 80201354        0     1                 
8020135c 8020135c        0     1                 
80201360 80201360        0     1                 
8020136a 8020136a        0     1                 
8020136a 8020136a        0     1                 
8020136e 8020136e        0     1                 
80201374 80201374        0     1                 
80201376 80201376        0     1                 
8020137a 8020137a        0     1                 
80201394 80201394        0     1                 
802013b8 802013b8        0     1                 
802013ba 802013ba        0     1                 
802013de 802013de        0     1                 
802013e0 802013e0        0     1                 
802013e0 802013e0        0     1                 
802013e0 802013e0        0     1                 
802013e0 802013e0        0     1                 
802013e0 802013e0        0     1                 
802013e0 802013e0        0     1                 
802013e0 802013e0       34     1                 free_proc
802013e2 802013e2        0     1                 
802013e4 802013e4        0     1                 
802013e6 802013e6        0     1                 
802013e8 802013e8        0     1                 
802013ea 802013ea        0     1                 
802013ee 802013ee        0     1                 
802013f2 802013f2        0     1                 
802013f6 802013f6        0     1                 
802013fa 802013fa        0     1                 
802013fe 802013fe        0     1                 
80201402 80201402        0     1                 
80201406 80201406        0     1                 
8020140a 8020140a        0     1                 
80201412 80201412        0     1                 
80201414 80201414        0     1                 
80201414 80201414        0     1                 
80201414 80201414      358     4         build/program_k.o:(.text)
80201414 80201414        0     1                 
80201414 80201414        0     1                 
80201414 80201414        0     1                 
80201414 80201414        0     1                 
80201414 80201414       46     1                 switch_proc
8020145a 8020145a        0     1                 
8020145a 8020145a        0     1                 
8020145a 8020145a        0     1                 
8020145a 8020145a        0     1                 
8020145a 8020145a        0     1                 
8020145a 8020145a        0     1                 
8020145a 8020145a       14     1                 Flush_TLB
8020145c 8020145c        0     1                 
8020145e 8020145e        0     1                 
80201462 80201462        0     1                 
80201464 80201464        0     1                 
8020146c 8020146c        0     1                 
8020146e 8020146e        0     1                 
8020146e 8020146e        0     1                 
8020146e 8020146e        0     1                 
8020146e 8020146e        0     1                 
8020146e 8020146e        0     1                 
8020146e 8020146e        0     1                 
8020146e 8020146e      2fe     1                 yield
80201476 80201476        0     1                 
8020147c 8020147c        0     1                 
80201480 80201480        0     1                 
80201486 80201486        0     1                 
8020148a 8020148a        0     1                 
8020148c 8020148c        0     1                 
80201490 80201490        0     1                 
80201494 80201494        0     1                 
80201496 80201496        0     1                 
8020149e 8020149e        0     1                 
8020149e 8020149e        0     1                 
802014ae 802014ae        0     1                 
802014b0 802014b0        0     1                 
802014b4 802014b4        0     1                 
802014c4 802014c4        0     1                 
802014c8 802014c8        0     1                 
802014d4 802014d4        0     1                 
802014e4 802014e4        0     1                 
802014e6 802014e6        0     1                 
802014ea 802014ea        0     1                 
802014fc 802014fc        0     1                 
80201500 80201500        0     1                 
80201504 80201504        0     1                 
80201512 80201512        0     1                 
80201514 80201514        0     1                 
80201518 80201518        0     1                 
8020152a 8020152a        0     1                 
8020152e 8020152e        0     1                 
80201536 80201536        0     1                 
8020153a 8020153a        0     1                 
8020154a 8020154a        0     1                 
8020154c 8020154c        0     1                 
80201550 80201550        0     1                 
80201562 80201562        0     1                 
80201566 80201566        0     1                 
8020156a 8020156a        0     1                 
80201578 80201578        0     1                 
8020157a 8020157a        0     1                 
8020157e 8020157e        0     1                 
80201590 80201590        0     1                 
80201594 80201594        0     1                 
8020159c 8020159c        0     1                 
802015a0 802015a0        0     1                 
802015b0 802015b0        0     1                 
802015b2 802015b2        0     1                 
802015b6 802015b6        0     1                 
802015c8 802015c8        0     1                 
802015cc 802015cc        0     1                 
802015d0 802015d0        0     1                 
802015de 802015de        0     1                 
802015e0 802015e0        0     1                 
802015e4 802015e4        0     1                 
802015f6 802015f6        0     1                 
802015fa 802015fa        0     1                 
80201602 80201602        0     1                 
80201606 80201606        0     1                 
80201616 80201616        0     1                 
80201618 80201618        0     1                 
8020161c 8020161c        0     1                 
8020162e 8020162e        0     1                 
80201632 80201632        0     1                 
80201636 80201636        0     1                 
80201644 80201644        0     1                 
80201646 80201646        0     1                 
8020164a 8020164a        0     1                 
8020165c 8020165c        0     1                 
80201660 80201660        0     1                 
80201668 80201668        0     1                 
8020166c 8020166c        0     1                 
8020167c 8020167c        0     1                 
8020167e 8020167e        0     1                 
80201682 80201682        0     1                 
80201694 80201694        0     1                 
80201698 80201698        0     1                 
8020169c 8020169c        0     1                 
802016aa 802016aa        0     1                 
802016ac 802016ac        0     1                 
802016b0 802016b0        0     1                 
802016c2 802016c2        0     1                 
802016c6 802016c6        0     1                 
802016d2 802016d2        0     1                 
802016e2 802016e2        0     1                 
802016e4 802016e4        0     1                 
802016e8 802016e8        0     1                 
802016fa 802016fa        0     1                 
802016fe 802016fe        0     1                 
802016fe 802016fe        0     1                 
80201710 80201710        0     1                 
80201712 80201712        0     1                 
80201716 80201716        0     1                 
8020171a 8020171a        0     1                 
8020171e 8020171e        0     1                 
80201726 80201726        0     1                 
80201728 80201728        0     1                 
8020172a 8020172a        0     1                 
8020172c 8020172c        0     1                 
8020172e 8020172e        0     1                 
80201732 80201732        0     1                 
80201734 80201734        0     1                 
80201738 80201738        0     1                 
8020173a 8020173a        0     1                 
80201742 80201742        0     1                 
80201742 80201742        0     1                 
8020174a 8020174a        0     1                 
80201752 80201752        0     1                 
80201756 80201756        0     1                 
80201758 80201758        0     1                 
8020175c 8020175c        0     1                 
80201764 80201764        0     1                 
80201768 80201768        0     1                 
8020176c 8020176c        0     1                 
8020176c 8020176c        0     1                 
8020176c 8020176c      2fe     4         build/app.o:(.text)
8020176c 8020176c        0     1                 
8020176c 8020176c        0     1                 
8020176c 8020176c        0     1                 
8020176c 8020176c      14c     1                 init_app
8020176e 8020176e        0     1                 
80201772 80201772        0     1                 
80201774 80201774        0     1                 
80201774 80201774        0     1                 
8020177a 8020177a        0     1                 
8020177c 8020177c        0     1                 
8020177e 8020177e        0     1                 
80201782 80201782        0     1                 
80201786 80201786        0     1                 
80201788 80201788        0     1                 
8020178c 8020178c        0     1                 
80201790 80201790        0     1                 
80201792 80201792        0     1                 
80201796 80201796        0     1                 
8020179a 8020179a        0     1                 
8020179c 8020179c        0     1                 
802017a0 802017a0        0     1                 
802017a4 802017a4        0     1                 
802017a6 802017a6        0     1                 
802017aa 802017aa        0     1                 
802017ac 802017ac        0     1                 
802017b0 802017b0        0     1                 
802017b4 802017b4        0     1                 
802017b6 802017b6        0     1                 
802017ba 802017ba        0     1                 
802017be 802017be        0     1                 
802017c0 802017c0        0     1                 
802017c4 802017c4        0     1                 
802017c8 802017c8        0     1                 
802017ca 802017ca        0     1                 
802017ce 802017ce        0     1                 
802017d2 802017d2        0     1                 
802017d4 802017d4        0     1                 
802017d8 802017d8        0     1                 
802017dc 802017dc        0     1                 
802017de 802017de        0     1                 
802017e2 802017e2        0     1                 
802017e2 802017e2        0     1                 
802017ea 802017ea        0     1                 
802017ec 802017ec        0     1                 
802017f0 802017f0        0     1                 
802017f2 802017f2        0     1                 
802017f4 802017f4        0     1                 
802017f6 802017f6        0     1                 
802017f8 802017f8        0     1                 
802017fa 802017fa        0     1                 
80201802 80201802        0     1                 
80201804 80201804        0     1                 
80201806 80201806        0     1                 
80201808 80201808        0     1                 
8020180a 8020180a        0     1                 
80201812 80201812        0     1                 
80201814 80201814        0     1                 
80201816 80201816        0     1                 
80201818 80201818        0     1                 
8020181a 8020181a        0     1                 
80201822 80201822        0     1                 
80201824 80201824        0     1                 
80201826 80201826        0     1                 
80201828 80201828        0     1                 
8020182a 8020182a        0     1                 
80201832 80201832        0     1                 
80201836 80201836        0     1                 
80201838 80201838        0     1                 
8020183c 8020183c        0     1                 
8020183e 8020183e        0     1                 
8020185a 8020185a        0     1                 
8020185c 8020185c        0     1                 
80201882 80201882        0     1                 
80201898 80201898        0     1                 
802018ae 802018ae        0     1                 
802018ae 802018ae        0     1                 
802018b8 802018b8        0     1                 
802018b8 802018b8        0     1                 
802018b8 802018b8        0     1                 
802018b8 802018b8        0     1                 
802018b8 802018b8        0     1                 
802018b8 802018b8       4c     1                 start_app
802018ba 802018ba        0     1                 
802018bc 802018bc        0     1                 
802018c0 802018c0        0     1                 
802018c4 802018c4        0     1                 
802018d4 802018d4        0     1                 
802018d6 802018d6        0     1                 
802018d8 802018d8        0     1                 
802018e0 802018e0        0     1                 
802018e0 802018e0        0     1                 
802018e2 802018e2        0     1                 
802018e8 802018e8        0     1                 
80201902 80201902        0     1                 
80201904 80201904        0     1                 
80201904 80201904        0     1                 
80201904 80201904        0     1                 
80201904 80201904        0     1                 
80201904 80201904        0     1                 
80201904 80201904      104     1                 get_app_id
80201906 80201906        0     1                 
8020190c 8020190c        0     1                 
8020190e 8020190e        0     1                 
8020190e 8020190e        0     1                 
80201922 80201922        0     1                 
80201922 80201922        0     1                 
80201924 80201924        0     1                 
80201928 80201928        0     1                 
80201932 80201932        0     1                 
80201932 80201932        0     1                 
80201934 80201934        0     1                 
80201940 80201940        0     1                 
8020194a 8020194a        0     1                 
8020194a 8020194a        0     1                 
8020194c 8020194c        0     1                 
80201950 80201950        0     1                 
8020195a 8020195a        0     1                 
8020195a 8020195a        0     1                 
8020195c 8020195c        0     1                 
80201968 80201968        0     1                 
80201972 80201972        0     1                 
80201972 80201972        0     1                 
80201974 80201974        0     1                 
80201978 80201978        0     1                 
80201982 80201982        0     1                 
80201982 80201982        0     1                 
80201984 80201984        0     1                 
80201990 80201990        0     1                 
8020199a 8020199a        0     1                 
8020199a 8020199a        0     1                 
8020199c 8020199c        0     1                 
802019a0 802019a0        0     1                 
802019aa 802019aa        0     1                 
802019aa 802019aa        0     1                 
802019ac 802019ac        0     1                 
802019b8 802019b8        0     1                 
802019c2 802019c2        0     1                 
802019c2 802019c2        0     1                 
802019c4 802019c4        0     1                 
802019c8 802019c8        0     1                 
802019d2 802019d2        0     1                 
802019d6 802019d6        0     1                 
802019d8 802019d8        0     1                 
802019d8 802019d8        0     1                 
802019fe 802019fe        0     1                 
80201a08 80201a08        0     1                 
80201a08 80201a08        0     1                 
80201a08 80201a08        0     1                 
80201a08 80201a08        0     1                 
80201a08 80201a08        0     1                 
80201a08 80201a08       62     1                 get_app_name
80201a0a 80201a0a        0     1                 
80201a0c 80201a0c        0     1                 
80201a10 80201a10        0     1                 
80201a14 80201a14        0     1                 
80201a30 80201a30        0     1                 
80201a32 80201a32        0     1                 
80201a40 80201a40        0     1                 
80201a64 80201a64        0     1                 
80201a6a 80201a6a        0     1                 
80201a6a 80201a6a        0     1                 
80201a6c 80201a6c      608     4         build/sockets.o:(.text)
80201a6c 80201a6c        0     1                 
80201a6c 80201a6c        0     1                 
80201a6c 80201a6c        0     1                 
80201a6c 80201a6c       4e     1                 read_rsocket
80201a6e 80201a6e        0     1                 
80201a70 80201a70        0     1                 
80201a74 80201a74        0     1                 
80201a78 80201a78        0     1                 
80201a92 80201a92        0     1                 
80201a94 80201a94        0     1                 
80201a9c 80201a9c        0     1                 
80201ab0 80201ab0        0     1                 
80201ab4 80201ab4        0     1                 
80201aba 80201aba        0     1                 
80201aba 80201aba        0     1                 
80201aba 80201aba        0     1                 
80201aba 80201aba        0     1                 
80201aba 80201aba        0     1                 
80201aba 80201aba       4c     1                 write_rsocket
80201abc 80201abc        0     1                 
80201abe 80201abe        0     1                 
80201ac2 80201ac2        0     1                 
80201ac6 80201ac6        0     1                 
80201ae0 80201ae0        0     1                 
80201ae2 80201ae2        0     1                 
80201af0 80201af0        0     1                 
80201afc 80201afc        0     1                 
80201b00 80201b00        0     1                 
80201b06 80201b06        0     1                 
80201b06 80201b06        0     1                 
80201b06 80201b06        0     1                 
80201b06 80201b06        0     1                 
80201b06 80201b06        0     1                 
80201b06 80201b06       7e     1                 read_socket
80201b08 80201b08        0     1                 
80201b0a 80201b0a        0     1                 
80201b0e 80201b0e        0     1                 
80201b12 80201b12        0     1                 
80201b2e 80201b2e        0     1                 
80201b30 80201b30        0     1                 
80201b36 80201b36        0     1                 
80201b3a 80201b3a        0     1                 
80201b54 80201b54        0     1                 
80201b56 80201b56        0     1                 
80201b5e 80201b5e        0     1                 
80201b62 80201b62        0     1                 
80201b64 80201b64        0     1                 
80201b7a 80201b7a        0     1                 
80201b7e 80201b7e        0     1                 
80201b84 80201b84        0     1                 
80201b84 80201b84        0     1                 
80201b84 80201b84        0     1                 
80201b84 80201b84        0     1                 
80201b84 80201b84        0     1                 
80201b84 80201b84       7c     1                 write_socket
80201b86 80201b86        0     1                 
80201b88 80201b88        0     1                 
80201b8c 80201b8c        0     1                 
80201b90 80201b90        0     1                 
80201baa 80201baa        0     1                 
80201bac 80201bac        0     1                 
80201bb2 80201bb2        0     1                 
80201bb6 80201bb6        0     1                 
80201bd2 80201bd2        0     1                 
80201bd4 80201bd4        0     1                 
80201bd8 80201bd8        0     1                 
80201bda 80201bda        0     1                 
80201be6 80201be6        0     1                 
80201be8 80201be8        0     1                 
80201bf6 80201bf6        0     1                 
80201bfa 80201bfa        0     1                 
80201c00 80201c00        0     1                 
80201c00 80201c00        0     1                 
80201c00 80201c00        0     1                 
80201c00 80201c00        0     1                 
80201c00 80201c00        0     1                 
80201c00 80201c00       60     1                 claim_rsocket
80201c02 80201c02        0     1                 
80201c04 80201c04        0     1                 
80201c08 80201c08        0     1                 
80201c0c 80201c0c        0     1                 
80201c28 80201c28        0     1                 
80201c2a 80201c2a        0     1                 
80201c3e 80201c3e        0     1                 
80201c40 80201c40        0     1                 
80201c42 80201c42        0     1                 
80201c4a 80201c4a        0     1                 
80201c50 80201c50        0     1                 
80201c54 80201c54        0     1                 
80201c56 80201c56        0     1                 
80201c5a 80201c5a        0     1                 
80201c60 80201c60        0     1                 
80201c60 80201c60        0     1                 
80201c60 80201c60        0     1                 
80201c60 80201c60        0     1                 
80201c60 80201c60        0     1                 
80201c60 80201c60       60     1                 claim_socket
80201c62 80201c62        0     1                 
80201c64 80201c64        0     1                 
80201c68 80201c68        0     1                 
80201c6c 80201c6c        0     1                 
80201c88 80201c88        0     1                 
80201c8a 80201c8a        0     1                 
80201c9e 80201c9e        0     1                 
80201ca0 80201ca0        0     1                 
80201ca2 80201ca2        0     1                 
80201caa 80201caa        0     1                 
80201cb0 80201cb0        0     1                 
80201cb4 80201cb4        0     1                 
80201cb6 80201cb6        0     1                 
80201cba 80201cba        0     1                 
80201cc0 80201cc0        0     1                 
80201cc0 80201cc0        0     1                 
80201cc0 80201cc0        0     1                 
80201cc0 80201cc0        0     1                 
80201cc0 80201cc0        0     1                 
80201cc0 80201cc0       42     1                 unclaim_rsocket
80201cc2 80201cc2        0     1                 
80201cc4 80201cc4        0     1                 
80201cc8 80201cc8        0     1                 
80201ccc 80201ccc        0     1                 
80201ce8 80201ce8        0     1                 
80201cea 80201cea        0     1                 
80201cf8 80201cf8        0     1                 
80201cfc 80201cfc        0     1                 
80201d02 80201d02        0     1                 
80201d02 80201d02        0     1                 
80201d02 80201d02        0     1                 
80201d02 80201d02        0     1                 
80201d02 80201d02        0     1                 
80201d02 80201d02       42     1                 unclaim_socket
80201d04 80201d04        0     1                 
80201d06 80201d06        0     1                 
80201d0a 80201d0a        0     1                 
80201d0e 80201d0e        0     1                 
80201d2a 80201d2a        0     1                 
80201d2c 80201d2c        0     1                 
80201d3a 80201d3a        0     1                 
80201d3e 80201d3e        0     1                 
80201d44 80201d44        0     1                 
80201d44 80201d44        0     1                 
80201d44 80201d44        0     1                 
80201d44 80201d44        0     1                 
80201d44 80201d44        0     1                 
80201d44 80201d44      13c     1                 find_free_rsocket
80201d46 80201d46        0     1                 
80201d46 80201d46        0     1                 
80201d48 80201d48        0     1                 
80201d50 80201d50        0     1                 
80201d52 80201d52        0     1                 
80201d54 80201d54        0     1                 
80201d54 80201d54        0     1                 
80201d58 80201d58        0     1                 
80201d60 80201d60        0     1                 
80201d66 80201d66        0     1                 
80201d6a 80201d6a        0     1                 
80201d70 80201d70        0     1                 
80201d74 80201d74        0     1                 
80201d7c 80201d7c        0     1                 
80201d82 80201d82        0     1                 
80201d86 80201d86        0     1                 
80201d8c 80201d8c        0     1                 
80201d90 80201d90        0     1                 
80201d98 80201d98        0     1                 
80201d9e 80201d9e        0     1                 
80201da2 80201da2        0     1                 
80201da8 80201da8        0     1                 
80201dac 80201dac        0     1                 
80201db4 80201db4        0     1                 
80201dba 80201dba        0     1                 
80201dbe 80201dbe        0     1                 
80201dc4 80201dc4        0     1                 
80201dc8 80201dc8        0     1                 
80201dcc 80201dcc        0     1                 
80201dd2 80201dd2        0     1                 
80201dd6 80201dd6        0     1                 
80201dd6 80201dd6        0     1                 
80201df4 80201df4        0     1                 
80201df6 80201df6        0     1                 
80201df6 80201df6        0     1                 
80201df8 80201df8        0     1                 
80201e00 80201e00        0     1                 
80201e04 80201e04        0     1                 
80201e06 80201e06        0     1                 
80201e0a 80201e0a        0     1                 
80201e0c 80201e0c        0     1                 
80201e14 80201e14        0     1                 
80201e18 80201e18        0     1                 
80201e1a 80201e1a        0     1                 
80201e1e 80201e1e        0     1                 
80201e20 80201e20        0     1                 
80201e28 80201e28        0     1                 
80201e2c 80201e2c        0     1                 
80201e2e 80201e2e        0     1                 
80201e32 80201e32        0     1                 
80201e34 80201e34        0     1                 
80201e3c 80201e3c        0     1                 
80201e40 80201e40        0     1                 
80201e42 80201e42        0     1                 
80201e46 80201e46        0     1                 
80201e48 80201e48        0     1                 
80201e4c 80201e4c        0     1                 
80201e52 80201e52        0     1                 
80201e54 80201e54        0     1                 
80201e54 80201e54        0     1                 
80201e5a 80201e5a        0     1                 
80201e60 80201e60        0     1                 
80201e80 80201e80        0     1                 
80201e80 80201e80        0     1                 
80201e80 80201e80        0     1                 
80201e80 80201e80        0     1                 
80201e80 80201e80        0     1                 
80201e80 80201e80      13c     1                 find_free_socket
80201e82 80201e82        0     1                 
80201e82 80201e82        0     1                 
80201e84 80201e84        0     1                 
80201e8c 80201e8c        0     1                 
80201e8e 80201e8e        0     1                 
80201e90 80201e90        0     1                 
80201e90 80201e90        0     1                 
80201e94 80201e94        0     1                 
80201e9c 80201e9c        0     1                 
80201ea2 80201ea2        0     1                 
80201ea6 80201ea6        0     1                 
80201eac 80201eac        0     1                 
80201eb0 80201eb0        0     1                 
80201eb8 80201eb8        0     1                 
80201ebe 80201ebe        0     1                 
80201ec2 80201ec2        0     1                 
80201ec8 80201ec8        0     1                 
80201ecc 80201ecc        0     1                 
80201ed4 80201ed4        0     1                 
80201eda 80201eda        0     1                 
80201ede 80201ede        0     1                 
80201ee4 80201ee4        0     1                 
80201ee8 80201ee8        0     1                 
80201ef0 80201ef0        0     1                 
80201ef6 80201ef6        0     1                 
80201efa 80201efa        0     1                 
80201f00 80201f00        0     1                 
80201f04 80201f04        0     1                 
80201f08 80201f08        0     1                 
80201f0e 80201f0e        0     1                 
80201f12 80201f12        0     1                 
80201f12 80201f12        0     1                 
80201f30 80201f30        0     1                 
80201f32 80201f32        0     1                 
80201f32 80201f32        0     1                 
80201f34 80201f34        0     1                 
80201f3c 80201f3c        0     1                 
80201f40 80201f40        0     1                 
80201f42 80201f42        0     1                 
80201f46 80201f46        0     1                 
80201f48 80201f48        0     1                 
80201f50 80201f50        0     1                 
80201f54 80201f54        0     1                 
80201f56 80201f56        0     1                 
80201f5a 80201f5a        0     1                 
80201f5c 80201f5c        0     1                 
80201f64 80201f64        0     1                 
80201f68 80201f68        0     1                 
80201f6a 80201f6a        0     1                 
80201f6e 80201f6e        0     1                 
80201f70 80201f70        0     1                 
80201f78 80201f78        0     1                 
80201f7c 80201f7c        0     1                 
80201f7e 80201f7e        0     1                 
80201f82 80201f82        0     1                 
80201f84 80201f84        0     1                 
80201f88 80201f88        0     1                 
80201f8e 80201f8e        0     1                 
80201f90 80201f90        0     1                 
80201f90 80201f90        0     1                 
80201f96 80201f96        0     1                 
80201f9c 80201f9c        0     1                 
80201fbc 80201fbc        0     1                 
80201fbc 80201fbc        0     1                 
80201fbc 80201fbc        0     1                 
80201fbc 80201fbc        0     1                 
80201fbc 80201fbc        0     1                 
80201fbc 80201fbc       5c     1                 info_rsocket
80201fbe 80201fbe        0     1                 
80201fc0 80201fc0        0     1                 
80201fc4 80201fc4        0     1                 
80201fc8 80201fc8        0     1                 
80201fe4 80201fe4        0     1                 
80201fe6 80201fe6        0     1                 
80201ff4 80201ff4        0     1                 
80201ff8 80201ff8        0     1                 
80201ffc 80201ffc        0     1                 
80201ffe 80201ffe        0     1                 
80202002 80202002        0     1                 
80202004 80202004        0     1                 
80202008 80202008        0     1                 
8020200a 8020200a        0     1                 
8020200e 8020200e        0     1                 
80202010 80202010        0     1                 
80202012 80202012        0     1                 
80202018 80202018        0     1                 
80202018 80202018        0     1                 
80202018 80202018        0     1                 
80202018 80202018        0     1                 
80202018 80202018        0     1                 
80202018 80202018       5c     1                 info_socket
8020201a 8020201a        0     1                 
8020201c 8020201c        0     1                 
80202020 80202020        0     1                 
80202024 80202024        0     1                 
80202040 80202040        0     1                 
80202042 80202042        0     1                 
80202050 80202050        0     1                 
80202054 80202054        0     1                 
80202058 80202058        0     1                 
8020205a 8020205a        0     1                 
8020205e 8020205e        0     1                 
80202060 80202060        0     1                 
80202064 80202064        0     1                 
80202066 80202066        0     1                 
8020206a 8020206a        0     1                 
8020206c 8020206c        0     1                 
8020206e 8020206e        0     1                 
80202074 80202074        0     1                 
80202074 80202074        0     1                 
80202074 80202074      128     4         build/malloc.o:(.text)
80202074 80202074        0     1                 
80202074 80202074        0     1                 
80202074 80202074        0     1                 
80202074 80202074        0     1                 
80202074 80202074       6e     1                 malloc
80202076 80202076        0     1                 
8020207a 8020207a        0     1                 
8020207e 8020207e        0     1                 
8020207e 8020207e        0     1                 
802020a4 802020a4        0     1                 
802020aa 802020aa        0     1                 
802020ac 802020ac        0     1                 
802020b2 802020b2        0     1                 
802020b4 802020b4        0     1                 
802020b8 802020b8        0     1                 
802020ba 802020ba        0     1                 
802020bc 802020bc        0     1                 
802020bc 802020bc        0     1                 
802020c0 802020c0        0     1                 
802020c6 802020c6        0     1                 
802020ca 802020ca        0     1                 
802020d2 802020d2        0     1                 
802020d6 802020d6        0     1                 
802020da 802020da        0     1                 
802020dc 802020dc        0     1                 
802020dc 802020dc        0     1                 
802020de 802020de        0     1                 
802020e0 802020e0        0     1                 
802020e2 802020e2        0     1                 
802020e2 802020e2        0     1                 
802020e2 802020e2        0     1                 
802020e2 802020e2        0     1                 
802020e2 802020e2        0     1                 
802020e2 802020e2       3a     1                 init_malloc
802020e4 802020e4        0     1                 
802020e4 802020e4        0     1                 
802020e6 802020e6        0     1                 
80202100 80202100        0     1                 
80202100 80202100        0     1                 
80202114 80202114        0     1                 
8020211c 8020211c        0     1                 
8020211c 8020211c        0     1                 
8020211c 8020211c        0     1                 
8020211c 8020211c        0     1                 
8020211c 8020211c        0     1                 
8020211c 8020211c       80     1                 free
8020211e 8020211e        0     1                 
8020211e 8020211e        0     1                 
80202124 80202124        0     1                 
80202126 80202126        0     1                 
8020212e 8020212e        0     1                 
80202144 80202144        0     1                 
80202148 80202148        0     1                 
8020214c 8020214c        0     1                 
80202150 80202150        0     1                 
80202152 80202152        0     1                 
80202154 80202154        0     1                 
80202164 80202164        0     1                 
80202166 80202166        0     1                 
8020216a 8020216a        0     1                 
80202174 80202174        0     1                 
80202178 80202178        0     1                 
8020217c 8020217c        0     1                 
80202186 80202186        0     1                 
80202186 80202186        0     1                 
80202194 80202194        0     1                 
8020219c 8020219c        0     1                 
8020219c 8020219c        0     1                 
8020219c 8020219c      aa8     4 .rodata
8020219c 8020219c      992     1         <internal>:(.rodata)
80202b30 80202b30       58     4         build/print_k.o:(.rodata)
80202b30 80202b30        0     1                 .LJTI0_0
80202b88 80202b88       58     4         build/str.o:(.rodata)
80202b88 80202b88        0     1                 .LJTI2_0
80202be0 80202be0       64     4         build/trap_k.o:(.rodata)
80202be0 80202be0        0     1                 .LJTI0_0
80202c44 80202c44    26f70     4 .data
80202c44 80202c44     9e30     1         bronx.o:(.data)
80202c44 80202c44        0     1                 _binary_bronx_bin_start
8020ca74 8020ca74        0     1                 _binary_bronx_bin_end
8020ca74 8020ca74     8240     1         init.o:(.data)
8020ca74 8020ca74        0     1                 _binary_init_bin_start
80214cb4 80214cb4        0     1                 _binary_init_bin_end
80214cb4 80214cb4     c5a0     1         snak.o:(.data)
80214cb4 80214cb4        0     1                 _binary_snak_bin_start
80221254 80221254        0     1                 _binary_snak_bin_end
80221254 80221254     8960     1         test.o:(.data)
80221254 80221254        0     1                 _binary_test_bin_start
80229bb4 80229bb4        0     1                 _binary_test_bin_end
80229bb4 80229bb4    2f224     4 .bss
80229bb4 80229bb4        0     1         __bss = .
80229bb4 80229bb4        4     4         build/memory.o:(.sbss)
80229bb4 80229bb4        4     1                 nextfreepageframe
80229bb8 80229bb8        8     4         build/pcb_k.o:(.sbss)
80229bb8 80229bb8        4     1                 currproc
80229bbc 80229bbc        4     1                 idleproc
80229bc0 80229bc0     30f0     4         build/pcb_k.o:(.bss)
80229bc0 80229bc0     30f0     1                 proclist
8022ccb0 8022ccb0       a0     4         build/app.o:(.bss)
8022ccb0 8022ccb0       a0     1                 app_list
8022cd50 8022cd50     2878     4         build/sockets.o:(.bss)
8022cd50 8022cd50       28     1                 rsockets
8022cd78 8022cd78       28     1                 rsocket_info
8022cda0 8022cda0     2800     1                 sockets
8022f5a0 8022f5a0       28     1                 socket_info
8022f5c8 8022f5c8    29810     1         build/malloc.o:(.bss)
8022f5c8 8022f5c8    27100     1                 mallocbuffer
802566c8 802566c8     2710     1                 mallocmetabuffer
80258dd8 80258dd8        0     1         __bss_end = .
80258dd8 80258dd8        0     1 . = ALIGN ( 4 )
80258dd8 80258dd8    20000     1 . += 128 * 1024
80278dd8 80278dd8        0     1 __stack_top = .
80278dd8 80278dd8      228     1 . = ALIGN ( 4096 )
80279000 80279000        0     1 __free_ram_start = .
80279000 80279000  2000000     1 . += 32 * 1024 * 1024
82279000 82279000        0     1 __free_ram_end = .
       0        0      fe8     1 .debug_abbrev
       0        0      115     1         build/main.o:(.debug_abbrev)
     115      115      104     1         build/print_k.o:(.debug_abbrev)
     219      219      165     1         build/SBI.o:(.debug_abbrev)
     37e      37e       b9     1         build/mem.o:(.debug_abbrev)
     437      437      12c     1         build/str.o:(.debug_abbrev)
     563      563      113     1         build/oa.o:(.debug_abbrev)
     676      676      16a     1         build/memory.o:(.debug_abbrev)
     7e0      7e0      1d3     1         build/trap_k.o:(.debug_abbrev)
     9b3      9b3      163     1         build/pcb_k.o:(.debug_abbrev)
     b16      b16      136     1         build/program_k.o:(.debug_abbrev)
     c4c      c4c      142     1         build/app.o:(.debug_abbrev)
     d8e      d8e      10d     1         build/sockets.o:(.debug_abbrev)
     e9b      e9b      14d     1         build/malloc.o:(.debug_abbrev)
       0        0     1dfb     1 .debug_info
       0        0      1f3     1         build/main.o:(.debug_info)
     1f3      1f3      1e5     1         build/print_k.o:(.debug_info)
     3d8      3d8      3e6     1         build/SBI.o:(.debug_info)
     7be      7be       d9     1         build/mem.o:(.debug_info)
     897      897      1f5     1         build/str.o:(.debug_info)
     a8c      a8c      184     1         build/oa.o:(.debug_info)
     c10      c10      279     1         build/memory.o:(.debug_info)
     e89      e89      4d2     1         build/trap_k.o:(.debug_info)
    135b     135b      286     1         build/pcb_k.o:(.debug_info)
    15e1     15e1      195     1         build/program_k.o:(.debug_info)
    1776     1776      25a     1         build/app.o:(.debug_info)
    19d0     19d0      2c5     1         build/sockets.o:(.debug_info)
    1c95     1c95      166     1         build/malloc.o:(.debug_info)
       0        0      18a     1 .debug_rnglists
       0        0       18     1         build/main.o:(.debug_rnglists)
       c        c        0     1                 
      18       18       57     1         build/print_k.o:(.debug_rnglists)
      24       24        0     1                 
      6f       6f       66     1         build/str.o:(.debug_rnglists)
      7b       7b        0     1                 
      d5       d5       1b     1         build/oa.o:(.debug_rnglists)
      e1       e1        0     1                 
      f0       f0       5b     1         build/pcb_k.o:(.debug_rnglists)
      fc       fc        0     1                 
     14b      14b       20     1         build/program_k.o:(.debug_rnglists)
     157      157        0     1                 
     16b      16b       1f     1         build/app.o:(.debug_rnglists)
     177      177        0     1                 
       0        0      80c     1 .debug_str_offsets
       0        0       8c     1         build/main.o:(.debug_str_offsets)
       8        8        0     1                 
      8c       8c       68     1         build/print_k.o:(.debug_str_offsets)
      94       94        0     1                 
      f4       f4       94     1         build/SBI.o:(.debug_str_offsets)
      fc       fc        0     1                 
     188      188       58     1         build/mem.o:(.debug_str_offsets)
     190      190        0     1                 
     1e0      1e0       88     1         build/str.o:(.debug_str_offsets)
     1e8      1e8        0     1                 
     268      268       50     1         build/oa.o:(.debug_str_offsets)
     270      270        0     1                 
     2b8      2b8       a8     1         build/memory.o:(.debug_str_offsets)
     2c0      2c0        0     1                 
     360      360      1ac     1         build/trap_k.o:(.debug_str_offsets)
     368      368        0     1                 
     50c      50c       cc     1         build/pcb_k.o:(.debug_str_offsets)
     514      514        0     1                 
     5d8      5d8       8c     1         build/program_k.o:(.debug_str_offsets)
     5e0      5e0        0     1                 
     664      664       a0     1         build/app.o:(.debug_str_offsets)
     66c      66c        0     1                 
     704      704       9c     1         build/sockets.o:(.debug_str_offsets)
     70c      70c        0     1                 
     7a0      7a0       6c     1         build/malloc.o:(.debug_str_offsets)
     7a8      7a8        0     1                 
       0        0      825     1 .debug_str
       0        0      825     1         <internal>:(.debug_str)
       0        0      3d0     1 .debug_addr
       0        0       74     1         build/main.o:(.debug_addr)
       8        8        0     1                 
      74       74       50     1         build/print_k.o:(.debug_addr)
      7c       7c        0     1                 
      c4       c4       38     1         build/SBI.o:(.debug_addr)
      cc       cc        0     1                 
      fc       fc       10     1         build/mem.o:(.debug_addr)
     104      104        0     1                 
     10c      10c       24     1         build/str.o:(.debug_addr)
     114      114        0     1                 
     130      130       20     1         build/oa.o:(.debug_addr)
     138      138        0     1                 
     150      150       5c     1         build/memory.o:(.debug_addr)
     158      158        0     1                 
     1ac      1ac       90     1         build/trap_k.o:(.debug_addr)
     1b4      1b4        0     1                 
     23c      23c       54     1         build/pcb_k.o:(.debug_addr)
     244      244        0     1                 
     290      290       1c     1         build/program_k.o:(.debug_addr)
     298      298        0     1                 
     2ac      2ac       60     1         build/app.o:(.debug_addr)
     2b4      2b4        0     1                 
     30c      30c       90     1         build/sockets.o:(.debug_addr)
     314      314        0     1                 
     39c      39c       34     1         build/malloc.o:(.debug_addr)
     3a4      3a4        0     1                 
       0        0       42     1 .comment
       0        0       42     1         <internal>:(.comment)
       0        0       2b     1 .riscv.attributes
       0        0       2b     1         build/main.o:(.riscv.attributes)
       0        0      540     4 .debug_frame
       0        0       54     4         build/main.o:(.debug_frame)
       0        0        0     1                 
      54       54       44     4         build/print_k.o:(.debug_frame)
      54       54        0     1                 
      98       98       64     4         build/SBI.o:(.debug_frame)
      98       98        0     1                 
      fc       fc       34     4         build/mem.o:(.debug_frame)
      fc       fc        0     1                 
     130      130       64     4         build/str.o:(.debug_frame)
     130      130        0     1                 
     194      194       3c     4         build/oa.o:(.debug_frame)
     194      194        0     1                 
     1d0      1d0       70     4         build/memory.o:(.debug_frame)
     1d0      1d0        0     1                 
     240      240       54     4         build/trap_k.o:(.debug_frame)
     240      240        0     1                 
     294      294       64     4         build/pcb_k.o:(.debug_frame)
     294      294        0     1                 
     2f8      2f8       44     4         build/program_k.o:(.debug_frame)
     2f8      2f8        0     1                 
     33c      33c       78     4         build/app.o:(.debug_frame)
     33c      33c        0     1                 
     3b4      3b4      134     4         build/sockets.o:(.debug_frame)
     3b4      3b4        0     1                 
     4e8      4e8       58     4         build/malloc.o:(.debug_frame)
     4e8      4e8        0     1                 
       0        0     2a4b     1 .debug_line
       0        0      1cb     1         build/main.o:(.debug_line)
       0        0        0     1                 .Lline_table_start0
     1cb      1cb      2d0     1         build/print_k.o:(.debug_line)
     1cb      1cb        0     1                 .Lline_table_start0
     49b      49b      146     1         build/SBI.o:(.debug_line)
     49b      49b        0     1                 .Lline_table_start0
     5e1      5e1       f6     1         build/mem.o:(.debug_line)
     5e1      5e1        0     1                 .Lline_table_start0
     6d7      6d7      3f0     1         build/str.o:(.debug_line)
     6d7      6d7        0     1                 .Lline_table_start0
     ac7      ac7      25a     1         build/oa.o:(.debug_line)
     ac7      ac7        0     1                 .Lline_table_start0
     d21      d21      2e1     1         build/memory.o:(.debug_line)
     d21      d21        0     1                 .Lline_table_start0
    1002     1002      3d1     1         build/trap_k.o:(.debug_line)
    1002     1002        0     1                 .Lline_table_start0
    13d3     13d3      439     1         build/pcb_k.o:(.debug_line)
    13d3     13d3        0     1                 .Lline_table_start0
    180c     180c      47b     1         build/program_k.o:(.debug_line)
    180c     180c        0     1                 .Lline_table_start0
    1c87     1c87      44c     1         build/app.o:(.debug_line)
    1c87     1c87        0     1                 .Lline_table_start0
    20d3     20d3      7a3     1         build/sockets.o:(.debug_line)
    20d3     20d3        0     1                 .Lline_table_start0
    2876     2876      1d5     1         build/malloc.o:(.debug_line)
    2876     2876        0     1                 .Lline_table_start0
       0        0      103     1 .debug_line_str
       0        0      103     1         <internal>:(.debug_line_str)
       0        0     11c0     1 .debug_loclists
       0        0      115     1         build/print_k.o:(.debug_loclists)
       c        c        0     1                 
     115      115      10c     1         build/SBI.o:(.debug_loclists)
     121      121        0     1                 
     221      221       66     1         build/mem.o:(.debug_loclists)
     22d      22d        0     1                 
     287      287      1a1     1         build/str.o:(.debug_loclists)
     293      293        0     1                 
     428      428      19a     1         build/oa.o:(.debug_loclists)
     434      434        0     1                 
     5c2      5c2      1b4     1         build/memory.o:(.debug_loclists)
     5ce      5ce        0     1                 
     776      776      238     1         build/trap_k.o:(.debug_loclists)
     782      782        0     1                 
     9ae      9ae      173     1         build/pcb_k.o:(.debug_loclists)
     9ba      9ba        0     1                 
     b21      b21      170     1         build/program_k.o:(.debug_loclists)
     b2d      b2d        0     1                 
     c91      c91      193     1         build/app.o:(.debug_loclists)
     c9d      c9d        0     1                 
     e24      e24      32d     1         build/sockets.o:(.debug_loclists)
     e30      e30        0     1                 
    1151     1151       6f     1         build/malloc.o:(.debug_loclists)
    115d     115d        0     1                 
       0        0     8940     4 .symtab
       0        0     8940     4         <internal>:(.symtab)
       0        0       dc     1 .shstrtab
       0        0       dc     1         <internal>:(.shstrtab)
       0        0      6c1     1 .strtab
       0        0      6c1     1         <internal>:(.strtab)
