     VMA      LMA     Size Align Out     In      Symbol
       0        0 80200000     1 . = 0x80200000
80200000        0        0     1 __kernel_base = .
80200000 80200000     18c0     4 .text
80200000 80200000        e     2         build/main.o:(.text.boot)
80200000 80200000        0     1                 
80200000 80200000        0     1                 
80200000 80200000        0     1                 
80200000 80200000        0     1                 
80200000 80200000        e     1                 boot
8020000e 8020000e        0     1                 
8020000e 8020000e        0     1                 
80200010 80200010      13a     4         build/main.o:(.text)
80200010 80200010        0     1                 
80200010 80200010        0     1                 
80200010 80200010        0     1                 
80200010 80200010       d8     1                 kernel_bootstrap
80200012 80200012        0     1                 
80200012 80200012        0     1                 
80200014 80200014        0     1                 
80200024 80200024        0     1                 
80200024 80200024        0     1                 
80200034 80200034        0     1                 
80200034 80200034        0     1                 
80200052 80200052        0     1                 
80200052 80200052        0     1                 
80200062 80200062        0     1                 
80200062 80200062        0     1                 
8020006e 8020006e        0     1                 
8020007e 8020007e        0     1                 
8020007e 8020007e        0     1                 
80200086 80200086        0     1                 
80200086 80200086        0     1                 
802000a6 802000a6        0     1                 
802000a6 802000a6        0     1                 
802000b6 802000b6        0     1                 
802000b6 802000b6        0     1                 
802000c2 802000c2        0     1                 
802000c2 802000c2        0     1                 
802000ca 802000ca        0     1                 
802000ce 802000ce        0     1                 
802000d6 802000d6        0     1                 
802000da 802000da        0     1                 
802000e0 802000e0        0     1                 
802000e8 802000e8        0     1                 
802000e8 802000e8        0     1                 
802000e8 802000e8        0     1                 
802000e8 802000e8        0     1                 
802000e8 802000e8        0     1                 
802000e8 802000e8       62     1                 kernel_main
802000ea 802000ea        0     1                 
802000ea 802000ea        0     1                 
802000ec 802000ec        0     1                 
802000f4 802000f4        0     1                 
802000f4 802000f4        0     1                 
80200114 80200114        0     1                 
80200114 80200114        0     1                 
8020011c 8020011c        0     1                 
8020011c 8020011c        0     1                 
80200124 80200124        0     1                 
80200124 80200124        0     1                 
80200148 80200148        0     1                 
8020014a 8020014a        0     1                 
8020014a 8020014a        0     1                 
8020014c 8020014c      2ec     4         build/print_k.o:(.text)
8020014c 8020014c        0     1                 
8020014c 8020014c        0     1                 
8020014c 8020014c        0     1                 
8020014c 8020014c      2ec     1                 k_printf
8020014e 8020014e        0     1                 
80200168 80200168        0     1                 
80200184 80200184        0     1                 
802001a2 802001a2        0     1                 
802001c2 802001c2        0     1                 
802001c6 802001c6        0     1                 
802001ce 802001ce        0     1                 
802001d6 802001d6        0     1                 
802001d6 802001d6        0     1                 
802001d8 802001d8        0     1                 
802001e0 802001e0        0     1                 
802001e4 802001e4        0     1                 
802001ec 802001ec        0     1                 
802001f6 802001f6        0     1                 .LBB0_6
802001f6 802001f6        0     1                 
802001f6 802001f6        0     1                 
80200216 80200216        0     1                 
80200216 80200216        0     1                 
8020021a 8020021a        0     1                 .LBB0_9
8020021a 8020021a        0     1                 
80200226 80200226        0     1                 
80200226 80200226        0     1                 
8020022c 8020022c        0     1                 .LBB0_10
8020022c 8020022c        0     1                 
80200240 80200240        0     1                 .LBB0_12
80200240 80200240        0     1                 
8020024c 8020024c        0     1                 
8020024c 8020024c        0     1                 
80200258 80200258        0     1                 
80200258 80200258        0     1                 
80200274 80200274        0     1                 .LBB0_14
80200274 80200274        0     1                 
80200290 80200290        0     1                 
80200292 80200292        0     1                 
80200296 80200296        0     1                 .LBB0_16
80200296 80200296        0     1                 
802002ae 802002ae        0     1                 .LBB0_18
802002ae 802002ae        0     1                 
802002ca 802002ca        0     1                 
802002d8 802002d8        0     1                 
802002dc 802002dc        0     1                 
802002e8 802002e8        0     1                 
802002e8 802002e8        0     1                 
802002ec 802002ec        0     1                 
802002f6 802002f6        0     1                 
802002fa 802002fa        0     1                 
802002fc 802002fc        0     1                 
80200308 80200308        0     1                 
80200308 80200308        0     1                 
8020030c 8020030c        0     1                 
80200310 80200310        0     1                 
80200310 80200310        0     1                 
8020031e 8020031e        0     1                 
8020032a 8020032a        0     1                 
8020032a 8020032a        0     1                 
8020032e 8020032e        0     1                 
80200332 80200332        0     1                 
80200336 80200336        0     1                 
80200338 80200338        0     1                 
80200344 80200344        0     1                 
80200344 80200344        0     1                 
80200348 80200348        0     1                 
8020034c 8020034c        0     1                 
8020034c 8020034c        0     1                 
80200356 80200356        0     1                 
80200358 80200358        0     1                 
8020035a 8020035a        0     1                 
80200360 80200360        0     1                 
80200368 80200368        0     1                 
80200374 80200374        0     1                 
80200374 80200374        0     1                 
80200378 80200378        0     1                 
8020037c 8020037c        0     1                 
80200384 80200384        0     1                 
80200390 80200390        0     1                 
80200390 80200390        0     1                 
80200394 80200394        0     1                 
8020039c 8020039c        0     1                 
802003a0 802003a0        0     1                 
802003a2 802003a2        0     1                 
802003ae 802003ae        0     1                 
802003ae 802003ae        0     1                 
802003b2 802003b2        0     1                 
802003b6 802003b6        0     1                 
802003b6 802003b6        0     1                 
802003c2 802003c2        0     1                 
802003ce 802003ce        0     1                 
802003ce 802003ce        0     1                 
802003da 802003da        0     1                 
802003da 802003da        0     1                 
802003e8 802003e8        0     1                 
802003e8 802003e8        0     1                 
802003ec 802003ec        0     1                 
802003f2 802003f2        0     1                 
802003f6 802003f6        0     1                 
802003f8 802003f8        0     1                 
80200404 80200404        0     1                 
80200404 80200404        0     1                 
80200408 80200408        0     1                 
8020040c 8020040c        0     1                 
8020040c 8020040c        0     1                 
8020041a 8020041a        0     1                 
80200438 80200438        0     1                 
80200438 80200438        0     1                 
80200438 80200438       8e     4         build/SBI.o:(.text)
80200438 80200438        0     1                 
80200438 80200438        0     1                 
80200438 80200438        0     1                 
80200438 80200438       14     1                 sbi_call
8020043c 8020043c        0     1                 
80200440 80200440        0     1                 
80200446 80200446        0     1                 
8020044c 8020044c        0     1                 
8020044c 8020044c        0     1                 
8020044c 8020044c        0     1                 
8020044c 8020044c        0     1                 
8020044c 8020044c        0     1                 
8020044c 8020044c       1c     1                 k_putchar
8020044e 8020044e        0     1                 
8020044e 8020044e        0     1                 
80200460 80200460        0     1                 
80200466 80200466        0     1                 
80200466 80200466        0     1                 
80200468 80200468        0     1                 
80200468 80200468        0     1                 
80200468 80200468        0     1                 
80200468 80200468        0     1                 
80200468 80200468        0     1                 
80200468 80200468       5e     1                 k_readchar
8020046a 8020046a        0     1                 
8020046a 8020046a        0     1                 
8020046c 8020046c        0     1                 
80200474 80200474        0     1                 
80200478 80200478        0     1                 
8020047a 8020047a        0     1                 
8020047e 8020047e        0     1                 
8020048e 8020048e        0     1                 
8020048e 8020048e        0     1                 
80200494 80200494        0     1                 
802004b8 802004b8        0     1                 
802004ba 802004ba        0     1                 
802004bc 802004bc        0     1                 
802004c6 802004c6        0     1                 
802004c6 802004c6        0     1                 
802004c8 802004c8       28     4         build/mem.o:(.text)
802004c8 802004c8        0     1                 
802004c8 802004c8        0     1                 
802004c8 802004c8        0     1                 
802004c8 802004c8        0     1                 
802004c8 802004c8       14     1                 memset
802004ca 802004ca        0     1                 
802004cc 802004cc        0     1                 
802004ce 802004ce        0     1                 
802004d2 802004d2        0     1                 
802004d6 802004d6        0     1                 
802004d8 802004d8        0     1                 
802004da 802004da        0     1                 
802004dc 802004dc        0     1                 
802004dc 802004dc        0     1                 
802004dc 802004dc        0     1                 
802004dc 802004dc        0     1                 
802004dc 802004dc        0     1                 
802004dc 802004dc        0     1                 
802004dc 802004dc       14     1                 k_memcpy
802004de 802004de        0     1                 
802004e2 802004e2        0     1                 
802004e6 802004e6        0     1                 
802004e8 802004e8        0     1                 
802004ea 802004ea        0     1                 
802004ec 802004ec        0     1                 
802004ee 802004ee        0     1                 
802004ee 802004ee        0     1                 
802004f0 802004f0        0     1                 
802004f0 802004f0        0     1                 
802004f0 802004f0      29e     4         build/str.o:(.text)
802004f0 802004f0        0     1                 
802004f0 802004f0        0     1                 
802004f0 802004f0        0     1                 
802004f0 802004f0        0     1                 
802004f0 802004f0       28     1                 k_strncpy
802004f2 802004f2        0     1                 
802004f4 802004f4        0     1                 
802004fc 802004fc        0     1                 
802004fe 802004fe        0     1                 
80200502 80200502        0     1                 
80200504 80200504        0     1                 
80200508 80200508        0     1                 
8020050c 8020050c        0     1                 
80200510 80200510        0     1                 
80200516 80200516        0     1                 
80200518 80200518        0     1                 
80200518 80200518        0     1                 
80200518 80200518        0     1                 
80200518 80200518        0     1                 
80200518 80200518        0     1                 
80200518 80200518        0     1                 
80200518 80200518       2e     1                 k_strcmp
8020051c 8020051c        0     1                 
8020051e 8020051e        0     1                 
80200520 80200520        0     1                 
80200524 80200524        0     1                 
80200526 80200526        0     1                 
8020052a 8020052a        0     1                 
8020052e 8020052e        0     1                 
80200532 80200532        0     1                 
80200534 80200534        0     1                 
80200538 80200538        0     1                 
8020053a 8020053a        0     1                 
8020053e 8020053e        0     1                 
80200542 80200542        0     1                 
80200544 80200544        0     1                 
80200546 80200546        0     1                 
80200546 80200546        0     1                 
80200546 80200546        0     1                 
80200546 80200546        0     1                 
80200546 80200546        0     1                 
80200546 80200546      248     1                 k_sprintf
80200548 80200548        0     1                 
80200560 80200560        0     1                 
80200570 80200570        0     1                 
8020058e 8020058e        0     1                 
80200590 80200590        0     1                 
802005ba 802005ba        0     1                 
802005bc 802005bc        0     1                 
802005c0 802005c0        0     1                 
802005c8 802005c8        0     1                 
802005ce 802005ce        0     1                 
802005d2 802005d2        0     1                 
802005d6 802005d6        0     1                 
802005de 802005de        0     1                 
802005e8 802005e8        0     1                 .LBB2_7
802005e8 802005e8        0     1                 
802005fc 802005fc        0     1                 
80200600 80200600        0     1                 
80200606 80200606        0     1                 .LBB2_11
80200606 80200606        0     1                 
8020060a 8020060a        0     1                 
80200614 80200614        0     1                 
8020061a 8020061a        0     1                 .LBB2_12
8020061a 8020061a        0     1                 
8020062e 8020062e        0     1                 .LBB2_14
8020062e 8020062e        0     1                 
80200636 80200636        0     1                 
8020064a 8020064a        0     1                 .LBB2_16
8020064a 8020064a        0     1                 
8020065c 8020065c        0     1                 
8020065e 8020065e        0     1                 
80200662 80200662        0     1                 .LBB2_18
80200662 80200662        0     1                 
80200676 80200676        0     1                 .LBB2_20
80200676 80200676        0     1                 
8020068a 8020068a        0     1                 
8020068c 8020068c        0     1                 
80200690 80200690        0     1                 
8020069a 8020069a        0     1                 
802006a6 802006a6        0     1                 
802006a6 802006a6        0     1                 
802006ac 802006ac        0     1                 
802006ae 802006ae        0     1                 
802006b0 802006b0        0     1                 
802006b4 802006b4        0     1                 
802006b8 802006b8        0     1                 
802006ba 802006ba        0     1                 
802006c0 802006c0        0     1                 
802006c0 802006c0        0     1                 
802006c4 802006c4        0     1                 
802006d0 802006d0        0     1                 
802006d0 802006d0        0     1                 
802006d6 802006d6        0     1                 
802006da 802006da        0     1                 
802006dc 802006dc        0     1                 
802006e0 802006e0        0     1                 
802006e4 802006e4        0     1                 
802006e6 802006e6        0     1                 
802006ec 802006ec        0     1                 
802006ec 802006ec        0     1                 
802006f0 802006f0        0     1                 
802006f2 802006f2        0     1                 
802006f4 802006f4        0     1                 
802006fa 802006fa        0     1                 
80200700 80200700        0     1                 
80200704 80200704        0     1                 
80200708 80200708        0     1                 
8020070a 8020070a        0     1                 
80200710 80200710        0     1                 
80200712 80200712        0     1                 
8020071e 8020071e        0     1                 
8020071e 8020071e        0     1                 
80200724 80200724        0     1                 
80200728 80200728        0     1                 
8020072a 8020072a        0     1                 
8020072e 8020072e        0     1                 
80200732 80200732        0     1                 
80200734 80200734        0     1                 
8020073a 8020073a        0     1                 
8020073a 8020073a        0     1                 
8020073c 8020073c        0     1                 
80200746 80200746        0     1                 
80200752 80200752        0     1                 
80200752 80200752        0     1                 
80200758 80200758        0     1                 
8020075c 8020075c        0     1                 
8020075e 8020075e        0     1                 
80200762 80200762        0     1                 
80200766 80200766        0     1                 
80200768 80200768        0     1                 
8020076e 8020076e        0     1                 
8020076e 8020076e        0     1                 
80200772 80200772        0     1                 
8020078e 8020078e        0     1                 
8020078e 8020078e        0     1                 
80200790 80200790      176     4         build/oa.o:(.text)
80200790 80200790        0     1                 
80200790 80200790        0     1                 
80200790 80200790        0     1                 
80200790 80200790       7a     1                 utoa
80200792 80200792        0     1                 
80200792 80200792        0     1                 
80200794 80200794        0     1                 
8020079c 8020079c        0     1                 
8020079e 8020079e        0     1                 
802007a2 802007a2        0     1                 
802007a8 802007a8        0     1                 
802007aa 802007aa        0     1                 
802007ae 802007ae        0     1                 
802007b0 802007b0        0     1                 
802007bc 802007bc        0     1                 
802007ca 802007ca        0     1                 
802007ca 802007ca        0     1                 
802007dc 802007dc        0     1                 
802007e4 802007e4        0     1                 
802007e8 802007e8        0     1                 
802007ee 802007ee        0     1                 
802007f4 802007f4        0     1                 
802007f4 802007f4        0     1                 
802007f8 802007f8        0     1                 
802007fe 802007fe        0     1                 
80200806 80200806        0     1                 
8020080a 8020080a        0     1                 
8020080a 8020080a        0     1                 
8020080a 8020080a        0     1                 
8020080a 8020080a        0     1                 
8020080a 8020080a        0     1                 
8020080a 8020080a       fc     1                 itoa
8020080c 8020080c        0     1                 
8020080e 8020080e        0     1                 
8020081a 8020081a        0     1                 
8020081e 8020081e        0     1                 
80200824 80200824        0     1                 
80200828 80200828        0     1                 
80200830 80200830        0     1                 
8020083a 8020083a        0     1                 
80200840 80200840        0     1                 
80200848 80200848        0     1                 
8020084c 8020084c        0     1                 
80200850 80200850        0     1                 
80200852 80200852        0     1                 
80200856 80200856        0     1                 
8020085a 8020085a        0     1                 
8020085e 8020085e        0     1                 
8020085e 8020085e        0     1                 
8020086c 8020086c        0     1                 
8020086e 8020086e        0     1                 
80200876 80200876        0     1                 
8020087a 8020087a        0     1                 
80200880 80200880        0     1                 
80200884 80200884        0     1                 
80200884 80200884        0     1                 
8020088a 8020088a        0     1                 
8020088a 8020088a        0     1                 
8020088c 8020088c        0     1                 
80200894 80200894        0     1                 
80200896 80200896        0     1                 
8020089a 8020089a        0     1                 
802008a0 802008a0        0     1                 
802008a2 802008a2        0     1                 
802008a6 802008a6        0     1                 
802008a8 802008a8        0     1                 
802008b4 802008b4        0     1                 
802008c2 802008c2        0     1                 
802008c2 802008c2        0     1                 
802008d4 802008d4        0     1                 
802008dc 802008dc        0     1                 
802008e0 802008e0        0     1                 
802008e6 802008e6        0     1                 
802008ec 802008ec        0     1                 
802008ec 802008ec        0     1                 
802008f0 802008f0        0     1                 
802008f8 802008f8        0     1                 
802008fe 802008fe        0     1                 
80200902 80200902        0     1                 
80200906 80200906        0     1                 
80200906 80200906        0     1                 
80200908 80200908      400     4         build/memory.o:(.text)
80200908 80200908        0     1                 
80200908 80200908        0     1                 
80200908 80200908        0     1                 
80200908 80200908        0     1                 
80200908 80200908       1a     1                 init_memory
80200918 80200918        0     1                 
80200920 80200920        0     1                 
80200922 80200922        0     1                 
80200922 80200922        0     1                 
80200922 80200922        0     1                 
80200922 80200922        0     1                 
80200922 80200922        0     1                 
80200922 80200922       ec     1                 pageframalloc
80200924 80200924        0     1                 
80200924 80200924        0     1                 
8020092a 8020092a        0     1                 
8020092c 8020092c        0     1                 
80200934 80200934        0     1                 
80200940 80200940        0     1                 
80200944 80200944        0     1                 
80200944 80200944        0     1                 
80200946 80200946        0     1                 
8020094a 8020094a        0     1                 
8020094e 8020094e        0     1                 
8020094e 8020094e        0     1                 
80200954 80200954        0     1                 
80200958 80200958        0     1                 
8020095c 8020095c        0     1                 
80200962 80200962        0     1                 
8020096c 8020096c        0     1                 
8020096e 8020096e        0     1                 
80200972 80200972        0     1                 
80200974 80200974        0     1                 
80200978 80200978        0     1                 
8020097a 8020097a        0     1                 
8020097e 8020097e        0     1                 
80200986 80200986        0     1                 
80200988 80200988        0     1                 
80200990 80200990        0     1                 
80200994 80200994        0     1                 
80200996 80200996        0     1                 
8020099a 8020099a        0     1                 
8020099c 8020099c        0     1                 
802009a4 802009a4        0     1                 
802009a8 802009a8        0     1                 
802009ac 802009ac        0     1                 
802009b4 802009b4        0     1                 
802009b8 802009b8        0     1                 
802009bc 802009bc        0     1                 
802009e0 802009e0        0     1                 
802009e2 802009e2        0     1                 
802009e6 802009e6        0     1                 
802009f2 802009f2        0     1                 
802009f6 802009f6        0     1                 
80200a02 80200a02        0     1                 
80200a02 80200a02        0     1                 
80200a0e 80200a0e        0     1                 
80200a0e 80200a0e        0     1                 
80200a0e 80200a0e        0     1                 
80200a0e 80200a0e        0     1                 
80200a0e 80200a0e        0     1                 
80200a0e 80200a0e       56     1                 pageframfree
80200a10 80200a10        0     1                 
80200a12 80200a12        0     1                 
80200a14 80200a14        0     1                 
80200a1c 80200a1c        0     1                 
80200a20 80200a20        0     1                 
80200a26 80200a26        0     1                 
80200a28 80200a28        0     1                 
80200a44 80200a44        0     1                 
80200a46 80200a46        0     1                 
80200a46 80200a46        0     1                 
80200a50 80200a50        0     1                 
80200a52 80200a52        0     1                 
80200a54 80200a54        0     1                 
80200a58 80200a58        0     1                 
80200a58 80200a58        0     1                 
80200a5c 80200a5c        0     1                 
80200a5e 80200a5e        0     1                 
80200a5e 80200a5e        0     1                 
80200a64 80200a64        0     1                 
80200a64 80200a64        0     1                 
80200a64 80200a64        0     1                 
80200a64 80200a64        0     1                 
80200a64 80200a64        0     1                 
80200a64 80200a64      1a0     1                 add_ptbl_entry
80200a66 80200a66        0     1                 
80200a74 80200a74        0     1                 
80200a7c 80200a7c        0     1                 
80200a84 80200a84        0     1                 
80200a94 80200a94        0     1                 
80200a94 80200a94        0     1                 
80200aa6 80200aa6        0     1                 
80200aa6 80200aa6        0     1                 
80200ab6 80200ab6        0     1                 
80200ab6 80200ab6        0     1                 
80200ac6 80200ac6        0     1                 
80200ac6 80200ac6        0     1                 
80200aea 80200aea        0     1                 
80200aec 80200aec        0     1                 
80200af0 80200af0        0     1                 
80200af4 80200af4        0     1                 
80200af6 80200af6        0     1                 
80200afa 80200afa        0     1                 
80200afe 80200afe        0     1                 
80200b02 80200b02        0     1                 
80200b04 80200b04        0     1                 
80200b0c 80200b0c        0     1                 
80200b0c 80200b0c        0     1                 
80200b10 80200b10        0     1                 
80200b10 80200b10        0     1                 
80200b14 80200b14        0     1                 
80200b1a 80200b1a        0     1                 
80200b1a 80200b1a        0     1                 
80200b22 80200b22        0     1                 
80200b24 80200b24        0     1                 
80200b26 80200b26        0     1                 
80200b2e 80200b2e        0     1                 
80200b32 80200b32        0     1                 
80200b36 80200b36        0     1                 
80200b5a 80200b5a        0     1                 
80200b5c 80200b5c        0     1                 
80200b6a 80200b6a        0     1                 
80200b6e 80200b6e        0     1                 
80200b6e 80200b6e        0     1                 
80200b72 80200b72        0     1                 
80200b74 80200b74        0     1                 
80200b98 80200b98        0     1                 
80200b9a 80200b9a        0     1                 
80200bbe 80200bbe        0     1                 
80200bc0 80200bc0        0     1                 
80200bc8 80200bc8        0     1                 
80200bcc 80200bcc        0     1                 
80200bd0 80200bd0        0     1                 
80200bd0 80200bd0        0     1                 
80200bd4 80200bd4        0     1                 
80200be0 80200be0        0     1                 
80200be8 80200be8        0     1                 
80200bf0 80200bf0        0     1                 
80200bf2 80200bf2        0     1                 
80200c04 80200c04        0     1                 
80200c04 80200c04        0     1                 
80200c04 80200c04        0     1                 
80200c04 80200c04        0     1                 
80200c04 80200c04        0     1                 
80200c04 80200c04      104     1                 free_proc_pages
80200c06 80200c06        0     1                 
80200c06 80200c06        0     1                 
80200c08 80200c08        0     1                 
80200c0a 80200c0a        0     1                 
80200c2e 80200c2e        0     1                 
80200c2e 80200c2e        0     1                 
80200c30 80200c30        0     1                 
80200c34 80200c34        0     1                 
80200c34 80200c34        0     1                 
80200c3c 80200c3c        0     1                 
80200c40 80200c40        0     1                 
80200c42 80200c42        0     1                 
80200c48 80200c48        0     1                 
80200c50 80200c50        0     1                 
80200c50 80200c50        0     1                 
80200c54 80200c54        0     1                 
80200c56 80200c56        0     1                 
80200c56 80200c56        0     1                 
80200c58 80200c58        0     1                 
80200c60 80200c60        0     1                 
80200c64 80200c64        0     1                 
80200c70 80200c70        0     1                 
80200c7a 80200c7a        0     1                 
80200c7a 80200c7a        0     1                 
80200c7e 80200c7e        0     1                 
80200c80 80200c80        0     1                 
80200c84 80200c84        0     1                 
80200c86 80200c86        0     1                 
80200c86 80200c86        0     1                 
80200c92 80200c92        0     1                 
80200c9c 80200c9c        0     1                 
80200c9c 80200c9c        0     1                 
80200ca0 80200ca0        0     1                 
80200ca4 80200ca4        0     1                 
80200ca8 80200ca8        0     1                 
80200caa 80200caa        0     1                 
80200caa 80200caa        0     1                 
80200cc6 80200cc6        0     1                 
80200cca 80200cca        0     1                 
80200cca 80200cca        0     1                 
80200cd0 80200cd0        0     1                 
80200cd2 80200cd2        0     1                 
80200cf0 80200cf0        0     1                 
80200cf2 80200cf2        0     1                 
80200cf2 80200cf2        0     1                 
80200cfa 80200cfa        0     1                 
80200cfe 80200cfe        0     1                 
80200d02 80200d02        0     1                 
80200d02 80200d02        0     1                 
80200d08 80200d08        0     1                 
80200d08 80200d08        0     1                 
80200d08 80200d08      31c     4         build/trap_k.o:(.text)
80200d08 80200d08        0     1                 
80200d08 80200d08        0     1                 
80200d08 80200d08        0     1                 
80200d08 80200d08      22c     1                 handle_syscall
80200d0a 80200d0a        0     1                 
80200d0e 80200d0e        0     1                 
80200d10 80200d10        0     1                 
80200d2e 80200d2e        0     1                 
80200d38 80200d38        0     1                 
80200d8a 80200d8a        0     1                 .LBB0_2
80200d8a 80200d8a        0     1                 
80200d96 80200d96        0     1                 
80200d96 80200d96        0     1                 
80200da8 80200da8        0     1                 .LBB0_3
80200da8 80200da8        0     1                 
80200db0 80200db0        0     1                 
80200db0 80200db0        0     1                 
80200dbe 80200dbe        0     1                 .LBB0_4
80200dbe 80200dbe        0     1                 
80200dc6 80200dc6        0     1                 
80200dce 80200dce        0     1                 
80200dce 80200dce        0     1                 
80200dd6 80200dd6        0     1                 .LBB0_5
80200dd6 80200dd6        0     1                 
80200de0 80200de0        0     1                 
80200de4 80200de4        0     1                 .LBB0_7
80200dec 80200dec        0     1                 
80200df0 80200df0        0     1                 
80200df2 80200df2        0     1                 
80200df6 80200df6        0     1                 
80200dfe 80200dfe        0     1                 
80200dfe 80200dfe        0     1                 
80200e02 80200e02        0     1                 
80200e06 80200e06        0     1                 
80200e0c 80200e0c        0     1                 
80200e14 80200e14        0     1                 .LBB0_11
80200e14 80200e14        0     1                 
80200e1e 80200e1e        0     1                 
80200e1e 80200e1e        0     1                 
80200e20 80200e20        0     1                 .LBB0_12
80200e20 80200e20        0     1                 
80200e2a 80200e2a        0     1                 
80200e2a 80200e2a        0     1                 
80200e2c 80200e2c        0     1                 .LBB0_13
80200e2c 80200e2c        0     1                 
80200e36 80200e36        0     1                 
80200e3e 80200e3e        0     1                 .LBB0_14
80200e3e 80200e3e        0     1                 
80200e4e 80200e4e        0     1                 
80200e4e 80200e4e        0     1                 
80200e52 80200e52        0     1                 
80200e5e 80200e5e        0     1                 
80200e64 80200e64        0     1                 .LBB0_16
80200e64 80200e64        0     1                 
80200e70 80200e70        0     1                 
80200e70 80200e70        0     1                 
80200e8a 80200e8a        0     1                 
80200e92 80200e92        0     1                 .LBB0_19
80200e92 80200e92        0     1                 
80200eb2 80200eb2        0     1                 
80200ebc 80200ebc        0     1                 
80200ec4 80200ec4        0     1                 
80200ec6 80200ec6        0     1                 
80200eca 80200eca        0     1                 
80200ee8 80200ee8        0     1                 
80200eea 80200eea        0     1                 
80200eee 80200eee        0     1                 
80200efc 80200efc        0     1                 
80200efe 80200efe        0     1                 
80200f00 80200f00        0     1                 
80200f08 80200f08        0     1                 
80200f10 80200f10        0     1                 
80200f12 80200f12        0     1                 
80200f14 80200f14        0     1                 
80200f32 80200f32        0     1                 
80200f34 80200f34        0     1                 
80200f34 80200f34        0     1                 
80200f34 80200f34        0     1                 
80200f34 80200f34        0     1                 
80200f34 80200f34        0     1                 
80200f34 80200f34       54     1                 handle_trap
80200f36 80200f36        0     1                 
80200f36 80200f36        0     1                 
80200f36 80200f36        0     1                 
80200f3a 80200f3a        0     1                 
80200f3e 80200f3e        0     1                 
80200f3e 80200f3e        0     1                 
80200f42 80200f42        0     1                 
80200f42 80200f42        0     1                 
80200f46 80200f46        0     1                 
80200f48 80200f48        0     1                 
80200f48 80200f48        0     1                 
80200f4c 80200f4c        0     1                 
80200f54 80200f54        0     1                 
80200f54 80200f54        0     1                 
80200f56 80200f56        0     1                 
80200f68 80200f68        0     1                 
80200f68 80200f68        0     1                 
80200f78 80200f78        0     1                 
80200f78 80200f78        0     1                 
80200f7c 80200f7c        0     1                 
80200f80 80200f80        0     1                 
80200f88 80200f88        0     1                 
80200f88 80200f88        0     1                 
80200f88 80200f88        0     1                 
80200f88 80200f88        0     1                 
80200f88 80200f88        0     1                 
80200f88 80200f88        0     1                 
80200f88 80200f88       9c     1                 switch_trap
80201024 80201024        0     1                 
80201024 80201024        0     1                 
80201024 80201024      2ce     4         build/pcb_k.o:(.text)
80201024 80201024        0     1                 
80201024 80201024        0     1                 
80201024 80201024        0     1                 
80201024 80201024       3c     1                 switch_umode
80201026 80201026        0     1                 
80201028 80201028        0     1                 
80201030 80201030        0     1                 
8020103c 8020103c        0     1                 
8020105e 8020105e        0     1                 
80201060 80201060        0     1                 
80201060 80201060        0     1                 
80201060 80201060        0     1                 
80201060 80201060        0     1                 
80201060 80201060        0     1                 
80201060 80201060      244     1                 spawn_proc
80201062 80201062        0     1                 
80201076 80201076        0     1                 
8020107e 8020107e        0     1                 
80201082 80201082        0     1                 
80201084 80201084        0     1                 
80201086 80201086        0     1                 
8020108a 8020108a        0     1                 
8020108c 8020108c        0     1                 
80201098 80201098        0     1                 
8020109c 8020109c        0     1                 
8020109e 8020109e        0     1                 
802010a2 802010a2        0     1                 
802010a6 802010a6        0     1                 
802010a8 802010a8        0     1                 
802010c6 802010c6        0     1                 
802010c8 802010c8        0     1                 
802010da 802010da        0     1                 
802010e2 802010e2        0     1                 
802010e6 802010e6        0     1                 
802010ea 802010ea        0     1                 
802010f8 802010f8        0     1                 
802010f8 802010f8        0     1                 
802010fa 802010fa        0     1                 
802010fe 802010fe        0     1                 
802010fe 802010fe        0     1                 
8020112e 8020112e        0     1                 
8020112e 8020112e        0     1                 
80201132 80201132        0     1                 
80201136 80201136        0     1                 
80201138 80201138        0     1                 
80201140 80201140        0     1                 
8020114a 8020114a        0     1                 
8020114e 8020114e        0     1                 
80201158 80201158        0     1                 
8020115a 8020115a        0     1                 
8020115e 8020115e        0     1                 
8020116e 8020116e        0     1                 
80201170 80201170        0     1                 
80201172 80201172        0     1                 
8020117c 8020117c        0     1                 
8020117c 8020117c        0     1                 
8020117e 8020117e        0     1                 
80201180 80201180        0     1                 
80201190 80201190        0     1                 
80201194 80201194        0     1                 
80201198 80201198        0     1                 
802011a6 802011a6        0     1                 
802011a6 802011a6        0     1                 
802011ac 802011ac        0     1                 
802011b0 802011b0        0     1                 
802011c4 802011c4        0     1                 
802011c8 802011c8        0     1                 
802011d6 802011d6        0     1                 
802011d6 802011d6        0     1                 
802011d8 802011d8        0     1                 
802011dc 802011dc        0     1                 
802011e4 802011e4        0     1                 
802011e8 802011e8        0     1                 
802011f4 802011f4        0     1                 
802011f8 802011f8        0     1                 
80201202 80201202        0     1                 
80201202 80201202        0     1                 
80201206 80201206        0     1                 
8020120a 8020120a        0     1                 
80201216 80201216        0     1                 
80201216 80201216        0     1                 
80201218 80201218        0     1                 
80201220 80201220        0     1                 
80201224 80201224        0     1                 
8020122e 8020122e        0     1                 
8020122e 8020122e        0     1                 
80201232 80201232        0     1                 
80201238 80201238        0     1                 
8020123a 8020123a        0     1                 
8020123e 8020123e        0     1                 
80201258 80201258        0     1                 
8020127c 8020127c        0     1                 
8020127e 8020127e        0     1                 
802012a2 802012a2        0     1                 
802012a4 802012a4        0     1                 
802012a4 802012a4        0     1                 
802012a4 802012a4        0     1                 
802012a4 802012a4        0     1                 
802012a4 802012a4        0     1                 
802012a4 802012a4       4e     1                 free_proc
802012a6 802012a6        0     1                 
802012a6 802012a6        0     1                 
802012aa 802012aa        0     1                 
802012ac 802012ac        0     1                 
802012ae 802012ae        0     1                 
802012b0 802012b0        0     1                 
802012b2 802012b2        0     1                 
802012b4 802012b4        0     1                 
802012b6 802012b6        0     1                 
802012be 802012be        0     1                 
802012be 802012be        0     1                 
802012c2 802012c2        0     1                 
802012c6 802012c6        0     1                 
802012ca 802012ca        0     1                 
802012ce 802012ce        0     1                 
802012d2 802012d2        0     1                 
802012d6 802012d6        0     1                 
802012da 802012da        0     1                 
802012e2 802012e2        0     1                 
802012ea 802012ea        0     1                 
802012f2 802012f2        0     1                 
802012f2 802012f2        0     1                 
802012f4 802012f4      2de     4         build/program_k.o:(.text)
802012f4 802012f4        0     1                 
802012f4 802012f4        0     1                 
802012f4 802012f4        0     1                 
802012f4 802012f4        0     1                 
802012f4 802012f4       46     1                 switch_proc
8020133a 8020133a        0     1                 
8020133a 8020133a        0     1                 
8020133a 8020133a        0     1                 
8020133a 8020133a        0     1                 
8020133a 8020133a        0     1                 
8020133a 8020133a        0     1                 
8020133a 8020133a       14     1                 Flush_TLB
8020133c 8020133c        0     1                 
8020133e 8020133e        0     1                 
80201342 80201342        0     1                 
80201344 80201344        0     1                 
8020134c 8020134c        0     1                 
8020134e 8020134e        0     1                 
8020134e 8020134e        0     1                 
8020134e 8020134e        0     1                 
8020134e 8020134e        0     1                 
8020134e 8020134e        0     1                 
8020134e 8020134e      176     1                 k_sp
80201350 80201350        0     1                 
80201350 80201350        0     1                 
80201354 80201354        0     1                 
80201364 80201364        0     1                 
80201364 80201364        0     1                 
8020136c 8020136c        0     1                 
8020136c 8020136c        0     1                 
8020136e 8020136e        0     1                 
80201370 80201370        0     1                 
80201372 80201372        0     1                 
80201384 80201384        0     1                 
80201384 80201384        0     1                 
80201398 80201398        0     1                 
80201398 80201398        0     1                 
8020139a 8020139a        0     1                 
802013ac 802013ac        0     1                 
802013ac 802013ac        0     1                 
802013b4 802013b4        0     1                 
802013b8 802013b8        0     1                 
802013ba 802013ba        0     1                 
802013be 802013be        0     1                 
802013d0 802013d0        0     1                 
802013d0 802013d0        0     1                 
802013e6 802013e6        0     1                 
802013e6 802013e6        0     1                 
802013e8 802013e8        0     1                 
802013fa 802013fa        0     1                 
802013fa 802013fa        0     1                 
80201406 80201406        0     1                 
8020140a 8020140a        0     1                 
8020140c 8020140c        0     1                 
80201410 80201410        0     1                 
80201414 80201414        0     1                 
80201426 80201426        0     1                 
80201426 80201426        0     1                 
80201440 80201440        0     1                 
80201440 80201440        0     1                 
80201442 80201442        0     1                 
80201454 80201454        0     1                 
80201454 80201454        0     1                 
80201460 80201460        0     1                 
80201464 80201464        0     1                 
80201466 80201466        0     1                 
8020146a 8020146a        0     1                 
8020146e 8020146e        0     1                 
80201480 80201480        0     1                 
80201480 80201480        0     1                 
8020149a 8020149a        0     1                 
8020149a 8020149a        0     1                 
8020149c 8020149c        0     1                 
802014ae 802014ae        0     1                 
802014ae 802014ae        0     1                 
802014bc 802014bc        0     1                 
802014c4 802014c4        0     1                 
802014c4 802014c4        0     1                 
802014c4 802014c4        0     1                 
802014c4 802014c4        0     1                 
802014c4 802014c4        0     1                 
802014c4 802014c4        0     1                 
802014c4 802014c4      10e     1                 yield
802014cc 802014cc        0     1                 
802014d2 802014d2        0     1                 
802014d4 802014d4        0     1                 
802014d8 802014d8        0     1                 
802014dc 802014dc        0     1                 
802014de 802014de        0     1                 
802014e0 802014e0        0     1                 
802014e2 802014e2        0     1                 
802014e6 802014e6        0     1                 
802014e6 802014e6        0     1                 
802014ea 802014ea        0     1                 
802014ec 802014ec        0     1                 
802014f0 802014f0        0     1                 
80201500 80201500        0     1                 
80201504 80201504        0     1                 
80201508 80201508        0     1                 
8020150a 8020150a        0     1                 
8020150c 8020150c        0     1                 
80201510 80201510        0     1                 
80201522 80201522        0     1                 
80201526 80201526        0     1                 
8020152a 8020152a        0     1                 
8020152c 8020152c        0     1                 
8020152e 8020152e        0     1                 
80201532 80201532        0     1                 
80201544 80201544        0     1                 
80201548 80201548        0     1                 
8020154c 8020154c        0     1                 
8020154e 8020154e        0     1                 
80201550 80201550        0     1                 
80201554 80201554        0     1                 
80201566 80201566        0     1                 
8020156a 8020156a        0     1                 
8020156a 8020156a        0     1                 
8020157c 8020157c        0     1                 
8020157e 8020157e        0     1                 
80201582 80201582        0     1                 
80201586 80201586        0     1                 
8020158a 8020158a        0     1                 
80201592 80201592        0     1                 
80201594 80201594        0     1                 
80201596 80201596        0     1                 
80201598 80201598        0     1                 
8020159a 8020159a        0     1                 
8020159e 8020159e        0     1                 
802015a0 802015a0        0     1                 
802015a2 802015a2        0     1                 
802015a4 802015a4        0     1                 
802015ac 802015ac        0     1                 
802015ac 802015ac        0     1                 
802015b4 802015b4        0     1                 
802015bc 802015bc        0     1                 
802015c0 802015c0        0     1                 
802015c2 802015c2        0     1                 
802015c4 802015c4        0     1                 
802015ca 802015ca        0     1                 
802015ce 802015ce        0     1                 
802015d2 802015d2        0     1                 
802015d2 802015d2        0     1                 
802015d4 802015d4      19a     4         build/app.o:(.text)
802015d4 802015d4        0     1                 
802015d4 802015d4        0     1                 
802015d4 802015d4        0     1                 
802015d4 802015d4      14c     1                 init_app
802015d6 802015d6        0     1                 
802015dc 802015dc        0     1                 
802015de 802015de        0     1                 
802015de 802015de        0     1                 
802015e2 802015e2        0     1                 
802015e4 802015e4        0     1                 
802015e8 802015e8        0     1                 
802015ea 802015ea        0     1                 
802015ee 802015ee        0     1                 
802015f2 802015f2        0     1                 
802015f6 802015f6        0     1                 
802015fa 802015fa        0     1                 
802015fe 802015fe        0     1                 
80201602 80201602        0     1                 
80201606 80201606        0     1                 
8020160a 8020160a        0     1                 
8020160e 8020160e        0     1                 
80201612 80201612        0     1                 
80201616 80201616        0     1                 
8020161a 8020161a        0     1                 
8020161e 8020161e        0     1                 
80201622 80201622        0     1                 
80201626 80201626        0     1                 
8020162a 8020162a        0     1                 
80201630 80201630        0     1                 
80201630 80201630        0     1                 
80201638 80201638        0     1                 
8020163a 8020163a        0     1                 
8020163c 8020163c        0     1                 
8020163e 8020163e        0     1                 
80201640 80201640        0     1                 
80201648 80201648        0     1                 
8020164a 8020164a        0     1                 
8020164c 8020164c        0     1                 
8020164e 8020164e        0     1                 
80201650 80201650        0     1                 
80201658 80201658        0     1                 
8020165a 8020165a        0     1                 
8020165c 8020165c        0     1                 
8020165e 8020165e        0     1                 
80201660 80201660        0     1                 
80201668 80201668        0     1                 
8020166c 8020166c        0     1                 
8020166e 8020166e        0     1                 
80201672 80201672        0     1                 
80201674 80201674        0     1                 
8020167c 8020167c        0     1                 
80201680 80201680        0     1                 
80201682 80201682        0     1                 
80201686 80201686        0     1                 
80201688 80201688        0     1                 
802016a2 802016a2        0     1                 
802016a4 802016a4        0     1                 
802016dc 802016dc        0     1                 
80201716 80201716        0     1                 
80201720 80201720        0     1                 
80201720 80201720        0     1                 
80201720 80201720        0     1                 
80201720 80201720        0     1                 
80201720 80201720        0     1                 
80201720 80201720       4e     1                 start_app
80201722 80201722        0     1                 
80201724 80201724        0     1                 
80201728 80201728        0     1                 
8020172c 8020172c        0     1                 
8020172e 8020172e        0     1                 
8020173e 8020173e        0     1                 
80201740 80201740        0     1                 
80201742 80201742        0     1                 
8020174a 8020174a        0     1                 
8020174a 8020174a        0     1                 
8020174c 8020174c        0     1                 
80201752 80201752        0     1                 
8020176c 8020176c        0     1                 
8020176e 8020176e        0     1                 
8020176e 8020176e        0     1                 
80201770 80201770      150     4         build/sockets.o:(.text)
80201770 80201770        0     1                 
80201770 80201770        0     1                 
80201770 80201770        0     1                 
80201770 80201770       3e     1                 read_rsocket
80201772 80201772        0     1                 
80201774 80201774        0     1                 
80201778 80201778        0     1                 
8020177c 8020177c        0     1                 
80201796 80201796        0     1                 
80201798 80201798        0     1                 
802017a8 802017a8        0     1                 
802017ae 802017ae        0     1                 
802017ae 802017ae        0     1                 
802017ae 802017ae        0     1                 
802017ae 802017ae        0     1                 
802017ae 802017ae        0     1                 
802017ae 802017ae       3e     1                 write_rsocket
802017b0 802017b0        0     1                 
802017b2 802017b2        0     1                 
802017b6 802017b6        0     1                 
802017ba 802017ba        0     1                 
802017d4 802017d4        0     1                 
802017d6 802017d6        0     1                 
802017e4 802017e4        0     1                 
802017e6 802017e6        0     1                 
802017ec 802017ec        0     1                 
802017ec 802017ec        0     1                 
802017ec 802017ec        0     1                 
802017ec 802017ec        0     1                 
802017ec 802017ec        0     1                 
802017ec 802017ec       6a     1                 read_socket
802017ee 802017ee        0     1                 
802017f0 802017f0        0     1                 
802017f4 802017f4        0     1                 
802017f8 802017f8        0     1                 
80201814 80201814        0     1                 
80201816 80201816        0     1                 
8020181c 8020181c        0     1                 
80201820 80201820        0     1                 
8020183a 8020183a        0     1                 
8020183c 8020183c        0     1                 
80201840 80201840        0     1                 
80201842 80201842        0     1                 
80201850 80201850        0     1                 
80201856 80201856        0     1                 
80201856 80201856        0     1                 
80201856 80201856        0     1                 
80201856 80201856        0     1                 
80201856 80201856        0     1                 
80201856 80201856       6a     1                 write_socket
80201858 80201858        0     1                 
8020185a 8020185a        0     1                 
8020185e 8020185e        0     1                 
80201862 80201862        0     1                 
8020187e 8020187e        0     1                 
80201880 80201880        0     1                 
80201886 80201886        0     1                 
8020188a 8020188a        0     1                 
802018a4 802018a4        0     1                 
802018a6 802018a6        0     1                 
802018aa 802018aa        0     1                 
802018ac 802018ac        0     1                 
802018b8 802018b8        0     1                 
802018ba 802018ba        0     1                 
802018c0 802018c0        0     1                 
802018c0 802018c0        0     1                 
802018c0 802018c0      854     4 .rodata
802018c0 802018c0      775     1         <internal>:(.rodata)
80202038 80202038       58     4         build/print_k.o:(.rodata)
80202038 80202038        0     1                 .LJTI0_0
80202090 80202090       58     4         build/str.o:(.rodata)
80202090 80202090        0     1                 .LJTI2_0
802020e8 802020e8       2c     4         build/trap_k.o:(.rodata)
802020e8 802020e8        0     1                 .LJTI0_0
80202114 80202114     8850     4 .data
80202114 80202114     8850     1         besh.bin.o:(.data)
80202114 80202114        0     1                 _binary_besh_bin_start
8020a964 8020a964        0     1                 _binary_besh_bin_end
8020a964 8020a964     39a0     4 .bss
8020a964 8020a964        0     1         __bss = .
8020a964 8020a964        8     4         build/memory.o:(.sbss)
8020a964 8020a964        4     1                 nextfreepageframe
8020a968 8020a968        4     1                 free_list_head
8020a96c 8020a96c        8     4         build/pcb_k.o:(.sbss)
8020a96c 8020a96c        4     1                 currproc
8020a970 8020a970        4     1                 idleproc
8020a974 8020a974     1050     4         build/pcb_k.o:(.bss)
8020a974 8020a974     1050     1                 proclist
8020b9c4 8020b9c4       c8     4         build/app.o:(.bss)
8020b9c4 8020b9c4       c8     1                 app_list
8020ba8c 8020ba8c     2878     4         build/sockets.o:(.bss)
8020ba8c 8020ba8c       28     1                 rsockets
8020bab4 8020bab4       28     1                 rsocket_info
8020badc 8020badc     2800     1                 sockets
8020e2dc 8020e2dc       28     1                 socket_info
8020e304 8020e304        0     1         __bss_end = .
8020e304 8020e304        0     1 . = ALIGN ( 4 )
8020e304 8020e304    20000     1 . += 128 * 1024
8022e304 8022e304        0     1 __stack_top = .
8022e304 8022e304      cfc     1 . = ALIGN ( 4096 )
8022f000 8022f000        0     1 __free_ram_start = .
8022f000 8022f000  2000000     1 . += 32 * 1024 * 1024
8222f000 8222f000        0     1 __free_ram_end = .
       0        0      ebf     1 .debug_abbrev
       0        0      115     1         build/main.o:(.debug_abbrev)
     115      115      104     1         build/print_k.o:(.debug_abbrev)
     219      219      15a     1         build/SBI.o:(.debug_abbrev)
     373      373       b9     1         build/mem.o:(.debug_abbrev)
     42c      42c      12c     1         build/str.o:(.debug_abbrev)
     558      558      113     1         build/oa.o:(.debug_abbrev)
     66b      66b      1b9     1         build/memory.o:(.debug_abbrev)
     824      824      1ad     1         build/trap_k.o:(.debug_abbrev)
     9d1      9d1      163     1         build/pcb_k.o:(.debug_abbrev)
     b34      b34      163     1         build/program_k.o:(.debug_abbrev)
     c97      c97      133     1         build/app.o:(.debug_abbrev)
     dca      dca       f5     1         build/sockets.o:(.debug_abbrev)
       0        0     1a7c     1 .debug_info
       0        0      1b9     1         build/main.o:(.debug_info)
     1b9      1b9      1e5     1         build/print_k.o:(.debug_info)
     39e      39e      242     1         build/SBI.o:(.debug_info)
     5e0      5e0       d9     1         build/mem.o:(.debug_info)
     6b9      6b9      1f5     1         build/str.o:(.debug_info)
     8ae      8ae      184     1         build/oa.o:(.debug_info)
     a32      a32      457     1         build/memory.o:(.debug_info)
     e89      e89      401     1         build/trap_k.o:(.debug_info)
    128a     128a      296     1         build/pcb_k.o:(.debug_info)
    1520     1520      21e     1         build/program_k.o:(.debug_info)
    173e     173e      1bb     1         build/app.o:(.debug_info)
    18f9     18f9      183     1         build/sockets.o:(.debug_info)
       0        0      1b8     1 .debug_rnglists
       0        0       18     1         build/main.o:(.debug_rnglists)
       c        c        0     1                 
      18       18       57     1         build/print_k.o:(.debug_rnglists)
      24       24        0     1                 
      6f       6f       66     1         build/str.o:(.debug_rnglists)
      7b       7b        0     1                 
      d5       d5       1b     1         build/oa.o:(.debug_rnglists)
      e1       e1        0     1                 
      f0       f0       33     1         build/memory.o:(.debug_rnglists)
      fc       fc        0     1                 
     123      123       5b     1         build/pcb_k.o:(.debug_rnglists)
     12f      12f        0     1                 
     17e      17e       20     1         build/program_k.o:(.debug_rnglists)
     18a      18a        0     1                 
     19e      19e       1a     1         build/app.o:(.debug_rnglists)
     1aa      1aa        0     1                 
       0        0      784     1 .debug_str_offsets
       0        0       88     1         build/main.o:(.debug_str_offsets)
       8        8        0     1                 
      88       88       68     1         build/print_k.o:(.debug_str_offsets)
      90       90        0     1                 
      f0       f0       8c     1         build/SBI.o:(.debug_str_offsets)
      f8       f8        0     1                 
     17c      17c       58     1         build/mem.o:(.debug_str_offsets)
     184      184        0     1                 
     1d4      1d4       88     1         build/str.o:(.debug_str_offsets)
     1dc      1dc        0     1                 
     25c      25c       50     1         build/oa.o:(.debug_str_offsets)
     264      264        0     1                 
     2ac      2ac       e0     1         build/memory.o:(.debug_str_offsets)
     2b4      2b4        0     1                 
     38c      38c      190     1         build/trap_k.o:(.debug_str_offsets)
     394      394        0     1                 
     51c      51c       d0     1         build/pcb_k.o:(.debug_str_offsets)
     524      524        0     1                 
     5ec      5ec       98     1         build/program_k.o:(.debug_str_offsets)
     5f4      5f4        0     1                 
     684      684       90     1         build/app.o:(.debug_str_offsets)
     68c      68c        0     1                 
     714      714       70     1         build/sockets.o:(.debug_str_offsets)
     71c      71c        0     1                 
       0        0      77d     1 .debug_str
       0        0      77d     1         <internal>:(.debug_str)
       0        0      318     1 .debug_addr
       0        0       50     1         build/main.o:(.debug_addr)
       8        8        0     1                 
      50       50       50     1         build/print_k.o:(.debug_addr)
      58       58        0     1                 
      a0       a0       20     1         build/SBI.o:(.debug_addr)
      a8       a8        0     1                 
      c0       c0       10     1         build/mem.o:(.debug_addr)
      c8       c8        0     1                 
      d0       d0       24     1         build/str.o:(.debug_addr)
      d8       d8        0     1                 
      f4       f4       20     1         build/oa.o:(.debug_addr)
      fc       fc        0     1                 
     114      114       88     1         build/memory.o:(.debug_addr)
     11c      11c        0     1                 
     19c      19c       64     1         build/trap_k.o:(.debug_addr)
     1a4      1a4        0     1                 
     200      200       58     1         build/pcb_k.o:(.debug_addr)
     208      208        0     1                 
     258      258       5c     1         build/program_k.o:(.debug_addr)
     260      260        0     1                 
     2b4      2b4       24     1         build/app.o:(.debug_addr)
     2bc      2bc        0     1                 
     2d8      2d8       40     1         build/sockets.o:(.debug_addr)
     2e0      2e0        0     1                 
       0        0       42     1 .comment
       0        0       42     1         <internal>:(.comment)
       0        0       2b     1 .riscv.attributes
       0        0       2b     1         build/main.o:(.riscv.attributes)
       0        0      424     4 .debug_frame
       0        0       54     4         build/main.o:(.debug_frame)
       0        0        0     1                 
      54       54       44     4         build/print_k.o:(.debug_frame)
      54       54        0     1                 
      98       98       4c     4         build/SBI.o:(.debug_frame)
      98       98        0     1                 
      e4       e4       34     4         build/mem.o:(.debug_frame)
      e4       e4        0     1                 
     118      118       64     4         build/str.o:(.debug_frame)
     118      118        0     1                 
     17c      17c       3c     4         build/oa.o:(.debug_frame)
     17c      17c        0     1                 
     1b8      1b8       94     4         build/memory.o:(.debug_frame)
     1b8      1b8        0     1                 
     24c      24c       54     4         build/trap_k.o:(.debug_frame)
     24c      24c        0     1                 
     2a0      2a0       6c     4         build/pcb_k.o:(.debug_frame)
     2a0      2a0        0     1                 
     30c      30c       5c     4         build/program_k.o:(.debug_frame)
     30c      30c        0     1                 
     368      368       48     4         build/app.o:(.debug_frame)
     368      368        0     1                 
     3b0      3b0       74     4         build/sockets.o:(.debug_frame)
     3b0      3b0        0     1                 
       0        0     207a     1 .debug_line
       0        0      1a1     1         build/main.o:(.debug_line)
       0        0        0     1                 .Lline_table_start0
     1a1      1a1      2d0     1         build/print_k.o:(.debug_line)
     1a1      1a1        0     1                 .Lline_table_start0
     471      471      11a     1         build/SBI.o:(.debug_line)
     471      471        0     1                 .Lline_table_start0
     58b      58b       f6     1         build/mem.o:(.debug_line)
     58b      58b        0     1                 .Lline_table_start0
     681      681      3f0     1         build/str.o:(.debug_line)
     681      681        0     1                 .Lline_table_start0
     a71      a71      25a     1         build/oa.o:(.debug_line)
     a71      a71        0     1                 .Lline_table_start0
     ccb      ccb      4fa     1         build/memory.o:(.debug_line)
     ccb      ccb        0     1                 .Lline_table_start0
    11c5     11c5      300     1         build/trap_k.o:(.debug_line)
    11c5     11c5        0     1                 .Lline_table_start0
    14c5     14c5      399     1         build/pcb_k.o:(.debug_line)
    14c5     14c5        0     1                 .Lline_table_start0
    185e     185e      3f1     1         build/program_k.o:(.debug_line)
    185e     185e        0     1                 .Lline_table_start0
    1c4f     1c4f      289     1         build/app.o:(.debug_line)
    1c4f     1c4f        0     1                 .Lline_table_start0
    1ed8     1ed8      1a2     1         build/sockets.o:(.debug_line)
    1ed8     1ed8        0     1                 .Lline_table_start0
       0        0       e2     1 .debug_line_str
       0        0       e2     1         <internal>:(.debug_line_str)
       0        0     1265     1 .debug_loclists
       0        0      115     1         build/print_k.o:(.debug_loclists)
       c        c        0     1                 
     115      115       9f     1         build/SBI.o:(.debug_loclists)
     121      121        0     1                 
     1b4      1b4       66     1         build/mem.o:(.debug_loclists)
     1c0      1c0        0     1                 
     21a      21a      1a1     1         build/str.o:(.debug_loclists)
     226      226        0     1                 
     3bb      3bb      19a     1         build/oa.o:(.debug_loclists)
     3c7      3c7        0     1                 
     555      555      367     1         build/memory.o:(.debug_loclists)
     561      561        0     1                 
     8bc      8bc      197     1         build/trap_k.o:(.debug_loclists)
     8c8      8c8        0     1                 
     a53      a53      133     1         build/pcb_k.o:(.debug_loclists)
     a5f      a5f        0     1                 
     b86      b86      12b     1         build/program_k.o:(.debug_loclists)
     b92      b92        0     1                 
     cb1      cb1      4d5     1         build/app.o:(.debug_loclists)
     cbd      cbd        0     1                 
    1186     1186       df     1         build/sockets.o:(.debug_loclists)
    1192     1192        0     1                 
       0        0     6c00     4 .symtab
       0        0     6c00     4         <internal>:(.symtab)
       0        0       dc     1 .shstrtab
       0        0       dc     1         <internal>:(.shstrtab)
       0        0      4b5     1 .strtab
       0        0      4b5     1         <internal>:(.strtab)
