     VMA      LMA     Size Align Out     In      Symbol
       0        0 80200000     1 . = 0x80200000
80200000        0        0     1 __kernel_base = .
80200000 80200000     2030     4 .text
80200000 80200000        e     2         build/main.o:(.text.boot)
80200000 80200000        0     1                 
80200000 80200000        0     1                 
80200000 80200000        0     1                 
80200000 80200000        0     1                 
80200000 80200000        e     1                 boot
8020000e 8020000e        0     1                 
8020000e 8020000e        0     1                 
80200010 80200010      19a     4         build/main.o:(.text)
80200010 80200010        0     1                 
80200010 80200010        0     1                 
80200010 80200010        0     1                 
80200010 80200010       d8     1                 kernel_bootstrap
80200012 80200012        0     1                 
80200012 80200012        0     1                 
80200014 80200014        0     1                 
80200024 80200024        0     1                 
80200024 80200024        0     1                 
80200034 80200034        0     1                 
80200034 80200034        0     1                 
80200052 80200052        0     1                 
80200052 80200052        0     1                 
80200062 80200062        0     1                 
80200062 80200062        0     1                 
8020006e 8020006e        0     1                 
8020007e 8020007e        0     1                 
8020007e 8020007e        0     1                 
80200086 80200086        0     1                 
80200086 80200086        0     1                 
802000a6 802000a6        0     1                 
802000a6 802000a6        0     1                 
802000b6 802000b6        0     1                 
802000b6 802000b6        0     1                 
802000c2 802000c2        0     1                 
802000c2 802000c2        0     1                 
802000ca 802000ca        0     1                 
802000ce 802000ce        0     1                 
802000d6 802000d6        0     1                 
802000da 802000da        0     1                 
802000e0 802000e0        0     1                 
802000e8 802000e8        0     1                 
802000e8 802000e8        0     1                 
802000e8 802000e8        0     1                 
802000e8 802000e8        0     1                 
802000e8 802000e8        0     1                 
802000e8 802000e8       c2     1                 kernel_main
802000ea 802000ea        0     1                 
802000ea 802000ea        0     1                 
802000ec 802000ec        0     1                 
802000f4 802000f4        0     1                 
802000f4 802000f4        0     1                 
80200114 80200114        0     1                 
80200114 80200114        0     1                 
8020011c 8020011c        0     1                 
8020011c 8020011c        0     1                 
8020013c 8020013c        0     1                 
8020013c 8020013c        0     1                 
8020015c 8020015c        0     1                 
8020015c 8020015c        0     1                 
8020017c 8020017c        0     1                 
8020017c 8020017c        0     1                 
80200184 80200184        0     1                 
80200184 80200184        0     1                 
802001a8 802001a8        0     1                 
802001aa 802001aa        0     1                 
802001aa 802001aa        0     1                 
802001ac 802001ac      2ec     4         build/print_k.o:(.text)
802001ac 802001ac        0     1                 
802001ac 802001ac        0     1                 
802001ac 802001ac        0     1                 
802001ac 802001ac      2ec     1                 k_printf
802001ae 802001ae        0     1                 
802001c8 802001c8        0     1                 
802001e4 802001e4        0     1                 
80200202 80200202        0     1                 
80200222 80200222        0     1                 
80200226 80200226        0     1                 
8020022e 8020022e        0     1                 
80200236 80200236        0     1                 
80200236 80200236        0     1                 
80200238 80200238        0     1                 
80200240 80200240        0     1                 
80200244 80200244        0     1                 
8020024c 8020024c        0     1                 
80200256 80200256        0     1                 .LBB0_6
80200256 80200256        0     1                 
80200256 80200256        0     1                 
80200276 80200276        0     1                 
80200276 80200276        0     1                 
8020027a 8020027a        0     1                 .LBB0_9
8020027a 8020027a        0     1                 
80200286 80200286        0     1                 
80200286 80200286        0     1                 
8020028c 8020028c        0     1                 .LBB0_10
8020028c 8020028c        0     1                 
802002a0 802002a0        0     1                 .LBB0_12
802002a0 802002a0        0     1                 
802002ac 802002ac        0     1                 
802002ac 802002ac        0     1                 
802002b8 802002b8        0     1                 
802002b8 802002b8        0     1                 
802002d4 802002d4        0     1                 .LBB0_14
802002d4 802002d4        0     1                 
802002f0 802002f0        0     1                 
802002f2 802002f2        0     1                 
802002f6 802002f6        0     1                 .LBB0_16
802002f6 802002f6        0     1                 
8020030e 8020030e        0     1                 .LBB0_18
8020030e 8020030e        0     1                 
8020032a 8020032a        0     1                 
80200338 80200338        0     1                 
8020033c 8020033c        0     1                 
80200348 80200348        0     1                 
80200348 80200348        0     1                 
8020034c 8020034c        0     1                 
80200356 80200356        0     1                 
8020035a 8020035a        0     1                 
8020035c 8020035c        0     1                 
80200368 80200368        0     1                 
80200368 80200368        0     1                 
8020036c 8020036c        0     1                 
80200370 80200370        0     1                 
80200370 80200370        0     1                 
8020037e 8020037e        0     1                 
8020038a 8020038a        0     1                 
8020038a 8020038a        0     1                 
8020038e 8020038e        0     1                 
80200392 80200392        0     1                 
80200396 80200396        0     1                 
80200398 80200398        0     1                 
802003a4 802003a4        0     1                 
802003a4 802003a4        0     1                 
802003a8 802003a8        0     1                 
802003ac 802003ac        0     1                 
802003ac 802003ac        0     1                 
802003b6 802003b6        0     1                 
802003b8 802003b8        0     1                 
802003ba 802003ba        0     1                 
802003c0 802003c0        0     1                 
802003c8 802003c8        0     1                 
802003d4 802003d4        0     1                 
802003d4 802003d4        0     1                 
802003d8 802003d8        0     1                 
802003dc 802003dc        0     1                 
802003e4 802003e4        0     1                 
802003f0 802003f0        0     1                 
802003f0 802003f0        0     1                 
802003f4 802003f4        0     1                 
802003fc 802003fc        0     1                 
80200400 80200400        0     1                 
80200402 80200402        0     1                 
8020040e 8020040e        0     1                 
8020040e 8020040e        0     1                 
80200412 80200412        0     1                 
80200416 80200416        0     1                 
80200416 80200416        0     1                 
80200422 80200422        0     1                 
8020042e 8020042e        0     1                 
8020042e 8020042e        0     1                 
8020043a 8020043a        0     1                 
8020043a 8020043a        0     1                 
80200448 80200448        0     1                 
80200448 80200448        0     1                 
8020044c 8020044c        0     1                 
80200452 80200452        0     1                 
80200456 80200456        0     1                 
80200458 80200458        0     1                 
80200464 80200464        0     1                 
80200464 80200464        0     1                 
80200468 80200468        0     1                 
8020046c 8020046c        0     1                 
8020046c 8020046c        0     1                 
8020047a 8020047a        0     1                 
80200498 80200498        0     1                 
80200498 80200498        0     1                 
80200498 80200498       f0     4         build/SBI.o:(.text)
80200498 80200498        0     1                 
80200498 80200498        0     1                 
80200498 80200498        0     1                 
80200498 80200498        0     1                 
80200498 80200498        6     1                 sbi_call
8020049c 8020049c        0     1                 
8020049e 8020049e        0     1                 
8020049e 8020049e        0     1                 
8020049e 8020049e        0     1                 
8020049e 8020049e        0     1                 
8020049e 8020049e        0     1                 
8020049e 8020049e        0     1                 
8020049e 8020049e       14     1                 k_putchar
802004b0 802004b0        0     1                 
802004b0 802004b0        0     1                 
802004b2 802004b2        0     1                 
802004b2 802004b2        0     1                 
802004b2 802004b2        0     1                 
802004b2 802004b2        0     1                 
802004b2 802004b2        0     1                 
802004b2 802004b2       80     1                 k_readchar
802004b4 802004b4        0     1                 
802004b4 802004b4        0     1                 
802004b4 802004b4        0     1                 
802004b6 802004b6        0     1                 
802004b6 802004b6        0     1                 
802004ca 802004ca        0     1                 
802004ca 802004ca        0     1                 
802004ce 802004ce        0     1                 
802004d0 802004d0        0     1                 
802004d4 802004d4        0     1                 
802004d4 802004d4        0     1                 
802004e6 802004e6        0     1                 
802004e6 802004e6        0     1                 
802004ee 802004ee        0     1                 
802004ee 802004ee        0     1                 
80200500 80200500        0     1                 
80200500 80200500        0     1                 
80200524 80200524        0     1                 
80200526 80200526        0     1                 
80200526 80200526        0     1                 
80200528 80200528        0     1                 
80200532 80200532        0     1                 
80200532 80200532        0     1                 
80200532 80200532        0     1                 
80200532 80200532        0     1                 
80200532 80200532        0     1                 
80200532 80200532       56     1                 exit
80200534 80200534        0     1                 
80200536 80200536        0     1                 
80200538 80200538        0     1                 
80200548 80200548        0     1                 
80200548 80200548        0     1                 
80200550 80200550        0     1                 
80200550 80200550        0     1                 
80200562 80200562        0     1                 
80200562 80200562        0     1                 
80200586 80200586        0     1                 
80200588 80200588        0     1                 
80200588 80200588        0     1                 
80200588 80200588       28     4         build/mem.o:(.text)
80200588 80200588        0     1                 
80200588 80200588        0     1                 
80200588 80200588        0     1                 
80200588 80200588        0     1                 
80200588 80200588       14     1                 memset
8020058a 8020058a        0     1                 
8020058c 8020058c        0     1                 
8020058e 8020058e        0     1                 
80200592 80200592        0     1                 
80200596 80200596        0     1                 
80200598 80200598        0     1                 
8020059a 8020059a        0     1                 
8020059c 8020059c        0     1                 
8020059c 8020059c        0     1                 
8020059c 8020059c        0     1                 
8020059c 8020059c        0     1                 
8020059c 8020059c        0     1                 
8020059c 8020059c        0     1                 
8020059c 8020059c       14     1                 k_memcpy
8020059e 8020059e        0     1                 
802005a2 802005a2        0     1                 
802005a6 802005a6        0     1                 
802005a8 802005a8        0     1                 
802005aa 802005aa        0     1                 
802005ac 802005ac        0     1                 
802005ae 802005ae        0     1                 
802005ae 802005ae        0     1                 
802005b0 802005b0        0     1                 
802005b0 802005b0        0     1                 
802005b0 802005b0      29e     4         build/str.o:(.text)
802005b0 802005b0        0     1                 
802005b0 802005b0        0     1                 
802005b0 802005b0        0     1                 
802005b0 802005b0        0     1                 
802005b0 802005b0       28     1                 k_strncpy
802005b2 802005b2        0     1                 
802005b4 802005b4        0     1                 
802005bc 802005bc        0     1                 
802005be 802005be        0     1                 
802005c2 802005c2        0     1                 
802005c4 802005c4        0     1                 
802005c8 802005c8        0     1                 
802005cc 802005cc        0     1                 
802005d0 802005d0        0     1                 
802005d6 802005d6        0     1                 
802005d8 802005d8        0     1                 
802005d8 802005d8        0     1                 
802005d8 802005d8        0     1                 
802005d8 802005d8        0     1                 
802005d8 802005d8        0     1                 
802005d8 802005d8        0     1                 
802005d8 802005d8       2e     1                 k_strcmp
802005dc 802005dc        0     1                 
802005de 802005de        0     1                 
802005e0 802005e0        0     1                 
802005e4 802005e4        0     1                 
802005e6 802005e6        0     1                 
802005ea 802005ea        0     1                 
802005ee 802005ee        0     1                 
802005f2 802005f2        0     1                 
802005f4 802005f4        0     1                 
802005f8 802005f8        0     1                 
802005fa 802005fa        0     1                 
802005fe 802005fe        0     1                 
80200602 80200602        0     1                 
80200604 80200604        0     1                 
80200606 80200606        0     1                 
80200606 80200606        0     1                 
80200606 80200606        0     1                 
80200606 80200606        0     1                 
80200606 80200606        0     1                 
80200606 80200606      248     1                 k_sprintf
80200608 80200608        0     1                 
80200620 80200620        0     1                 
80200630 80200630        0     1                 
8020064e 8020064e        0     1                 
80200650 80200650        0     1                 
8020067a 8020067a        0     1                 
8020067c 8020067c        0     1                 
80200680 80200680        0     1                 
80200688 80200688        0     1                 
8020068e 8020068e        0     1                 
80200692 80200692        0     1                 
80200696 80200696        0     1                 
8020069e 8020069e        0     1                 
802006a8 802006a8        0     1                 .LBB2_7
802006a8 802006a8        0     1                 
802006bc 802006bc        0     1                 
802006c0 802006c0        0     1                 
802006c6 802006c6        0     1                 .LBB2_11
802006c6 802006c6        0     1                 
802006ca 802006ca        0     1                 
802006d4 802006d4        0     1                 
802006da 802006da        0     1                 .LBB2_12
802006da 802006da        0     1                 
802006ee 802006ee        0     1                 .LBB2_14
802006ee 802006ee        0     1                 
802006f6 802006f6        0     1                 
8020070a 8020070a        0     1                 .LBB2_16
8020070a 8020070a        0     1                 
8020071c 8020071c        0     1                 
8020071e 8020071e        0     1                 
80200722 80200722        0     1                 .LBB2_18
80200722 80200722        0     1                 
80200736 80200736        0     1                 .LBB2_20
80200736 80200736        0     1                 
8020074a 8020074a        0     1                 
8020074c 8020074c        0     1                 
80200750 80200750        0     1                 
8020075a 8020075a        0     1                 
80200766 80200766        0     1                 
80200766 80200766        0     1                 
8020076c 8020076c        0     1                 
8020076e 8020076e        0     1                 
80200770 80200770        0     1                 
80200774 80200774        0     1                 
80200778 80200778        0     1                 
8020077a 8020077a        0     1                 
80200780 80200780        0     1                 
80200780 80200780        0     1                 
80200784 80200784        0     1                 
80200790 80200790        0     1                 
80200790 80200790        0     1                 
80200796 80200796        0     1                 
8020079a 8020079a        0     1                 
8020079c 8020079c        0     1                 
802007a0 802007a0        0     1                 
802007a4 802007a4        0     1                 
802007a6 802007a6        0     1                 
802007ac 802007ac        0     1                 
802007ac 802007ac        0     1                 
802007b0 802007b0        0     1                 
802007b2 802007b2        0     1                 
802007b4 802007b4        0     1                 
802007ba 802007ba        0     1                 
802007c0 802007c0        0     1                 
802007c4 802007c4        0     1                 
802007c8 802007c8        0     1                 
802007ca 802007ca        0     1                 
802007d0 802007d0        0     1                 
802007d2 802007d2        0     1                 
802007de 802007de        0     1                 
802007de 802007de        0     1                 
802007e4 802007e4        0     1                 
802007e8 802007e8        0     1                 
802007ea 802007ea        0     1                 
802007ee 802007ee        0     1                 
802007f2 802007f2        0     1                 
802007f4 802007f4        0     1                 
802007fa 802007fa        0     1                 
802007fa 802007fa        0     1                 
802007fc 802007fc        0     1                 
80200806 80200806        0     1                 
80200812 80200812        0     1                 
80200812 80200812        0     1                 
80200818 80200818        0     1                 
8020081c 8020081c        0     1                 
8020081e 8020081e        0     1                 
80200822 80200822        0     1                 
80200826 80200826        0     1                 
80200828 80200828        0     1                 
8020082e 8020082e        0     1                 
8020082e 8020082e        0     1                 
80200832 80200832        0     1                 
8020084e 8020084e        0     1                 
8020084e 8020084e        0     1                 
80200850 80200850      176     4         build/oa.o:(.text)
80200850 80200850        0     1                 
80200850 80200850        0     1                 
80200850 80200850        0     1                 
80200850 80200850       7a     1                 utoa
80200852 80200852        0     1                 
80200852 80200852        0     1                 
80200854 80200854        0     1                 
8020085c 8020085c        0     1                 
8020085e 8020085e        0     1                 
80200862 80200862        0     1                 
80200868 80200868        0     1                 
8020086a 8020086a        0     1                 
8020086e 8020086e        0     1                 
80200870 80200870        0     1                 
8020087c 8020087c        0     1                 
8020088a 8020088a        0     1                 
8020088a 8020088a        0     1                 
8020089c 8020089c        0     1                 
802008a4 802008a4        0     1                 
802008a8 802008a8        0     1                 
802008ae 802008ae        0     1                 
802008b4 802008b4        0     1                 
802008b4 802008b4        0     1                 
802008b8 802008b8        0     1                 
802008be 802008be        0     1                 
802008c6 802008c6        0     1                 
802008ca 802008ca        0     1                 
802008ca 802008ca        0     1                 
802008ca 802008ca        0     1                 
802008ca 802008ca        0     1                 
802008ca 802008ca        0     1                 
802008ca 802008ca       fc     1                 itoa
802008cc 802008cc        0     1                 
802008ce 802008ce        0     1                 
802008da 802008da        0     1                 
802008de 802008de        0     1                 
802008e4 802008e4        0     1                 
802008e8 802008e8        0     1                 
802008f0 802008f0        0     1                 
802008fa 802008fa        0     1                 
80200900 80200900        0     1                 
80200908 80200908        0     1                 
8020090c 8020090c        0     1                 
80200910 80200910        0     1                 
80200912 80200912        0     1                 
80200916 80200916        0     1                 
8020091a 8020091a        0     1                 
8020091e 8020091e        0     1                 
8020091e 8020091e        0     1                 
8020092c 8020092c        0     1                 
8020092e 8020092e        0     1                 
80200936 80200936        0     1                 
8020093a 8020093a        0     1                 
80200940 80200940        0     1                 
80200944 80200944        0     1                 
80200944 80200944        0     1                 
8020094a 8020094a        0     1                 
8020094a 8020094a        0     1                 
8020094c 8020094c        0     1                 
80200954 80200954        0     1                 
80200956 80200956        0     1                 
8020095a 8020095a        0     1                 
80200960 80200960        0     1                 
80200962 80200962        0     1                 
80200966 80200966        0     1                 
80200968 80200968        0     1                 
80200974 80200974        0     1                 
80200982 80200982        0     1                 
80200982 80200982        0     1                 
80200994 80200994        0     1                 
8020099c 8020099c        0     1                 
802009a0 802009a0        0     1                 
802009a6 802009a6        0     1                 
802009ac 802009ac        0     1                 
802009ac 802009ac        0     1                 
802009b0 802009b0        0     1                 
802009b8 802009b8        0     1                 
802009be 802009be        0     1                 
802009c2 802009c2        0     1                 
802009c6 802009c6        0     1                 
802009c6 802009c6        0     1                 
802009c8 802009c8      280     4         build/memory.o:(.text)
802009c8 802009c8        0     1                 
802009c8 802009c8        0     1                 
802009c8 802009c8        0     1                 
802009c8 802009c8        0     1                 
802009c8 802009c8       12     1                 init_memory
802009d8 802009d8        0     1                 
802009da 802009da        0     1                 
802009da 802009da        0     1                 
802009da 802009da        0     1                 
802009da 802009da        0     1                 
802009da 802009da        0     1                 
802009da 802009da       60     1                 pageframalloc
802009dc 802009dc        0     1                 
802009dc 802009dc        0     1                 
802009e0 802009e0        0     1                 
802009e8 802009e8        0     1                 
802009ec 802009ec        0     1                 
802009f0 802009f0        0     1                 
802009f8 802009f8        0     1                 
802009fc 802009fc        0     1                 
80200a00 80200a00        0     1                 
80200a22 80200a22        0     1                 
80200a24 80200a24        0     1                 
80200a30 80200a30        0     1                 
80200a30 80200a30        0     1                 
80200a3a 80200a3a        0     1                 
80200a3a 80200a3a        0     1                 
80200a3a 80200a3a        0     1                 
80200a3a 80200a3a        0     1                 
80200a3a 80200a3a        0     1                 
80200a3a 80200a3a      18a     1                 add_ptbl_entry
80200a3c 80200a3c        0     1                 
80200a4a 80200a4a        0     1                 
80200a54 80200a54        0     1                 
80200a5c 80200a5c        0     1                 
80200a6c 80200a6c        0     1                 
80200a6c 80200a6c        0     1                 
80200a7e 80200a7e        0     1                 
80200a7e 80200a7e        0     1                 
80200a90 80200a90        0     1                 
80200a90 80200a90        0     1                 
80200aa0 80200aa0        0     1                 
80200aa0 80200aa0        0     1                 
80200ac4 80200ac4        0     1                 
80200ac6 80200ac6        0     1                 
80200ac8 80200ac8        0     1                 
80200acc 80200acc        0     1                 
80200ace 80200ace        0     1                 
80200ad2 80200ad2        0     1                 
80200ad6 80200ad6        0     1                 
80200ada 80200ada        0     1                 
80200adc 80200adc        0     1                 
80200adc 80200adc        0     1                 
80200ae4 80200ae4        0     1                 
80200ae6 80200ae6        0     1                 
80200ae8 80200ae8        0     1                 
80200af0 80200af0        0     1                 
80200af4 80200af4        0     1                 
80200af8 80200af8        0     1                 
80200b1a 80200b1a        0     1                 
80200b1c 80200b1c        0     1                 
80200b2a 80200b2a        0     1                 
80200b2a 80200b2a        0     1                 
80200b2e 80200b2e        0     1                 
80200b32 80200b32        0     1                 
80200b34 80200b34        0     1                 
80200b58 80200b58        0     1                 
80200b5a 80200b5a        0     1                 
80200b7e 80200b7e        0     1                 
80200b80 80200b80        0     1                 
80200b88 80200b88        0     1                 
80200b8c 80200b8c        0     1                 
80200b90 80200b90        0     1                 
80200b90 80200b90        0     1                 
80200b94 80200b94        0     1                 
80200ba0 80200ba0        0     1                 
80200ba8 80200ba8        0     1                 
80200bb0 80200bb0        0     1                 
80200bb2 80200bb2        0     1                 
80200bc4 80200bc4        0     1                 
80200bc4 80200bc4        0     1                 
80200bc4 80200bc4        0     1                 
80200bc4 80200bc4        0     1                 
80200bc4 80200bc4        0     1                 
80200bc4 80200bc4        0     1                 
80200bc4 80200bc4       84     1                 free_proc_pages
80200bc6 80200bc6        0     1                 
80200be0 80200be0        0     1                 
80200be0 80200be0        0     1                 
80200be2 80200be2        0     1                 
80200be6 80200be6        0     1                 
80200be6 80200be6        0     1                 
80200bf2 80200bf2        0     1                 
80200bf6 80200bf6        0     1                 
80200bf8 80200bf8        0     1                 
80200bfe 80200bfe        0     1                 
80200c06 80200c06        0     1                 
80200c06 80200c06        0     1                 
80200c0a 80200c0a        0     1                 
80200c0c 80200c0c        0     1                 
80200c0c 80200c0c        0     1                 
80200c0e 80200c0e        0     1                 
80200c16 80200c16        0     1                 
80200c1a 80200c1a        0     1                 
80200c26 80200c26        0     1                 
80200c2a 80200c2a        0     1                 
80200c30 80200c30        0     1                 
80200c30 80200c30        0     1                 
80200c3c 80200c3c        0     1                 
80200c40 80200c40        0     1                 
80200c46 80200c46        0     1                 
80200c46 80200c46        0     1                 
80200c48 80200c48        0     1                 
80200c48 80200c48        0     1                 
80200c48 80200c48      3d8     4         build/trap_k.o:(.text)
80200c48 80200c48        0     1                 
80200c48 80200c48        0     1                 
80200c48 80200c48        0     1                 
80200c48 80200c48      2d4     1                 handle_syscall
80200c4a 80200c4a        0     1                 
80200c4e 80200c4e        0     1                 
80200c50 80200c50        0     1                 
80200c6e 80200c6e        0     1                 
80200c78 80200c78        0     1                 
80200cca 80200cca        0     1                 .LBB0_2
80200cca 80200cca        0     1                 
80200cd6 80200cd6        0     1                 
80200cd6 80200cd6        0     1                 
80200ce8 80200ce8        0     1                 .LBB0_3
80200ce8 80200ce8        0     1                 
80200cf0 80200cf0        0     1                 
80200cf0 80200cf0        0     1                 
80200cfe 80200cfe        0     1                 .LBB0_4
80200cfe 80200cfe        0     1                 
80200d08 80200d08        0     1                 
80200d0a 80200d0a        0     1                 .LBB0_5
80200d0a 80200d0a        0     1                 
80200d14 80200d14        0     1                 
80200d18 80200d18        0     1                 .LBB0_7
80200d20 80200d20        0     1                 
80200d24 80200d24        0     1                 
80200d26 80200d26        0     1                 
80200d2a 80200d2a        0     1                 
80200d2e 80200d2e        0     1                 
80200d34 80200d34        0     1                 
80200d3c 80200d3c        0     1                 .LBB0_11
80200d3c 80200d3c        0     1                 
80200d46 80200d46        0     1                 
80200d46 80200d46        0     1                 
80200d48 80200d48        0     1                 .LBB0_12
80200d48 80200d48        0     1                 
80200d52 80200d52        0     1                 
80200d52 80200d52        0     1                 
80200d54 80200d54        0     1                 .LBB0_13
80200d54 80200d54        0     1                 
80200d5e 80200d5e        0     1                 
80200d66 80200d66        0     1                 .LBB0_14
80200d66 80200d66        0     1                 
80200d76 80200d76        0     1                 
80200d76 80200d76        0     1                 
80200d7a 80200d7a        0     1                 
80200d86 80200d86        0     1                 
80200d8c 80200d8c        0     1                 .LBB0_16
80200d8c 80200d8c        0     1                 
80200d98 80200d98        0     1                 
80200d98 80200d98        0     1                 
80200d9a 80200d9a        0     1                 .LBB0_17
80200d9a 80200d9a        0     1                 
80200dba 80200dba        0     1                 
80200dc4 80200dc4        0     1                 
80200dcc 80200dcc        0     1                 .LBB0_18
80200dcc 80200dcc        0     1                 
80200dd6 80200dd6        0     1                 
80200dde 80200dde        0     1                 .LBB0_19
80200dde 80200dde        0     1                 
80200de6 80200de6        0     1                 
80200dee 80200dee        0     1                 .LBB0_20
80200dee 80200dee        0     1                 
80200df8 80200df8        0     1                 
80200e00 80200e00        0     1                 .LBB0_21
80200e00 80200e00        0     1                 
80200e08 80200e08        0     1                 
80200e10 80200e10        0     1                 .LBB0_22
80200e10 80200e10        0     1                 
80200e1a 80200e1a        0     1                 
80200e1a 80200e1a        0     1                 
80200e1c 80200e1c        0     1                 .LBB0_23
80200e1c 80200e1c        0     1                 
80200e26 80200e26        0     1                 
80200e26 80200e26        0     1                 
80200e28 80200e28        0     1                 .LBB0_24
80200e28 80200e28        0     1                 
80200e32 80200e32        0     1                 
80200e32 80200e32        0     1                 
80200e34 80200e34        0     1                 .LBB0_25
80200e34 80200e34        0     1                 
80200e3e 80200e3e        0     1                 
80200e3e 80200e3e        0     1                 
80200e40 80200e40        0     1                 .LBB0_26
80200e40 80200e40        0     1                 
80200e4a 80200e4a        0     1                 
80200e4a 80200e4a        0     1                 
80200e4c 80200e4c        0     1                 
80200e4c 80200e4c        0     1                 .LBB0_27
80200e4c 80200e4c        0     1                 
80200e50 80200e50        0     1                 
80200e54 80200e54        0     1                 
80200e58 80200e58        0     1                 
80200e5c 80200e5c        0     1                 
80200e60 80200e60        0     1                 
80200e64 80200e64        0     1                 
80200e68 80200e68        0     1                 
80200e6c 80200e6c        0     1                 
80200e6c 80200e6c        0     1                 
80200e78 80200e78        0     1                 
80200e78 80200e78        0     1                 
80200e7a 80200e7a        0     1                 
80200e7a 80200e7a        0     1                 .LBB0_28
80200e7a 80200e7a        0     1                 
80200e82 80200e82        0     1                 
80200e8a 80200e8a        0     1                 .LBB0_29
80200e8a 80200e8a        0     1                 
80200e92 80200e92        0     1                 
80200e94 80200e94        0     1                 
80200eae 80200eae        0     1                 
80200eb6 80200eb6        0     1                 
80200eb8 80200eb8        0     1                 
80200ebc 80200ebc        0     1                 
80200eda 80200eda        0     1                 
80200edc 80200edc        0     1                 
80200ee0 80200ee0        0     1                 
80200ef0 80200ef0        0     1                 
80200ef2 80200ef2        0     1                 
80200ef8 80200ef8        0     1                 
80200efa 80200efa        0     1                 
80200efc 80200efc        0     1                 
80200f1a 80200f1a        0     1                 
80200f1c 80200f1c        0     1                 
80200f1c 80200f1c        0     1                 
80200f1c 80200f1c        0     1                 
80200f1c 80200f1c        0     1                 
80200f1c 80200f1c        0     1                 
80200f1c 80200f1c       68     1                 handle_trap
80200f1e 80200f1e        0     1                 
80200f1e 80200f1e        0     1                 
80200f1e 80200f1e        0     1                 
80200f22 80200f22        0     1                 
80200f26 80200f26        0     1                 
80200f26 80200f26        0     1                 
80200f2a 80200f2a        0     1                 
80200f2a 80200f2a        0     1                 
80200f2e 80200f2e        0     1                 
80200f30 80200f30        0     1                 
80200f30 80200f30        0     1                 
80200f34 80200f34        0     1                 
80200f3c 80200f3c        0     1                 
80200f3c 80200f3c        0     1                 
80200f40 80200f40        0     1                 
80200f44 80200f44        0     1                 
80200f4c 80200f4c        0     1                 
80200f5e 80200f5e        0     1                 
80200f5e 80200f5e        0     1                 
80200f82 80200f82        0     1                 
80200f84 80200f84        0     1                 
80200f84 80200f84        0     1                 
80200f84 80200f84        0     1                 
80200f84 80200f84        0     1                 
80200f84 80200f84        0     1                 
80200f84 80200f84        0     1                 
80200f84 80200f84       9c     1                 switch_trap
80201020 80201020        0     1                 
80201020 80201020        0     1                 
80201020 80201020      34c     4         build/pcb_k.o:(.text)
80201020 80201020        0     1                 
80201020 80201020        0     1                 
80201020 80201020        0     1                 
80201020 80201020       3c     1                 switch_umode
80201022 80201022        0     1                 
80201024 80201024        0     1                 
8020102c 8020102c        0     1                 
80201038 80201038        0     1                 
8020105a 8020105a        0     1                 
8020105c 8020105c        0     1                 
8020105c 8020105c        0     1                 
8020105c 8020105c        0     1                 
8020105c 8020105c        0     1                 
8020105c 8020105c        0     1                 
8020105c 8020105c      2dc     1                 spawn_proc
8020105e 8020105e        0     1                 
80201072 80201072        0     1                 
8020107a 8020107a        0     1                 
8020107e 8020107e        0     1                 
80201080 80201080        0     1                 
80201082 80201082        0     1                 
80201086 80201086        0     1                 
80201088 80201088        0     1                 
80201094 80201094        0     1                 
80201098 80201098        0     1                 
8020109a 8020109a        0     1                 
8020109e 8020109e        0     1                 
802010a2 802010a2        0     1                 
802010a4 802010a4        0     1                 
802010b4 802010b4        0     1                 
802010b6 802010b6        0     1                 
802010b8 802010b8        0     1                 
802010be 802010be        0     1                 
802010c0 802010c0        0     1                 
802010c2 802010c2        0     1                 
802010d2 802010d2        0     1                 
802010d4 802010d4        0     1                 
802010d6 802010d6        0     1                 
802010dc 802010dc        0     1                 
802010de 802010de        0     1                 
802010e0 802010e0        0     1                 
802010f0 802010f0        0     1                 
802010f2 802010f2        0     1                 
802010f4 802010f4        0     1                 
802010fa 802010fa        0     1                 
802010fc 802010fc        0     1                 
802010fe 802010fe        0     1                 
8020110e 8020110e        0     1                 
80201110 80201110        0     1                 
80201112 80201112        0     1                 
80201118 80201118        0     1                 
8020111a 8020111a        0     1                 
8020111c 8020111c        0     1                 
8020113a 8020113a        0     1                 
8020113c 8020113c        0     1                 
8020116e 8020116e        0     1                 
80201176 80201176        0     1                 
8020117a 8020117a        0     1                 
8020117e 8020117e        0     1                 
8020118c 8020118c        0     1                 
8020118c 8020118c        0     1                 
8020118e 8020118e        0     1                 
80201192 80201192        0     1                 
80201192 80201192        0     1                 
802011c2 802011c2        0     1                 
802011c2 802011c2        0     1                 
802011c6 802011c6        0     1                 
802011ca 802011ca        0     1                 
802011cc 802011cc        0     1                 
802011d4 802011d4        0     1                 
802011de 802011de        0     1                 
802011e2 802011e2        0     1                 
802011ec 802011ec        0     1                 
802011ee 802011ee        0     1                 
802011f2 802011f2        0     1                 
80201202 80201202        0     1                 
80201204 80201204        0     1                 
80201206 80201206        0     1                 
80201210 80201210        0     1                 
80201210 80201210        0     1                 
80201212 80201212        0     1                 
80201214 80201214        0     1                 
80201224 80201224        0     1                 
80201228 80201228        0     1                 
8020122c 8020122c        0     1                 
8020123a 8020123a        0     1                 
8020123a 8020123a        0     1                 
80201240 80201240        0     1                 
80201244 80201244        0     1                 
80201258 80201258        0     1                 
8020125c 8020125c        0     1                 
8020126a 8020126a        0     1                 
8020126a 8020126a        0     1                 
8020126c 8020126c        0     1                 
80201270 80201270        0     1                 
80201278 80201278        0     1                 
8020127c 8020127c        0     1                 
80201288 80201288        0     1                 
8020128c 8020128c        0     1                 
80201296 80201296        0     1                 
80201296 80201296        0     1                 
8020129a 8020129a        0     1                 
8020129e 8020129e        0     1                 
802012aa 802012aa        0     1                 
802012aa 802012aa        0     1                 
802012ac 802012ac        0     1                 
802012b4 802012b4        0     1                 
802012b8 802012b8        0     1                 
802012c2 802012c2        0     1                 
802012c2 802012c2        0     1                 
802012c6 802012c6        0     1                 
802012cc 802012cc        0     1                 
802012ce 802012ce        0     1                 
802012d2 802012d2        0     1                 
802012ec 802012ec        0     1                 
80201310 80201310        0     1                 
80201312 80201312        0     1                 
80201336 80201336        0     1                 
80201338 80201338        0     1                 
80201338 80201338        0     1                 
80201338 80201338        0     1                 
80201338 80201338        0     1                 
80201338 80201338        0     1                 
80201338 80201338        0     1                 
80201338 80201338       34     1                 free_proc
8020133a 8020133a        0     1                 
8020133c 8020133c        0     1                 
8020133e 8020133e        0     1                 
80201340 80201340        0     1                 
80201342 80201342        0     1                 
80201346 80201346        0     1                 
8020134a 8020134a        0     1                 
8020134e 8020134e        0     1                 
80201352 80201352        0     1                 
80201356 80201356        0     1                 
8020135a 8020135a        0     1                 
8020135e 8020135e        0     1                 
80201362 80201362        0     1                 
8020136a 8020136a        0     1                 
8020136c 8020136c        0     1                 
8020136c 8020136c        0     1                 
8020136c 8020136c      3f6     4         build/program_k.o:(.text)
8020136c 8020136c        0     1                 
8020136c 8020136c        0     1                 
8020136c 8020136c        0     1                 
8020136c 8020136c        0     1                 
8020136c 8020136c       46     1                 switch_proc
802013b2 802013b2        0     1                 
802013b2 802013b2        0     1                 
802013b2 802013b2        0     1                 
802013b2 802013b2        0     1                 
802013b2 802013b2        0     1                 
802013b2 802013b2        0     1                 
802013b2 802013b2       14     1                 Flush_TLB
802013b4 802013b4        0     1                 
802013b6 802013b6        0     1                 
802013ba 802013ba        0     1                 
802013bc 802013bc        0     1                 
802013c4 802013c4        0     1                 
802013c6 802013c6        0     1                 
802013c6 802013c6        0     1                 
802013c6 802013c6        0     1                 
802013c6 802013c6        0     1                 
802013c6 802013c6        0     1                 
802013c6 802013c6       9e     1                 k_sp
802013c8 802013c8        0     1                 
802013c8 802013c8        0     1                 
802013d6 802013d6        0     1                 
802013e6 802013e6        0     1                 
802013e6 802013e6        0     1                 
8020140c 8020140c        0     1                 
8020140c 8020140c        0     1                 
8020140e 8020140e        0     1                 
8020141a 8020141a        0     1                 
8020141a 8020141a        0     1                 
80201428 80201428        0     1                 
80201428 80201428        0     1                 
8020142a 8020142a        0     1                 
8020142e 8020142e        0     1                 
80201432 80201432        0     1                 
80201434 80201434        0     1                 
80201436 80201436        0     1                 
80201442 80201442        0     1                 
80201442 80201442        0     1                 
80201444 80201444        0     1                 
80201444 80201444        0     1                 
8020145c 8020145c        0     1                 
80201464 80201464        0     1                 
80201464 80201464        0     1                 
80201464 80201464        0     1                 
80201464 80201464        0     1                 
80201464 80201464        0     1                 
80201464 80201464        0     1                 
80201464 80201464      2fe     1                 yield
8020146c 8020146c        0     1                 
80201472 80201472        0     1                 
80201476 80201476        0     1                 
8020147c 8020147c        0     1                 
80201480 80201480        0     1                 
80201482 80201482        0     1                 
80201486 80201486        0     1                 
8020148a 8020148a        0     1                 
8020148c 8020148c        0     1                 
80201494 80201494        0     1                 
80201494 80201494        0     1                 
802014a4 802014a4        0     1                 
802014a6 802014a6        0     1                 
802014aa 802014aa        0     1                 
802014ba 802014ba        0     1                 
802014be 802014be        0     1                 
802014ca 802014ca        0     1                 
802014da 802014da        0     1                 
802014dc 802014dc        0     1                 
802014e0 802014e0        0     1                 
802014f2 802014f2        0     1                 
802014f6 802014f6        0     1                 
802014fa 802014fa        0     1                 
80201508 80201508        0     1                 
8020150a 8020150a        0     1                 
8020150e 8020150e        0     1                 
80201520 80201520        0     1                 
80201524 80201524        0     1                 
8020152c 8020152c        0     1                 
80201530 80201530        0     1                 
80201540 80201540        0     1                 
80201542 80201542        0     1                 
80201546 80201546        0     1                 
80201558 80201558        0     1                 
8020155c 8020155c        0     1                 
80201560 80201560        0     1                 
8020156e 8020156e        0     1                 
80201570 80201570        0     1                 
80201574 80201574        0     1                 
80201586 80201586        0     1                 
8020158a 8020158a        0     1                 
80201592 80201592        0     1                 
80201596 80201596        0     1                 
802015a6 802015a6        0     1                 
802015a8 802015a8        0     1                 
802015ac 802015ac        0     1                 
802015be 802015be        0     1                 
802015c2 802015c2        0     1                 
802015c6 802015c6        0     1                 
802015d4 802015d4        0     1                 
802015d6 802015d6        0     1                 
802015da 802015da        0     1                 
802015ec 802015ec        0     1                 
802015f0 802015f0        0     1                 
802015f8 802015f8        0     1                 
802015fc 802015fc        0     1                 
8020160c 8020160c        0     1                 
8020160e 8020160e        0     1                 
80201612 80201612        0     1                 
80201624 80201624        0     1                 
80201628 80201628        0     1                 
8020162c 8020162c        0     1                 
8020163a 8020163a        0     1                 
8020163c 8020163c        0     1                 
80201640 80201640        0     1                 
80201652 80201652        0     1                 
80201656 80201656        0     1                 
8020165e 8020165e        0     1                 
80201662 80201662        0     1                 
80201672 80201672        0     1                 
80201674 80201674        0     1                 
80201678 80201678        0     1                 
8020168a 8020168a        0     1                 
8020168e 8020168e        0     1                 
80201692 80201692        0     1                 
802016a0 802016a0        0     1                 
802016a2 802016a2        0     1                 
802016a6 802016a6        0     1                 
802016b8 802016b8        0     1                 
802016bc 802016bc        0     1                 
802016c8 802016c8        0     1                 
802016d8 802016d8        0     1                 
802016da 802016da        0     1                 
802016de 802016de        0     1                 
802016f0 802016f0        0     1                 
802016f4 802016f4        0     1                 
802016f4 802016f4        0     1                 
80201706 80201706        0     1                 
80201708 80201708        0     1                 
8020170c 8020170c        0     1                 
80201710 80201710        0     1                 
80201714 80201714        0     1                 
8020171c 8020171c        0     1                 
8020171e 8020171e        0     1                 
80201720 80201720        0     1                 
80201722 80201722        0     1                 
80201724 80201724        0     1                 
80201728 80201728        0     1                 
8020172a 8020172a        0     1                 
8020172e 8020172e        0     1                 
80201730 80201730        0     1                 
80201738 80201738        0     1                 
80201738 80201738        0     1                 
80201740 80201740        0     1                 
80201748 80201748        0     1                 
8020174c 8020174c        0     1                 
8020174e 8020174e        0     1                 
80201752 80201752        0     1                 
8020175a 8020175a        0     1                 
8020175e 8020175e        0     1                 
80201762 80201762        0     1                 
80201762 80201762        0     1                 
80201764 80201764      2c2     4         build/app.o:(.text)
80201764 80201764        0     1                 
80201764 80201764        0     1                 
80201764 80201764        0     1                 
80201764 80201764      110     1                 init_app
80201766 80201766        0     1                 
80201768 80201768        0     1                 
8020176a 8020176a        0     1                 
8020176a 8020176a        0     1                 
8020176e 8020176e        0     1                 
80201772 80201772        0     1                 
80201776 80201776        0     1                 
8020177a 8020177a        0     1                 
8020177e 8020177e        0     1                 
80201782 80201782        0     1                 
80201786 80201786        0     1                 
8020178a 8020178a        0     1                 
8020178e 8020178e        0     1                 
80201790 80201790        0     1                 
80201794 80201794        0     1                 
80201798 80201798        0     1                 
8020179c 8020179c        0     1                 
802017a0 802017a0        0     1                 
802017a6 802017a6        0     1                 
802017a6 802017a6        0     1                 
802017ae 802017ae        0     1                 
802017b0 802017b0        0     1                 
802017b2 802017b2        0     1                 
802017b4 802017b4        0     1                 
802017b6 802017b6        0     1                 
802017be 802017be        0     1                 
802017c0 802017c0        0     1                 
802017c2 802017c2        0     1                 
802017c4 802017c4        0     1                 
802017c6 802017c6        0     1                 
802017ce 802017ce        0     1                 
802017d0 802017d0        0     1                 
802017d2 802017d2        0     1                 
802017d4 802017d4        0     1                 
802017d6 802017d6        0     1                 
802017de 802017de        0     1                 
802017e0 802017e0        0     1                 
802017e2 802017e2        0     1                 
802017e4 802017e4        0     1                 
802017e6 802017e6        0     1                 
802017ee 802017ee        0     1                 
802017f2 802017f2        0     1                 
802017f4 802017f4        0     1                 
802017f8 802017f8        0     1                 
802017fa 802017fa        0     1                 
80201814 80201814        0     1                 
80201816 80201816        0     1                 
80201844 80201844        0     1                 
8020186e 8020186e        0     1                 
80201874 80201874        0     1                 
80201874 80201874        0     1                 
80201874 80201874        0     1                 
80201874 80201874        0     1                 
80201874 80201874        0     1                 
80201874 80201874       4c     1                 start_app
80201876 80201876        0     1                 
80201878 80201878        0     1                 
8020187c 8020187c        0     1                 
80201880 80201880        0     1                 
80201890 80201890        0     1                 
80201892 80201892        0     1                 
80201894 80201894        0     1                 
8020189c 8020189c        0     1                 
8020189c 8020189c        0     1                 
8020189e 8020189e        0     1                 
802018a4 802018a4        0     1                 
802018be 802018be        0     1                 
802018c0 802018c0        0     1                 
802018c0 802018c0        0     1                 
802018c0 802018c0        0     1                 
802018c0 802018c0        0     1                 
802018c0 802018c0        0     1                 
802018c0 802018c0      104     1                 get_app_id
802018c2 802018c2        0     1                 
802018c8 802018c8        0     1                 
802018ca 802018ca        0     1                 
802018ca 802018ca        0     1                 
802018de 802018de        0     1                 
802018de 802018de        0     1                 
802018e0 802018e0        0     1                 
802018e4 802018e4        0     1                 
802018ee 802018ee        0     1                 
802018ee 802018ee        0     1                 
802018f0 802018f0        0     1                 
802018fc 802018fc        0     1                 
80201906 80201906        0     1                 
80201906 80201906        0     1                 
80201908 80201908        0     1                 
8020190c 8020190c        0     1                 
80201916 80201916        0     1                 
80201916 80201916        0     1                 
80201918 80201918        0     1                 
80201924 80201924        0     1                 
8020192e 8020192e        0     1                 
8020192e 8020192e        0     1                 
80201930 80201930        0     1                 
80201934 80201934        0     1                 
8020193e 8020193e        0     1                 
8020193e 8020193e        0     1                 
80201940 80201940        0     1                 
8020194c 8020194c        0     1                 
80201956 80201956        0     1                 
80201956 80201956        0     1                 
80201958 80201958        0     1                 
8020195c 8020195c        0     1                 
80201966 80201966        0     1                 
80201966 80201966        0     1                 
80201968 80201968        0     1                 
80201974 80201974        0     1                 
8020197e 8020197e        0     1                 
8020197e 8020197e        0     1                 
80201980 80201980        0     1                 
80201984 80201984        0     1                 
8020198e 8020198e        0     1                 
80201992 80201992        0     1                 
80201994 80201994        0     1                 
80201994 80201994        0     1                 
802019ba 802019ba        0     1                 
802019c4 802019c4        0     1                 
802019c4 802019c4        0     1                 
802019c4 802019c4        0     1                 
802019c4 802019c4        0     1                 
802019c4 802019c4        0     1                 
802019c4 802019c4       62     1                 get_app_name
802019c6 802019c6        0     1                 
802019c8 802019c8        0     1                 
802019cc 802019cc        0     1                 
802019d0 802019d0        0     1                 
802019ec 802019ec        0     1                 
802019ee 802019ee        0     1                 
802019fc 802019fc        0     1                 
80201a20 80201a20        0     1                 
80201a26 80201a26        0     1                 
80201a26 80201a26        0     1                 
80201a28 80201a28      608     4         build/sockets.o:(.text)
80201a28 80201a28        0     1                 
80201a28 80201a28        0     1                 
80201a28 80201a28        0     1                 
80201a28 80201a28       4e     1                 read_rsocket
80201a2a 80201a2a        0     1                 
80201a2c 80201a2c        0     1                 
80201a30 80201a30        0     1                 
80201a34 80201a34        0     1                 
80201a4e 80201a4e        0     1                 
80201a50 80201a50        0     1                 
80201a58 80201a58        0     1                 
80201a6c 80201a6c        0     1                 
80201a70 80201a70        0     1                 
80201a76 80201a76        0     1                 
80201a76 80201a76        0     1                 
80201a76 80201a76        0     1                 
80201a76 80201a76        0     1                 
80201a76 80201a76        0     1                 
80201a76 80201a76       4c     1                 write_rsocket
80201a78 80201a78        0     1                 
80201a7a 80201a7a        0     1                 
80201a7e 80201a7e        0     1                 
80201a82 80201a82        0     1                 
80201a9c 80201a9c        0     1                 
80201a9e 80201a9e        0     1                 
80201aac 80201aac        0     1                 
80201ab8 80201ab8        0     1                 
80201abc 80201abc        0     1                 
80201ac2 80201ac2        0     1                 
80201ac2 80201ac2        0     1                 
80201ac2 80201ac2        0     1                 
80201ac2 80201ac2        0     1                 
80201ac2 80201ac2        0     1                 
80201ac2 80201ac2       7e     1                 read_socket
80201ac4 80201ac4        0     1                 
80201ac6 80201ac6        0     1                 
80201aca 80201aca        0     1                 
80201ace 80201ace        0     1                 
80201aea 80201aea        0     1                 
80201aec 80201aec        0     1                 
80201af2 80201af2        0     1                 
80201af6 80201af6        0     1                 
80201b10 80201b10        0     1                 
80201b12 80201b12        0     1                 
80201b1a 80201b1a        0     1                 
80201b1e 80201b1e        0     1                 
80201b20 80201b20        0     1                 
80201b36 80201b36        0     1                 
80201b3a 80201b3a        0     1                 
80201b40 80201b40        0     1                 
80201b40 80201b40        0     1                 
80201b40 80201b40        0     1                 
80201b40 80201b40        0     1                 
80201b40 80201b40        0     1                 
80201b40 80201b40       7c     1                 write_socket
80201b42 80201b42        0     1                 
80201b44 80201b44        0     1                 
80201b48 80201b48        0     1                 
80201b4c 80201b4c        0     1                 
80201b66 80201b66        0     1                 
80201b68 80201b68        0     1                 
80201b6e 80201b6e        0     1                 
80201b72 80201b72        0     1                 
80201b8e 80201b8e        0     1                 
80201b90 80201b90        0     1                 
80201b94 80201b94        0     1                 
80201b96 80201b96        0     1                 
80201ba2 80201ba2        0     1                 
80201ba4 80201ba4        0     1                 
80201bb2 80201bb2        0     1                 
80201bb6 80201bb6        0     1                 
80201bbc 80201bbc        0     1                 
80201bbc 80201bbc        0     1                 
80201bbc 80201bbc        0     1                 
80201bbc 80201bbc        0     1                 
80201bbc 80201bbc        0     1                 
80201bbc 80201bbc       60     1                 claim_rsocket
80201bbe 80201bbe        0     1                 
80201bc0 80201bc0        0     1                 
80201bc4 80201bc4        0     1                 
80201bc8 80201bc8        0     1                 
80201be4 80201be4        0     1                 
80201be6 80201be6        0     1                 
80201bfa 80201bfa        0     1                 
80201bfc 80201bfc        0     1                 
80201bfe 80201bfe        0     1                 
80201c06 80201c06        0     1                 
80201c0c 80201c0c        0     1                 
80201c10 80201c10        0     1                 
80201c12 80201c12        0     1                 
80201c16 80201c16        0     1                 
80201c1c 80201c1c        0     1                 
80201c1c 80201c1c        0     1                 
80201c1c 80201c1c        0     1                 
80201c1c 80201c1c        0     1                 
80201c1c 80201c1c        0     1                 
80201c1c 80201c1c       60     1                 claim_socket
80201c1e 80201c1e        0     1                 
80201c20 80201c20        0     1                 
80201c24 80201c24        0     1                 
80201c28 80201c28        0     1                 
80201c44 80201c44        0     1                 
80201c46 80201c46        0     1                 
80201c5a 80201c5a        0     1                 
80201c5c 80201c5c        0     1                 
80201c5e 80201c5e        0     1                 
80201c66 80201c66        0     1                 
80201c6c 80201c6c        0     1                 
80201c70 80201c70        0     1                 
80201c72 80201c72        0     1                 
80201c76 80201c76        0     1                 
80201c7c 80201c7c        0     1                 
80201c7c 80201c7c        0     1                 
80201c7c 80201c7c        0     1                 
80201c7c 80201c7c        0     1                 
80201c7c 80201c7c        0     1                 
80201c7c 80201c7c       42     1                 unclaim_rsocket
80201c7e 80201c7e        0     1                 
80201c80 80201c80        0     1                 
80201c84 80201c84        0     1                 
80201c88 80201c88        0     1                 
80201ca4 80201ca4        0     1                 
80201ca6 80201ca6        0     1                 
80201cb4 80201cb4        0     1                 
80201cb8 80201cb8        0     1                 
80201cbe 80201cbe        0     1                 
80201cbe 80201cbe        0     1                 
80201cbe 80201cbe        0     1                 
80201cbe 80201cbe        0     1                 
80201cbe 80201cbe        0     1                 
80201cbe 80201cbe       42     1                 unclaim_socket
80201cc0 80201cc0        0     1                 
80201cc2 80201cc2        0     1                 
80201cc6 80201cc6        0     1                 
80201cca 80201cca        0     1                 
80201ce6 80201ce6        0     1                 
80201ce8 80201ce8        0     1                 
80201cf6 80201cf6        0     1                 
80201cfa 80201cfa        0     1                 
80201d00 80201d00        0     1                 
80201d00 80201d00        0     1                 
80201d00 80201d00        0     1                 
80201d00 80201d00        0     1                 
80201d00 80201d00        0     1                 
80201d00 80201d00      13c     1                 find_free_rsocket
80201d02 80201d02        0     1                 
80201d02 80201d02        0     1                 
80201d04 80201d04        0     1                 
80201d0c 80201d0c        0     1                 
80201d0e 80201d0e        0     1                 
80201d10 80201d10        0     1                 
80201d10 80201d10        0     1                 
80201d14 80201d14        0     1                 
80201d1c 80201d1c        0     1                 
80201d22 80201d22        0     1                 
80201d26 80201d26        0     1                 
80201d2c 80201d2c        0     1                 
80201d30 80201d30        0     1                 
80201d38 80201d38        0     1                 
80201d3e 80201d3e        0     1                 
80201d42 80201d42        0     1                 
80201d48 80201d48        0     1                 
80201d4c 80201d4c        0     1                 
80201d54 80201d54        0     1                 
80201d5a 80201d5a        0     1                 
80201d5e 80201d5e        0     1                 
80201d64 80201d64        0     1                 
80201d68 80201d68        0     1                 
80201d70 80201d70        0     1                 
80201d76 80201d76        0     1                 
80201d7a 80201d7a        0     1                 
80201d80 80201d80        0     1                 
80201d84 80201d84        0     1                 
80201d88 80201d88        0     1                 
80201d8e 80201d8e        0     1                 
80201d92 80201d92        0     1                 
80201d92 80201d92        0     1                 
80201db0 80201db0        0     1                 
80201db2 80201db2        0     1                 
80201db2 80201db2        0     1                 
80201db4 80201db4        0     1                 
80201dbc 80201dbc        0     1                 
80201dc0 80201dc0        0     1                 
80201dc2 80201dc2        0     1                 
80201dc6 80201dc6        0     1                 
80201dc8 80201dc8        0     1                 
80201dd0 80201dd0        0     1                 
80201dd4 80201dd4        0     1                 
80201dd6 80201dd6        0     1                 
80201dda 80201dda        0     1                 
80201ddc 80201ddc        0     1                 
80201de4 80201de4        0     1                 
80201de8 80201de8        0     1                 
80201dea 80201dea        0     1                 
80201dee 80201dee        0     1                 
80201df0 80201df0        0     1                 
80201df8 80201df8        0     1                 
80201dfc 80201dfc        0     1                 
80201dfe 80201dfe        0     1                 
80201e02 80201e02        0     1                 
80201e04 80201e04        0     1                 
80201e08 80201e08        0     1                 
80201e0e 80201e0e        0     1                 
80201e10 80201e10        0     1                 
80201e10 80201e10        0     1                 
80201e16 80201e16        0     1                 
80201e1c 80201e1c        0     1                 
80201e3c 80201e3c        0     1                 
80201e3c 80201e3c        0     1                 
80201e3c 80201e3c        0     1                 
80201e3c 80201e3c        0     1                 
80201e3c 80201e3c        0     1                 
80201e3c 80201e3c      13c     1                 find_free_socket
80201e3e 80201e3e        0     1                 
80201e3e 80201e3e        0     1                 
80201e40 80201e40        0     1                 
80201e48 80201e48        0     1                 
80201e4a 80201e4a        0     1                 
80201e4c 80201e4c        0     1                 
80201e4c 80201e4c        0     1                 
80201e50 80201e50        0     1                 
80201e58 80201e58        0     1                 
80201e5e 80201e5e        0     1                 
80201e62 80201e62        0     1                 
80201e68 80201e68        0     1                 
80201e6c 80201e6c        0     1                 
80201e74 80201e74        0     1                 
80201e7a 80201e7a        0     1                 
80201e7e 80201e7e        0     1                 
80201e84 80201e84        0     1                 
80201e88 80201e88        0     1                 
80201e90 80201e90        0     1                 
80201e96 80201e96        0     1                 
80201e9a 80201e9a        0     1                 
80201ea0 80201ea0        0     1                 
80201ea4 80201ea4        0     1                 
80201eac 80201eac        0     1                 
80201eb2 80201eb2        0     1                 
80201eb6 80201eb6        0     1                 
80201ebc 80201ebc        0     1                 
80201ec0 80201ec0        0     1                 
80201ec4 80201ec4        0     1                 
80201eca 80201eca        0     1                 
80201ece 80201ece        0     1                 
80201ece 80201ece        0     1                 
80201eec 80201eec        0     1                 
80201eee 80201eee        0     1                 
80201eee 80201eee        0     1                 
80201ef0 80201ef0        0     1                 
80201ef8 80201ef8        0     1                 
80201efc 80201efc        0     1                 
80201efe 80201efe        0     1                 
80201f02 80201f02        0     1                 
80201f04 80201f04        0     1                 
80201f0c 80201f0c        0     1                 
80201f10 80201f10        0     1                 
80201f12 80201f12        0     1                 
80201f16 80201f16        0     1                 
80201f18 80201f18        0     1                 
80201f20 80201f20        0     1                 
80201f24 80201f24        0     1                 
80201f26 80201f26        0     1                 
80201f2a 80201f2a        0     1                 
80201f2c 80201f2c        0     1                 
80201f34 80201f34        0     1                 
80201f38 80201f38        0     1                 
80201f3a 80201f3a        0     1                 
80201f3e 80201f3e        0     1                 
80201f40 80201f40        0     1                 
80201f44 80201f44        0     1                 
80201f4a 80201f4a        0     1                 
80201f4c 80201f4c        0     1                 
80201f4c 80201f4c        0     1                 
80201f52 80201f52        0     1                 
80201f58 80201f58        0     1                 
80201f78 80201f78        0     1                 
80201f78 80201f78        0     1                 
80201f78 80201f78        0     1                 
80201f78 80201f78        0     1                 
80201f78 80201f78        0     1                 
80201f78 80201f78       5c     1                 info_rsocket
80201f7a 80201f7a        0     1                 
80201f7c 80201f7c        0     1                 
80201f80 80201f80        0     1                 
80201f84 80201f84        0     1                 
80201fa0 80201fa0        0     1                 
80201fa2 80201fa2        0     1                 
80201fb0 80201fb0        0     1                 
80201fb4 80201fb4        0     1                 
80201fb8 80201fb8        0     1                 
80201fba 80201fba        0     1                 
80201fbe 80201fbe        0     1                 
80201fc0 80201fc0        0     1                 
80201fc4 80201fc4        0     1                 
80201fc6 80201fc6        0     1                 
80201fca 80201fca        0     1                 
80201fcc 80201fcc        0     1                 
80201fce 80201fce        0     1                 
80201fd4 80201fd4        0     1                 
80201fd4 80201fd4        0     1                 
80201fd4 80201fd4        0     1                 
80201fd4 80201fd4        0     1                 
80201fd4 80201fd4        0     1                 
80201fd4 80201fd4       5c     1                 info_socket
80201fd6 80201fd6        0     1                 
80201fd8 80201fd8        0     1                 
80201fdc 80201fdc        0     1                 
80201fe0 80201fe0        0     1                 
80201ffc 80201ffc        0     1                 
80201ffe 80201ffe        0     1                 
8020200c 8020200c        0     1                 
80202010 80202010        0     1                 
80202014 80202014        0     1                 
80202016 80202016        0     1                 
8020201a 8020201a        0     1                 
8020201c 8020201c        0     1                 
80202020 80202020        0     1                 
80202022 80202022        0     1                 
80202026 80202026        0     1                 
80202028 80202028        0     1                 
8020202a 8020202a        0     1                 
80202030 80202030        0     1                 
80202030 80202030        0     1                 
80202030 80202030      a48     4 .rodata
80202030 80202030      93c     1         <internal>:(.rodata)
8020296c 8020296c       58     4         build/print_k.o:(.rodata)
8020296c 8020296c        0     1                 .LJTI0_0
802029c4 802029c4       58     4         build/str.o:(.rodata)
802029c4 802029c4        0     1                 .LJTI2_0
80202a1c 80202a1c       5c     4         build/trap_k.o:(.rodata)
80202a1c 80202a1c        0     1                 .LJTI0_0
80202a78 80202a78    26fb0     4 .data
80202a78 80202a78     9e70     1         bronx.o:(.data)
80202a78 80202a78        0     1                 _binary_bronx_bin_start
8020c8e8 8020c8e8        0     1                 _binary_bronx_bin_end
8020c8e8 8020c8e8     8240     1         init.o:(.data)
8020c8e8 8020c8e8        0     1                 _binary_init_bin_start
80214b28 80214b28        0     1                 _binary_init_bin_end
80214b28 80214b28     c5a0     1         snak.o:(.data)
80214b28 80214b28        0     1                 _binary_snak_bin_start
802210c8 802210c8        0     1                 _binary_snak_bin_end
802210c8 802210c8     8960     1         test.o:(.data)
802210c8 802210c8        0     1                 _binary_test_bin_start
80229a28 80229a28        0     1                 _binary_test_bin_end
80229a28 80229a28     5a14     4 .bss
80229a28 80229a28        0     1         __bss = .
80229a28 80229a28        4     4         build/memory.o:(.sbss)
80229a28 80229a28        4     1                 nextfreepageframe
80229a2c 80229a2c        8     4         build/pcb_k.o:(.sbss)
80229a2c 80229a2c        4     1                 currproc
80229a30 80229a30        4     1                 idleproc
80229a34 80229a34     30f0     4         build/pcb_k.o:(.bss)
80229a34 80229a34     30f0     1                 proclist
8022cb24 8022cb24       a0     4         build/app.o:(.bss)
8022cb24 8022cb24       a0     1                 app_list
8022cbc4 8022cbc4     2878     4         build/sockets.o:(.bss)
8022cbc4 8022cbc4       28     1                 rsockets
8022cbec 8022cbec       28     1                 rsocket_info
8022cc14 8022cc14     2800     1                 sockets
8022f414 8022f414       28     1                 socket_info
8022f43c 8022f43c        0     1         __bss_end = .
8022f43c 8022f43c        0     1 . = ALIGN ( 4 )
8022f43c 8022f43c    20000     1 . += 128 * 1024
8024f43c 8024f43c        0     1 __stack_top = .
8024f43c 8024f43c      bc4     1 . = ALIGN ( 4096 )
80250000 80250000        0     1 __free_ram_start = .
80250000 80250000  2000000     1 . += 32 * 1024 * 1024
82250000 82250000        0     1 __free_ram_end = .
       0        0      ec8     1 .debug_abbrev
       0        0      115     1         build/main.o:(.debug_abbrev)
     115      115      104     1         build/print_k.o:(.debug_abbrev)
     219      219      165     1         build/SBI.o:(.debug_abbrev)
     37e      37e       b9     1         build/mem.o:(.debug_abbrev)
     437      437      12c     1         build/str.o:(.debug_abbrev)
     563      563      113     1         build/oa.o:(.debug_abbrev)
     676      676      16a     1         build/memory.o:(.debug_abbrev)
     7e0      7e0      1d3     1         build/trap_k.o:(.debug_abbrev)
     9b3      9b3      163     1         build/pcb_k.o:(.debug_abbrev)
     b16      b16      172     1         build/program_k.o:(.debug_abbrev)
     c88      c88      133     1         build/app.o:(.debug_abbrev)
     dbb      dbb      10d     1         build/sockets.o:(.debug_abbrev)
       0        0     1c8c     1 .debug_info
       0        0      1cb     1         build/main.o:(.debug_info)
     1cb      1cb      1e5     1         build/print_k.o:(.debug_info)
     3b0      3b0      3e6     1         build/SBI.o:(.debug_info)
     796      796       d9     1         build/mem.o:(.debug_info)
     86f      86f      1f5     1         build/str.o:(.debug_info)
     a64      a64      184     1         build/oa.o:(.debug_info)
     be8      be8      279     1         build/memory.o:(.debug_info)
     e61      e61      49d     1         build/trap_k.o:(.debug_info)
    12fe     12fe      286     1         build/pcb_k.o:(.debug_info)
    1584     1584      1e9     1         build/program_k.o:(.debug_info)
    176d     176d      25a     1         build/app.o:(.debug_info)
    19c7     19c7      2c5     1         build/sockets.o:(.debug_info)
       0        0      185     1 .debug_rnglists
       0        0       18     1         build/main.o:(.debug_rnglists)
       c        c        0     1                 
      18       18       57     1         build/print_k.o:(.debug_rnglists)
      24       24        0     1                 
      6f       6f       66     1         build/str.o:(.debug_rnglists)
      7b       7b        0     1                 
      d5       d5       1b     1         build/oa.o:(.debug_rnglists)
      e1       e1        0     1                 
      f0       f0       5b     1         build/pcb_k.o:(.debug_rnglists)
      fc       fc        0     1                 
     14b      14b       20     1         build/program_k.o:(.debug_rnglists)
     157      157        0     1                 
     16b      16b       1a     1         build/app.o:(.debug_rnglists)
     177      177        0     1                 
       0        0      7a0     1 .debug_str_offsets
       0        0       88     1         build/main.o:(.debug_str_offsets)
       8        8        0     1                 
      88       88       68     1         build/print_k.o:(.debug_str_offsets)
      90       90        0     1                 
      f0       f0       94     1         build/SBI.o:(.debug_str_offsets)
      f8       f8        0     1                 
     184      184       58     1         build/mem.o:(.debug_str_offsets)
     18c      18c        0     1                 
     1dc      1dc       88     1         build/str.o:(.debug_str_offsets)
     1e4      1e4        0     1                 
     264      264       50     1         build/oa.o:(.debug_str_offsets)
     26c      26c        0     1                 
     2b4      2b4       a8     1         build/memory.o:(.debug_str_offsets)
     2bc      2bc        0     1                 
     35c      35c      19c     1         build/trap_k.o:(.debug_str_offsets)
     364      364        0     1                 
     4f8      4f8       cc     1         build/pcb_k.o:(.debug_str_offsets)
     500      500        0     1                 
     5c4      5c4       98     1         build/program_k.o:(.debug_str_offsets)
     5cc      5cc        0     1                 
     65c      65c       a8     1         build/app.o:(.debug_str_offsets)
     664      664        0     1                 
     704      704       9c     1         build/sockets.o:(.debug_str_offsets)
     70c      70c        0     1                 
       0        0      7e8     1 .debug_str
       0        0      7e8     1         <internal>:(.debug_str)
       0        0      394     1 .debug_addr
       0        0       5c     1         build/main.o:(.debug_addr)
       8        8        0     1                 
      5c       5c       50     1         build/print_k.o:(.debug_addr)
      64       64        0     1                 
      ac       ac       38     1         build/SBI.o:(.debug_addr)
      b4       b4        0     1                 
      e4       e4       10     1         build/mem.o:(.debug_addr)
      ec       ec        0     1                 
      f4       f4       24     1         build/str.o:(.debug_addr)
      fc       fc        0     1                 
     118      118       20     1         build/oa.o:(.debug_addr)
     120      120        0     1                 
     138      138       5c     1         build/memory.o:(.debug_addr)
     140      140        0     1                 
     194      194       88     1         build/trap_k.o:(.debug_addr)
     19c      19c        0     1                 
     21c      21c       54     1         build/pcb_k.o:(.debug_addr)
     224      224        0     1                 
     270      270       38     1         build/program_k.o:(.debug_addr)
     278      278        0     1                 
     2a8      2a8       5c     1         build/app.o:(.debug_addr)
     2b0      2b0        0     1                 
     304      304       90     1         build/sockets.o:(.debug_addr)
     30c      30c        0     1                 
       0        0       42     1 .comment
       0        0       42     1         <internal>:(.comment)
       0        0       2b     1 .riscv.attributes
       0        0       2b     1         build/main.o:(.riscv.attributes)
       0        0      50c     4 .debug_frame
       0        0       54     4         build/main.o:(.debug_frame)
       0        0        0     1                 
      54       54       44     4         build/print_k.o:(.debug_frame)
      54       54        0     1                 
      98       98       64     4         build/SBI.o:(.debug_frame)
      98       98        0     1                 
      fc       fc       34     4         build/mem.o:(.debug_frame)
      fc       fc        0     1                 
     130      130       64     4         build/str.o:(.debug_frame)
     130      130        0     1                 
     194      194       3c     4         build/oa.o:(.debug_frame)
     194      194        0     1                 
     1d0      1d0       70     4         build/memory.o:(.debug_frame)
     1d0      1d0        0     1                 
     240      240       54     4         build/trap_k.o:(.debug_frame)
     240      240        0     1                 
     294      294       64     4         build/pcb_k.o:(.debug_frame)
     294      294        0     1                 
     2f8      2f8       68     4         build/program_k.o:(.debug_frame)
     2f8      2f8        0     1                 
     360      360       78     4         build/app.o:(.debug_frame)
     360      360        0     1                 
     3d8      3d8      134     4         build/sockets.o:(.debug_frame)
     3d8      3d8        0     1                 
       0        0     281f     1 .debug_line
       0        0      1b3     1         build/main.o:(.debug_line)
       0        0        0     1                 .Lline_table_start0
     1b3      1b3      2d0     1         build/print_k.o:(.debug_line)
     1b3      1b3        0     1                 .Lline_table_start0
     483      483      146     1         build/SBI.o:(.debug_line)
     483      483        0     1                 .Lline_table_start0
     5c9      5c9       f6     1         build/mem.o:(.debug_line)
     5c9      5c9        0     1                 .Lline_table_start0
     6bf      6bf      3f0     1         build/str.o:(.debug_line)
     6bf      6bf        0     1                 .Lline_table_start0
     aaf      aaf      25a     1         build/oa.o:(.debug_line)
     aaf      aaf        0     1                 .Lline_table_start0
     d09      d09      2e1     1         build/memory.o:(.debug_line)
     d09      d09        0     1                 .Lline_table_start0
     fea      fea      3c2     1         build/trap_k.o:(.debug_line)
     fea      fea        0     1                 .Lline_table_start0
    13ac     13ac      439     1         build/pcb_k.o:(.debug_line)
    13ac     13ac        0     1                 .Lline_table_start0
    17e5     17e5      50b     1         build/program_k.o:(.debug_line)
    17e5     17e5        0     1                 .Lline_table_start0
    1cf0     1cf0      38c     1         build/app.o:(.debug_line)
    1cf0     1cf0        0     1                 .Lline_table_start0
    207c     207c      7a3     1         build/sockets.o:(.debug_line)
    207c     207c        0     1                 .Lline_table_start0
       0        0       e8     1 .debug_line_str
       0        0       e8     1         <internal>:(.debug_line_str)
       0        0     1404     1 .debug_loclists
       0        0      115     1         build/print_k.o:(.debug_loclists)
       c        c        0     1                 
     115      115      10c     1         build/SBI.o:(.debug_loclists)
     121      121        0     1                 
     221      221       66     1         build/mem.o:(.debug_loclists)
     22d      22d        0     1                 
     287      287      1a1     1         build/str.o:(.debug_loclists)
     293      293        0     1                 
     428      428      19a     1         build/oa.o:(.debug_loclists)
     434      434        0     1                 
     5c2      5c2      1b4     1         build/memory.o:(.debug_loclists)
     5ce      5ce        0     1                 
     776      776      231     1         build/trap_k.o:(.debug_loclists)
     782      782        0     1                 
     9a7      9a7      173     1         build/pcb_k.o:(.debug_loclists)
     9b3      9b3        0     1                 
     b1a      b1a      171     1         build/program_k.o:(.debug_loclists)
     b26      b26        0     1                 
     c8b      c8b      44c     1         build/app.o:(.debug_loclists)
     c97      c97        0     1                 
    10d7     10d7      32d     1         build/sockets.o:(.debug_loclists)
    10e3     10e3        0     1                 
       0        0     8280     4 .symtab
       0        0     8280     4         <internal>:(.symtab)
       0        0       dc     1 .shstrtab
       0        0       dc     1         <internal>:(.shstrtab)
       0        0      661     1 .strtab
       0        0      661     1         <internal>:(.strtab)
