     VMA      LMA     Size Align Out     In      Symbol
       0        0 80200000     1 . = 0x80200000
80200000        0        0     1 __kernel_base = .
80200000 80200000     1998     4 .text
80200000 80200000        e     2         build/main.o:(.text.boot)
80200000 80200000        0     1                 
80200000 80200000        0     1                 
80200000 80200000        0     1                 
80200000 80200000        0     1                 
80200000 80200000        e     1                 boot
8020000e 8020000e        0     1                 
8020000e 8020000e        0     1                 
80200010 80200010      62c     4         build/main.o:(.text)
80200010 80200010        0     1                 
80200010 80200010        0     1                 
80200010 80200010        0     1                 
80200010 80200010       d8     1                 kernel_bootstrap
80200012 80200012        0     1                 
80200012 80200012        0     1                 
80200014 80200014        0     1                 
80200024 80200024        0     1                 
80200024 80200024        0     1                 
80200034 80200034        0     1                 
80200034 80200034        0     1                 
80200052 80200052        0     1                 
80200052 80200052        0     1                 
80200062 80200062        0     1                 
80200062 80200062        0     1                 
8020006e 8020006e        0     1                 
8020007e 8020007e        0     1                 
8020007e 8020007e        0     1                 
80200086 80200086        0     1                 
80200086 80200086        0     1                 
802000a6 802000a6        0     1                 
802000a6 802000a6        0     1                 
802000b6 802000b6        0     1                 
802000b6 802000b6        0     1                 
802000c2 802000c2        0     1                 
802000c2 802000c2        0     1                 
802000ca 802000ca        0     1                 
802000ce 802000ce        0     1                 
802000d6 802000d6        0     1                 
802000da 802000da        0     1                 
802000e0 802000e0        0     1                 
802000e8 802000e8        0     1                 
802000e8 802000e8        0     1                 
802000e8 802000e8        0     1                 
802000e8 802000e8        0     1                 
802000e8 802000e8        0     1                 
802000e8 802000e8       22     1                 k_sleep
802000ee 802000ee        0     1                 
802000f2 802000f2        0     1                 
802000f4 802000f4        0     1                 
802000f6 802000f6        0     1                 
802000fe 802000fe        0     1                 
80200102 80200102        0     1                 
80200104 80200104        0     1                 
80200106 80200106        0     1                 
80200108 80200108        0     1                 
8020010a 8020010a        0     1                 
8020010a 8020010a        0     1                 
8020010a 8020010a        0     1                 
8020010a 8020010a        0     1                 
8020010a 8020010a        0     1                 
8020010a 8020010a      176     1                 k_sp
8020010c 8020010c        0     1                 
8020010c 8020010c        0     1                 
80200110 80200110        0     1                 
80200120 80200120        0     1                 
80200120 80200120        0     1                 
80200128 80200128        0     1                 
80200128 80200128        0     1                 
8020012a 8020012a        0     1                 
8020012c 8020012c        0     1                 
8020012e 8020012e        0     1                 
80200140 80200140        0     1                 
80200140 80200140        0     1                 
80200154 80200154        0     1                 
80200154 80200154        0     1                 
80200156 80200156        0     1                 
80200168 80200168        0     1                 
80200168 80200168        0     1                 
80200170 80200170        0     1                 
80200174 80200174        0     1                 
80200176 80200176        0     1                 
8020017a 8020017a        0     1                 
8020018c 8020018c        0     1                 
8020018c 8020018c        0     1                 
802001a2 802001a2        0     1                 
802001a2 802001a2        0     1                 
802001a4 802001a4        0     1                 
802001b6 802001b6        0     1                 
802001b6 802001b6        0     1                 
802001c2 802001c2        0     1                 
802001c6 802001c6        0     1                 
802001c8 802001c8        0     1                 
802001cc 802001cc        0     1                 
802001d0 802001d0        0     1                 
802001e2 802001e2        0     1                 
802001e2 802001e2        0     1                 
802001fc 802001fc        0     1                 
802001fc 802001fc        0     1                 
802001fe 802001fe        0     1                 
80200210 80200210        0     1                 
80200210 80200210        0     1                 
8020021c 8020021c        0     1                 
80200220 80200220        0     1                 
80200222 80200222        0     1                 
80200226 80200226        0     1                 
8020022a 8020022a        0     1                 
8020023c 8020023c        0     1                 
8020023c 8020023c        0     1                 
80200256 80200256        0     1                 
80200256 80200256        0     1                 
80200258 80200258        0     1                 
8020026a 8020026a        0     1                 
8020026a 8020026a        0     1                 
80200278 80200278        0     1                 
80200280 80200280        0     1                 
80200280 80200280        0     1                 
80200280 80200280        0     1                 
80200280 80200280        0     1                 
80200280 80200280        0     1                 
80200280 80200280      1d8     1                 proc0
80200282 80200282        0     1                 
80200282 80200282        0     1                 
80200286 80200286        0     1                 
8020028e 8020028e        0     1                 
80200290 80200290        0     1                 
802002a0 802002a0        0     1                 
802002a0 802002a0        0     1                 
802002a4 802002a4        0     1                 
802002a6 802002a6        0     1                 
802002b8 802002b8        0     1                 
802002b8 802002b8        0     1                 
802002c0 802002c0        0     1                 
802002c0 802002c0        0     1                 
802002c8 802002c8        0     1                 
802002ca 802002ca        0     1                 
802002cc 802002cc        0     1                 
802002ce 802002ce        0     1                 
802002d6 802002d6        0     1                 
802002d8 802002d8        0     1                 
802002ea 802002ea        0     1                 
802002ea 802002ea        0     1                 
802002f2 802002f2        0     1                 
802002f2 802002f2        0     1                 
802002fa 802002fa        0     1                 
802002fc 802002fc        0     1                 
802002fe 802002fe        0     1                 
80200300 80200300        0     1                 
80200308 80200308        0     1                 
8020030a 8020030a        0     1                 
8020031c 8020031c        0     1                 
8020031c 8020031c        0     1                 
80200324 80200324        0     1                 
80200324 80200324        0     1                 
8020032c 8020032c        0     1                 
8020032e 8020032e        0     1                 
80200330 80200330        0     1                 
80200332 80200332        0     1                 
8020033a 8020033a        0     1                 
8020033c 8020033c        0     1                 
8020034e 8020034e        0     1                 
8020034e 8020034e        0     1                 
80200356 80200356        0     1                 
80200356 80200356        0     1                 
8020035e 8020035e        0     1                 
80200360 80200360        0     1                 
80200362 80200362        0     1                 
80200364 80200364        0     1                 
8020036c 8020036c        0     1                 
8020036e 8020036e        0     1                 
80200380 80200380        0     1                 
80200380 80200380        0     1                 
80200388 80200388        0     1                 
80200388 80200388        0     1                 
80200390 80200390        0     1                 
80200392 80200392        0     1                 
80200394 80200394        0     1                 
80200396 80200396        0     1                 
8020039e 8020039e        0     1                 
802003a0 802003a0        0     1                 
802003b2 802003b2        0     1                 
802003b2 802003b2        0     1                 
802003ba 802003ba        0     1                 
802003ba 802003ba        0     1                 
802003c2 802003c2        0     1                 
802003c4 802003c4        0     1                 
802003c6 802003c6        0     1                 
802003c8 802003c8        0     1                 
802003d0 802003d0        0     1                 
802003d2 802003d2        0     1                 
802003e4 802003e4        0     1                 
802003e4 802003e4        0     1                 
802003ec 802003ec        0     1                 
802003ec 802003ec        0     1                 
802003f4 802003f4        0     1                 
802003f6 802003f6        0     1                 
802003f8 802003f8        0     1                 
802003fa 802003fa        0     1                 
80200402 80200402        0     1                 
80200404 80200404        0     1                 
80200416 80200416        0     1                 
80200416 80200416        0     1                 
8020041e 8020041e        0     1                 
8020041e 8020041e        0     1                 
80200426 80200426        0     1                 
80200428 80200428        0     1                 
8020042a 8020042a        0     1                 
8020042c 8020042c        0     1                 
8020042c 8020042c        0     1                 
8020044a 8020044a        0     1                 
80200450 80200450        0     1                 
80200458 80200458        0     1                 
80200458 80200458        0     1                 
80200458 80200458        0     1                 
80200458 80200458        0     1                 
80200458 80200458        0     1                 
80200458 80200458      110     1                 proc1
8020045a 8020045a        0     1                 
8020045a 8020045a        0     1                 
8020045e 8020045e        0     1                 
80200466 80200466        0     1                 
80200468 80200468        0     1                 
80200478 80200478        0     1                 
80200478 80200478        0     1                 
8020047c 8020047c        0     1                 
8020047e 8020047e        0     1                 
80200490 80200490        0     1                 
80200490 80200490        0     1                 
80200498 80200498        0     1                 
80200498 80200498        0     1                 
802004a0 802004a0        0     1                 
802004a2 802004a2        0     1                 
802004a4 802004a4        0     1                 
802004a6 802004a6        0     1                 
802004ae 802004ae        0     1                 
802004b0 802004b0        0     1                 
802004c2 802004c2        0     1                 
802004c2 802004c2        0     1                 
802004ca 802004ca        0     1                 
802004ca 802004ca        0     1                 
802004d2 802004d2        0     1                 
802004d4 802004d4        0     1                 
802004d6 802004d6        0     1                 
802004d8 802004d8        0     1                 
802004e0 802004e0        0     1                 
802004e2 802004e2        0     1                 
802004f4 802004f4        0     1                 
802004f4 802004f4        0     1                 
802004fc 802004fc        0     1                 
802004fc 802004fc        0     1                 
80200504 80200504        0     1                 
80200506 80200506        0     1                 
80200508 80200508        0     1                 
8020050a 8020050a        0     1                 
80200512 80200512        0     1                 
80200514 80200514        0     1                 
80200526 80200526        0     1                 
80200526 80200526        0     1                 
8020052e 8020052e        0     1                 
8020052e 8020052e        0     1                 
80200536 80200536        0     1                 
80200538 80200538        0     1                 
8020053a 8020053a        0     1                 
8020053c 8020053c        0     1                 
8020053c 8020053c        0     1                 
8020055a 8020055a        0     1                 
80200560 80200560        0     1                 
80200568 80200568        0     1                 
80200568 80200568        0     1                 
80200568 80200568        0     1                 
80200568 80200568        0     1                 
80200568 80200568        0     1                 
80200568 80200568       82     1                 MNU_init
8020056a 8020056a        0     1                 
8020056a 8020056a        0     1                 
80200570 80200570        0     1                 
80200580 80200580        0     1                 
80200580 80200580        0     1                 
80200588 80200588        0     1                 
8020058a 8020058a        0     1                 
8020058e 8020058e        0     1                 
80200592 80200592        0     1                 
80200596 80200596        0     1                 
802005a6 802005a6        0     1                 
802005a6 802005a6        0     1                 
802005b8 802005b8        0     1                 
802005b8 802005b8        0     1                 
802005ca 802005ca        0     1                 
802005ca 802005ca        0     1                 
802005d2 802005d2        0     1                 
802005e2 802005e2        0     1                 
802005ea 802005ea        0     1                 
802005ea 802005ea        0     1                 
802005ea 802005ea        0     1                 
802005ea 802005ea        0     1                 
802005ea 802005ea        0     1                 
802005ea 802005ea       52     1                 kernel_main
802005ec 802005ec        0     1                 
802005ec 802005ec        0     1                 
802005ee 802005ee        0     1                 
802005f6 802005f6        0     1                 
802005f6 802005f6        0     1                 
8020060e 8020060e        0     1                 
8020060e 8020060e        0     1                 
80200616 80200616        0     1                 
80200616 80200616        0     1                 
8020063a 8020063a        0     1                 
8020063c 8020063c        0     1                 
8020063c 8020063c        0     1                 
8020063c 8020063c      2ec     4         build/print_k.o:(.text)
8020063c 8020063c        0     1                 
8020063c 8020063c        0     1                 
8020063c 8020063c        0     1                 
8020063c 8020063c      2ec     1                 k_printf
8020063e 8020063e        0     1                 
80200658 80200658        0     1                 
80200674 80200674        0     1                 
80200692 80200692        0     1                 
802006b2 802006b2        0     1                 
802006b6 802006b6        0     1                 
802006be 802006be        0     1                 
802006c6 802006c6        0     1                 
802006c6 802006c6        0     1                 
802006c8 802006c8        0     1                 
802006d0 802006d0        0     1                 
802006d4 802006d4        0     1                 
802006dc 802006dc        0     1                 
802006e6 802006e6        0     1                 .LBB0_6
802006e6 802006e6        0     1                 
802006e6 802006e6        0     1                 
80200706 80200706        0     1                 
80200706 80200706        0     1                 
8020070a 8020070a        0     1                 .LBB0_9
8020070a 8020070a        0     1                 
80200716 80200716        0     1                 
80200716 80200716        0     1                 
8020071c 8020071c        0     1                 .LBB0_10
8020071c 8020071c        0     1                 
80200730 80200730        0     1                 .LBB0_12
80200730 80200730        0     1                 
8020073c 8020073c        0     1                 
8020073c 8020073c        0     1                 
80200748 80200748        0     1                 
80200748 80200748        0     1                 
80200764 80200764        0     1                 .LBB0_14
80200764 80200764        0     1                 
80200780 80200780        0     1                 
80200782 80200782        0     1                 
80200786 80200786        0     1                 .LBB0_16
80200786 80200786        0     1                 
8020079e 8020079e        0     1                 .LBB0_18
8020079e 8020079e        0     1                 
802007ba 802007ba        0     1                 
802007c8 802007c8        0     1                 
802007cc 802007cc        0     1                 
802007d8 802007d8        0     1                 
802007d8 802007d8        0     1                 
802007dc 802007dc        0     1                 
802007e6 802007e6        0     1                 
802007ea 802007ea        0     1                 
802007ec 802007ec        0     1                 
802007f8 802007f8        0     1                 
802007f8 802007f8        0     1                 
802007fc 802007fc        0     1                 
80200800 80200800        0     1                 
80200800 80200800        0     1                 
8020080e 8020080e        0     1                 
8020081a 8020081a        0     1                 
8020081a 8020081a        0     1                 
8020081e 8020081e        0     1                 
80200822 80200822        0     1                 
80200826 80200826        0     1                 
80200828 80200828        0     1                 
80200834 80200834        0     1                 
80200834 80200834        0     1                 
80200838 80200838        0     1                 
8020083c 8020083c        0     1                 
8020083c 8020083c        0     1                 
80200846 80200846        0     1                 
80200848 80200848        0     1                 
8020084a 8020084a        0     1                 
80200850 80200850        0     1                 
80200858 80200858        0     1                 
80200864 80200864        0     1                 
80200864 80200864        0     1                 
80200868 80200868        0     1                 
8020086c 8020086c        0     1                 
80200874 80200874        0     1                 
80200880 80200880        0     1                 
80200880 80200880        0     1                 
80200884 80200884        0     1                 
8020088c 8020088c        0     1                 
80200890 80200890        0     1                 
80200892 80200892        0     1                 
8020089e 8020089e        0     1                 
8020089e 8020089e        0     1                 
802008a2 802008a2        0     1                 
802008a6 802008a6        0     1                 
802008a6 802008a6        0     1                 
802008b2 802008b2        0     1                 
802008be 802008be        0     1                 
802008be 802008be        0     1                 
802008ca 802008ca        0     1                 
802008ca 802008ca        0     1                 
802008d8 802008d8        0     1                 
802008d8 802008d8        0     1                 
802008dc 802008dc        0     1                 
802008e2 802008e2        0     1                 
802008e6 802008e6        0     1                 
802008e8 802008e8        0     1                 
802008f4 802008f4        0     1                 
802008f4 802008f4        0     1                 
802008f8 802008f8        0     1                 
802008fc 802008fc        0     1                 
802008fc 802008fc        0     1                 
8020090a 8020090a        0     1                 
80200928 80200928        0     1                 
80200928 80200928        0     1                 
80200928 80200928       8e     4         build/SBI.o:(.text)
80200928 80200928        0     1                 
80200928 80200928        0     1                 
80200928 80200928        0     1                 
80200928 80200928       14     1                 sbi_call
8020092c 8020092c        0     1                 
80200930 80200930        0     1                 
80200936 80200936        0     1                 
8020093c 8020093c        0     1                 
8020093c 8020093c        0     1                 
8020093c 8020093c        0     1                 
8020093c 8020093c        0     1                 
8020093c 8020093c        0     1                 
8020093c 8020093c       1c     1                 k_putchar
8020093e 8020093e        0     1                 
8020093e 8020093e        0     1                 
80200950 80200950        0     1                 
80200956 80200956        0     1                 
80200956 80200956        0     1                 
80200958 80200958        0     1                 
80200958 80200958        0     1                 
80200958 80200958        0     1                 
80200958 80200958        0     1                 
80200958 80200958        0     1                 
80200958 80200958       5e     1                 k_readchar
8020095a 8020095a        0     1                 
8020095a 8020095a        0     1                 
8020095c 8020095c        0     1                 
80200964 80200964        0     1                 
80200968 80200968        0     1                 
8020096a 8020096a        0     1                 
8020096e 8020096e        0     1                 
8020097e 8020097e        0     1                 
8020097e 8020097e        0     1                 
80200984 80200984        0     1                 
802009a8 802009a8        0     1                 
802009aa 802009aa        0     1                 
802009ac 802009ac        0     1                 
802009b6 802009b6        0     1                 
802009b6 802009b6        0     1                 
802009b8 802009b8       28     4         build/mem.o:(.text)
802009b8 802009b8        0     1                 
802009b8 802009b8        0     1                 
802009b8 802009b8        0     1                 
802009b8 802009b8        0     1                 
802009b8 802009b8       14     1                 memset
802009ba 802009ba        0     1                 
802009bc 802009bc        0     1                 
802009be 802009be        0     1                 
802009c2 802009c2        0     1                 
802009c6 802009c6        0     1                 
802009c8 802009c8        0     1                 
802009ca 802009ca        0     1                 
802009cc 802009cc        0     1                 
802009cc 802009cc        0     1                 
802009cc 802009cc        0     1                 
802009cc 802009cc        0     1                 
802009cc 802009cc        0     1                 
802009cc 802009cc        0     1                 
802009cc 802009cc       14     1                 k_memcpy
802009ce 802009ce        0     1                 
802009d2 802009d2        0     1                 
802009d6 802009d6        0     1                 
802009d8 802009d8        0     1                 
802009da 802009da        0     1                 
802009dc 802009dc        0     1                 
802009de 802009de        0     1                 
802009de 802009de        0     1                 
802009e0 802009e0        0     1                 
802009e0 802009e0        0     1                 
802009e0 802009e0      29e     4         build/str.o:(.text)
802009e0 802009e0        0     1                 
802009e0 802009e0        0     1                 
802009e0 802009e0        0     1                 
802009e0 802009e0        0     1                 
802009e0 802009e0       28     1                 k_strncpy
802009e2 802009e2        0     1                 
802009e4 802009e4        0     1                 
802009ec 802009ec        0     1                 
802009ee 802009ee        0     1                 
802009f2 802009f2        0     1                 
802009f4 802009f4        0     1                 
802009f8 802009f8        0     1                 
802009fc 802009fc        0     1                 
80200a00 80200a00        0     1                 
80200a06 80200a06        0     1                 
80200a08 80200a08        0     1                 
80200a08 80200a08        0     1                 
80200a08 80200a08        0     1                 
80200a08 80200a08        0     1                 
80200a08 80200a08        0     1                 
80200a08 80200a08        0     1                 
80200a08 80200a08       2e     1                 k_strcmp
80200a0c 80200a0c        0     1                 
80200a0e 80200a0e        0     1                 
80200a10 80200a10        0     1                 
80200a14 80200a14        0     1                 
80200a16 80200a16        0     1                 
80200a1a 80200a1a        0     1                 
80200a1e 80200a1e        0     1                 
80200a22 80200a22        0     1                 
80200a24 80200a24        0     1                 
80200a28 80200a28        0     1                 
80200a2a 80200a2a        0     1                 
80200a2e 80200a2e        0     1                 
80200a32 80200a32        0     1                 
80200a34 80200a34        0     1                 
80200a36 80200a36        0     1                 
80200a36 80200a36        0     1                 
80200a36 80200a36        0     1                 
80200a36 80200a36        0     1                 
80200a36 80200a36        0     1                 
80200a36 80200a36      248     1                 k_sprintf
80200a38 80200a38        0     1                 
80200a50 80200a50        0     1                 
80200a60 80200a60        0     1                 
80200a7e 80200a7e        0     1                 
80200a80 80200a80        0     1                 
80200aaa 80200aaa        0     1                 
80200aac 80200aac        0     1                 
80200ab0 80200ab0        0     1                 
80200ab8 80200ab8        0     1                 
80200abe 80200abe        0     1                 
80200ac2 80200ac2        0     1                 
80200ac6 80200ac6        0     1                 
80200ace 80200ace        0     1                 
80200ad8 80200ad8        0     1                 .LBB2_7
80200ad8 80200ad8        0     1                 
80200aec 80200aec        0     1                 
80200af0 80200af0        0     1                 
80200af6 80200af6        0     1                 .LBB2_11
80200af6 80200af6        0     1                 
80200afa 80200afa        0     1                 
80200b04 80200b04        0     1                 
80200b0a 80200b0a        0     1                 .LBB2_12
80200b0a 80200b0a        0     1                 
80200b1e 80200b1e        0     1                 .LBB2_14
80200b1e 80200b1e        0     1                 
80200b26 80200b26        0     1                 
80200b3a 80200b3a        0     1                 .LBB2_16
80200b3a 80200b3a        0     1                 
80200b4c 80200b4c        0     1                 
80200b4e 80200b4e        0     1                 
80200b52 80200b52        0     1                 .LBB2_18
80200b52 80200b52        0     1                 
80200b66 80200b66        0     1                 .LBB2_20
80200b66 80200b66        0     1                 
80200b7a 80200b7a        0     1                 
80200b7c 80200b7c        0     1                 
80200b80 80200b80        0     1                 
80200b8a 80200b8a        0     1                 
80200b96 80200b96        0     1                 
80200b96 80200b96        0     1                 
80200b9c 80200b9c        0     1                 
80200b9e 80200b9e        0     1                 
80200ba0 80200ba0        0     1                 
80200ba4 80200ba4        0     1                 
80200ba8 80200ba8        0     1                 
80200baa 80200baa        0     1                 
80200bb0 80200bb0        0     1                 
80200bb0 80200bb0        0     1                 
80200bb4 80200bb4        0     1                 
80200bc0 80200bc0        0     1                 
80200bc0 80200bc0        0     1                 
80200bc6 80200bc6        0     1                 
80200bca 80200bca        0     1                 
80200bcc 80200bcc        0     1                 
80200bd0 80200bd0        0     1                 
80200bd4 80200bd4        0     1                 
80200bd6 80200bd6        0     1                 
80200bdc 80200bdc        0     1                 
80200bdc 80200bdc        0     1                 
80200be0 80200be0        0     1                 
80200be2 80200be2        0     1                 
80200be4 80200be4        0     1                 
80200bea 80200bea        0     1                 
80200bf0 80200bf0        0     1                 
80200bf4 80200bf4        0     1                 
80200bf8 80200bf8        0     1                 
80200bfa 80200bfa        0     1                 
80200c00 80200c00        0     1                 
80200c02 80200c02        0     1                 
80200c0e 80200c0e        0     1                 
80200c0e 80200c0e        0     1                 
80200c14 80200c14        0     1                 
80200c18 80200c18        0     1                 
80200c1a 80200c1a        0     1                 
80200c1e 80200c1e        0     1                 
80200c22 80200c22        0     1                 
80200c24 80200c24        0     1                 
80200c2a 80200c2a        0     1                 
80200c2a 80200c2a        0     1                 
80200c2c 80200c2c        0     1                 
80200c36 80200c36        0     1                 
80200c42 80200c42        0     1                 
80200c42 80200c42        0     1                 
80200c48 80200c48        0     1                 
80200c4c 80200c4c        0     1                 
80200c4e 80200c4e        0     1                 
80200c52 80200c52        0     1                 
80200c56 80200c56        0     1                 
80200c58 80200c58        0     1                 
80200c5e 80200c5e        0     1                 
80200c5e 80200c5e        0     1                 
80200c62 80200c62        0     1                 
80200c7e 80200c7e        0     1                 
80200c7e 80200c7e        0     1                 
80200c80 80200c80      176     4         build/oa.o:(.text)
80200c80 80200c80        0     1                 
80200c80 80200c80        0     1                 
80200c80 80200c80        0     1                 
80200c80 80200c80       7a     1                 utoa
80200c82 80200c82        0     1                 
80200c82 80200c82        0     1                 
80200c84 80200c84        0     1                 
80200c8c 80200c8c        0     1                 
80200c8e 80200c8e        0     1                 
80200c92 80200c92        0     1                 
80200c98 80200c98        0     1                 
80200c9a 80200c9a        0     1                 
80200c9e 80200c9e        0     1                 
80200ca0 80200ca0        0     1                 
80200cac 80200cac        0     1                 
80200cba 80200cba        0     1                 
80200cba 80200cba        0     1                 
80200ccc 80200ccc        0     1                 
80200cd4 80200cd4        0     1                 
80200cd8 80200cd8        0     1                 
80200cde 80200cde        0     1                 
80200ce4 80200ce4        0     1                 
80200ce4 80200ce4        0     1                 
80200ce8 80200ce8        0     1                 
80200cee 80200cee        0     1                 
80200cf6 80200cf6        0     1                 
80200cfa 80200cfa        0     1                 
80200cfa 80200cfa        0     1                 
80200cfa 80200cfa        0     1                 
80200cfa 80200cfa        0     1                 
80200cfa 80200cfa        0     1                 
80200cfa 80200cfa       fc     1                 itoa
80200cfc 80200cfc        0     1                 
80200cfe 80200cfe        0     1                 
80200d0a 80200d0a        0     1                 
80200d0e 80200d0e        0     1                 
80200d14 80200d14        0     1                 
80200d18 80200d18        0     1                 
80200d20 80200d20        0     1                 
80200d2a 80200d2a        0     1                 
80200d30 80200d30        0     1                 
80200d38 80200d38        0     1                 
80200d3c 80200d3c        0     1                 
80200d40 80200d40        0     1                 
80200d42 80200d42        0     1                 
80200d46 80200d46        0     1                 
80200d4a 80200d4a        0     1                 
80200d4e 80200d4e        0     1                 
80200d4e 80200d4e        0     1                 
80200d5c 80200d5c        0     1                 
80200d5e 80200d5e        0     1                 
80200d66 80200d66        0     1                 
80200d6a 80200d6a        0     1                 
80200d70 80200d70        0     1                 
80200d74 80200d74        0     1                 
80200d74 80200d74        0     1                 
80200d7a 80200d7a        0     1                 
80200d7a 80200d7a        0     1                 
80200d7c 80200d7c        0     1                 
80200d84 80200d84        0     1                 
80200d86 80200d86        0     1                 
80200d8a 80200d8a        0     1                 
80200d90 80200d90        0     1                 
80200d92 80200d92        0     1                 
80200d96 80200d96        0     1                 
80200d98 80200d98        0     1                 
80200da4 80200da4        0     1                 
80200db2 80200db2        0     1                 
80200db2 80200db2        0     1                 
80200dc4 80200dc4        0     1                 
80200dcc 80200dcc        0     1                 
80200dd0 80200dd0        0     1                 
80200dd6 80200dd6        0     1                 
80200ddc 80200ddc        0     1                 
80200ddc 80200ddc        0     1                 
80200de0 80200de0        0     1                 
80200de8 80200de8        0     1                 
80200dee 80200dee        0     1                 
80200df2 80200df2        0     1                 
80200df6 80200df6        0     1                 
80200df6 80200df6        0     1                 
80200df8 80200df8      1fa     4         build/memory.o:(.text)
80200df8 80200df8        0     1                 
80200df8 80200df8        0     1                 
80200df8 80200df8        0     1                 
80200df8 80200df8        0     1                 
80200df8 80200df8       12     1                 init_memory
80200e08 80200e08        0     1                 
80200e0a 80200e0a        0     1                 
80200e0a 80200e0a        0     1                 
80200e0a 80200e0a        0     1                 
80200e0a 80200e0a        0     1                 
80200e0a 80200e0a        0     1                 
80200e0a 80200e0a       60     1                 pageframalloc
80200e0c 80200e0c        0     1                 
80200e0c 80200e0c        0     1                 
80200e10 80200e10        0     1                 
80200e18 80200e18        0     1                 
80200e1c 80200e1c        0     1                 
80200e20 80200e20        0     1                 
80200e28 80200e28        0     1                 
80200e2c 80200e2c        0     1                 
80200e30 80200e30        0     1                 
80200e52 80200e52        0     1                 
80200e54 80200e54        0     1                 
80200e60 80200e60        0     1                 
80200e60 80200e60        0     1                 
80200e6a 80200e6a        0     1                 
80200e6a 80200e6a        0     1                 
80200e6a 80200e6a        0     1                 
80200e6a 80200e6a        0     1                 
80200e6a 80200e6a        0     1                 
80200e6a 80200e6a      188     1                 add_ptbl_entry
80200e6c 80200e6c        0     1                 
80200e7a 80200e7a        0     1                 
80200e82 80200e82        0     1                 
80200e8a 80200e8a        0     1                 
80200e9a 80200e9a        0     1                 
80200e9a 80200e9a        0     1                 
80200eac 80200eac        0     1                 
80200eac 80200eac        0     1                 
80200ebc 80200ebc        0     1                 
80200ebc 80200ebc        0     1                 
80200ecc 80200ecc        0     1                 
80200ecc 80200ecc        0     1                 
80200ef0 80200ef0        0     1                 
80200ef2 80200ef2        0     1                 
80200ef6 80200ef6        0     1                 
80200efa 80200efa        0     1                 
80200efc 80200efc        0     1                 
80200f00 80200f00        0     1                 
80200f04 80200f04        0     1                 
80200f08 80200f08        0     1                 
80200f0a 80200f0a        0     1                 
80200f0a 80200f0a        0     1                 
80200f12 80200f12        0     1                 
80200f14 80200f14        0     1                 
80200f16 80200f16        0     1                 
80200f1e 80200f1e        0     1                 
80200f22 80200f22        0     1                 
80200f26 80200f26        0     1                 
80200f48 80200f48        0     1                 
80200f4a 80200f4a        0     1                 
80200f58 80200f58        0     1                 
80200f58 80200f58        0     1                 
80200f5c 80200f5c        0     1                 
80200f60 80200f60        0     1                 
80200f62 80200f62        0     1                 
80200f86 80200f86        0     1                 
80200f88 80200f88        0     1                 
80200fac 80200fac        0     1                 
80200fae 80200fae        0     1                 
80200fb6 80200fb6        0     1                 
80200fba 80200fba        0     1                 
80200fbe 80200fbe        0     1                 
80200fbe 80200fbe        0     1                 
80200fc2 80200fc2        0     1                 
80200fce 80200fce        0     1                 
80200fd6 80200fd6        0     1                 
80200fde 80200fde        0     1                 
80200fe0 80200fe0        0     1                 
80200ff2 80200ff2        0     1                 
80200ff2 80200ff2        0     1                 
80200ff4 80200ff4       fc     4         build/trap_k.o:(.text)
80200ff4 80200ff4        0     1                 
80200ff4 80200ff4        0     1                 
80200ff4 80200ff4        0     1                 
80200ff4 80200ff4       60     1                 handle_trap
80200ff6 80200ff6        0     1                 
80200ff6 80200ff6        0     1                 
80200ff6 80200ff6        0     1                 
80200ffa 80200ffa        0     1                 
80200ffe 80200ffe        0     1                 
80200ffe 80200ffe        0     1                 
80201002 80201002        0     1                 
80201002 80201002        0     1                 
80201006 80201006        0     1                 
80201006 80201006        0     1                 
80201018 80201018        0     1                 
80201018 80201018        0     1                 
80201028 80201028        0     1                 
80201028 80201028        0     1                 
8020102c 8020102c        0     1                 
80201030 80201030        0     1                 
80201052 80201052        0     1                 
80201054 80201054        0     1                 
80201054 80201054        0     1                 
80201054 80201054        0     1                 
80201054 80201054        0     1                 
80201054 80201054        0     1                 
80201054 80201054        0     1                 
80201054 80201054       9c     1                 switch_trap
802010f0 802010f0        0     1                 
802010f0 802010f0        0     1                 
802010f0 802010f0      3ea     4         build/pcb_k.o:(.text)
802010f0 802010f0        0     1                 
802010f0 802010f0        0     1                 
802010f0 802010f0        0     1                 
802010f0 802010f0       b2     1                 switch_umode
802010f2 802010f2        0     1                 
802010f2 802010f2        0     1                 
802010f6 802010f6        0     1                 
80201106 80201106        0     1                 
80201106 80201106        0     1                 
8020111e 8020111e        0     1                 
8020111e 8020111e        0     1                 
80201132 80201132        0     1                 
80201132 80201132        0     1                 
80201136 80201136        0     1                 
80201136 80201136        0     1                 
80201146 80201146        0     1                 
80201146 80201146        0     1                 
8020114a 8020114a        0     1                 
8020114a 8020114a        0     1                 
8020115a 8020115a        0     1                 
8020115a 8020115a        0     1                 
8020115e 8020115e        0     1                 
8020115e 8020115e        0     1                 
8020116e 8020116e        0     1                 
8020116e 8020116e        0     1                 
8020117e 8020117e        0     1                 
8020117e 8020117e        0     1                 
80201182 80201182        0     1                 
8020118e 8020118e        0     1                 
8020119e 8020119e        0     1                 
8020119e 8020119e        0     1                 
802011a0 802011a0        0     1                 
802011a2 802011a2        0     1                 
802011a2 802011a2        0     1                 
802011a2 802011a2        0     1                 
802011a2 802011a2        0     1                 
802011a2 802011a2        0     1                 
802011a2 802011a2      338     1                 spawn_proc
802011a4 802011a4        0     1                 
802011ba 802011ba        0     1                 
802011be 802011be        0     1                 
802011d2 802011d2        0     1                 
802011d2 802011d2        0     1                 
802011da 802011da        0     1                 
802011dc 802011dc        0     1                 
802011de 802011de        0     1                 
802011e2 802011e2        0     1                 
802011e4 802011e4        0     1                 
802011f0 802011f0        0     1                 
802011f4 802011f4        0     1                 
802011f6 802011f6        0     1                 
802011fa 802011fa        0     1                 
802011fe 802011fe        0     1                 
80201200 80201200        0     1                 
8020121e 8020121e        0     1                 
80201220 80201220        0     1                 
80201232 80201232        0     1                 
8020123a 8020123a        0     1                 
8020123e 8020123e        0     1                 
80201250 80201250        0     1                 
80201250 80201250        0     1                 
80201254 80201254        0     1                 
80201264 80201264        0     1                 
80201264 80201264        0     1                 
80201268 80201268        0     1                 
80201276 80201276        0     1                 
80201276 80201276        0     1                 
80201278 80201278        0     1                 
8020127c 8020127c        0     1                 
802012a8 802012a8        0     1                 
802012ac 802012ac        0     1                 
802012b0 802012b0        0     1                 
802012b4 802012b4        0     1                 
802012b8 802012b8        0     1                 
802012ba 802012ba        0     1                 
802012ca 802012ca        0     1                 
802012ca 802012ca        0     1                 
802012d4 802012d4        0     1                 
802012e4 802012e4        0     1                 
802012e4 802012e4        0     1                 
802012ec 802012ec        0     1                 
802012f2 802012f2        0     1                 
80201302 80201302        0     1                 
80201304 80201304        0     1                 
80201308 80201308        0     1                 
8020131a 8020131a        0     1                 
8020131a 8020131a        0     1                 
8020131e 8020131e        0     1                 
8020132e 8020132e        0     1                 
8020132e 8020132e        0     1                 
80201338 80201338        0     1                 
80201338 80201338        0     1                 
8020133a 8020133a        0     1                 
8020133c 8020133c        0     1                 
8020133e 8020133e        0     1                 
80201342 80201342        0     1                 
80201346 80201346        0     1                 
80201356 80201356        0     1                 
80201356 80201356        0     1                 
8020135a 8020135a        0     1                 
8020137e 8020137e        0     1                 
8020137e 8020137e        0     1                 
80201380 80201380        0     1                 
80201380 80201380        0     1                 
80201384 80201384        0     1                 
80201386 80201386        0     1                 
8020138a 8020138a        0     1                 
80201398 80201398        0     1                 
80201398 80201398        0     1                 
8020139a 8020139a        0     1                 
8020139c 8020139c        0     1                 
802013a0 802013a0        0     1                 
802013a0 802013a0        0     1                 
802013a4 802013a4        0     1                 
802013b6 802013b6        0     1                 
802013b6 802013b6        0     1                 
802013ba 802013ba        0     1                 
802013c2 802013c2        0     1                 
802013c6 802013c6        0     1                 
802013d8 802013d8        0     1                 
802013d8 802013d8        0     1                 
802013e6 802013e6        0     1                 
802013ea 802013ea        0     1                 
802013f4 802013f4        0     1                 
802013f4 802013f4        0     1                 
802013f8 802013f8        0     1                 
802013fc 802013fc        0     1                 
80201408 80201408        0     1                 
80201408 80201408        0     1                 
8020140a 8020140a        0     1                 
8020140c 8020140c        0     1                 
80201414 80201414        0     1                 
80201418 80201418        0     1                 
80201422 80201422        0     1                 
80201422 80201422        0     1                 
80201426 80201426        0     1                 
8020142c 8020142c        0     1                 
8020142e 8020142e        0     1                 
80201432 80201432        0     1                 
80201456 80201456        0     1                 
80201458 80201458        0     1                 
80201468 80201468        0     1                 
80201468 80201468        0     1                 
8020146a 8020146a        0     1                 
8020146e 8020146e        0     1                 
80201484 80201484        0     1                 
80201484 80201484        0     1                 
80201488 80201488        0     1                 
80201498 80201498        0     1                 
80201498 80201498        0     1                 
802014b4 802014b4        0     1                 
802014d8 802014d8        0     1                 
802014da 802014da        0     1                 
802014da 802014da        0     1                 
802014dc 802014dc      4bc     4         build/program_k.o:(.text)
802014dc 802014dc        0     1                 
802014dc 802014dc        0     1                 
802014dc 802014dc        0     1                 
802014dc 802014dc        0     1                 
802014dc 802014dc       46     1                 switch_proc
80201522 80201522        0     1                 
80201522 80201522        0     1                 
80201522 80201522        0     1                 
80201522 80201522        0     1                 
80201522 80201522        0     1                 
80201522 80201522        0     1                 
80201522 80201522       14     1                 Flush_TLB
80201524 80201524        0     1                 
80201526 80201526        0     1                 
8020152a 8020152a        0     1                 
8020152c 8020152c        0     1                 
80201534 80201534        0     1                 
80201536 80201536        0     1                 
80201536 80201536        0     1                 
80201536 80201536        0     1                 
80201536 80201536        0     1                 
80201536 80201536        0     1                 
80201536 80201536      462     1                 yield
80201538 80201538        0     1                 
80201538 80201538        0     1                 
80201552 80201552        0     1                 
80201562 80201562        0     1                 
80201562 80201562        0     1                 
8020156c 8020156c        0     1                 
80201570 80201570        0     1                 
80201572 80201572        0     1                 
80201582 80201582        0     1                 
80201582 80201582        0     1                 
80201586 80201586        0     1                 
8020158c 8020158c        0     1                 
80201590 80201590        0     1                 
80201596 80201596        0     1                 
8020159a 8020159a        0     1                 
8020159c 8020159c        0     1                 
802015a0 802015a0        0     1                 
802015a4 802015a4        0     1                 
802015a8 802015a8        0     1                 
802015a8 802015a8        0     1                 
802015ac 802015ac        0     1                 
802015ae 802015ae        0     1                 
802015b2 802015b2        0     1                 
802015c2 802015c2        0     1                 
802015c6 802015c6        0     1                 
802015ca 802015ca        0     1                 
802015cc 802015cc        0     1                 
802015ce 802015ce        0     1                 
802015d2 802015d2        0     1                 
802015e4 802015e4        0     1                 
802015e8 802015e8        0     1                 
802015ec 802015ec        0     1                 
802015ee 802015ee        0     1                 
802015f0 802015f0        0     1                 
802015f4 802015f4        0     1                 
80201606 80201606        0     1                 
8020160a 8020160a        0     1                 
8020160e 8020160e        0     1                 
80201610 80201610        0     1                 
80201614 80201614        0     1                 
80201618 80201618        0     1                 
8020162a 8020162a        0     1                 
8020162e 8020162e        0     1                 
8020162e 8020162e        0     1                 
80201642 80201642        0     1                 
80201644 80201644        0     1                 
80201648 80201648        0     1                 
8020164c 8020164c        0     1                 
80201650 80201650        0     1                 
80201652 80201652        0     1                 
80201662 80201662        0     1                 
80201662 80201662        0     1                 
80201672 80201672        0     1                 
80201672 80201672        0     1                 
80201676 80201676        0     1                 
80201678 80201678        0     1                 
80201688 80201688        0     1                 
80201688 80201688        0     1                 
80201692 80201692        0     1                 
80201696 80201696        0     1                 
802016b4 802016b4        0     1                 
802016b6 802016b6        0     1                 
802016c8 802016c8        0     1                 
802016c8 802016c8        0     1                 
802016d8 802016d8        0     1                 
802016d8 802016d8        0     1                 
802016e8 802016e8        0     1                 
802016e8 802016e8        0     1                 
802016f8 802016f8        0     1                 
802016f8 802016f8        0     1                 
802016fe 802016fe        0     1                 
80201708 80201708        0     1                 
80201708 80201708        0     1                 
80201718 80201718        0     1                 
80201718 80201718        0     1                 
8020171c 8020171c        0     1                 
8020172c 8020172c        0     1                 
8020172c 8020172c        0     1                 
802017ae 802017ae        0     1                 
802017ae 802017ae        0     1                 
802017b2 802017b2        0     1                 
802017b4 802017b4        0     1                 
802017be 802017be        0     1                 
802017be 802017be        0     1                 
802017c2 802017c2        0     1                 
802017cc 802017cc        0     1                 
802017cc 802017cc        0     1                 
802017d0 802017d0        0     1                 
802017da 802017da        0     1                 
802017da 802017da        0     1                 
802017e2 802017e2        0     1                 
802017ec 802017ec        0     1                 
802017ec 802017ec        0     1                 
802017f6 802017f6        0     1                 
802017f6 802017f6        0     1                 
80201802 80201802        0     1                 
80201802 80201802        0     1                 
8020180e 8020180e        0     1                 
8020180e 8020180e        0     1                 
80201810 80201810        0     1                 
80201814 80201814        0     1                 
80201816 80201816        0     1                 
8020181c 8020181c        0     1                 
8020181e 8020181e        0     1                 
80201824 80201824        0     1                 
80201826 80201826        0     1                 
80201828 80201828        0     1                 
80201830 80201830        0     1                 
80201830 80201830        0     1                 
8020183a 8020183a        0     1                 
8020183a 8020183a        0     1                 
8020183c 8020183c        0     1                 
8020183e 8020183e        0     1                 
80201848 80201848        0     1                 
80201848 80201848        0     1                 
80201858 80201858        0     1                 
80201858 80201858        0     1                 
80201870 80201870        0     1                 
80201870 80201870        0     1                 
80201872 80201872        0     1                 
80201874 80201874        0     1                 
80201884 80201884        0     1                 
80201884 80201884        0     1                 
80201888 80201888        0     1                 
8020189a 8020189a        0     1                 
8020189a 8020189a        0     1                 
8020189e 8020189e        0     1                 
802018a6 802018a6        0     1                 
802018aa 802018aa        0     1                 
802018ac 802018ac        0     1                 
802018bc 802018bc        0     1                 
802018bc 802018bc        0     1                 
802018be 802018be        0     1                 
802018c0 802018c0        0     1                 
802018c4 802018c4        0     1                 
802018c6 802018c6        0     1                 
802018ce 802018ce        0     1                 
802018ce 802018ce        0     1                 
802018de 802018de        0     1                 
802018de 802018de        0     1                 
802018e0 802018e0        0     1                 
802018e4 802018e4        0     1                 
802018f6 802018f6        0     1                 
802018f6 802018f6        0     1                 
802018f8 802018f8        0     1                 
802018fa 802018fa        0     1                 
8020190a 8020190a        0     1                 
8020190a 8020190a        0     1                 
8020190c 8020190c        0     1                 
8020191c 8020191c        0     1                 
8020191c 8020191c        0     1                 
8020191e 8020191e        0     1                 
8020192e 8020192e        0     1                 
8020192e 8020192e        0     1                 
80201930 80201930        0     1                 
80201942 80201942        0     1                 
80201942 80201942        0     1                 
8020194e 8020194e        0     1                 
8020194e 8020194e        0     1                 
80201956 80201956        0     1                 
80201958 80201958        0     1                 
8020197c 8020197c        0     1                 
80201984 80201984        0     1                 
80201988 80201988        0     1                 
80201990 80201990        0     1                 
80201994 80201994        0     1                 
80201998 80201998        0     1                 
80201998 80201998        0     1                 
80201998 80201998      b68     4 .rodata
80201998 80201998      ab7     1         <internal>:(.rodata)
80202450 80202450       58     4         build/print_k.o:(.rodata)
80202450 80202450        0     1                 .LJTI0_0
802024a8 802024a8       58     4         build/str.o:(.rodata)
802024a8 802024a8        0     1                 .LJTI2_0
80202500 80202500     8090     4 .data
80202500 80202500     8090     1         besh.bin.o:(.data)
80202500 80202500        0     1                 _binary_besh_bin_start
8020a590 8020a590        0     1                 _binary_besh_bin_end
8020a590 8020a590     104c     4 .bss
8020a590 8020a590        0     1         __bss = .
8020a590 8020a590        4     4         build/memory.o:(.sbss)
8020a590 8020a590        4     1                 nextfreepageframe
8020a594 8020a594        8     4         build/pcb_k.o:(.sbss)
8020a594 8020a594        4     1                 currproc
8020a598 8020a598        4     1                 idleproc
8020a59c 8020a59c     1040     4         build/pcb_k.o:(.bss)
8020a59c 8020a59c     1040     1                 proclist
8020b5dc 8020b5dc        0     1         __bss_end = .
8020b5dc 8020b5dc        0     1 . = ALIGN ( 4 )
8020b5dc 8020b5dc    20000     1 . += 128 * 1024
8022b5dc 8022b5dc        0     1 __stack_top = .
8022b5dc 8022b5dc      a24     1 . = ALIGN ( 4096 )
8022c000 8022c000        0     1 __free_ram_start = .
8022c000 8022c000  2000000     1 . += 32 * 1024 * 1024
8222c000 8222c000        0     1 __free_ram_end = .
       0        0      eb9     1 .debug_loclists
       0        0      53f     1         build/main.o:(.debug_loclists)
       c        c        0     1                 
     53f      53f      115     1         build/print_k.o:(.debug_loclists)
     54b      54b        0     1                 
     654      654       9f     1         build/SBI.o:(.debug_loclists)
     660      660        0     1                 
     6f3      6f3       66     1         build/mem.o:(.debug_loclists)
     6ff      6ff        0     1                 
     759      759      1a1     1         build/str.o:(.debug_loclists)
     765      765        0     1                 
     8fa      8fa      19a     1         build/oa.o:(.debug_loclists)
     906      906        0     1                 
     a94      a94      137     1         build/memory.o:(.debug_loclists)
     aa0      aa0        0     1                 
     bcb      bcb       39     1         build/trap_k.o:(.debug_loclists)
     bd7      bd7        0     1                 
     c04      c04      17f     1         build/pcb_k.o:(.debug_loclists)
     c10      c10        0     1                 
     d83      d83      136     1         build/program_k.o:(.debug_loclists)
     d8f      d8f        0     1                 
       0        0      c85     1 .debug_abbrev
       0        0      1a1     1         build/main.o:(.debug_abbrev)
     1a1      1a1      104     1         build/print_k.o:(.debug_abbrev)
     2a5      2a5      15a     1         build/SBI.o:(.debug_abbrev)
     3ff      3ff       b9     1         build/mem.o:(.debug_abbrev)
     4b8      4b8      12c     1         build/str.o:(.debug_abbrev)
     5e4      5e4      113     1         build/oa.o:(.debug_abbrev)
     6f7      6f7      14c     1         build/memory.o:(.debug_abbrev)
     843      843      129     1         build/trap_k.o:(.debug_abbrev)
     96c      96c      19e     1         build/pcb_k.o:(.debug_abbrev)
     b0a      b0a      17b     1         build/program_k.o:(.debug_abbrev)
       0        0     170f     1 .debug_info
       0        0      3e8     1         build/main.o:(.debug_info)
     3e8      3e8      1e5     1         build/print_k.o:(.debug_info)
     5cd      5cd      242     1         build/SBI.o:(.debug_info)
     80f      80f       d9     1         build/mem.o:(.debug_info)
     8e8      8e8      1f5     1         build/str.o:(.debug_info)
     add      add      184     1         build/oa.o:(.debug_info)
     c61      c61      1dd     1         build/memory.o:(.debug_info)
     e3e      e3e      27c     1         build/trap_k.o:(.debug_info)
    10ba     10ba      3b1     1         build/pcb_k.o:(.debug_info)
    146b     146b      2a4     1         build/program_k.o:(.debug_info)
       0        0      1f6     1 .debug_rnglists
       0        0       bd     1         build/main.o:(.debug_rnglists)
       c        c        0     1                 
      bd       bd       57     1         build/print_k.o:(.debug_rnglists)
      c9       c9        0     1                 
     114      114       66     1         build/str.o:(.debug_rnglists)
     120      120        0     1                 
     17a      17a       1b     1         build/oa.o:(.debug_rnglists)
     186      186        0     1                 
     195      195       61     1         build/pcb_k.o:(.debug_rnglists)
     1a1      1a1        0     1                 
       0        0      64c     1 .debug_str_offsets
       0        0       b4     1         build/main.o:(.debug_str_offsets)
       8        8        0     1                 
      b4       b4       68     1         build/print_k.o:(.debug_str_offsets)
      bc       bc        0     1                 
     11c      11c       8c     1         build/SBI.o:(.debug_str_offsets)
     124      124        0     1                 
     1a8      1a8       58     1         build/mem.o:(.debug_str_offsets)
     1b0      1b0        0     1                 
     200      200       88     1         build/str.o:(.debug_str_offsets)
     208      208        0     1                 
     288      288       50     1         build/oa.o:(.debug_str_offsets)
     290      290        0     1                 
     2d8      2d8       88     1         build/memory.o:(.debug_str_offsets)
     2e0      2e0        0     1                 
     360      360      11c     1         build/trap_k.o:(.debug_str_offsets)
     368      368        0     1                 
     47c      47c      130     1         build/pcb_k.o:(.debug_str_offsets)
     484      484        0     1                 
     5ac      5ac       a0     1         build/program_k.o:(.debug_str_offsets)
     5b4      5b4        0     1                 
       0        0      5f3     1 .debug_str
       0        0      5f3     1         <internal>:(.debug_str)
       0        0      39c     1 .debug_addr
       0        0      128     1         build/main.o:(.debug_addr)
       8        8        0     1                 
     128      128       50     1         build/print_k.o:(.debug_addr)
     130      130        0     1                 
     178      178       20     1         build/SBI.o:(.debug_addr)
     180      180        0     1                 
     198      198       10     1         build/mem.o:(.debug_addr)
     1a0      1a0        0     1                 
     1a8      1a8       24     1         build/str.o:(.debug_addr)
     1b0      1b0        0     1                 
     1cc      1cc       20     1         build/oa.o:(.debug_addr)
     1d4      1d4        0     1                 
     1ec      1ec       48     1         build/memory.o:(.debug_addr)
     1f4      1f4        0     1                 
     234      234       28     1         build/trap_k.o:(.debug_addr)
     23c      23c        0     1                 
     25c      25c       9c     1         build/pcb_k.o:(.debug_addr)
     264      264        0     1                 
     2f8      2f8       a4     1         build/program_k.o:(.debug_addr)
     300      300        0     1                 
       0        0       42     1 .comment
       0        0       42     1         <internal>:(.comment)
       0        0       2b     1 .riscv.attributes
       0        0       2b     1         build/main.o:(.riscv.attributes)
       0        0      384     4 .debug_frame
       0        0       c8     4         build/main.o:(.debug_frame)
       0        0        0     1                 
      c8       c8       44     4         build/print_k.o:(.debug_frame)
      c8       c8        0     1                 
     10c      10c       4c     4         build/SBI.o:(.debug_frame)
     10c      10c        0     1                 
     158      158       34     4         build/mem.o:(.debug_frame)
     158      158        0     1                 
     18c      18c       64     4         build/str.o:(.debug_frame)
     18c      18c        0     1                 
     1f0      1f0       3c     4         build/oa.o:(.debug_frame)
     1f0      1f0        0     1                 
     22c      22c       60     4         build/memory.o:(.debug_frame)
     22c      22c        0     1                 
     28c      28c       3c     4         build/trap_k.o:(.debug_frame)
     28c      28c        0     1                 
     2c8      2c8       58     4         build/pcb_k.o:(.debug_frame)
     2c8      2c8        0     1                 
     320      320       64     4         build/program_k.o:(.debug_frame)
     320      320        0     1                 
       0        0     1e3d     1 .debug_line
       0        0      6b2     1         build/main.o:(.debug_line)
       0        0        0     1                 .Lline_table_start0
     6b2      6b2      2d0     1         build/print_k.o:(.debug_line)
     6b2      6b2        0     1                 .Lline_table_start0
     982      982      11a     1         build/SBI.o:(.debug_line)
     982      982        0     1                 .Lline_table_start0
     a9c      a9c       f6     1         build/mem.o:(.debug_line)
     a9c      a9c        0     1                 .Lline_table_start0
     b92      b92      3f0     1         build/str.o:(.debug_line)
     b92      b92        0     1                 .Lline_table_start0
     f82      f82      25a     1         build/oa.o:(.debug_line)
     f82      f82        0     1                 .Lline_table_start0
    11dc     11dc      224     1         build/memory.o:(.debug_line)
    11dc     11dc        0     1                 .Lline_table_start0
    1400     1400       f9     1         build/trap_k.o:(.debug_line)
    1400     1400        0     1                 .Lline_table_start0
    14f9     14f9      44f     1         build/pcb_k.o:(.debug_line)
    14f9     14f9        0     1                 .Lline_table_start0
    1948     1948      4f5     1         build/program_k.o:(.debug_line)
    1948     1948        0     1                 .Lline_table_start0
       0        0       c2     1 .debug_line_str
       0        0       c2     1         <internal>:(.debug_line_str)
       0        0     6530     4 .symtab
       0        0     6530     4         <internal>:(.symtab)
       0        0       dc     1 .shstrtab
       0        0       dc     1         <internal>:(.shstrtab)
       0        0      374     1 .strtab
       0        0      374     1         <internal>:(.strtab)
