     VMA      LMA     Size Align Out     In      Symbol
       0        0 80200000     1 . = 0x80200000
80200000        0        0     1 __kernel_base = .
80200000 80200000     162a     4 .text
80200000 80200000        e     2         build/main.o:(.text.boot)
80200000 80200000        0     1                 
80200000 80200000        0     1                 
80200000 80200000        0     1                 
80200000 80200000        0     1                 
80200000 80200000        e     1                 boot
8020000e 8020000e        0     1                 
8020000e 8020000e        0     1                 
80200010 80200010      66a     4         build/main.o:(.text)
80200010 80200010        0     1                 
80200010 80200010        0     1                 
80200010 80200010        0     1                 
80200010 80200010       d8     1                 kernel_bootstrap
80200012 80200012        0     1                 
80200012 80200012        0     1                 
80200014 80200014        0     1                 
80200024 80200024        0     1                 
80200024 80200024        0     1                 
80200034 80200034        0     1                 
80200034 80200034        0     1                 
80200052 80200052        0     1                 
80200052 80200052        0     1                 
80200062 80200062        0     1                 
80200062 80200062        0     1                 
8020006e 8020006e        0     1                 
8020007e 8020007e        0     1                 
8020007e 8020007e        0     1                 
80200086 80200086        0     1                 
80200086 80200086        0     1                 
802000a6 802000a6        0     1                 
802000a6 802000a6        0     1                 
802000b6 802000b6        0     1                 
802000b6 802000b6        0     1                 
802000c2 802000c2        0     1                 
802000c2 802000c2        0     1                 
802000ca 802000ca        0     1                 
802000ce 802000ce        0     1                 
802000d6 802000d6        0     1                 
802000da 802000da        0     1                 
802000e0 802000e0        0     1                 
802000e8 802000e8        0     1                 
802000e8 802000e8        0     1                 
802000e8 802000e8        0     1                 
802000e8 802000e8        0     1                 
802000e8 802000e8        0     1                 
802000e8 802000e8       22     1                 k_sleep
802000ee 802000ee        0     1                 
802000f2 802000f2        0     1                 
802000f4 802000f4        0     1                 
802000f6 802000f6        0     1                 
802000fe 802000fe        0     1                 
80200102 80200102        0     1                 
80200104 80200104        0     1                 
80200106 80200106        0     1                 
80200108 80200108        0     1                 
8020010a 8020010a        0     1                 
8020010a 8020010a        0     1                 
8020010a 8020010a        0     1                 
8020010a 8020010a        0     1                 
8020010a 8020010a        0     1                 
8020010a 8020010a      176     1                 k_sp
8020010c 8020010c        0     1                 
8020010c 8020010c        0     1                 
80200110 80200110        0     1                 
80200120 80200120        0     1                 
80200120 80200120        0     1                 
80200128 80200128        0     1                 
80200128 80200128        0     1                 
8020012a 8020012a        0     1                 
8020012c 8020012c        0     1                 
8020012e 8020012e        0     1                 
80200140 80200140        0     1                 
80200140 80200140        0     1                 
80200154 80200154        0     1                 
80200154 80200154        0     1                 
80200156 80200156        0     1                 
80200168 80200168        0     1                 
80200168 80200168        0     1                 
80200170 80200170        0     1                 
80200174 80200174        0     1                 
80200176 80200176        0     1                 
8020017a 8020017a        0     1                 
8020018c 8020018c        0     1                 
8020018c 8020018c        0     1                 
802001a2 802001a2        0     1                 
802001a2 802001a2        0     1                 
802001a4 802001a4        0     1                 
802001b6 802001b6        0     1                 
802001b6 802001b6        0     1                 
802001c2 802001c2        0     1                 
802001c6 802001c6        0     1                 
802001c8 802001c8        0     1                 
802001cc 802001cc        0     1                 
802001d0 802001d0        0     1                 
802001e2 802001e2        0     1                 
802001e2 802001e2        0     1                 
802001fc 802001fc        0     1                 
802001fc 802001fc        0     1                 
802001fe 802001fe        0     1                 
80200210 80200210        0     1                 
80200210 80200210        0     1                 
8020021c 8020021c        0     1                 
80200220 80200220        0     1                 
80200222 80200222        0     1                 
80200226 80200226        0     1                 
8020022a 8020022a        0     1                 
8020023c 8020023c        0     1                 
8020023c 8020023c        0     1                 
80200256 80200256        0     1                 
80200256 80200256        0     1                 
80200258 80200258        0     1                 
8020026a 8020026a        0     1                 
8020026a 8020026a        0     1                 
80200278 80200278        0     1                 
80200280 80200280        0     1                 
80200280 80200280        0     1                 
80200280 80200280        0     1                 
80200280 80200280        0     1                 
80200280 80200280        0     1                 
80200280 80200280      1d8     1                 proc0
80200282 80200282        0     1                 
80200282 80200282        0     1                 
80200286 80200286        0     1                 
8020028e 8020028e        0     1                 
80200290 80200290        0     1                 
802002a0 802002a0        0     1                 
802002a0 802002a0        0     1                 
802002a4 802002a4        0     1                 
802002a6 802002a6        0     1                 
802002b8 802002b8        0     1                 
802002b8 802002b8        0     1                 
802002c0 802002c0        0     1                 
802002c0 802002c0        0     1                 
802002c8 802002c8        0     1                 
802002ca 802002ca        0     1                 
802002cc 802002cc        0     1                 
802002ce 802002ce        0     1                 
802002d6 802002d6        0     1                 
802002d8 802002d8        0     1                 
802002ea 802002ea        0     1                 
802002ea 802002ea        0     1                 
802002f2 802002f2        0     1                 
802002f2 802002f2        0     1                 
802002fa 802002fa        0     1                 
802002fc 802002fc        0     1                 
802002fe 802002fe        0     1                 
80200300 80200300        0     1                 
80200308 80200308        0     1                 
8020030a 8020030a        0     1                 
8020031c 8020031c        0     1                 
8020031c 8020031c        0     1                 
80200324 80200324        0     1                 
80200324 80200324        0     1                 
8020032c 8020032c        0     1                 
8020032e 8020032e        0     1                 
80200330 80200330        0     1                 
80200332 80200332        0     1                 
8020033a 8020033a        0     1                 
8020033c 8020033c        0     1                 
8020034e 8020034e        0     1                 
8020034e 8020034e        0     1                 
80200356 80200356        0     1                 
80200356 80200356        0     1                 
8020035e 8020035e        0     1                 
80200360 80200360        0     1                 
80200362 80200362        0     1                 
80200364 80200364        0     1                 
8020036c 8020036c        0     1                 
8020036e 8020036e        0     1                 
80200380 80200380        0     1                 
80200380 80200380        0     1                 
80200388 80200388        0     1                 
80200388 80200388        0     1                 
80200390 80200390        0     1                 
80200392 80200392        0     1                 
80200394 80200394        0     1                 
80200396 80200396        0     1                 
8020039e 8020039e        0     1                 
802003a0 802003a0        0     1                 
802003b2 802003b2        0     1                 
802003b2 802003b2        0     1                 
802003ba 802003ba        0     1                 
802003ba 802003ba        0     1                 
802003c2 802003c2        0     1                 
802003c4 802003c4        0     1                 
802003c6 802003c6        0     1                 
802003c8 802003c8        0     1                 
802003d0 802003d0        0     1                 
802003d2 802003d2        0     1                 
802003e4 802003e4        0     1                 
802003e4 802003e4        0     1                 
802003ec 802003ec        0     1                 
802003ec 802003ec        0     1                 
802003f4 802003f4        0     1                 
802003f6 802003f6        0     1                 
802003f8 802003f8        0     1                 
802003fa 802003fa        0     1                 
80200402 80200402        0     1                 
80200404 80200404        0     1                 
80200416 80200416        0     1                 
80200416 80200416        0     1                 
8020041e 8020041e        0     1                 
8020041e 8020041e        0     1                 
80200426 80200426        0     1                 
80200428 80200428        0     1                 
8020042a 8020042a        0     1                 
8020042c 8020042c        0     1                 
8020042c 8020042c        0     1                 
8020044a 8020044a        0     1                 
80200450 80200450        0     1                 
80200458 80200458        0     1                 
80200458 80200458        0     1                 
80200458 80200458        0     1                 
80200458 80200458        0     1                 
80200458 80200458        0     1                 
80200458 80200458      110     1                 proc1
8020045a 8020045a        0     1                 
8020045a 8020045a        0     1                 
8020045e 8020045e        0     1                 
80200466 80200466        0     1                 
80200468 80200468        0     1                 
80200478 80200478        0     1                 
80200478 80200478        0     1                 
8020047c 8020047c        0     1                 
8020047e 8020047e        0     1                 
80200490 80200490        0     1                 
80200490 80200490        0     1                 
80200498 80200498        0     1                 
80200498 80200498        0     1                 
802004a0 802004a0        0     1                 
802004a2 802004a2        0     1                 
802004a4 802004a4        0     1                 
802004a6 802004a6        0     1                 
802004ae 802004ae        0     1                 
802004b0 802004b0        0     1                 
802004c2 802004c2        0     1                 
802004c2 802004c2        0     1                 
802004ca 802004ca        0     1                 
802004ca 802004ca        0     1                 
802004d2 802004d2        0     1                 
802004d4 802004d4        0     1                 
802004d6 802004d6        0     1                 
802004d8 802004d8        0     1                 
802004e0 802004e0        0     1                 
802004e2 802004e2        0     1                 
802004f4 802004f4        0     1                 
802004f4 802004f4        0     1                 
802004fc 802004fc        0     1                 
802004fc 802004fc        0     1                 
80200504 80200504        0     1                 
80200506 80200506        0     1                 
80200508 80200508        0     1                 
8020050a 8020050a        0     1                 
80200512 80200512        0     1                 
80200514 80200514        0     1                 
80200526 80200526        0     1                 
80200526 80200526        0     1                 
8020052e 8020052e        0     1                 
8020052e 8020052e        0     1                 
80200536 80200536        0     1                 
80200538 80200538        0     1                 
8020053a 8020053a        0     1                 
8020053c 8020053c        0     1                 
8020053c 8020053c        0     1                 
8020055a 8020055a        0     1                 
80200560 80200560        0     1                 
80200568 80200568        0     1                 
80200568 80200568        0     1                 
80200568 80200568        0     1                 
80200568 80200568        0     1                 
80200568 80200568        0     1                 
80200568 80200568       82     1                 MNU_init
8020056a 8020056a        0     1                 
8020056a 8020056a        0     1                 
80200570 80200570        0     1                 
80200580 80200580        0     1                 
80200580 80200580        0     1                 
80200588 80200588        0     1                 
8020058a 8020058a        0     1                 
8020058e 8020058e        0     1                 
80200592 80200592        0     1                 
80200596 80200596        0     1                 
802005a6 802005a6        0     1                 
802005a6 802005a6        0     1                 
802005b8 802005b8        0     1                 
802005b8 802005b8        0     1                 
802005ca 802005ca        0     1                 
802005ca 802005ca        0     1                 
802005d2 802005d2        0     1                 
802005e2 802005e2        0     1                 
802005ea 802005ea        0     1                 
802005ea 802005ea        0     1                 
802005ea 802005ea        0     1                 
802005ea 802005ea        0     1                 
802005ea 802005ea        0     1                 
802005ea 802005ea       3e     1                 switch_umode
802005ec 802005ec        0     1                 
802005ee 802005ee        0     1                 
802005f6 802005f6        0     1                 
80200602 80200602        0     1                 
80200626 80200626        0     1                 
80200628 80200628        0     1                 
80200628 80200628        0     1                 
80200628 80200628        0     1                 
80200628 80200628        0     1                 
80200628 80200628        0     1                 
80200628 80200628       52     1                 kernel_main
8020062a 8020062a        0     1                 
8020062a 8020062a        0     1                 
8020062c 8020062c        0     1                 
80200634 80200634        0     1                 
80200634 80200634        0     1                 
8020064c 8020064c        0     1                 
8020064c 8020064c        0     1                 
80200654 80200654        0     1                 
80200654 80200654        0     1                 
80200678 80200678        0     1                 
8020067a 8020067a        0     1                 
8020067a 8020067a        0     1                 
8020067c 8020067c      2ec     4         build/print_k.o:(.text)
8020067c 8020067c        0     1                 
8020067c 8020067c        0     1                 
8020067c 8020067c        0     1                 
8020067c 8020067c      2ec     1                 k_printf
8020067e 8020067e        0     1                 
80200698 80200698        0     1                 
802006b4 802006b4        0     1                 
802006d2 802006d2        0     1                 
802006f2 802006f2        0     1                 
802006f6 802006f6        0     1                 
802006fe 802006fe        0     1                 
80200706 80200706        0     1                 
80200706 80200706        0     1                 
80200708 80200708        0     1                 
80200710 80200710        0     1                 
80200714 80200714        0     1                 
8020071c 8020071c        0     1                 
80200726 80200726        0     1                 .LBB0_6
80200726 80200726        0     1                 
80200726 80200726        0     1                 
80200746 80200746        0     1                 
80200746 80200746        0     1                 
8020074a 8020074a        0     1                 .LBB0_9
8020074a 8020074a        0     1                 
80200756 80200756        0     1                 
80200756 80200756        0     1                 
8020075c 8020075c        0     1                 .LBB0_10
8020075c 8020075c        0     1                 
80200770 80200770        0     1                 .LBB0_12
80200770 80200770        0     1                 
8020077c 8020077c        0     1                 
8020077c 8020077c        0     1                 
80200788 80200788        0     1                 
80200788 80200788        0     1                 
802007a4 802007a4        0     1                 .LBB0_14
802007a4 802007a4        0     1                 
802007c0 802007c0        0     1                 
802007c2 802007c2        0     1                 
802007c6 802007c6        0     1                 .LBB0_16
802007c6 802007c6        0     1                 
802007de 802007de        0     1                 .LBB0_18
802007de 802007de        0     1                 
802007fa 802007fa        0     1                 
80200808 80200808        0     1                 
8020080c 8020080c        0     1                 
80200818 80200818        0     1                 
80200818 80200818        0     1                 
8020081c 8020081c        0     1                 
80200826 80200826        0     1                 
8020082a 8020082a        0     1                 
8020082c 8020082c        0     1                 
80200838 80200838        0     1                 
80200838 80200838        0     1                 
8020083c 8020083c        0     1                 
80200840 80200840        0     1                 
80200840 80200840        0     1                 
8020084e 8020084e        0     1                 
8020085a 8020085a        0     1                 
8020085a 8020085a        0     1                 
8020085e 8020085e        0     1                 
80200862 80200862        0     1                 
80200866 80200866        0     1                 
80200868 80200868        0     1                 
80200874 80200874        0     1                 
80200874 80200874        0     1                 
80200878 80200878        0     1                 
8020087c 8020087c        0     1                 
8020087c 8020087c        0     1                 
80200886 80200886        0     1                 
80200888 80200888        0     1                 
8020088a 8020088a        0     1                 
80200890 80200890        0     1                 
80200898 80200898        0     1                 
802008a4 802008a4        0     1                 
802008a4 802008a4        0     1                 
802008a8 802008a8        0     1                 
802008ac 802008ac        0     1                 
802008b4 802008b4        0     1                 
802008c0 802008c0        0     1                 
802008c0 802008c0        0     1                 
802008c4 802008c4        0     1                 
802008cc 802008cc        0     1                 
802008d0 802008d0        0     1                 
802008d2 802008d2        0     1                 
802008de 802008de        0     1                 
802008de 802008de        0     1                 
802008e2 802008e2        0     1                 
802008e6 802008e6        0     1                 
802008e6 802008e6        0     1                 
802008f2 802008f2        0     1                 
802008fe 802008fe        0     1                 
802008fe 802008fe        0     1                 
8020090a 8020090a        0     1                 
8020090a 8020090a        0     1                 
80200918 80200918        0     1                 
80200918 80200918        0     1                 
8020091c 8020091c        0     1                 
80200922 80200922        0     1                 
80200926 80200926        0     1                 
80200928 80200928        0     1                 
80200934 80200934        0     1                 
80200934 80200934        0     1                 
80200938 80200938        0     1                 
8020093c 8020093c        0     1                 
8020093c 8020093c        0     1                 
8020094a 8020094a        0     1                 
80200968 80200968        0     1                 
80200968 80200968        0     1                 
80200968 80200968       8e     4         build/SBI.o:(.text)
80200968 80200968        0     1                 
80200968 80200968        0     1                 
80200968 80200968        0     1                 
80200968 80200968       14     1                 sbi_call
8020096c 8020096c        0     1                 
80200970 80200970        0     1                 
80200976 80200976        0     1                 
8020097c 8020097c        0     1                 
8020097c 8020097c        0     1                 
8020097c 8020097c        0     1                 
8020097c 8020097c        0     1                 
8020097c 8020097c        0     1                 
8020097c 8020097c       1c     1                 k_putchar
8020097e 8020097e        0     1                 
8020097e 8020097e        0     1                 
80200990 80200990        0     1                 
80200996 80200996        0     1                 
80200996 80200996        0     1                 
80200998 80200998        0     1                 
80200998 80200998        0     1                 
80200998 80200998        0     1                 
80200998 80200998        0     1                 
80200998 80200998        0     1                 
80200998 80200998       5e     1                 k_readchar
8020099a 8020099a        0     1                 
8020099a 8020099a        0     1                 
8020099c 8020099c        0     1                 
802009a4 802009a4        0     1                 
802009a8 802009a8        0     1                 
802009aa 802009aa        0     1                 
802009ae 802009ae        0     1                 
802009be 802009be        0     1                 
802009be 802009be        0     1                 
802009c4 802009c4        0     1                 
802009e8 802009e8        0     1                 
802009ea 802009ea        0     1                 
802009ec 802009ec        0     1                 
802009f6 802009f6        0     1                 
802009f6 802009f6        0     1                 
802009f8 802009f8       28     4         build/mem.o:(.text)
802009f8 802009f8        0     1                 
802009f8 802009f8        0     1                 
802009f8 802009f8        0     1                 
802009f8 802009f8        0     1                 
802009f8 802009f8       14     1                 memset
802009fa 802009fa        0     1                 
802009fc 802009fc        0     1                 
802009fe 802009fe        0     1                 
80200a02 80200a02        0     1                 
80200a06 80200a06        0     1                 
80200a08 80200a08        0     1                 
80200a0a 80200a0a        0     1                 
80200a0c 80200a0c        0     1                 
80200a0c 80200a0c        0     1                 
80200a0c 80200a0c        0     1                 
80200a0c 80200a0c        0     1                 
80200a0c 80200a0c        0     1                 
80200a0c 80200a0c        0     1                 
80200a0c 80200a0c       14     1                 k_memcpy
80200a0e 80200a0e        0     1                 
80200a12 80200a12        0     1                 
80200a16 80200a16        0     1                 
80200a18 80200a18        0     1                 
80200a1a 80200a1a        0     1                 
80200a1c 80200a1c        0     1                 
80200a1e 80200a1e        0     1                 
80200a1e 80200a1e        0     1                 
80200a20 80200a20        0     1                 
80200a20 80200a20        0     1                 
80200a20 80200a20      29e     4         build/str.o:(.text)
80200a20 80200a20        0     1                 
80200a20 80200a20        0     1                 
80200a20 80200a20        0     1                 
80200a20 80200a20        0     1                 
80200a20 80200a20       28     1                 k_strncpy
80200a22 80200a22        0     1                 
80200a24 80200a24        0     1                 
80200a2c 80200a2c        0     1                 
80200a2e 80200a2e        0     1                 
80200a32 80200a32        0     1                 
80200a34 80200a34        0     1                 
80200a38 80200a38        0     1                 
80200a3c 80200a3c        0     1                 
80200a40 80200a40        0     1                 
80200a46 80200a46        0     1                 
80200a48 80200a48        0     1                 
80200a48 80200a48        0     1                 
80200a48 80200a48        0     1                 
80200a48 80200a48        0     1                 
80200a48 80200a48        0     1                 
80200a48 80200a48        0     1                 
80200a48 80200a48       2e     1                 k_strcmp
80200a4c 80200a4c        0     1                 
80200a4e 80200a4e        0     1                 
80200a50 80200a50        0     1                 
80200a54 80200a54        0     1                 
80200a56 80200a56        0     1                 
80200a5a 80200a5a        0     1                 
80200a5e 80200a5e        0     1                 
80200a62 80200a62        0     1                 
80200a64 80200a64        0     1                 
80200a68 80200a68        0     1                 
80200a6a 80200a6a        0     1                 
80200a6e 80200a6e        0     1                 
80200a72 80200a72        0     1                 
80200a74 80200a74        0     1                 
80200a76 80200a76        0     1                 
80200a76 80200a76        0     1                 
80200a76 80200a76        0     1                 
80200a76 80200a76        0     1                 
80200a76 80200a76        0     1                 
80200a76 80200a76      248     1                 k_sprintf
80200a78 80200a78        0     1                 
80200a90 80200a90        0     1                 
80200aa0 80200aa0        0     1                 
80200abe 80200abe        0     1                 
80200ac0 80200ac0        0     1                 
80200aea 80200aea        0     1                 
80200aec 80200aec        0     1                 
80200af0 80200af0        0     1                 
80200af8 80200af8        0     1                 
80200afe 80200afe        0     1                 
80200b02 80200b02        0     1                 
80200b06 80200b06        0     1                 
80200b0e 80200b0e        0     1                 
80200b18 80200b18        0     1                 .LBB2_7
80200b18 80200b18        0     1                 
80200b2c 80200b2c        0     1                 
80200b30 80200b30        0     1                 
80200b36 80200b36        0     1                 .LBB2_11
80200b36 80200b36        0     1                 
80200b3a 80200b3a        0     1                 
80200b44 80200b44        0     1                 
80200b4a 80200b4a        0     1                 .LBB2_12
80200b4a 80200b4a        0     1                 
80200b5e 80200b5e        0     1                 .LBB2_14
80200b5e 80200b5e        0     1                 
80200b66 80200b66        0     1                 
80200b7a 80200b7a        0     1                 .LBB2_16
80200b7a 80200b7a        0     1                 
80200b8c 80200b8c        0     1                 
80200b8e 80200b8e        0     1                 
80200b92 80200b92        0     1                 .LBB2_18
80200b92 80200b92        0     1                 
80200ba6 80200ba6        0     1                 .LBB2_20
80200ba6 80200ba6        0     1                 
80200bba 80200bba        0     1                 
80200bbc 80200bbc        0     1                 
80200bc0 80200bc0        0     1                 
80200bca 80200bca        0     1                 
80200bd6 80200bd6        0     1                 
80200bd6 80200bd6        0     1                 
80200bdc 80200bdc        0     1                 
80200bde 80200bde        0     1                 
80200be0 80200be0        0     1                 
80200be4 80200be4        0     1                 
80200be8 80200be8        0     1                 
80200bea 80200bea        0     1                 
80200bf0 80200bf0        0     1                 
80200bf0 80200bf0        0     1                 
80200bf4 80200bf4        0     1                 
80200c00 80200c00        0     1                 
80200c00 80200c00        0     1                 
80200c06 80200c06        0     1                 
80200c0a 80200c0a        0     1                 
80200c0c 80200c0c        0     1                 
80200c10 80200c10        0     1                 
80200c14 80200c14        0     1                 
80200c16 80200c16        0     1                 
80200c1c 80200c1c        0     1                 
80200c1c 80200c1c        0     1                 
80200c20 80200c20        0     1                 
80200c22 80200c22        0     1                 
80200c24 80200c24        0     1                 
80200c2a 80200c2a        0     1                 
80200c30 80200c30        0     1                 
80200c34 80200c34        0     1                 
80200c38 80200c38        0     1                 
80200c3a 80200c3a        0     1                 
80200c40 80200c40        0     1                 
80200c42 80200c42        0     1                 
80200c4e 80200c4e        0     1                 
80200c4e 80200c4e        0     1                 
80200c54 80200c54        0     1                 
80200c58 80200c58        0     1                 
80200c5a 80200c5a        0     1                 
80200c5e 80200c5e        0     1                 
80200c62 80200c62        0     1                 
80200c64 80200c64        0     1                 
80200c6a 80200c6a        0     1                 
80200c6a 80200c6a        0     1                 
80200c6c 80200c6c        0     1                 
80200c76 80200c76        0     1                 
80200c82 80200c82        0     1                 
80200c82 80200c82        0     1                 
80200c88 80200c88        0     1                 
80200c8c 80200c8c        0     1                 
80200c8e 80200c8e        0     1                 
80200c92 80200c92        0     1                 
80200c96 80200c96        0     1                 
80200c98 80200c98        0     1                 
80200c9e 80200c9e        0     1                 
80200c9e 80200c9e        0     1                 
80200ca2 80200ca2        0     1                 
80200cbe 80200cbe        0     1                 
80200cbe 80200cbe        0     1                 
80200cc0 80200cc0      176     4         build/oa.o:(.text)
80200cc0 80200cc0        0     1                 
80200cc0 80200cc0        0     1                 
80200cc0 80200cc0        0     1                 
80200cc0 80200cc0       7a     1                 utoa
80200cc2 80200cc2        0     1                 
80200cc2 80200cc2        0     1                 
80200cc4 80200cc4        0     1                 
80200ccc 80200ccc        0     1                 
80200cce 80200cce        0     1                 
80200cd2 80200cd2        0     1                 
80200cd8 80200cd8        0     1                 
80200cda 80200cda        0     1                 
80200cde 80200cde        0     1                 
80200ce0 80200ce0        0     1                 
80200cec 80200cec        0     1                 
80200cfa 80200cfa        0     1                 
80200cfa 80200cfa        0     1                 
80200d0c 80200d0c        0     1                 
80200d14 80200d14        0     1                 
80200d18 80200d18        0     1                 
80200d1e 80200d1e        0     1                 
80200d24 80200d24        0     1                 
80200d24 80200d24        0     1                 
80200d28 80200d28        0     1                 
80200d2e 80200d2e        0     1                 
80200d36 80200d36        0     1                 
80200d3a 80200d3a        0     1                 
80200d3a 80200d3a        0     1                 
80200d3a 80200d3a        0     1                 
80200d3a 80200d3a        0     1                 
80200d3a 80200d3a        0     1                 
80200d3a 80200d3a       fc     1                 itoa
80200d3c 80200d3c        0     1                 
80200d3e 80200d3e        0     1                 
80200d4a 80200d4a        0     1                 
80200d4e 80200d4e        0     1                 
80200d54 80200d54        0     1                 
80200d58 80200d58        0     1                 
80200d60 80200d60        0     1                 
80200d6a 80200d6a        0     1                 
80200d70 80200d70        0     1                 
80200d78 80200d78        0     1                 
80200d7c 80200d7c        0     1                 
80200d80 80200d80        0     1                 
80200d82 80200d82        0     1                 
80200d86 80200d86        0     1                 
80200d8a 80200d8a        0     1                 
80200d8e 80200d8e        0     1                 
80200d8e 80200d8e        0     1                 
80200d9c 80200d9c        0     1                 
80200d9e 80200d9e        0     1                 
80200da6 80200da6        0     1                 
80200daa 80200daa        0     1                 
80200db0 80200db0        0     1                 
80200db4 80200db4        0     1                 
80200db4 80200db4        0     1                 
80200dba 80200dba        0     1                 
80200dba 80200dba        0     1                 
80200dbc 80200dbc        0     1                 
80200dc4 80200dc4        0     1                 
80200dc6 80200dc6        0     1                 
80200dca 80200dca        0     1                 
80200dd0 80200dd0        0     1                 
80200dd2 80200dd2        0     1                 
80200dd6 80200dd6        0     1                 
80200dd8 80200dd8        0     1                 
80200de4 80200de4        0     1                 
80200df2 80200df2        0     1                 
80200df2 80200df2        0     1                 
80200e04 80200e04        0     1                 
80200e0c 80200e0c        0     1                 
80200e10 80200e10        0     1                 
80200e16 80200e16        0     1                 
80200e1c 80200e1c        0     1                 
80200e1c 80200e1c        0     1                 
80200e20 80200e20        0     1                 
80200e28 80200e28        0     1                 
80200e2e 80200e2e        0     1                 
80200e32 80200e32        0     1                 
80200e36 80200e36        0     1                 
80200e36 80200e36        0     1                 
80200e38 80200e38      1fa     4         build/memory.o:(.text)
80200e38 80200e38        0     1                 
80200e38 80200e38        0     1                 
80200e38 80200e38        0     1                 
80200e38 80200e38        0     1                 
80200e38 80200e38       12     1                 init_memory
80200e48 80200e48        0     1                 
80200e4a 80200e4a        0     1                 
80200e4a 80200e4a        0     1                 
80200e4a 80200e4a        0     1                 
80200e4a 80200e4a        0     1                 
80200e4a 80200e4a        0     1                 
80200e4a 80200e4a       60     1                 pageframalloc
80200e4c 80200e4c        0     1                 
80200e4c 80200e4c        0     1                 
80200e50 80200e50        0     1                 
80200e58 80200e58        0     1                 
80200e5c 80200e5c        0     1                 
80200e60 80200e60        0     1                 
80200e68 80200e68        0     1                 
80200e6c 80200e6c        0     1                 
80200e70 80200e70        0     1                 
80200e92 80200e92        0     1                 
80200e94 80200e94        0     1                 
80200ea0 80200ea0        0     1                 
80200ea0 80200ea0        0     1                 
80200eaa 80200eaa        0     1                 
80200eaa 80200eaa        0     1                 
80200eaa 80200eaa        0     1                 
80200eaa 80200eaa        0     1                 
80200eaa 80200eaa        0     1                 
80200eaa 80200eaa      188     1                 add_ptbl_entry
80200eac 80200eac        0     1                 
80200eba 80200eba        0     1                 
80200ec2 80200ec2        0     1                 
80200eca 80200eca        0     1                 
80200eda 80200eda        0     1                 
80200eda 80200eda        0     1                 
80200eec 80200eec        0     1                 
80200eec 80200eec        0     1                 
80200efc 80200efc        0     1                 
80200efc 80200efc        0     1                 
80200f0c 80200f0c        0     1                 
80200f0c 80200f0c        0     1                 
80200f30 80200f30        0     1                 
80200f32 80200f32        0     1                 
80200f36 80200f36        0     1                 
80200f3a 80200f3a        0     1                 
80200f3c 80200f3c        0     1                 
80200f40 80200f40        0     1                 
80200f44 80200f44        0     1                 
80200f48 80200f48        0     1                 
80200f4a 80200f4a        0     1                 
80200f4a 80200f4a        0     1                 
80200f52 80200f52        0     1                 
80200f54 80200f54        0     1                 
80200f56 80200f56        0     1                 
80200f5e 80200f5e        0     1                 
80200f62 80200f62        0     1                 
80200f66 80200f66        0     1                 
80200f88 80200f88        0     1                 
80200f8a 80200f8a        0     1                 
80200f98 80200f98        0     1                 
80200f98 80200f98        0     1                 
80200f9c 80200f9c        0     1                 
80200fa0 80200fa0        0     1                 
80200fa2 80200fa2        0     1                 
80200fc6 80200fc6        0     1                 
80200fc8 80200fc8        0     1                 
80200fec 80200fec        0     1                 
80200fee 80200fee        0     1                 
80200ff6 80200ff6        0     1                 
80200ffa 80200ffa        0     1                 
80200ffe 80200ffe        0     1                 
80200ffe 80200ffe        0     1                 
80201002 80201002        0     1                 
8020100e 8020100e        0     1                 
80201016 80201016        0     1                 
8020101e 8020101e        0     1                 
80201020 80201020        0     1                 
80201032 80201032        0     1                 
80201032 80201032        0     1                 
80201034 80201034       f6     4         build/trap_k.o:(.text)
80201034 80201034        0     1                 
80201034 80201034        0     1                 
80201034 80201034        0     1                 
80201034 80201034       60     1                 handle_trap
80201036 80201036        0     1                 
80201036 80201036        0     1                 
80201036 80201036        0     1                 
8020103a 8020103a        0     1                 
8020103e 8020103e        0     1                 
8020103e 8020103e        0     1                 
80201042 80201042        0     1                 
80201042 80201042        0     1                 
80201046 80201046        0     1                 
80201046 80201046        0     1                 
80201058 80201058        0     1                 
80201058 80201058        0     1                 
80201068 80201068        0     1                 
80201068 80201068        0     1                 
8020106c 8020106c        0     1                 
80201070 80201070        0     1                 
80201092 80201092        0     1                 
80201094 80201094        0     1                 
80201094 80201094        0     1                 
80201094 80201094        0     1                 
80201094 80201094        0     1                 
80201094 80201094        0     1                 
80201094 80201094        0     1                 
80201094 80201094       96     1                 switch_trap
8020112a 8020112a        0     1                 
8020112a 8020112a        0     1                 
8020112c 8020112c      362     4         build/pcb_k.o:(.text)
8020112c 8020112c        0     1                 
8020112c 8020112c        0     1                 
8020112c 8020112c        0     1                 
8020112c 8020112c      362     1                 spawn_proc
8020112e 8020112e        0     1                 
80201146 80201146        0     1                 
8020114a 8020114a        0     1                 
8020115e 8020115e        0     1                 
8020115e 8020115e        0     1                 
80201166 80201166        0     1                 
80201168 80201168        0     1                 
8020116a 8020116a        0     1                 
8020116e 8020116e        0     1                 
80201170 80201170        0     1                 
8020117c 8020117c        0     1                 
80201180 80201180        0     1                 
80201182 80201182        0     1                 
80201186 80201186        0     1                 
8020118a 8020118a        0     1                 
8020118c 8020118c        0     1                 
802011a8 802011a8        0     1                 
802011aa 802011aa        0     1                 
802011bc 802011bc        0     1                 
802011c4 802011c4        0     1                 
802011c8 802011c8        0     1                 
802011da 802011da        0     1                 
802011da 802011da        0     1                 
802011de 802011de        0     1                 
802011ee 802011ee        0     1                 
802011ee 802011ee        0     1                 
802011f2 802011f2        0     1                 
80201200 80201200        0     1                 
80201200 80201200        0     1                 
80201202 80201202        0     1                 
80201206 80201206        0     1                 
8020122e 8020122e        0     1                 
80201232 80201232        0     1                 
80201236 80201236        0     1                 
8020123a 8020123a        0     1                 
8020123e 8020123e        0     1                 
8020125e 8020125e        0     1                 
80201274 80201274        0     1                 
80201278 80201278        0     1                 
8020127c 8020127c        0     1                 
80201280 80201280        0     1                 
80201292 80201292        0     1                 
80201292 80201292        0     1                 
80201296 80201296        0     1                 
802012a6 802012a6        0     1                 
802012a6 802012a6        0     1                 
802012b0 802012b0        0     1                 
802012b0 802012b0        0     1                 
802012b4 802012b4        0     1                 
802012b6 802012b6        0     1                 
802012b8 802012b8        0     1                 
802012bc 802012bc        0     1                 
802012c0 802012c0        0     1                 
802012d0 802012d0        0     1                 
802012d0 802012d0        0     1                 
802012d4 802012d4        0     1                 
802012f8 802012f8        0     1                 
802012f8 802012f8        0     1                 
802012fa 802012fa        0     1                 
802012fa 802012fa        0     1                 
802012fe 802012fe        0     1                 
80201300 80201300        0     1                 
80201304 80201304        0     1                 
80201312 80201312        0     1                 
80201312 80201312        0     1                 
80201314 80201314        0     1                 
80201316 80201316        0     1                 
8020131a 8020131a        0     1                 
8020131a 8020131a        0     1                 
8020131e 8020131e        0     1                 
80201330 80201330        0     1                 
80201330 80201330        0     1                 
80201334 80201334        0     1                 
8020133c 8020133c        0     1                 
80201340 80201340        0     1                 
80201352 80201352        0     1                 
80201352 80201352        0     1                 
80201360 80201360        0     1                 
80201364 80201364        0     1                 
8020136e 8020136e        0     1                 
8020136e 8020136e        0     1                 
80201372 80201372        0     1                 
80201376 80201376        0     1                 
80201382 80201382        0     1                 
80201382 80201382        0     1                 
80201384 80201384        0     1                 
80201386 80201386        0     1                 
8020138e 8020138e        0     1                 
80201392 80201392        0     1                 
8020139c 8020139c        0     1                 
8020139c 8020139c        0     1                 
802013a0 802013a0        0     1                 
802013a6 802013a6        0     1                 
802013a8 802013a8        0     1                 
802013ac 802013ac        0     1                 
802013d0 802013d0        0     1                 
802013d2 802013d2        0     1                 
802013e2 802013e2        0     1                 
802013e2 802013e2        0     1                 
802013e4 802013e4        0     1                 
802013e8 802013e8        0     1                 
802013fe 802013fe        0     1                 
802013fe 802013fe        0     1                 
80201402 80201402        0     1                 
80201404 80201404        0     1                 
80201408 80201408        0     1                 
80201410 80201410        0     1                 
8020141e 8020141e        0     1                 
80201422 80201422        0     1                 
80201426 80201426        0     1                 
80201436 80201436        0     1                 
80201436 80201436        0     1                 
8020143a 8020143a        0     1                 
8020144a 8020144a        0     1                 
8020144a 8020144a        0     1                 
80201468 80201468        0     1                 
8020148c 8020148c        0     1                 
8020148e 8020148e        0     1                 
8020148e 8020148e        0     1                 
80201490 80201490      19a     4         build/program_k.o:(.text)
80201490 80201490        0     1                 
80201490 80201490        0     1                 
80201490 80201490        0     1                 
80201490 80201490        0     1                 
80201490 80201490       46     1                 switch_proc
802014d6 802014d6        0     1                 
802014d6 802014d6        0     1                 
802014d6 802014d6        0     1                 
802014d6 802014d6        0     1                 
802014d6 802014d6        0     1                 
802014d6 802014d6        0     1                 
802014d6 802014d6       14     1                 Flush_TLB
802014d8 802014d8        0     1                 
802014da 802014da        0     1                 
802014de 802014de        0     1                 
802014e0 802014e0        0     1                 
802014e8 802014e8        0     1                 
802014ea 802014ea        0     1                 
802014ea 802014ea        0     1                 
802014ea 802014ea        0     1                 
802014ea 802014ea        0     1                 
802014ea 802014ea        0     1                 
802014ea 802014ea      140     1                 yield
802014ec 802014ec        0     1                 
802014ec 802014ec        0     1                 
802014f2 802014f2        0     1                 
802014fa 802014fa        0     1                 
80201500 80201500        0     1                 
80201502 80201502        0     1                 
80201506 80201506        0     1                 
8020150a 8020150a        0     1                 
8020150c 8020150c        0     1                 
8020150e 8020150e        0     1                 
80201510 80201510        0     1                 
80201514 80201514        0     1                 
80201514 80201514        0     1                 
80201518 80201518        0     1                 
8020151a 8020151a        0     1                 
8020151e 8020151e        0     1                 
8020152e 8020152e        0     1                 
80201532 80201532        0     1                 
80201536 80201536        0     1                 
80201538 80201538        0     1                 
8020153a 8020153a        0     1                 
8020153e 8020153e        0     1                 
80201550 80201550        0     1                 
80201554 80201554        0     1                 
80201558 80201558        0     1                 
8020155a 8020155a        0     1                 
8020155c 8020155c        0     1                 
80201560 80201560        0     1                 
80201572 80201572        0     1                 
80201576 80201576        0     1                 
8020157a 8020157a        0     1                 
8020157c 8020157c        0     1                 
8020157e 8020157e        0     1                 
80201582 80201582        0     1                 
80201594 80201594        0     1                 
80201598 80201598        0     1                 
80201598 80201598        0     1                 
802015ac 802015ac        0     1                 
802015ae 802015ae        0     1                 
802015b2 802015b2        0     1                 
802015bc 802015bc        0     1                 
802015be 802015be        0     1                 
802015c2 802015c2        0     1                 
802015c6 802015c6        0     1                 
802015ca 802015ca        0     1                 
802015d2 802015d2        0     1                 
802015d4 802015d4        0     1                 
802015d8 802015d8        0     1                 
802015e0 802015e0        0     1                 
802015e4 802015e4        0     1                 
802015ee 802015ee        0     1                 
802015f0 802015f0        0     1                 
802015f2 802015f2        0     1                 
80201602 80201602        0     1                 
80201602 80201602        0     1                 
80201606 80201606        0     1                 
8020160a 8020160a        0     1                 
80201612 80201612        0     1                 
8020161a 8020161a        0     1                 
8020161c 8020161c        0     1                 
80201622 80201622        0     1                 
80201626 80201626        0     1                 
8020162a 8020162a        0     1                 
8020162a 8020162a        0     1                 
8020162c 8020162c      8e8     4 .rodata
8020162c 8020162c      835     1         <internal>:(.rodata)
80201e64 80201e64       58     4         build/print_k.o:(.rodata)
80201e64 80201e64        0     1                 .LJTI0_0
80201ebc 80201ebc       58     4         build/str.o:(.rodata)
80201ebc 80201ebc        0     1                 .LJTI2_0
80201f14 80201f14     8090     4 .data
80201f14 80201f14     8090     1         besh.bin.o:(.data)
80201f14 80201f14        0     1                 _binary_besh_bin_start
80209fa4 80209fa4        0     1                 _binary_besh_bin_end
80209fa4 80209fa4     105c     4 .bss
80209fa4 80209fa4        0     1         __bss = .
80209fa4 80209fa4        4     4         build/memory.o:(.sbss)
80209fa4 80209fa4        4     1                 nextfreepageframe
80209fa8 80209fa8        8     4         build/pcb_k.o:(.sbss)
80209fa8 80209fa8        4     1                 currproc
80209fac 80209fac        4     1                 idleproc
80209fb0 80209fb0     1050     4         build/pcb_k.o:(.bss)
80209fb0 80209fb0     1050     1                 proclist
8020b000 8020b000        0     1         __bss_end = .
8020b000 8020b000        0     1 . = ALIGN ( 4 )
8020b000 8020b000    20000     1 . += 128 * 1024
8022b000 8022b000        0     1 __stack_top = .
8022b000 8022b000        0     1 . = ALIGN ( 4096 )
8022b000 8022b000        0     1 __free_ram_start = .
8022b000 8022b000  2000000     1 . += 32 * 1024 * 1024
8222b000 8222b000        0     1 __free_ram_end = .
       0        0      e38     1 .debug_loclists
       0        0      53f     1         build/main.o:(.debug_loclists)
       c        c        0     1                 
     53f      53f      115     1         build/print_k.o:(.debug_loclists)
     54b      54b        0     1                 
     654      654       9f     1         build/SBI.o:(.debug_loclists)
     660      660        0     1                 
     6f3      6f3       66     1         build/mem.o:(.debug_loclists)
     6ff      6ff        0     1                 
     759      759      1a1     1         build/str.o:(.debug_loclists)
     765      765        0     1                 
     8fa      8fa      19a     1         build/oa.o:(.debug_loclists)
     906      906        0     1                 
     a94      a94      137     1         build/memory.o:(.debug_loclists)
     aa0      aa0        0     1                 
     bcb      bcb       39     1         build/trap_k.o:(.debug_loclists)
     bd7      bd7        0     1                 
     c04      c04      16a     1         build/pcb_k.o:(.debug_loclists)
     c10      c10        0     1                 
     d6e      d6e       ca     1         build/program_k.o:(.debug_loclists)
     d7a      d7a        0     1                 
       0        0      c15     1 .debug_abbrev
       0        0      1ca     1         build/main.o:(.debug_abbrev)
     1ca      1ca      104     1         build/print_k.o:(.debug_abbrev)
     2ce      2ce      15a     1         build/SBI.o:(.debug_abbrev)
     428      428       b9     1         build/mem.o:(.debug_abbrev)
     4e1      4e1      12c     1         build/str.o:(.debug_abbrev)
     60d      60d      113     1         build/oa.o:(.debug_abbrev)
     720      720      14c     1         build/memory.o:(.debug_abbrev)
     86c      86c      129     1         build/trap_k.o:(.debug_abbrev)
     995      995      15d     1         build/pcb_k.o:(.debug_abbrev)
     af2      af2      123     1         build/program_k.o:(.debug_abbrev)
       0        0     14ff     1 .debug_info
       0        0      404     1         build/main.o:(.debug_info)
     404      404      1e5     1         build/print_k.o:(.debug_info)
     5e9      5e9      242     1         build/SBI.o:(.debug_info)
     82b      82b       d9     1         build/mem.o:(.debug_info)
     904      904      1f5     1         build/str.o:(.debug_info)
     af9      af9      184     1         build/oa.o:(.debug_info)
     c7d      c7d      1dd     1         build/memory.o:(.debug_info)
     e5a      e5a      27c     1         build/trap_k.o:(.debug_info)
    10d6     10d6      2bd     1         build/pcb_k.o:(.debug_info)
    1393     1393      16c     1         build/program_k.o:(.debug_info)
       0        0      1f9     1 .debug_rnglists
       0        0       bd     1         build/main.o:(.debug_rnglists)
       c        c        0     1                 
      bd       bd       57     1         build/print_k.o:(.debug_rnglists)
      c9       c9        0     1                 
     114      114       66     1         build/str.o:(.debug_rnglists)
     120      120        0     1                 
     17a      17a       1b     1         build/oa.o:(.debug_rnglists)
     186      186        0     1                 
     195      195       64     1         build/pcb_k.o:(.debug_rnglists)
     1a1      1a1        0     1                 
       0        0      5d8     1 .debug_str_offsets
       0        0       b8     1         build/main.o:(.debug_str_offsets)
       8        8        0     1                 
      b8       b8       68     1         build/print_k.o:(.debug_str_offsets)
      c0       c0        0     1                 
     120      120       8c     1         build/SBI.o:(.debug_str_offsets)
     128      128        0     1                 
     1ac      1ac       58     1         build/mem.o:(.debug_str_offsets)
     1b4      1b4        0     1                 
     204      204       88     1         build/str.o:(.debug_str_offsets)
     20c      20c        0     1                 
     28c      28c       50     1         build/oa.o:(.debug_str_offsets)
     294      294        0     1                 
     2dc      2dc       88     1         build/memory.o:(.debug_str_offsets)
     2e4      2e4        0     1                 
     364      364      11c     1         build/trap_k.o:(.debug_str_offsets)
     36c      36c        0     1                 
     480      480       cc     1         build/pcb_k.o:(.debug_str_offsets)
     488      488        0     1                 
     54c      54c       8c     1         build/program_k.o:(.debug_str_offsets)
     554      554        0     1                 
       0        0      5c2     1 .debug_str
       0        0      5c2     1         <internal>:(.debug_str)
       0        0      2fc     1 .debug_addr
       0        0      130     1         build/main.o:(.debug_addr)
       8        8        0     1                 
     130      130       50     1         build/print_k.o:(.debug_addr)
     138      138        0     1                 
     180      180       20     1         build/SBI.o:(.debug_addr)
     188      188        0     1                 
     1a0      1a0       10     1         build/mem.o:(.debug_addr)
     1a8      1a8        0     1                 
     1b0      1b0       24     1         build/str.o:(.debug_addr)
     1b8      1b8        0     1                 
     1d4      1d4       20     1         build/oa.o:(.debug_addr)
     1dc      1dc        0     1                 
     1f4      1f4       48     1         build/memory.o:(.debug_addr)
     1fc      1fc        0     1                 
     23c      23c       28     1         build/trap_k.o:(.debug_addr)
     244      244        0     1                 
     264      264       78     1         build/pcb_k.o:(.debug_addr)
     26c      26c        0     1                 
     2dc      2dc       20     1         build/program_k.o:(.debug_addr)
     2e4      2e4        0     1                 
       0        0       42     1 .comment
       0        0       42     1         <internal>:(.comment)
       0        0       2b     1 .riscv.attributes
       0        0       2b     1         build/main.o:(.riscv.attributes)
       0        0      370     4 .debug_frame
       0        0       e0     4         build/main.o:(.debug_frame)
       0        0        0     1                 
      e0       e0       44     4         build/print_k.o:(.debug_frame)
      e0       e0        0     1                 
     124      124       4c     4         build/SBI.o:(.debug_frame)
     124      124        0     1                 
     170      170       34     4         build/mem.o:(.debug_frame)
     170      170        0     1                 
     1a4      1a4       64     4         build/str.o:(.debug_frame)
     1a4      1a4        0     1                 
     208      208       3c     4         build/oa.o:(.debug_frame)
     208      208        0     1                 
     244      244       60     4         build/memory.o:(.debug_frame)
     244      244        0     1                 
     2a4      2a4       3c     4         build/trap_k.o:(.debug_frame)
     2a4      2a4        0     1                 
     2e0      2e0       40     4         build/pcb_k.o:(.debug_frame)
     2e0      2e0        0     1                 
     320      320       50     4         build/program_k.o:(.debug_frame)
     320      320        0     1                 
       0        0     1ba3     1 .debug_line
       0        0      6c5     1         build/main.o:(.debug_line)
       0        0        0     1                 .Lline_table_start0
     6c5      6c5      2d0     1         build/print_k.o:(.debug_line)
     6c5      6c5        0     1                 .Lline_table_start0
     995      995      11a     1         build/SBI.o:(.debug_line)
     995      995        0     1                 .Lline_table_start0
     aaf      aaf       f6     1         build/mem.o:(.debug_line)
     aaf      aaf        0     1                 .Lline_table_start0
     ba5      ba5      3f0     1         build/str.o:(.debug_line)
     ba5      ba5        0     1                 .Lline_table_start0
     f95      f95      25a     1         build/oa.o:(.debug_line)
     f95      f95        0     1                 .Lline_table_start0
    11ef     11ef      224     1         build/memory.o:(.debug_line)
    11ef     11ef        0     1                 .Lline_table_start0
    1413     1413       f9     1         build/trap_k.o:(.debug_line)
    1413     1413        0     1                 .Lline_table_start0
    150c     150c      3d7     1         build/pcb_k.o:(.debug_line)
    150c     150c        0     1                 .Lline_table_start0
    18e3     18e3      2c0     1         build/program_k.o:(.debug_line)
    18e3     18e3        0     1                 .Lline_table_start0
       0        0       c2     1 .debug_line_str
       0        0       c2     1         <internal>:(.debug_line_str)
       0        0     5ba0     4 .symtab
       0        0     5ba0     4         <internal>:(.symtab)
       0        0       dc     1 .shstrtab
       0        0       dc     1         <internal>:(.shstrtab)
       0        0      374     1 .strtab
       0        0      374     1         <internal>:(.strtab)
