     VMA      LMA     Size Align Out     In      Symbol
       0        0 80200000     1 . = 0x80200000
80200000        0        0     1 __kernel_base = .
80200000 80200000     13b4     4 .text
80200000 80200000        e     2         build/main.o:(.text.boot)
80200000 80200000        0     1                 
80200000 80200000        0     1                 
80200000 80200000        0     1                 
80200000 80200000        0     1                 
80200000 80200000        e     1                 boot
8020000e 8020000e        0     1                 
8020000e 8020000e        0     1                 
80200010 80200010      63a     4         build/main.o:(.text)
80200010 80200010        0     1                 
80200010 80200010        0     1                 
80200010 80200010        0     1                 
80200010 80200010       d6     1                 kernel_bootstrap
80200012 80200012        0     1                 
80200012 80200012        0     1                 
80200014 80200014        0     1                 
80200024 80200024        0     1                 
80200024 80200024        0     1                 
80200034 80200034        0     1                 
80200034 80200034        0     1                 
80200052 80200052        0     1                 
80200052 80200052        0     1                 
80200062 80200062        0     1                 
80200062 80200062        0     1                 
8020006e 8020006e        0     1                 
8020007e 8020007e        0     1                 
8020007e 8020007e        0     1                 
80200086 80200086        0     1                 
80200086 80200086        0     1                 
802000a6 802000a6        0     1                 
802000a6 802000a6        0     1                 
802000b6 802000b6        0     1                 
802000b6 802000b6        0     1                 
802000c0 802000c0        0     1                 
802000c0 802000c0        0     1                 
802000c8 802000c8        0     1                 
802000cc 802000cc        0     1                 
802000d4 802000d4        0     1                 
802000d8 802000d8        0     1                 
802000de 802000de        0     1                 
802000e6 802000e6        0     1                 
802000e6 802000e6        0     1                 
802000e6 802000e6        0     1                 
802000e6 802000e6        0     1                 
802000e6 802000e6        0     1                 
802000e6 802000e6       22     1                 k_sleep
802000ec 802000ec        0     1                 
802000f0 802000f0        0     1                 
802000f2 802000f2        0     1                 
802000f4 802000f4        0     1                 
802000fc 802000fc        0     1                 
80200100 80200100        0     1                 
80200102 80200102        0     1                 
80200104 80200104        0     1                 
80200106 80200106        0     1                 
80200108 80200108        0     1                 
80200108 80200108        0     1                 
80200108 80200108        0     1                 
80200108 80200108        0     1                 
80200108 80200108        0     1                 
80200108 80200108      176     1                 k_sp
8020010a 8020010a        0     1                 
8020010a 8020010a        0     1                 
8020010e 8020010e        0     1                 
8020011e 8020011e        0     1                 
8020011e 8020011e        0     1                 
80200126 80200126        0     1                 
80200126 80200126        0     1                 
80200128 80200128        0     1                 
8020012a 8020012a        0     1                 
8020012c 8020012c        0     1                 
8020013e 8020013e        0     1                 
8020013e 8020013e        0     1                 
80200152 80200152        0     1                 
80200152 80200152        0     1                 
80200154 80200154        0     1                 
80200166 80200166        0     1                 
80200166 80200166        0     1                 
8020016e 8020016e        0     1                 
80200172 80200172        0     1                 
80200174 80200174        0     1                 
80200178 80200178        0     1                 
8020018a 8020018a        0     1                 
8020018a 8020018a        0     1                 
802001a0 802001a0        0     1                 
802001a0 802001a0        0     1                 
802001a2 802001a2        0     1                 
802001b4 802001b4        0     1                 
802001b4 802001b4        0     1                 
802001c0 802001c0        0     1                 
802001c4 802001c4        0     1                 
802001c6 802001c6        0     1                 
802001ca 802001ca        0     1                 
802001ce 802001ce        0     1                 
802001e0 802001e0        0     1                 
802001e0 802001e0        0     1                 
802001fa 802001fa        0     1                 
802001fa 802001fa        0     1                 
802001fc 802001fc        0     1                 
8020020e 8020020e        0     1                 
8020020e 8020020e        0     1                 
8020021a 8020021a        0     1                 
8020021e 8020021e        0     1                 
80200220 80200220        0     1                 
80200224 80200224        0     1                 
80200228 80200228        0     1                 
8020023a 8020023a        0     1                 
8020023a 8020023a        0     1                 
80200254 80200254        0     1                 
80200254 80200254        0     1                 
80200256 80200256        0     1                 
80200268 80200268        0     1                 
80200268 80200268        0     1                 
80200276 80200276        0     1                 
8020027e 8020027e        0     1                 
8020027e 8020027e        0     1                 
8020027e 8020027e        0     1                 
8020027e 8020027e        0     1                 
8020027e 8020027e        0     1                 
8020027e 8020027e      1d8     1                 proc0
80200280 80200280        0     1                 
80200280 80200280        0     1                 
80200284 80200284        0     1                 
8020028c 8020028c        0     1                 
8020028e 8020028e        0     1                 
8020029e 8020029e        0     1                 
8020029e 8020029e        0     1                 
802002a2 802002a2        0     1                 
802002a4 802002a4        0     1                 
802002b6 802002b6        0     1                 
802002b6 802002b6        0     1                 
802002be 802002be        0     1                 
802002be 802002be        0     1                 
802002c6 802002c6        0     1                 
802002c8 802002c8        0     1                 
802002ca 802002ca        0     1                 
802002cc 802002cc        0     1                 
802002d4 802002d4        0     1                 
802002d6 802002d6        0     1                 
802002e8 802002e8        0     1                 
802002e8 802002e8        0     1                 
802002f0 802002f0        0     1                 
802002f0 802002f0        0     1                 
802002f8 802002f8        0     1                 
802002fa 802002fa        0     1                 
802002fc 802002fc        0     1                 
802002fe 802002fe        0     1                 
80200306 80200306        0     1                 
80200308 80200308        0     1                 
8020031a 8020031a        0     1                 
8020031a 8020031a        0     1                 
80200322 80200322        0     1                 
80200322 80200322        0     1                 
8020032a 8020032a        0     1                 
8020032c 8020032c        0     1                 
8020032e 8020032e        0     1                 
80200330 80200330        0     1                 
80200338 80200338        0     1                 
8020033a 8020033a        0     1                 
8020034c 8020034c        0     1                 
8020034c 8020034c        0     1                 
80200354 80200354        0     1                 
80200354 80200354        0     1                 
8020035c 8020035c        0     1                 
8020035e 8020035e        0     1                 
80200360 80200360        0     1                 
80200362 80200362        0     1                 
8020036a 8020036a        0     1                 
8020036c 8020036c        0     1                 
8020037e 8020037e        0     1                 
8020037e 8020037e        0     1                 
80200386 80200386        0     1                 
80200386 80200386        0     1                 
8020038e 8020038e        0     1                 
80200390 80200390        0     1                 
80200392 80200392        0     1                 
80200394 80200394        0     1                 
8020039c 8020039c        0     1                 
8020039e 8020039e        0     1                 
802003b0 802003b0        0     1                 
802003b0 802003b0        0     1                 
802003b8 802003b8        0     1                 
802003b8 802003b8        0     1                 
802003c0 802003c0        0     1                 
802003c2 802003c2        0     1                 
802003c4 802003c4        0     1                 
802003c6 802003c6        0     1                 
802003ce 802003ce        0     1                 
802003d0 802003d0        0     1                 
802003e2 802003e2        0     1                 
802003e2 802003e2        0     1                 
802003ea 802003ea        0     1                 
802003ea 802003ea        0     1                 
802003f2 802003f2        0     1                 
802003f4 802003f4        0     1                 
802003f6 802003f6        0     1                 
802003f8 802003f8        0     1                 
80200400 80200400        0     1                 
80200402 80200402        0     1                 
80200414 80200414        0     1                 
80200414 80200414        0     1                 
8020041c 8020041c        0     1                 
8020041c 8020041c        0     1                 
80200424 80200424        0     1                 
80200426 80200426        0     1                 
80200428 80200428        0     1                 
8020042a 8020042a        0     1                 
8020042a 8020042a        0     1                 
80200448 80200448        0     1                 
8020044e 8020044e        0     1                 
80200456 80200456        0     1                 
80200456 80200456        0     1                 
80200456 80200456        0     1                 
80200456 80200456        0     1                 
80200456 80200456        0     1                 
80200456 80200456      110     1                 proc1
80200458 80200458        0     1                 
80200458 80200458        0     1                 
8020045c 8020045c        0     1                 
80200464 80200464        0     1                 
80200466 80200466        0     1                 
80200476 80200476        0     1                 
80200476 80200476        0     1                 
8020047a 8020047a        0     1                 
8020047c 8020047c        0     1                 
8020048e 8020048e        0     1                 
8020048e 8020048e        0     1                 
80200496 80200496        0     1                 
80200496 80200496        0     1                 
8020049e 8020049e        0     1                 
802004a0 802004a0        0     1                 
802004a2 802004a2        0     1                 
802004a4 802004a4        0     1                 
802004ac 802004ac        0     1                 
802004ae 802004ae        0     1                 
802004c0 802004c0        0     1                 
802004c0 802004c0        0     1                 
802004c8 802004c8        0     1                 
802004c8 802004c8        0     1                 
802004d0 802004d0        0     1                 
802004d2 802004d2        0     1                 
802004d4 802004d4        0     1                 
802004d6 802004d6        0     1                 
802004de 802004de        0     1                 
802004e0 802004e0        0     1                 
802004f2 802004f2        0     1                 
802004f2 802004f2        0     1                 
802004fa 802004fa        0     1                 
802004fa 802004fa        0     1                 
80200502 80200502        0     1                 
80200504 80200504        0     1                 
80200506 80200506        0     1                 
80200508 80200508        0     1                 
80200510 80200510        0     1                 
80200512 80200512        0     1                 
80200524 80200524        0     1                 
80200524 80200524        0     1                 
8020052c 8020052c        0     1                 
8020052c 8020052c        0     1                 
80200534 80200534        0     1                 
80200536 80200536        0     1                 
80200538 80200538        0     1                 
8020053a 8020053a        0     1                 
8020053a 8020053a        0     1                 
80200558 80200558        0     1                 
8020055e 8020055e        0     1                 
80200566 80200566        0     1                 
80200566 80200566        0     1                 
80200566 80200566        0     1                 
80200566 80200566        0     1                 
80200566 80200566        0     1                 
80200566 80200566       82     1                 MNU_init
80200568 80200568        0     1                 
80200568 80200568        0     1                 
8020056e 8020056e        0     1                 
8020057e 8020057e        0     1                 
8020057e 8020057e        0     1                 
80200586 80200586        0     1                 
80200588 80200588        0     1                 
8020058c 8020058c        0     1                 
80200590 80200590        0     1                 
80200594 80200594        0     1                 
802005a4 802005a4        0     1                 
802005a4 802005a4        0     1                 
802005b6 802005b6        0     1                 
802005b6 802005b6        0     1                 
802005c8 802005c8        0     1                 
802005c8 802005c8        0     1                 
802005d0 802005d0        0     1                 
802005e0 802005e0        0     1                 
802005e8 802005e8        0     1                 
802005e8 802005e8        0     1                 
802005e8 802005e8        0     1                 
802005e8 802005e8        0     1                 
802005e8 802005e8        0     1                 
802005e8 802005e8       62     1                 kernel_main
802005ea 802005ea        0     1                 
802005ea 802005ea        0     1                 
802005ec 802005ec        0     1                 
802005f4 802005f4        0     1                 
802005f4 802005f4        0     1                 
8020060c 8020060c        0     1                 
8020060c 8020060c        0     1                 
80200624 80200624        0     1                 
80200624 80200624        0     1                 
80200648 80200648        0     1                 
8020064a 8020064a        0     1                 
8020064a 8020064a        0     1                 
8020064c 8020064c      2ec     4         build/print_k.o:(.text)
8020064c 8020064c        0     1                 
8020064c 8020064c        0     1                 
8020064c 8020064c        0     1                 
8020064c 8020064c      2ec     1                 k_printf
8020064e 8020064e        0     1                 
80200668 80200668        0     1                 
80200684 80200684        0     1                 
802006a2 802006a2        0     1                 
802006c2 802006c2        0     1                 
802006c6 802006c6        0     1                 
802006ce 802006ce        0     1                 
802006d6 802006d6        0     1                 
802006d6 802006d6        0     1                 
802006d8 802006d8        0     1                 
802006e0 802006e0        0     1                 
802006e4 802006e4        0     1                 
802006ec 802006ec        0     1                 
802006f6 802006f6        0     1                 .LBB0_6
802006f6 802006f6        0     1                 
802006f6 802006f6        0     1                 
80200716 80200716        0     1                 
80200716 80200716        0     1                 
8020071a 8020071a        0     1                 .LBB0_9
8020071a 8020071a        0     1                 
80200726 80200726        0     1                 
80200726 80200726        0     1                 
8020072c 8020072c        0     1                 .LBB0_10
8020072c 8020072c        0     1                 
80200740 80200740        0     1                 .LBB0_12
80200740 80200740        0     1                 
8020074c 8020074c        0     1                 
8020074c 8020074c        0     1                 
80200758 80200758        0     1                 
80200758 80200758        0     1                 
80200774 80200774        0     1                 .LBB0_14
80200774 80200774        0     1                 
80200790 80200790        0     1                 
80200792 80200792        0     1                 
80200796 80200796        0     1                 .LBB0_16
80200796 80200796        0     1                 
802007ae 802007ae        0     1                 .LBB0_18
802007ae 802007ae        0     1                 
802007ca 802007ca        0     1                 
802007d8 802007d8        0     1                 
802007dc 802007dc        0     1                 
802007e8 802007e8        0     1                 
802007e8 802007e8        0     1                 
802007ec 802007ec        0     1                 
802007f6 802007f6        0     1                 
802007fa 802007fa        0     1                 
802007fc 802007fc        0     1                 
80200808 80200808        0     1                 
80200808 80200808        0     1                 
8020080c 8020080c        0     1                 
80200810 80200810        0     1                 
80200810 80200810        0     1                 
8020081e 8020081e        0     1                 
8020082a 8020082a        0     1                 
8020082a 8020082a        0     1                 
8020082e 8020082e        0     1                 
80200832 80200832        0     1                 
80200836 80200836        0     1                 
80200838 80200838        0     1                 
80200844 80200844        0     1                 
80200844 80200844        0     1                 
80200848 80200848        0     1                 
8020084c 8020084c        0     1                 
8020084c 8020084c        0     1                 
80200856 80200856        0     1                 
80200858 80200858        0     1                 
8020085a 8020085a        0     1                 
80200860 80200860        0     1                 
80200868 80200868        0     1                 
80200874 80200874        0     1                 
80200874 80200874        0     1                 
80200878 80200878        0     1                 
8020087c 8020087c        0     1                 
80200884 80200884        0     1                 
80200890 80200890        0     1                 
80200890 80200890        0     1                 
80200894 80200894        0     1                 
8020089c 8020089c        0     1                 
802008a0 802008a0        0     1                 
802008a2 802008a2        0     1                 
802008ae 802008ae        0     1                 
802008ae 802008ae        0     1                 
802008b2 802008b2        0     1                 
802008b6 802008b6        0     1                 
802008b6 802008b6        0     1                 
802008c2 802008c2        0     1                 
802008ce 802008ce        0     1                 
802008ce 802008ce        0     1                 
802008da 802008da        0     1                 
802008da 802008da        0     1                 
802008e8 802008e8        0     1                 
802008e8 802008e8        0     1                 
802008ec 802008ec        0     1                 
802008f2 802008f2        0     1                 
802008f6 802008f6        0     1                 
802008f8 802008f8        0     1                 
80200904 80200904        0     1                 
80200904 80200904        0     1                 
80200908 80200908        0     1                 
8020090c 8020090c        0     1                 
8020090c 8020090c        0     1                 
8020091a 8020091a        0     1                 
80200938 80200938        0     1                 
80200938 80200938        0     1                 
80200938 80200938       8e     4         build/SBI.o:(.text)
80200938 80200938        0     1                 
80200938 80200938        0     1                 
80200938 80200938        0     1                 
80200938 80200938       14     1                 sbi_call
8020093c 8020093c        0     1                 
80200940 80200940        0     1                 
80200946 80200946        0     1                 
8020094c 8020094c        0     1                 
8020094c 8020094c        0     1                 
8020094c 8020094c        0     1                 
8020094c 8020094c        0     1                 
8020094c 8020094c        0     1                 
8020094c 8020094c       1c     1                 k_putchar
8020094e 8020094e        0     1                 
8020094e 8020094e        0     1                 
80200960 80200960        0     1                 
80200966 80200966        0     1                 
80200966 80200966        0     1                 
80200968 80200968        0     1                 
80200968 80200968        0     1                 
80200968 80200968        0     1                 
80200968 80200968        0     1                 
80200968 80200968        0     1                 
80200968 80200968       5e     1                 k_readchar
8020096a 8020096a        0     1                 
8020096a 8020096a        0     1                 
8020096c 8020096c        0     1                 
80200974 80200974        0     1                 
80200978 80200978        0     1                 
8020097a 8020097a        0     1                 
8020097e 8020097e        0     1                 
8020098e 8020098e        0     1                 
8020098e 8020098e        0     1                 
80200994 80200994        0     1                 
802009b8 802009b8        0     1                 
802009ba 802009ba        0     1                 
802009bc 802009bc        0     1                 
802009c6 802009c6        0     1                 
802009c6 802009c6        0     1                 
802009c8 802009c8       28     4         build/mem.o:(.text)
802009c8 802009c8        0     1                 
802009c8 802009c8        0     1                 
802009c8 802009c8        0     1                 
802009c8 802009c8        0     1                 
802009c8 802009c8       14     1                 memset
802009ca 802009ca        0     1                 
802009cc 802009cc        0     1                 
802009ce 802009ce        0     1                 
802009d2 802009d2        0     1                 
802009d6 802009d6        0     1                 
802009d8 802009d8        0     1                 
802009da 802009da        0     1                 
802009dc 802009dc        0     1                 
802009dc 802009dc        0     1                 
802009dc 802009dc        0     1                 
802009dc 802009dc        0     1                 
802009dc 802009dc        0     1                 
802009dc 802009dc        0     1                 
802009dc 802009dc       14     1                 k_memcpy
802009de 802009de        0     1                 
802009e2 802009e2        0     1                 
802009e6 802009e6        0     1                 
802009e8 802009e8        0     1                 
802009ea 802009ea        0     1                 
802009ec 802009ec        0     1                 
802009ee 802009ee        0     1                 
802009ee 802009ee        0     1                 
802009f0 802009f0        0     1                 
802009f0 802009f0        0     1                 
802009f0 802009f0      29e     4         build/str.o:(.text)
802009f0 802009f0        0     1                 
802009f0 802009f0        0     1                 
802009f0 802009f0        0     1                 
802009f0 802009f0        0     1                 
802009f0 802009f0       28     1                 k_strncpy
802009f2 802009f2        0     1                 
802009f4 802009f4        0     1                 
802009fc 802009fc        0     1                 
802009fe 802009fe        0     1                 
80200a02 80200a02        0     1                 
80200a04 80200a04        0     1                 
80200a08 80200a08        0     1                 
80200a0c 80200a0c        0     1                 
80200a10 80200a10        0     1                 
80200a16 80200a16        0     1                 
80200a18 80200a18        0     1                 
80200a18 80200a18        0     1                 
80200a18 80200a18        0     1                 
80200a18 80200a18        0     1                 
80200a18 80200a18        0     1                 
80200a18 80200a18        0     1                 
80200a18 80200a18       2e     1                 k_strcmp
80200a1c 80200a1c        0     1                 
80200a1e 80200a1e        0     1                 
80200a20 80200a20        0     1                 
80200a24 80200a24        0     1                 
80200a26 80200a26        0     1                 
80200a2a 80200a2a        0     1                 
80200a2e 80200a2e        0     1                 
80200a32 80200a32        0     1                 
80200a34 80200a34        0     1                 
80200a38 80200a38        0     1                 
80200a3a 80200a3a        0     1                 
80200a3e 80200a3e        0     1                 
80200a42 80200a42        0     1                 
80200a44 80200a44        0     1                 
80200a46 80200a46        0     1                 
80200a46 80200a46        0     1                 
80200a46 80200a46        0     1                 
80200a46 80200a46        0     1                 
80200a46 80200a46        0     1                 
80200a46 80200a46      248     1                 k_sprintf
80200a48 80200a48        0     1                 
80200a60 80200a60        0     1                 
80200a70 80200a70        0     1                 
80200a8e 80200a8e        0     1                 
80200a90 80200a90        0     1                 
80200aba 80200aba        0     1                 
80200abc 80200abc        0     1                 
80200ac0 80200ac0        0     1                 
80200ac8 80200ac8        0     1                 
80200ace 80200ace        0     1                 
80200ad2 80200ad2        0     1                 
80200ad6 80200ad6        0     1                 
80200ade 80200ade        0     1                 
80200ae8 80200ae8        0     1                 .LBB2_7
80200ae8 80200ae8        0     1                 
80200afc 80200afc        0     1                 
80200b00 80200b00        0     1                 
80200b06 80200b06        0     1                 .LBB2_11
80200b06 80200b06        0     1                 
80200b0a 80200b0a        0     1                 
80200b14 80200b14        0     1                 
80200b1a 80200b1a        0     1                 .LBB2_12
80200b1a 80200b1a        0     1                 
80200b2e 80200b2e        0     1                 .LBB2_14
80200b2e 80200b2e        0     1                 
80200b36 80200b36        0     1                 
80200b4a 80200b4a        0     1                 .LBB2_16
80200b4a 80200b4a        0     1                 
80200b5c 80200b5c        0     1                 
80200b5e 80200b5e        0     1                 
80200b62 80200b62        0     1                 .LBB2_18
80200b62 80200b62        0     1                 
80200b76 80200b76        0     1                 .LBB2_20
80200b76 80200b76        0     1                 
80200b8a 80200b8a        0     1                 
80200b8c 80200b8c        0     1                 
80200b90 80200b90        0     1                 
80200b9a 80200b9a        0     1                 
80200ba6 80200ba6        0     1                 
80200ba6 80200ba6        0     1                 
80200bac 80200bac        0     1                 
80200bae 80200bae        0     1                 
80200bb0 80200bb0        0     1                 
80200bb4 80200bb4        0     1                 
80200bb8 80200bb8        0     1                 
80200bba 80200bba        0     1                 
80200bc0 80200bc0        0     1                 
80200bc0 80200bc0        0     1                 
80200bc4 80200bc4        0     1                 
80200bd0 80200bd0        0     1                 
80200bd0 80200bd0        0     1                 
80200bd6 80200bd6        0     1                 
80200bda 80200bda        0     1                 
80200bdc 80200bdc        0     1                 
80200be0 80200be0        0     1                 
80200be4 80200be4        0     1                 
80200be6 80200be6        0     1                 
80200bec 80200bec        0     1                 
80200bec 80200bec        0     1                 
80200bf0 80200bf0        0     1                 
80200bf2 80200bf2        0     1                 
80200bf4 80200bf4        0     1                 
80200bfa 80200bfa        0     1                 
80200c00 80200c00        0     1                 
80200c04 80200c04        0     1                 
80200c08 80200c08        0     1                 
80200c0a 80200c0a        0     1                 
80200c10 80200c10        0     1                 
80200c12 80200c12        0     1                 
80200c1e 80200c1e        0     1                 
80200c1e 80200c1e        0     1                 
80200c24 80200c24        0     1                 
80200c28 80200c28        0     1                 
80200c2a 80200c2a        0     1                 
80200c2e 80200c2e        0     1                 
80200c32 80200c32        0     1                 
80200c34 80200c34        0     1                 
80200c3a 80200c3a        0     1                 
80200c3a 80200c3a        0     1                 
80200c3c 80200c3c        0     1                 
80200c46 80200c46        0     1                 
80200c52 80200c52        0     1                 
80200c52 80200c52        0     1                 
80200c58 80200c58        0     1                 
80200c5c 80200c5c        0     1                 
80200c5e 80200c5e        0     1                 
80200c62 80200c62        0     1                 
80200c66 80200c66        0     1                 
80200c68 80200c68        0     1                 
80200c6e 80200c6e        0     1                 
80200c6e 80200c6e        0     1                 
80200c72 80200c72        0     1                 
80200c8e 80200c8e        0     1                 
80200c8e 80200c8e        0     1                 
80200c90 80200c90      176     4         build/oa.o:(.text)
80200c90 80200c90        0     1                 
80200c90 80200c90        0     1                 
80200c90 80200c90        0     1                 
80200c90 80200c90       7a     1                 utoa
80200c92 80200c92        0     1                 
80200c92 80200c92        0     1                 
80200c94 80200c94        0     1                 
80200c9c 80200c9c        0     1                 
80200c9e 80200c9e        0     1                 
80200ca2 80200ca2        0     1                 
80200ca8 80200ca8        0     1                 
80200caa 80200caa        0     1                 
80200cae 80200cae        0     1                 
80200cb0 80200cb0        0     1                 
80200cbc 80200cbc        0     1                 
80200cca 80200cca        0     1                 
80200cca 80200cca        0     1                 
80200cdc 80200cdc        0     1                 
80200ce4 80200ce4        0     1                 
80200ce8 80200ce8        0     1                 
80200cee 80200cee        0     1                 
80200cf4 80200cf4        0     1                 
80200cf4 80200cf4        0     1                 
80200cf8 80200cf8        0     1                 
80200cfe 80200cfe        0     1                 
80200d06 80200d06        0     1                 
80200d0a 80200d0a        0     1                 
80200d0a 80200d0a        0     1                 
80200d0a 80200d0a        0     1                 
80200d0a 80200d0a        0     1                 
80200d0a 80200d0a        0     1                 
80200d0a 80200d0a       fc     1                 itoa
80200d0c 80200d0c        0     1                 
80200d0e 80200d0e        0     1                 
80200d1a 80200d1a        0     1                 
80200d1e 80200d1e        0     1                 
80200d24 80200d24        0     1                 
80200d28 80200d28        0     1                 
80200d30 80200d30        0     1                 
80200d3a 80200d3a        0     1                 
80200d40 80200d40        0     1                 
80200d48 80200d48        0     1                 
80200d4c 80200d4c        0     1                 
80200d50 80200d50        0     1                 
80200d52 80200d52        0     1                 
80200d56 80200d56        0     1                 
80200d5a 80200d5a        0     1                 
80200d5e 80200d5e        0     1                 
80200d5e 80200d5e        0     1                 
80200d6c 80200d6c        0     1                 
80200d6e 80200d6e        0     1                 
80200d76 80200d76        0     1                 
80200d7a 80200d7a        0     1                 
80200d80 80200d80        0     1                 
80200d84 80200d84        0     1                 
80200d84 80200d84        0     1                 
80200d8a 80200d8a        0     1                 
80200d8a 80200d8a        0     1                 
80200d8c 80200d8c        0     1                 
80200d94 80200d94        0     1                 
80200d96 80200d96        0     1                 
80200d9a 80200d9a        0     1                 
80200da0 80200da0        0     1                 
80200da2 80200da2        0     1                 
80200da6 80200da6        0     1                 
80200da8 80200da8        0     1                 
80200db4 80200db4        0     1                 
80200dc2 80200dc2        0     1                 
80200dc2 80200dc2        0     1                 
80200dd4 80200dd4        0     1                 
80200ddc 80200ddc        0     1                 
80200de0 80200de0        0     1                 
80200de6 80200de6        0     1                 
80200dec 80200dec        0     1                 
80200dec 80200dec        0     1                 
80200df0 80200df0        0     1                 
80200df8 80200df8        0     1                 
80200dfe 80200dfe        0     1                 
80200e02 80200e02        0     1                 
80200e06 80200e06        0     1                 
80200e06 80200e06        0     1                 
80200e08 80200e08      1fa     4         build/memory.o:(.text)
80200e08 80200e08        0     1                 
80200e08 80200e08        0     1                 
80200e08 80200e08        0     1                 
80200e08 80200e08        0     1                 
80200e08 80200e08       12     1                 init_memory
80200e18 80200e18        0     1                 
80200e1a 80200e1a        0     1                 
80200e1a 80200e1a        0     1                 
80200e1a 80200e1a        0     1                 
80200e1a 80200e1a        0     1                 
80200e1a 80200e1a        0     1                 
80200e1a 80200e1a       60     1                 pageframalloc
80200e1c 80200e1c        0     1                 
80200e1c 80200e1c        0     1                 
80200e20 80200e20        0     1                 
80200e28 80200e28        0     1                 
80200e2c 80200e2c        0     1                 
80200e30 80200e30        0     1                 
80200e38 80200e38        0     1                 
80200e3c 80200e3c        0     1                 
80200e40 80200e40        0     1                 
80200e62 80200e62        0     1                 
80200e64 80200e64        0     1                 
80200e70 80200e70        0     1                 
80200e70 80200e70        0     1                 
80200e7a 80200e7a        0     1                 
80200e7a 80200e7a        0     1                 
80200e7a 80200e7a        0     1                 
80200e7a 80200e7a        0     1                 
80200e7a 80200e7a        0     1                 
80200e7a 80200e7a      188     1                 add_ptbl_entry
80200e7c 80200e7c        0     1                 
80200e8a 80200e8a        0     1                 
80200e92 80200e92        0     1                 
80200e9a 80200e9a        0     1                 
80200eaa 80200eaa        0     1                 
80200eaa 80200eaa        0     1                 
80200ebc 80200ebc        0     1                 
80200ebc 80200ebc        0     1                 
80200ecc 80200ecc        0     1                 
80200ecc 80200ecc        0     1                 
80200edc 80200edc        0     1                 
80200edc 80200edc        0     1                 
80200f00 80200f00        0     1                 
80200f02 80200f02        0     1                 
80200f06 80200f06        0     1                 
80200f0a 80200f0a        0     1                 
80200f0c 80200f0c        0     1                 
80200f10 80200f10        0     1                 
80200f14 80200f14        0     1                 
80200f18 80200f18        0     1                 
80200f1a 80200f1a        0     1                 
80200f1a 80200f1a        0     1                 
80200f22 80200f22        0     1                 
80200f24 80200f24        0     1                 
80200f26 80200f26        0     1                 
80200f2e 80200f2e        0     1                 
80200f32 80200f32        0     1                 
80200f36 80200f36        0     1                 
80200f58 80200f58        0     1                 
80200f5a 80200f5a        0     1                 
80200f68 80200f68        0     1                 
80200f68 80200f68        0     1                 
80200f6c 80200f6c        0     1                 
80200f70 80200f70        0     1                 
80200f72 80200f72        0     1                 
80200f96 80200f96        0     1                 
80200f98 80200f98        0     1                 
80200fbc 80200fbc        0     1                 
80200fbe 80200fbe        0     1                 
80200fc6 80200fc6        0     1                 
80200fca 80200fca        0     1                 
80200fce 80200fce        0     1                 
80200fce 80200fce        0     1                 
80200fd2 80200fd2        0     1                 
80200fde 80200fde        0     1                 
80200fe6 80200fe6        0     1                 
80200fee 80200fee        0     1                 
80200ff0 80200ff0        0     1                 
80201002 80201002        0     1                 
80201002 80201002        0     1                 
80201004 80201004       da     4         build/trap_k.o:(.text)
80201004 80201004        0     1                 
80201004 80201004        0     1                 
80201004 80201004        0     1                 
80201004 80201004       44     1                 handle_trap
80201006 80201006        0     1                 
80201006 80201006        0     1                 
80201006 80201006        0     1                 
8020100a 8020100a        0     1                 
8020100e 8020100e        0     1                 
8020100e 8020100e        0     1                 
80201012 80201012        0     1                 
80201012 80201012        0     1                 
80201016 80201016        0     1                 
80201016 80201016        0     1                 
80201028 80201028        0     1                 
80201028 80201028        0     1                 
80201038 80201038        0     1                 
80201038 80201038        0     1                 
8020103c 8020103c        0     1                 
80201040 80201040        0     1                 
80201048 80201048        0     1                 
80201048 80201048        0     1                 
80201048 80201048        0     1                 
80201048 80201048        0     1                 
80201048 80201048        0     1                 
80201048 80201048        0     1                 
80201048 80201048       96     1                 switch_trap
802010de 802010de        0     1                 
802010de 802010de        0     1                 
802010e0 802010e0      174     4         build/pcb_k.o:(.text)
802010e0 802010e0        0     1                 
802010e0 802010e0        0     1                 
802010e0 802010e0        0     1                 
802010e0 802010e0      174     1                 spawn_proc
802010e2 802010e2        0     1                 
802010f0 802010f0        0     1                 
802010f8 802010f8        0     1                 
802010fc 802010fc        0     1                 
802010fe 802010fe        0     1                 
80201102 80201102        0     1                 
80201104 80201104        0     1                 
80201110 80201110        0     1                 
80201114 80201114        0     1                 
80201116 80201116        0     1                 
8020111a 8020111a        0     1                 
8020111e 8020111e        0     1                 
80201120 80201120        0     1                 
8020113c 8020113c        0     1                 
8020113e 8020113e        0     1                 
80201150 80201150        0     1                 
80201158 80201158        0     1                 
8020115c 8020115c        0     1                 
80201160 80201160        0     1                 
8020116e 8020116e        0     1                 
8020116e 8020116e        0     1                 
80201170 80201170        0     1                 
80201174 80201174        0     1                 
80201174 80201174        0     1                 
802011a4 802011a4        0     1                 
802011a4 802011a4        0     1                 
802011a8 802011a8        0     1                 
802011ac 802011ac        0     1                 
802011b0 802011b0        0     1                 
802011ba 802011ba        0     1                 
802011ba 802011ba        0     1                 
802011c0 802011c0        0     1                 
802011c4 802011c4        0     1                 
802011d4 802011d4        0     1                 
802011d4 802011d4        0     1                 
802011e8 802011e8        0     1                 
802011f0 802011f0        0     1                 
802011f2 802011f2        0     1                 
80201200 80201200        0     1                 
80201200 80201200        0     1                 
80201202 80201202        0     1                 
80201206 80201206        0     1                 
80201206 80201206        0     1                 
8020121a 8020121a        0     1                 
8020121a 8020121a        0     1                 
8020122e 8020122e        0     1                 
80201252 80201252        0     1                 
80201254 80201254        0     1                 
80201254 80201254        0     1                 
80201254 80201254      160     4         build/program_k.o:(.text)
80201254 80201254        0     1                 
80201254 80201254        0     1                 
80201254 80201254        0     1                 
80201254 80201254        0     1                 
80201254 80201254       46     1                 switch_proc
8020129a 8020129a        0     1                 
8020129a 8020129a        0     1                 
8020129a 8020129a        0     1                 
8020129a 8020129a        0     1                 
8020129a 8020129a        0     1                 
8020129a 8020129a        0     1                 
8020129a 8020129a       14     1                 Flush_TLB
8020129c 8020129c        0     1                 
8020129e 8020129e        0     1                 
802012a2 802012a2        0     1                 
802012a4 802012a4        0     1                 
802012ac 802012ac        0     1                 
802012ae 802012ae        0     1                 
802012ae 802012ae        0     1                 
802012ae 802012ae        0     1                 
802012ae 802012ae        0     1                 
802012ae 802012ae        0     1                 
802012ae 802012ae        0     1                 
802012ae 802012ae      106     1                 yield
802012b6 802012b6        0     1                 
802012bc 802012bc        0     1                 
802012be 802012be        0     1                 
802012c2 802012c2        0     1                 
802012c6 802012c6        0     1                 
802012c8 802012c8        0     1                 
802012ca 802012ca        0     1                 
802012cc 802012cc        0     1                 
802012d0 802012d0        0     1                 
802012d0 802012d0        0     1                 
802012d4 802012d4        0     1                 
802012d6 802012d6        0     1                 
802012da 802012da        0     1                 
802012ea 802012ea        0     1                 
802012ee 802012ee        0     1                 
802012f2 802012f2        0     1                 
802012f4 802012f4        0     1                 
802012f6 802012f6        0     1                 
802012fa 802012fa        0     1                 
8020130c 8020130c        0     1                 
80201310 80201310        0     1                 
80201314 80201314        0     1                 
80201316 80201316        0     1                 
80201318 80201318        0     1                 
8020131c 8020131c        0     1                 
8020132e 8020132e        0     1                 
80201332 80201332        0     1                 
80201336 80201336        0     1                 
80201338 80201338        0     1                 
8020133a 8020133a        0     1                 
8020133e 8020133e        0     1                 
80201350 80201350        0     1                 
80201354 80201354        0     1                 
80201354 80201354        0     1                 
80201366 80201366        0     1                 
80201368 80201368        0     1                 
8020136c 8020136c        0     1                 
80201374 80201374        0     1                 
80201376 80201376        0     1                 
80201378 80201378        0     1                 
8020137a 8020137a        0     1                 
8020137c 8020137c        0     1                 
80201380 80201380        0     1                 
80201382 80201382        0     1                 
80201384 80201384        0     1                 
80201386 80201386        0     1                 
8020138e 8020138e        0     1                 
8020138e 8020138e        0     1                 
80201396 80201396        0     1                 
8020139e 8020139e        0     1                 
802013a2 802013a2        0     1                 
802013a4 802013a4        0     1                 
802013a6 802013a6        0     1                 
802013ac 802013ac        0     1                 
802013b0 802013b0        0     1                 
802013b4 802013b4        0     1                 
802013b4 802013b4        0     1                 
802013b4 802013b4      61c     4 .rodata
802013b4 802013b4      56a     1         <internal>:(.rodata)
80201920 80201920       58     4         build/print_k.o:(.rodata)
80201920 80201920        0     1                 .LJTI0_0
80201978 80201978       58     4         build/str.o:(.rodata)
80201978 80201978        0     1                 .LJTI2_0
802019d0 802019d0     8010     4 .data
802019d0 802019d0     8010     1         bronx.bin.o:(.data)
802019d0 802019d0        0     1                 _binary_build_main_bin_start
802099e0 802099e0        0     1                 _binary_build_main_bin_end
802099e0 802099e0     104c     4 .bss
802099e0 802099e0        0     1         __bss = .
802099e0 802099e0        4     4         build/memory.o:(.sbss)
802099e0 802099e0        4     1                 nextfreepageframe
802099e4 802099e4        8     4         build/pcb_k.o:(.sbss)
802099e4 802099e4        4     1                 currproc
802099e8 802099e8        4     1                 idleproc
802099ec 802099ec     1040     4         build/pcb_k.o:(.bss)
802099ec 802099ec     1040     1                 proclist
8020aa2c 8020aa2c        0     1         __bss_end = .
8020aa2c 8020aa2c        0     1 . = ALIGN ( 4 )
8020aa2c 8020aa2c    20000     1 . += 128 * 1024
8022aa2c 8022aa2c        0     1 __stack_top = .
8022aa2c 8022aa2c      5d4     1 . = ALIGN ( 4096 )
8022b000 8022b000        0     1 __free_ram_start = .
8022b000 8022b000  2000000     1 . += 32 * 1024 * 1024
8222b000 8222b000        0     1 __free_ram_end = .
       0        0      d8a     1 .debug_loclists
       0        0      53f     1         build/main.o:(.debug_loclists)
       c        c        0     1                 
     53f      53f      115     1         build/print_k.o:(.debug_loclists)
     54b      54b        0     1                 
     654      654       9f     1         build/SBI.o:(.debug_loclists)
     660      660        0     1                 
     6f3      6f3       66     1         build/mem.o:(.debug_loclists)
     6ff      6ff        0     1                 
     759      759      1a1     1         build/str.o:(.debug_loclists)
     765      765        0     1                 
     8fa      8fa      19a     1         build/oa.o:(.debug_loclists)
     906      906        0     1                 
     a94      a94      137     1         build/memory.o:(.debug_loclists)
     aa0      aa0        0     1                 
     bcb      bcb       39     1         build/trap_k.o:(.debug_loclists)
     bd7      bd7        0     1                 
     c04      c04       8f     1         build/pcb_k.o:(.debug_loclists)
     c10      c10        0     1                 
     c93      c93       f7     1         build/program_k.o:(.debug_loclists)
     c9f      c9f        0     1                 
       0        0      bdc     1 .debug_abbrev
       0        0      1a1     1         build/main.o:(.debug_abbrev)
     1a1      1a1      104     1         build/print_k.o:(.debug_abbrev)
     2a5      2a5      15a     1         build/SBI.o:(.debug_abbrev)
     3ff      3ff       b9     1         build/mem.o:(.debug_abbrev)
     4b8      4b8      12c     1         build/str.o:(.debug_abbrev)
     5e4      5e4      113     1         build/oa.o:(.debug_abbrev)
     6f7      6f7      14c     1         build/memory.o:(.debug_abbrev)
     843      843      129     1         build/trap_k.o:(.debug_abbrev)
     96c      96c      13a     1         build/pcb_k.o:(.debug_abbrev)
     aa6      aa6      136     1         build/program_k.o:(.debug_abbrev)
       0        0     1414     1 .debug_info
       0        0      3e3     1         build/main.o:(.debug_info)
     3e3      3e3      1e5     1         build/print_k.o:(.debug_info)
     5c8      5c8      242     1         build/SBI.o:(.debug_info)
     80a      80a       d9     1         build/mem.o:(.debug_info)
     8e3      8e3      1f5     1         build/str.o:(.debug_info)
     ad8      ad8      184     1         build/oa.o:(.debug_info)
     c5c      c5c      1dd     1         build/memory.o:(.debug_info)
     e39      e39      276     1         build/trap_k.o:(.debug_info)
    10af     10af      1e2     1         build/pcb_k.o:(.debug_info)
    1291     1291      183     1         build/program_k.o:(.debug_info)
       0        0      1cc     1 .debug_rnglists
       0        0       bd     1         build/main.o:(.debug_rnglists)
       c        c        0     1                 
      bd       bd       57     1         build/print_k.o:(.debug_rnglists)
      c9       c9        0     1                 
     114      114       66     1         build/str.o:(.debug_rnglists)
     120      120        0     1                 
     17a      17a       1b     1         build/oa.o:(.debug_rnglists)
     186      186        0     1                 
     195      195       17     1         build/pcb_k.o:(.debug_rnglists)
     1a1      1a1        0     1                 
     1ac      1ac       20     1         build/program_k.o:(.debug_rnglists)
     1b8      1b8        0     1                 
       0        0      5a0     1 .debug_str_offsets
       0        0       b4     1         build/main.o:(.debug_str_offsets)
       8        8        0     1                 
      b4       b4       68     1         build/print_k.o:(.debug_str_offsets)
      bc       bc        0     1                 
     11c      11c       8c     1         build/SBI.o:(.debug_str_offsets)
     124      124        0     1                 
     1a8      1a8       58     1         build/mem.o:(.debug_str_offsets)
     1b0      1b0        0     1                 
     200      200       88     1         build/str.o:(.debug_str_offsets)
     208      208        0     1                 
     288      288       50     1         build/oa.o:(.debug_str_offsets)
     290      290        0     1                 
     2d8      2d8       88     1         build/memory.o:(.debug_str_offsets)
     2e0      2e0        0     1                 
     360      360      11c     1         build/trap_k.o:(.debug_str_offsets)
     368      368        0     1                 
     47c      47c       a0     1         build/pcb_k.o:(.debug_str_offsets)
     484      484        0     1                 
     51c      51c       84     1         build/program_k.o:(.debug_str_offsets)
     524      524        0     1                 
       0        0      569     1 .debug_str
       0        0      569     1         <internal>:(.debug_str)
       0        0      2ac     1 .debug_addr
       0        0      128     1         build/main.o:(.debug_addr)
       8        8        0     1                 
     128      128       50     1         build/print_k.o:(.debug_addr)
     130      130        0     1                 
     178      178       20     1         build/SBI.o:(.debug_addr)
     180      180        0     1                 
     198      198       10     1         build/mem.o:(.debug_addr)
     1a0      1a0        0     1                 
     1a8      1a8       24     1         build/str.o:(.debug_addr)
     1b0      1b0        0     1                 
     1cc      1cc       20     1         build/oa.o:(.debug_addr)
     1d4      1d4        0     1                 
     1ec      1ec       48     1         build/memory.o:(.debug_addr)
     1f4      1f4        0     1                 
     234      234       24     1         build/trap_k.o:(.debug_addr)
     23c      23c        0     1                 
     258      258       38     1         build/pcb_k.o:(.debug_addr)
     260      260        0     1                 
     290      290       1c     1         build/program_k.o:(.debug_addr)
     298      298        0     1                 
       0        0       42     1 .comment
       0        0       42     1         <internal>:(.comment)
       0        0       2b     1 .riscv.attributes
       0        0       2b     1         build/main.o:(.riscv.attributes)
       0        0      344     4 .debug_frame
       0        0       c8     4         build/main.o:(.debug_frame)
       0        0        0     1                 
      c8       c8       44     4         build/print_k.o:(.debug_frame)
      c8       c8        0     1                 
     10c      10c       4c     4         build/SBI.o:(.debug_frame)
     10c      10c        0     1                 
     158      158       34     4         build/mem.o:(.debug_frame)
     158      158        0     1                 
     18c      18c       64     4         build/str.o:(.debug_frame)
     18c      18c        0     1                 
     1f0      1f0       3c     4         build/oa.o:(.debug_frame)
     1f0      1f0        0     1                 
     22c      22c       60     4         build/memory.o:(.debug_frame)
     22c      22c        0     1                 
     28c      28c       3c     4         build/trap_k.o:(.debug_frame)
     28c      28c        0     1                 
     2c8      2c8       38     4         build/pcb_k.o:(.debug_frame)
     2c8      2c8        0     1                 
     300      300       44     4         build/program_k.o:(.debug_frame)
     300      300        0     1                 
       0        0     197c     1 .debug_line
       0        0      6b2     1         build/main.o:(.debug_line)
       0        0        0     1                 .Lline_table_start0
     6b2      6b2      2d0     1         build/print_k.o:(.debug_line)
     6b2      6b2        0     1                 .Lline_table_start0
     982      982      11a     1         build/SBI.o:(.debug_line)
     982      982        0     1                 .Lline_table_start0
     a9c      a9c       f6     1         build/mem.o:(.debug_line)
     a9c      a9c        0     1                 .Lline_table_start0
     b92      b92      3f0     1         build/str.o:(.debug_line)
     b92      b92        0     1                 .Lline_table_start0
     f82      f82      25a     1         build/oa.o:(.debug_line)
     f82      f82        0     1                 .Lline_table_start0
    11dc     11dc      224     1         build/memory.o:(.debug_line)
    11dc     11dc        0     1                 .Lline_table_start0
    1400     1400       fb     1         build/trap_k.o:(.debug_line)
    1400     1400        0     1                 .Lline_table_start0
    14fb     14fb      1f1     1         build/pcb_k.o:(.debug_line)
    14fb     14fb        0     1                 .Lline_table_start0
    16ec     16ec      290     1         build/program_k.o:(.debug_line)
    16ec     16ec        0     1                 .Lline_table_start0
       0        0       c2     1 .debug_line_str
       0        0       c2     1         <internal>:(.debug_line_str)
       0        0     5550     4 .symtab
       0        0     5550     4         <internal>:(.symtab)
       0        0       dc     1 .shstrtab
       0        0       dc     1         <internal>:(.shstrtab)
       0        0      379     1 .strtab
       0        0      379     1         <internal>:(.strtab)
